[0.006s] Invoking command in '/home/com9/uet_ws/build/ur_controllers': AMENT_PREFIX_PATH=/home/com9/uet_ws/install/ur_dashboard_msgs:${AMENT_PREFIX_PATH} CMAKE_PREFIX_PATH=/home/com9/uet_ws/install/ur_dashboard_msgs:/opt/ros/humble LD_LIBRARY_PATH=/home/com9/uet_ws/install/ur_dashboard_msgs/lib:${LD_LIBRARY_PATH} PYTHONPATH=/home/com9/uet_ws/install/ur_dashboard_msgs/local/lib/python3.10/dist-packages:${PYTHONPATH} /usr/bin/cmake /home/com9/uet_ws/src/Universal_Robots_ROS2_Driver/ur_controllers -DCMAKE_INSTALL_PREFIX=/home/com9/uet_ws/install/ur_controllers
[0.041s] -- The C compiler identification is GNU 11.4.0
[0.077s] -- The CXX compiler identification is GNU 11.4.0
[0.082s] -- Detecting C compiler ABI info
[0.128s] -- Detecting C compiler ABI info - done
[0.132s] -- Check for working C compiler: /usr/bin/cc - skipped
[0.132s] -- Detecting C compile features
[0.133s] -- Detecting C compile features - done
[0.135s] -- Detecting CXX compiler ABI info
[0.190s] -- Detecting CXX compiler ABI info - done
[0.195s] -- Check for working CXX compiler: /usr/bin/c++ - skipped
[0.195s] -- Detecting CXX compile features
[0.195s] -- Detecting CXX compile features - done
[0.196s] -- Found ament_cmake: 1.3.14 (/opt/ros/humble/share/ament_cmake/cmake)
[0.298s] -- Found Python3: /usr/bin/python3 (found version "3.10.12") found components: Interpreter 
[0.357s] -- Found angles: 1.15.0 (/opt/ros/humble/share/angles/cmake)
[0.359s] -- Found controller_interface: 2.54.0 (/opt/ros/humble/share/controller_interface/cmake)
[0.386s] -- Found rosidl_generator_c: 3.1.8 (/opt/ros/humble/share/rosidl_generator_c/cmake)
[0.388s] -- Found rosidl_adapter: 3.1.8 (/opt/ros/humble/share/rosidl_adapter/cmake)
[0.394s] -- Found rosidl_generator_cpp: 3.1.8 (/opt/ros/humble/share/rosidl_generator_cpp/cmake)
[0.401s] -- Using all available rosidl_typesupport_c: rosidl_typesupport_fastrtps_c;rosidl_typesupport_introspection_c
[0.411s] -- Using all available rosidl_typesupport_cpp: rosidl_typesupport_fastrtps_cpp;rosidl_typesupport_introspection_cpp
[0.531s] -- Found rmw_implementation_cmake: 6.1.2 (/opt/ros/humble/share/rmw_implementation_cmake/cmake)
[0.532s] -- Found rmw_fastrtps_cpp: 6.2.10 (/opt/ros/humble/share/rmw_fastrtps_cpp/cmake)
[0.546s] -- Found TinyXML2 via Config file: TinyXML2_DIR-NOTFOUND
[0.582s] -- Found OpenSSL: /usr/lib/x86_64-linux-gnu/libcrypto.so (found version "3.0.2")  
[0.584s] -- Found TinyXML2 via Config file: TinyXML2_DIR-NOTFOUND
[0.593s] -- Found FastRTPS: /opt/ros/humble/include  
[0.595s] -- Found TinyXML2 via Config file: TinyXML2_DIR-NOTFOUND
[0.601s] -- Found TinyXML2 via Config file: TinyXML2_DIR-NOTFOUND
[0.608s] -- Using RMW implementation 'rmw_fastrtps_cpp' as default
[0.613s] -- Looking for pthread.h
[0.658s] -- Looking for pthread.h - found
[0.658s] -- Performing Test CMAKE_HAVE_LIBC_PTHREAD
[0.706s] -- Performing Test CMAKE_HAVE_LIBC_PTHREAD - Success
[0.707s] -- Found Threads: TRUE  
[0.736s] -- Found joint_trajectory_controller: 2.53.1 (/opt/ros/humble/share/joint_trajectory_controller/cmake)
[0.783s] -- Found std_srvs: 4.9.1 (/opt/ros/humble/share/std_srvs/cmake)
[0.788s] -- Found tf2_geometry_msgs: 0.25.20 (/opt/ros/humble/share/tf2_geometry_msgs/cmake)
[0.792s] -- Found eigen3_cmake_module: 0.1.1 (/opt/ros/humble/share/eigen3_cmake_module/cmake)
[0.793s] -- Found Eigen3: TRUE (found version "3.4.0") 
[0.793s] -- Ensuring Eigen3 include directory is part of orocos-kdl CMake target
[0.826s] -- Found ur_dashboard_msgs: 2.13.1 (/home/com9/uet_ws/install/ur_dashboard_msgs/share/ur_dashboard_msgs/cmake)
[0.835s] -- Found ur_msgs: 2.5.0 (/opt/ros/humble/share/ur_msgs/cmake)
[0.859s] -- Found ament_cmake_gmock: 1.3.14 (/opt/ros/humble/share/ament_cmake_gmock/cmake)
[0.861s] -- Found controller_manager: 2.54.0 (/opt/ros/humble/share/controller_manager/cmake)
[0.875s] -- Found ros2_control_test_assets: 2.54.0 (/opt/ros/humble/share/ros2_control_test_assets/cmake)
[0.878s] -- Found gmock sources under '/opt/ros/humble/src/gmock_vendor': C++ tests using 'Google Mock' will be built
[0.881s] -- Found ament_cmake_gtest: 1.3.14 (/opt/ros/humble/share/ament_cmake_gtest/cmake)
[0.882s] -- Found gtest sources under '/opt/ros/humble/src/gtest_vendor': C++ tests using 'Google Test' will be built
[0.926s] -- Configuring done
[0.957s] -- Generating done
[0.970s] -- Build files have been written to: /home/com9/uet_ws/build/ur_controllers
[0.979s] Invoked command in '/home/com9/uet_ws/build/ur_controllers' returned '0': AMENT_PREFIX_PATH=/home/com9/uet_ws/install/ur_dashboard_msgs:${AMENT_PREFIX_PATH} CMAKE_PREFIX_PATH=/home/com9/uet_ws/install/ur_dashboard_msgs:/opt/ros/humble LD_LIBRARY_PATH=/home/com9/uet_ws/install/ur_dashboard_msgs/lib:${LD_LIBRARY_PATH} PYTHONPATH=/home/com9/uet_ws/install/ur_dashboard_msgs/local/lib/python3.10/dist-packages:${PYTHONPATH} /usr/bin/cmake /home/com9/uet_ws/src/Universal_Robots_ROS2_Driver/ur_controllers -DCMAKE_INSTALL_PREFIX=/home/com9/uet_ws/install/ur_controllers
[0.981s] Invoking command in '/home/com9/uet_ws/build/ur_controllers': AMENT_PREFIX_PATH=/home/com9/uet_ws/install/ur_dashboard_msgs:${AMENT_PREFIX_PATH} CMAKE_PREFIX_PATH=/home/com9/uet_ws/install/ur_dashboard_msgs:/opt/ros/humble LD_LIBRARY_PATH=/home/com9/uet_ws/install/ur_dashboard_msgs/lib:${LD_LIBRARY_PATH} PYTHONPATH=/home/com9/uet_ws/install/ur_dashboard_msgs/local/lib/python3.10/dist-packages:${PYTHONPATH} /usr/bin/cmake --build /home/com9/uet_ws/build/ur_controllers
[1.016s] [  2%] [34m[1mRunning `/opt/ros/humble/bin/generate_parameter_library_cpp /home/com9/uet_ws/build/ur_controllers/include/ur_controllers/tool_contact_controller_parameters.hpp /home/com9/uet_ws/src/Universal_Robots_ROS2_Driver/ur_controllers/src/tool_contact_controller_parameters.yaml `[0m
[1.122s] [  4%] [34m[1mCreating deprecated header file /home/com9/uet_ws/build/ur_controllers/include/tool_contact_controller_parameters.hpp[0m
[1.133s] [  4%] Built target tool_contact_controller_parameters
[1.146s] [  6%] [34m[1mRunning `/opt/ros/humble/bin/generate_parameter_library_cpp /home/com9/uet_ws/build/ur_controllers/include/ur_controllers/force_mode_controller_parameters.hpp /home/com9/uet_ws/src/Universal_Robots_ROS2_Driver/ur_controllers/src/force_mode_controller_parameters.yaml `[0m
[1.251s] [  9%] [34m[1mCreating deprecated header file /home/com9/uet_ws/build/ur_controllers/include/force_mode_controller_parameters.hpp[0m
[1.264s] [  9%] Built target force_mode_controller_parameters
[1.277s] [ 11%] [34m[1mRunning `/opt/ros/humble/bin/generate_parameter_library_cpp /home/com9/uet_ws/build/ur_controllers/include/ur_controllers/friction_model_controller_parameters.hpp /home/com9/uet_ws/src/Universal_Robots_ROS2_Driver/ur_controllers/src/friction_model_controller_parameters.yaml `[0m
[1.374s] [ 13%] [34m[1mCreating deprecated header file /home/com9/uet_ws/build/ur_controllers/include/friction_model_controller_parameters.hpp[0m
[1.386s] [ 13%] Built target friction_model_controller_parameters
[1.401s] [ 16%] [34m[1mRunning `/opt/ros/humble/bin/generate_parameter_library_cpp /home/com9/uet_ws/build/ur_controllers/include/ur_controllers/gpio_controller_parameters.hpp /home/com9/uet_ws/src/Universal_Robots_ROS2_Driver/ur_controllers/src/gpio_controller_parameters.yaml `[0m
[1.514s] [ 18%] [34m[1mCreating deprecated header file /home/com9/uet_ws/build/ur_controllers/include/gpio_controller_parameters.hpp[0m
[1.525s] [ 18%] Built target gpio_controller_parameters
[1.537s] [ 20%] [34m[1mRunning `/opt/ros/humble/bin/generate_parameter_library_cpp /home/com9/uet_ws/build/ur_controllers/include/ur_controllers/speed_scaling_state_broadcaster_parameters.hpp /home/com9/uet_ws/src/Universal_Robots_ROS2_Driver/ur_controllers/src/speed_scaling_state_broadcaster_parameters.yaml `[0m
[1.634s] [ 23%] [34m[1mCreating deprecated header file /home/com9/uet_ws/build/ur_controllers/include/speed_scaling_state_broadcaster_parameters.hpp[0m
[1.646s] [ 23%] Built target speed_scaling_state_broadcaster_parameters
[1.660s] [ 25%] [34m[1mRunning `/opt/ros/humble/bin/generate_parameter_library_cpp /home/com9/uet_ws/build/ur_controllers/include/ur_controllers/scaled_joint_trajectory_controller_parameters.hpp /home/com9/uet_ws/src/Universal_Robots_ROS2_Driver/ur_controllers/src/scaled_joint_trajectory_controller_parameters.yaml `[0m
[1.747s] [ 27%] [34m[1mCreating deprecated header file /home/com9/uet_ws/build/ur_controllers/include/scaled_joint_trajectory_controller_parameters.hpp[0m
[1.758s] [ 27%] Built target scaled_joint_trajectory_controller_parameters
[1.771s] [ 30%] [34m[1mRunning `/opt/ros/humble/bin/generate_parameter_library_cpp /home/com9/uet_ws/build/ur_controllers/include/ur_controllers/freedrive_mode_controller_parameters.hpp /home/com9/uet_ws/src/Universal_Robots_ROS2_Driver/ur_controllers/src/freedrive_mode_controller_parameters.yaml `[0m
[1.881s] [ 32%] [34m[1mCreating deprecated header file /home/com9/uet_ws/build/ur_controllers/include/freedrive_mode_controller_parameters.hpp[0m
[1.894s] [ 32%] Built target freedrive_mode_controller_parameters
[1.907s] [ 34%] [34m[1mRunning `/opt/ros/humble/bin/generate_parameter_library_cpp /home/com9/uet_ws/build/ur_controllers/include/ur_controllers/passthrough_trajectory_controller_parameters.hpp /home/com9/uet_ws/src/Universal_Robots_ROS2_Driver/ur_controllers/src/passthrough_trajectory_controller_parameters.yaml `[0m
[2.035s] [ 37%] [34m[1mCreating deprecated header file /home/com9/uet_ws/build/ur_controllers/include/passthrough_trajectory_controller_parameters.hpp[0m
[2.045s] [ 37%] Built target passthrough_trajectory_controller_parameters
[2.056s] [ 39%] [34m[1mRunning `/opt/ros/humble/bin/generate_parameter_library_cpp /home/com9/uet_ws/build/ur_controllers/include/ur_controllers/ur_configuration_controller_parameters.hpp /home/com9/uet_ws/src/Universal_Robots_ROS2_Driver/ur_controllers/src/ur_configuration_controller_parameters.yaml `[0m
[2.143s] [ 41%] [34m[1mCreating deprecated header file /home/com9/uet_ws/build/ur_controllers/include/ur_configuration_controller_parameters.hpp[0m
[2.155s] [ 41%] Built target ur_configuration_controller_parameters
[2.167s] [ 44%] [32mBuilding CXX object CMakeFiles/ur_controllers.dir/src/tool_contact_controller.cpp.o[0m
[4.544s] [ 46%] [32mBuilding CXX object CMakeFiles/ur_controllers.dir/src/force_mode_controller.cpp.o[0m
[7.239s] [ 48%] [32mBuilding CXX object CMakeFiles/ur_controllers.dir/src/friction_model_controller.cpp.o[0m
[9.339s] [ 51%] [32mBuilding CXX object CMakeFiles/ur_controllers.dir/src/scaled_joint_trajectory_controller.cpp.o[0m
[11.798s] [ 53%] [32mBuilding CXX object CMakeFiles/ur_controllers.dir/src/speed_scaling_state_broadcaster.cpp.o[0m
[14.261s] [ 55%] [32mBuilding CXX object CMakeFiles/ur_controllers.dir/src/freedrive_mode_controller.cpp.o[0m
[18.793s] [ 58%] [32mBuilding CXX object CMakeFiles/ur_controllers.dir/src/gpio_controller.cpp.o[0m
[23.838s] [ 60%] [32mBuilding CXX object CMakeFiles/ur_controllers.dir/src/passthrough_trajectory_controller.cpp.o[0m
[26.987s] [ 62%] [32mBuilding CXX object CMakeFiles/ur_controllers.dir/src/ur_configuration_controller.cpp.o[0m
[29.033s] [ 65%] [32m[1mLinking CXX shared library libur_controllers.so[0m
[29.890s] [ 65%] Built target ur_controllers
[29.902s] [ 67%] [32mBuilding CXX object gmock/CMakeFiles/gmock_main.dir/src/gmock_main.cc.o[0m
[30.502s] [ 69%] [32m[1mLinking CXX static library libgmock_main.a[0m
[30.523s] [ 69%] Built target gmock_main
[30.535s] [ 72%] [32mBuilding CXX object gmock/CMakeFiles/gmock.dir/opt/ros/humble/src/gtest_vendor/src/gtest-all.cc.o[0m
[32.169s] [ 74%] [32mBuilding CXX object gmock/CMakeFiles/gmock.dir/src/gmock-all.cc.o[0m
[33.166s] [ 76%] [32m[1mLinking CXX static library libgmock.a[0m
[33.206s] [ 76%] Built target gmock
[33.221s] [ 79%] [32mBuilding CXX object CMakeFiles/test_load_force_mode_controller.dir/test/test_load_force_mode_controller.cpp.o[0m
[35.897s] [ 81%] [32m[1mLinking CXX executable test_load_force_mode_controller[0m
[36.082s] [ 81%] Built target test_load_force_mode_controller
[36.095s] [ 83%] [32mBuilding CXX object CMakeFiles/test_load_freedrive_mode_controller.dir/test/test_load_freedrive_mode_controller.cpp.o[0m
[38.720s] [ 86%] [32m[1mLinking CXX executable test_load_freedrive_mode_controller[0m
[38.897s] [ 86%] Built target test_load_freedrive_mode_controller
[38.911s] [ 88%] [32mBuilding CXX object CMakeFiles/test_load_scaled_joint_trajectory_controller.dir/test/test_load_scaled_joint_trajectory_controller.cpp.o[0m
[41.620s] [ 90%] [32m[1mLinking CXX executable test_load_scaled_joint_trajectory_controller[0m
[41.799s] [ 90%] Built target test_load_scaled_joint_trajectory_controller
[41.814s] [ 93%] [32mBuilding CXX object CMakeFiles/test_scaled_joint_trajectory_controller_sampling.dir/test/test_scaled_joint_trajectory_controller_sampling.cpp.o[0m
[45.554s] [ 95%] [32m[1mLinking CXX executable test_scaled_joint_trajectory_controller_sampling[0m
[46.054s] [ 95%] Built target test_scaled_joint_trajectory_controller_sampling
[46.068s] [ 97%] [32mBuilding CXX object CMakeFiles/test_load_friction_model_controller.dir/test/test_load_friction_model_controller.cpp.o[0m
[48.791s] [100%] [32m[1mLinking CXX executable test_load_friction_model_controller[0m
[48.970s] [100%] Built target test_load_friction_model_controller
[48.977s] Invoked command in '/home/com9/uet_ws/build/ur_controllers' returned '0': AMENT_PREFIX_PATH=/home/com9/uet_ws/install/ur_dashboard_msgs:${AMENT_PREFIX_PATH} CMAKE_PREFIX_PATH=/home/com9/uet_ws/install/ur_dashboard_msgs:/opt/ros/humble LD_LIBRARY_PATH=/home/com9/uet_ws/install/ur_dashboard_msgs/lib:${LD_LIBRARY_PATH} PYTHONPATH=/home/com9/uet_ws/install/ur_dashboard_msgs/local/lib/python3.10/dist-packages:${PYTHONPATH} /usr/bin/cmake --build /home/com9/uet_ws/build/ur_controllers
[48.979s] Invoking command in '/home/com9/uet_ws/build/ur_controllers': AMENT_PREFIX_PATH=/home/com9/uet_ws/install/ur_dashboard_msgs:${AMENT_PREFIX_PATH} CMAKE_PREFIX_PATH=/home/com9/uet_ws/install/ur_dashboard_msgs:/opt/ros/humble LD_LIBRARY_PATH=/home/com9/uet_ws/install/ur_dashboard_msgs/lib:${LD_LIBRARY_PATH} PYTHONPATH=/home/com9/uet_ws/install/ur_dashboard_msgs/local/lib/python3.10/dist-packages:${PYTHONPATH} /usr/bin/cmake --install /home/com9/uet_ws/build/ur_controllers
[48.982s] -- Install configuration: ""
[48.982s] -- Installing: /home/com9/uet_ws/install/ur_controllers/include/ur_controllers
[48.982s] -- Installing: /home/com9/uet_ws/install/ur_controllers/include/ur_controllers/scaled_joint_trajectory_controller_parameters.hpp
[48.982s] -- Installing: /home/com9/uet_ws/install/ur_controllers/include/ur_controllers/gpio_controller_parameters.hpp
[48.982s] -- Installing: /home/com9/uet_ws/install/ur_controllers/include/ur_controllers/tool_contact_controller_parameters.hpp
[48.983s] -- Installing: /home/com9/uet_ws/install/ur_controllers/include/ur_controllers/ur_configuration_controller_parameters.hpp
[48.983s] -- Installing: /home/com9/uet_ws/install/ur_controllers/include/ur_controllers/passthrough_trajectory_controller_parameters.hpp
[48.983s] -- Installing: /home/com9/uet_ws/install/ur_controllers/include/ur_controllers/freedrive_mode_controller_parameters.hpp
[48.983s] -- Installing: /home/com9/uet_ws/install/ur_controllers/include/ur_controllers/friction_model_controller_parameters.hpp
[48.983s] -- Installing: /home/com9/uet_ws/install/ur_controllers/include/ur_controllers/speed_scaling_state_broadcaster_parameters.hpp
[48.983s] -- Installing: /home/com9/uet_ws/install/ur_controllers/include/ur_controllers/force_mode_controller_parameters.hpp
[48.983s] -- Up-to-date: /home/com9/uet_ws/install/ur_controllers/include/ur_controllers
[48.983s] -- Up-to-date: /home/com9/uet_ws/install/ur_controllers/include/ur_controllers/scaled_joint_trajectory_controller_parameters.hpp
[48.983s] -- Up-to-date: /home/com9/uet_ws/install/ur_controllers/include/ur_controllers/gpio_controller_parameters.hpp
[48.983s] -- Up-to-date: /home/com9/uet_ws/install/ur_controllers/include/ur_controllers/tool_contact_controller_parameters.hpp
[48.983s] -- Up-to-date: /home/com9/uet_ws/install/ur_controllers/include/ur_controllers/ur_configuration_controller_parameters.hpp
[48.983s] -- Up-to-date: /home/com9/uet_ws/install/ur_controllers/include/ur_controllers/passthrough_trajectory_controller_parameters.hpp
[48.983s] -- Up-to-date: /home/com9/uet_ws/install/ur_controllers/include/ur_controllers/freedrive_mode_controller_parameters.hpp
[48.984s] -- Up-to-date: /home/com9/uet_ws/install/ur_controllers/include/ur_controllers/friction_model_controller_parameters.hpp
[48.984s] -- Up-to-date: /home/com9/uet_ws/install/ur_controllers/include/ur_controllers/speed_scaling_state_broadcaster_parameters.hpp
[48.984s] -- Up-to-date: /home/com9/uet_ws/install/ur_controllers/include/ur_controllers/force_mode_controller_parameters.hpp
[48.984s] -- Up-to-date: /home/com9/uet_ws/install/ur_controllers/include/ur_controllers
[48.984s] -- Up-to-date: /home/com9/uet_ws/install/ur_controllers/include/ur_controllers/scaled_joint_trajectory_controller_parameters.hpp
[48.984s] -- Up-to-date: /home/com9/uet_ws/install/ur_controllers/include/ur_controllers/gpio_controller_parameters.hpp
[48.984s] -- Up-to-date: /home/com9/uet_ws/install/ur_controllers/include/ur_controllers/tool_contact_controller_parameters.hpp
[48.984s] -- Up-to-date: /home/com9/uet_ws/install/ur_controllers/include/ur_controllers/ur_configuration_controller_parameters.hpp
[48.984s] -- Up-to-date: /home/com9/uet_ws/install/ur_controllers/include/ur_controllers/passthrough_trajectory_controller_parameters.hpp
[48.984s] -- Up-to-date: /home/com9/uet_ws/install/ur_controllers/include/ur_controllers/freedrive_mode_controller_parameters.hpp
[48.984s] -- Up-to-date: /home/com9/uet_ws/install/ur_controllers/include/ur_controllers/friction_model_controller_parameters.hpp
[48.984s] -- Up-to-date: /home/com9/uet_ws/install/ur_controllers/include/ur_controllers/speed_scaling_state_broadcaster_parameters.hpp
[48.984s] -- Up-to-date: /home/com9/uet_ws/install/ur_controllers/include/ur_controllers/force_mode_controller_parameters.hpp
[48.984s] -- Up-to-date: /home/com9/uet_ws/install/ur_controllers/include/ur_controllers
[48.984s] -- Up-to-date: /home/com9/uet_ws/install/ur_controllers/include/ur_controllers/scaled_joint_trajectory_controller_parameters.hpp
[48.984s] -- Up-to-date: /home/com9/uet_ws/install/ur_controllers/include/ur_controllers/gpio_controller_parameters.hpp
[48.985s] -- Up-to-date: /home/com9/uet_ws/install/ur_controllers/include/ur_controllers/tool_contact_controller_parameters.hpp
[48.985s] -- Up-to-date: /home/com9/uet_ws/install/ur_controllers/include/ur_controllers/ur_configuration_controller_parameters.hpp
[48.985s] -- Up-to-date: /home/com9/uet_ws/install/ur_controllers/include/ur_controllers/passthrough_trajectory_controller_parameters.hpp
[48.985s] -- Up-to-date: /home/com9/uet_ws/install/ur_controllers/include/ur_controllers/freedrive_mode_controller_parameters.hpp
[48.985s] -- Up-to-date: /home/com9/uet_ws/install/ur_controllers/include/ur_controllers/friction_model_controller_parameters.hpp
[48.985s] -- Up-to-date: /home/com9/uet_ws/install/ur_controllers/include/ur_controllers/speed_scaling_state_broadcaster_parameters.hpp
[48.985s] -- Up-to-date: /home/com9/uet_ws/install/ur_controllers/include/ur_controllers/force_mode_controller_parameters.hpp
[48.985s] -- Up-to-date: /home/com9/uet_ws/install/ur_controllers/include/ur_controllers
[48.985s] -- Up-to-date: /home/com9/uet_ws/install/ur_controllers/include/ur_controllers/scaled_joint_trajectory_controller_parameters.hpp
[48.985s] -- Up-to-date: /home/com9/uet_ws/install/ur_controllers/include/ur_controllers/gpio_controller_parameters.hpp
[48.985s] -- Up-to-date: /home/com9/uet_ws/install/ur_controllers/include/ur_controllers/tool_contact_controller_parameters.hpp
[48.985s] -- Up-to-date: /home/com9/uet_ws/install/ur_controllers/include/ur_controllers/ur_configuration_controller_parameters.hpp
[48.985s] -- Up-to-date: /home/com9/uet_ws/install/ur_controllers/include/ur_controllers/passthrough_trajectory_controller_parameters.hpp
[48.985s] -- Up-to-date: /home/com9/uet_ws/install/ur_controllers/include/ur_controllers/freedrive_mode_controller_parameters.hpp
[48.985s] -- Up-to-date: /home/com9/uet_ws/install/ur_controllers/include/ur_controllers/friction_model_controller_parameters.hpp
[48.985s] -- Up-to-date: /home/com9/uet_ws/install/ur_controllers/include/ur_controllers/speed_scaling_state_broadcaster_parameters.hpp
[48.985s] -- Up-to-date: /home/com9/uet_ws/install/ur_controllers/include/ur_controllers/force_mode_controller_parameters.hpp
[48.985s] -- Up-to-date: /home/com9/uet_ws/install/ur_controllers/include/ur_controllers
[48.985s] -- Up-to-date: /home/com9/uet_ws/install/ur_controllers/include/ur_controllers/scaled_joint_trajectory_controller_parameters.hpp
[48.985s] -- Up-to-date: /home/com9/uet_ws/install/ur_controllers/include/ur_controllers/gpio_controller_parameters.hpp
[48.985s] -- Up-to-date: /home/com9/uet_ws/install/ur_controllers/include/ur_controllers/tool_contact_controller_parameters.hpp
[48.985s] -- Up-to-date: /home/com9/uet_ws/install/ur_controllers/include/ur_controllers/ur_configuration_controller_parameters.hpp
[48.985s] -- Up-to-date: /home/com9/uet_ws/install/ur_controllers/include/ur_controllers/passthrough_trajectory_controller_parameters.hpp
[48.985s] -- Up-to-date: /home/com9/uet_ws/install/ur_controllers/include/ur_controllers/freedrive_mode_controller_parameters.hpp
[48.985s] -- Up-to-date: /home/com9/uet_ws/install/ur_controllers/include/ur_controllers/friction_model_controller_parameters.hpp
[48.985s] -- Up-to-date: /home/com9/uet_ws/install/ur_controllers/include/ur_controllers/speed_scaling_state_broadcaster_parameters.hpp
[48.985s] -- Up-to-date: /home/com9/uet_ws/install/ur_controllers/include/ur_controllers/force_mode_controller_parameters.hpp
[48.985s] -- Up-to-date: /home/com9/uet_ws/install/ur_controllers/include/ur_controllers
[48.985s] -- Up-to-date: /home/com9/uet_ws/install/ur_controllers/include/ur_controllers/scaled_joint_trajectory_controller_parameters.hpp
[48.985s] -- Up-to-date: /home/com9/uet_ws/install/ur_controllers/include/ur_controllers/gpio_controller_parameters.hpp
[48.985s] -- Up-to-date: /home/com9/uet_ws/install/ur_controllers/include/ur_controllers/tool_contact_controller_parameters.hpp
[48.985s] -- Up-to-date: /home/com9/uet_ws/install/ur_controllers/include/ur_controllers/ur_configuration_controller_parameters.hpp
[48.985s] -- Up-to-date: /home/com9/uet_ws/install/ur_controllers/include/ur_controllers/passthrough_trajectory_controller_parameters.hpp
[48.985s] -- Up-to-date: /home/com9/uet_ws/install/ur_controllers/include/ur_controllers/freedrive_mode_controller_parameters.hpp
[48.985s] -- Up-to-date: /home/com9/uet_ws/install/ur_controllers/include/ur_controllers/friction_model_controller_parameters.hpp
[48.985s] -- Up-to-date: /home/com9/uet_ws/install/ur_controllers/include/ur_controllers/speed_scaling_state_broadcaster_parameters.hpp
[48.986s] -- Up-to-date: /home/com9/uet_ws/install/ur_controllers/include/ur_controllers/force_mode_controller_parameters.hpp
[48.986s] -- Up-to-date: /home/com9/uet_ws/install/ur_controllers/include/ur_controllers
[48.986s] -- Up-to-date: /home/com9/uet_ws/install/ur_controllers/include/ur_controllers/scaled_joint_trajectory_controller_parameters.hpp
[48.986s] -- Up-to-date: /home/com9/uet_ws/install/ur_controllers/include/ur_controllers/gpio_controller_parameters.hpp
[48.986s] -- Up-to-date: /home/com9/uet_ws/install/ur_controllers/include/ur_controllers/tool_contact_controller_parameters.hpp
[48.986s] -- Up-to-date: /home/com9/uet_ws/install/ur_controllers/include/ur_controllers/ur_configuration_controller_parameters.hpp
[48.986s] -- Up-to-date: /home/com9/uet_ws/install/ur_controllers/include/ur_controllers/passthrough_trajectory_controller_parameters.hpp
[48.986s] -- Up-to-date: /home/com9/uet_ws/install/ur_controllers/include/ur_controllers/freedrive_mode_controller_parameters.hpp
[48.986s] -- Up-to-date: /home/com9/uet_ws/install/ur_controllers/include/ur_controllers/friction_model_controller_parameters.hpp
[48.986s] -- Up-to-date: /home/com9/uet_ws/install/ur_controllers/include/ur_controllers/speed_scaling_state_broadcaster_parameters.hpp
[48.986s] -- Up-to-date: /home/com9/uet_ws/install/ur_controllers/include/ur_controllers/force_mode_controller_parameters.hpp
[48.986s] -- Up-to-date: /home/com9/uet_ws/install/ur_controllers/include/ur_controllers
[48.986s] -- Up-to-date: /home/com9/uet_ws/install/ur_controllers/include/ur_controllers/scaled_joint_trajectory_controller_parameters.hpp
[48.986s] -- Up-to-date: /home/com9/uet_ws/install/ur_controllers/include/ur_controllers/gpio_controller_parameters.hpp
[48.986s] -- Up-to-date: /home/com9/uet_ws/install/ur_controllers/include/ur_controllers/tool_contact_controller_parameters.hpp
[48.986s] -- Up-to-date: /home/com9/uet_ws/install/ur_controllers/include/ur_controllers/ur_configuration_controller_parameters.hpp
[48.986s] -- Up-to-date: /home/com9/uet_ws/install/ur_controllers/include/ur_controllers/passthrough_trajectory_controller_parameters.hpp
[48.986s] -- Up-to-date: /home/com9/uet_ws/install/ur_controllers/include/ur_controllers/freedrive_mode_controller_parameters.hpp
[48.986s] -- Up-to-date: /home/com9/uet_ws/install/ur_controllers/include/ur_controllers/friction_model_controller_parameters.hpp
[48.986s] -- Up-to-date: /home/com9/uet_ws/install/ur_controllers/include/ur_controllers/speed_scaling_state_broadcaster_parameters.hpp
[48.986s] -- Up-to-date: /home/com9/uet_ws/install/ur_controllers/include/ur_controllers/force_mode_controller_parameters.hpp
[48.986s] -- Installing: /home/com9/uet_ws/install/ur_controllers/share/ur_controllers/controller_plugins.xml
[48.986s] -- Installing: /home/com9/uet_ws/install/ur_controllers/lib/libur_controllers.so
[48.991s] -- Set runtime path of "/home/com9/uet_ws/install/ur_controllers/lib/libur_controllers.so" to ""
[48.992s] -- Up-to-date: /home/com9/uet_ws/install/ur_controllers/include
[48.992s] -- Up-to-date: /home/com9/uet_ws/install/ur_controllers/include/ur_controllers
[48.992s] -- Installing: /home/com9/uet_ws/install/ur_controllers/include/ur_controllers/tool_contact_controller.hpp
[48.992s] -- Installing: /home/com9/uet_ws/install/ur_controllers/include/ur_controllers/force_mode_controller.hpp
[48.992s] -- Installing: /home/com9/uet_ws/install/ur_controllers/include/ur_controllers/scaled_joint_trajectory_controller.hpp
[48.992s] -- Installing: /home/com9/uet_ws/install/ur_controllers/include/ur_controllers/speed_scaling_state_broadcaster.hpp
[48.992s] -- Installing: /home/com9/uet_ws/install/ur_controllers/include/ur_controllers/friction_model_controller.hpp
[48.992s] -- Installing: /home/com9/uet_ws/install/ur_controllers/include/ur_controllers/freedrive_mode_controller.hpp
[48.992s] -- Installing: /home/com9/uet_ws/install/ur_controllers/include/ur_controllers/passthrough_trajectory_controller.hpp
[48.992s] -- Installing: /home/com9/uet_ws/install/ur_controllers/include/ur_controllers/ur_configuration_controller.hpp
[48.992s] -- Installing: /home/com9/uet_ws/install/ur_controllers/include/ur_controllers/gpio_controller.hpp
[48.992s] -- Up-to-date: /home/com9/uet_ws/install/ur_controllers/share/ur_controllers/controller_plugins.xml
[48.992s] -- Installing: /home/com9/uet_ws/install/ur_controllers/share/ur_controllers/environment/library_path.sh
[48.992s] -- Installing: /home/com9/uet_ws/install/ur_controllers/share/ur_controllers/environment/library_path.dsv
[48.992s] -- Installing: /home/com9/uet_ws/install/ur_controllers/share/ament_index/resource_index/package_run_dependencies/ur_controllers
[48.992s] -- Installing: /home/com9/uet_ws/install/ur_controllers/share/ament_index/resource_index/parent_prefix_path/ur_controllers
[48.992s] -- Installing: /home/com9/uet_ws/install/ur_controllers/share/ur_controllers/environment/ament_prefix_path.sh
[48.992s] -- Installing: /home/com9/uet_ws/install/ur_controllers/share/ur_controllers/environment/ament_prefix_path.dsv
[48.992s] -- Installing: /home/com9/uet_ws/install/ur_controllers/share/ur_controllers/environment/path.sh
[48.992s] -- Installing: /home/com9/uet_ws/install/ur_controllers/share/ur_controllers/environment/path.dsv
[48.992s] -- Installing: /home/com9/uet_ws/install/ur_controllers/share/ur_controllers/local_setup.bash
[48.992s] -- Installing: /home/com9/uet_ws/install/ur_controllers/share/ur_controllers/local_setup.sh
[48.992s] -- Installing: /home/com9/uet_ws/install/ur_controllers/share/ur_controllers/local_setup.zsh
[48.993s] -- Installing: /home/com9/uet_ws/install/ur_controllers/share/ur_controllers/local_setup.dsv
[48.993s] -- Installing: /home/com9/uet_ws/install/ur_controllers/share/ur_controllers/package.dsv
[48.993s] -- Installing: /home/com9/uet_ws/install/ur_controllers/share/ament_index/resource_index/packages/ur_controllers
[48.993s] -- Installing: /home/com9/uet_ws/install/ur_controllers/share/ament_index/resource_index/controller_interface__pluginlib__plugin/ur_controllers
[48.993s] -- Installing: /home/com9/uet_ws/install/ur_controllers/share/ur_controllers/cmake/ament_cmake_export_dependencies-extras.cmake
[48.993s] -- Installing: /home/com9/uet_ws/install/ur_controllers/share/ur_controllers/cmake/ament_cmake_export_include_directories-extras.cmake
[48.993s] -- Installing: /home/com9/uet_ws/install/ur_controllers/share/ur_controllers/cmake/ament_cmake_export_libraries-extras.cmake
[48.993s] -- Installing: /home/com9/uet_ws/install/ur_controllers/share/ur_controllers/cmake/ur_controllersConfig.cmake
[48.993s] -- Installing: /home/com9/uet_ws/install/ur_controllers/share/ur_controllers/cmake/ur_controllersConfig-version.cmake
[48.993s] -- Installing: /home/com9/uet_ws/install/ur_controllers/share/ur_controllers/package.xml
[48.995s] Invoked command in '/home/com9/uet_ws/build/ur_controllers' returned '0': AMENT_PREFIX_PATH=/home/com9/uet_ws/install/ur_dashboard_msgs:${AMENT_PREFIX_PATH} CMAKE_PREFIX_PATH=/home/com9/uet_ws/install/ur_dashboard_msgs:/opt/ros/humble LD_LIBRARY_PATH=/home/com9/uet_ws/install/ur_dashboard_msgs/lib:${LD_LIBRARY_PATH} PYTHONPATH=/home/com9/uet_ws/install/ur_dashboard_msgs/local/lib/python3.10/dist-packages:${PYTHONPATH} /usr/bin/cmake --install /home/com9/uet_ws/build/ur_controllers
