[0.005s] Invoking command in '/home/com9/uet_ws/build/ur_controllers': AMENT_PREFIX_PATH=/home/com9/uet_ws/install/ur_dashboard_msgs:${AMENT_PREFIX_PATH} CMAKE_PREFIX_PATH=/home/com9/uet_ws/install/ur_dashboard_msgs:/opt/ros/humble LD_LIBRARY_PATH=/home/com9/uet_ws/install/ur_dashboard_msgs/lib:${LD_LIBRARY_PATH} PYTHONPATH=/home/com9/uet_ws/install/ur_dashboard_msgs/local/lib/python3.10/dist-packages:${PYTHONPATH} /usr/bin/cmake /home/com9/uet_ws/src/Universal_Robots_ROS2_Driver/ur_controllers -DCMAKE_INSTALL_PREFIX=/home/com9/uet_ws/install/ur_controllers
[0.041s] -- The C compiler identification is GNU 11.4.0
[0.076s] -- The CXX compiler identification is GNU 11.4.0
[0.081s] -- Detecting C compiler ABI info
[0.125s] -- Detecting C compiler ABI info - done
[0.131s] -- Check for working C compiler: /usr/bin/cc - skipped
[0.132s] -- Detecting C compile features
[0.132s] -- Detecting C compile features - done
[0.134s] -- Detecting CXX compiler ABI info
[0.187s] -- Detecting CXX compiler ABI info - done
[0.191s] -- Check for working CXX compiler: /usr/bin/c++ - skipped
[0.191s] -- Detecting CXX compile features
[0.191s] -- Detecting CXX compile features - done
[0.193s] -- Found ament_cmake: 1.3.14 (/opt/ros/humble/share/ament_cmake/cmake)
[0.292s] -- Found Python3: /usr/bin/python3 (found version "3.10.12") found components: Interpreter 
[0.344s] -- Found angles: 1.15.0 (/opt/ros/humble/share/angles/cmake)
[0.346s] -- Found controller_interface: 2.54.0 (/opt/ros/humble/share/controller_interface/cmake)
[0.371s] -- Found rosidl_generator_c: 3.1.8 (/opt/ros/humble/share/rosidl_generator_c/cmake)
[0.374s] -- Found rosidl_adapter: 3.1.8 (/opt/ros/humble/share/rosidl_adapter/cmake)
[0.379s] -- Found rosidl_generator_cpp: 3.1.8 (/opt/ros/humble/share/rosidl_generator_cpp/cmake)
[0.385s] -- Using all available rosidl_typesupport_c: rosidl_typesupport_fastrtps_c;rosidl_typesupport_introspection_c
[0.395s] -- Using all available rosidl_typesupport_cpp: rosidl_typesupport_fastrtps_cpp;rosidl_typesupport_introspection_cpp
[0.507s] -- Found rmw_implementation_cmake: 6.1.2 (/opt/ros/humble/share/rmw_implementation_cmake/cmake)
[0.509s] -- Found rmw_fastrtps_cpp: 6.2.10 (/opt/ros/humble/share/rmw_fastrtps_cpp/cmake)
[0.524s] -- Found TinyXML2 via Config file: TinyXML2_DIR-NOTFOUND
[0.560s] -- Found OpenSSL: /usr/lib/x86_64-linux-gnu/libcrypto.so (found version "3.0.2")  
[0.562s] -- Found TinyXML2 via Config file: TinyXML2_DIR-NOTFOUND
[0.571s] -- Found FastRTPS: /opt/ros/humble/include  
[0.573s] -- Found TinyXML2 via Config file: TinyXML2_DIR-NOTFOUND
[0.580s] -- Found TinyXML2 via Config file: TinyXML2_DIR-NOTFOUND
[0.587s] -- Using RMW implementation 'rmw_fastrtps_cpp' as default
[0.592s] -- Looking for pthread.h
[0.638s] -- Looking for pthread.h - found
[0.639s] -- Performing Test CMAKE_HAVE_LIBC_PTHREAD
[0.687s] -- Performing Test CMAKE_HAVE_LIBC_PTHREAD - Success
[0.688s] -- Found Threads: TRUE  
[0.717s] -- Found joint_trajectory_controller: 2.53.1 (/opt/ros/humble/share/joint_trajectory_controller/cmake)
[0.767s] -- Found std_srvs: 4.9.1 (/opt/ros/humble/share/std_srvs/cmake)
[0.773s] -- Found tf2_geometry_msgs: 0.25.20 (/opt/ros/humble/share/tf2_geometry_msgs/cmake)
[0.778s] -- Found eigen3_cmake_module: 0.1.1 (/opt/ros/humble/share/eigen3_cmake_module/cmake)
[0.779s] -- Found Eigen3: TRUE (found version "3.4.0") 
[0.779s] -- Ensuring Eigen3 include directory is part of orocos-kdl CMake target
[0.814s] -- Found ur_dashboard_msgs: 2.13.1 (/home/com9/uet_ws/install/ur_dashboard_msgs/share/ur_dashboard_msgs/cmake)
[0.825s] -- Found ur_msgs: 2.5.0 (/opt/ros/humble/share/ur_msgs/cmake)
[0.851s] -- Found ament_cmake_gmock: 1.3.14 (/opt/ros/humble/share/ament_cmake_gmock/cmake)
[0.853s] -- Found controller_manager: 2.54.0 (/opt/ros/humble/share/controller_manager/cmake)
[0.869s] -- Found ros2_control_test_assets: 2.54.0 (/opt/ros/humble/share/ros2_control_test_assets/cmake)
[0.872s] -- Found gmock sources under '/opt/ros/humble/src/gmock_vendor': C++ tests using 'Google Mock' will be built
[0.875s] -- Found ament_cmake_gtest: 1.3.14 (/opt/ros/humble/share/ament_cmake_gtest/cmake)
[0.876s] -- Found gtest sources under '/opt/ros/humble/src/gtest_vendor': C++ tests using 'Google Test' will be built
[0.920s] -- Configuring done
[0.954s] -- Generating done
[0.968s] -- Build files have been written to: /home/com9/uet_ws/build/ur_controllers
[0.978s] Invoked command in '/home/com9/uet_ws/build/ur_controllers' returned '0': AMENT_PREFIX_PATH=/home/com9/uet_ws/install/ur_dashboard_msgs:${AMENT_PREFIX_PATH} CMAKE_PREFIX_PATH=/home/com9/uet_ws/install/ur_dashboard_msgs:/opt/ros/humble LD_LIBRARY_PATH=/home/com9/uet_ws/install/ur_dashboard_msgs/lib:${LD_LIBRARY_PATH} PYTHONPATH=/home/com9/uet_ws/install/ur_dashboard_msgs/local/lib/python3.10/dist-packages:${PYTHONPATH} /usr/bin/cmake /home/com9/uet_ws/src/Universal_Robots_ROS2_Driver/ur_controllers -DCMAKE_INSTALL_PREFIX=/home/com9/uet_ws/install/ur_controllers
[0.978s] Invoking command in '/home/com9/uet_ws/build/ur_controllers': AMENT_PREFIX_PATH=/home/com9/uet_ws/install/ur_dashboard_msgs:${AMENT_PREFIX_PATH} CMAKE_PREFIX_PATH=/home/com9/uet_ws/install/ur_dashboard_msgs:/opt/ros/humble LD_LIBRARY_PATH=/home/com9/uet_ws/install/ur_dashboard_msgs/lib:${LD_LIBRARY_PATH} PYTHONPATH=/home/com9/uet_ws/install/ur_dashboard_msgs/local/lib/python3.10/dist-packages:${PYTHONPATH} /usr/bin/cmake --build /home/com9/uet_ws/build/ur_controllers
[1.013s] [  2%] [34m[1mRunning `/opt/ros/humble/bin/generate_parameter_library_cpp /home/com9/uet_ws/build/ur_controllers/include/ur_controllers/tool_contact_controller_parameters.hpp /home/com9/uet_ws/src/Universal_Robots_ROS2_Driver/ur_controllers/src/tool_contact_controller_parameters.yaml `[0m
[1.117s] [  4%] [34m[1mCreating deprecated header file /home/com9/uet_ws/build/ur_controllers/include/tool_contact_controller_parameters.hpp[0m
[1.127s] [  4%] Built target tool_contact_controller_parameters
[1.137s] [  6%] [34m[1mRunning `/opt/ros/humble/bin/generate_parameter_library_cpp /home/com9/uet_ws/build/ur_controllers/include/ur_controllers/force_mode_controller_parameters.hpp /home/com9/uet_ws/src/Universal_Robots_ROS2_Driver/ur_controllers/src/force_mode_controller_parameters.yaml `[0m
[1.235s] [  9%] [34m[1mCreating deprecated header file /home/com9/uet_ws/build/ur_controllers/include/force_mode_controller_parameters.hpp[0m
[1.247s] [  9%] Built target force_mode_controller_parameters
[1.259s] [ 11%] [34m[1mRunning `/opt/ros/humble/bin/generate_parameter_library_cpp /home/com9/uet_ws/build/ur_controllers/include/ur_controllers/friction_model_controller_parameters.hpp /home/com9/uet_ws/src/Universal_Robots_ROS2_Driver/ur_controllers/src/friction_model_controller_parameters.yaml `[0m
[1.366s] [ 13%] [34m[1mCreating deprecated header file /home/com9/uet_ws/build/ur_controllers/include/friction_model_controller_parameters.hpp[0m
[1.376s] [ 13%] Built target friction_model_controller_parameters
[1.388s] [ 16%] [34m[1mRunning `/opt/ros/humble/bin/generate_parameter_library_cpp /home/com9/uet_ws/build/ur_controllers/include/ur_controllers/gpio_controller_parameters.hpp /home/com9/uet_ws/src/Universal_Robots_ROS2_Driver/ur_controllers/src/gpio_controller_parameters.yaml `[0m
[1.495s] [ 18%] [34m[1mCreating deprecated header file /home/com9/uet_ws/build/ur_controllers/include/gpio_controller_parameters.hpp[0m
[1.504s] [ 18%] Built target gpio_controller_parameters
[1.515s] [ 20%] [34m[1mRunning `/opt/ros/humble/bin/generate_parameter_library_cpp /home/com9/uet_ws/build/ur_controllers/include/ur_controllers/speed_scaling_state_broadcaster_parameters.hpp /home/com9/uet_ws/src/Universal_Robots_ROS2_Driver/ur_controllers/src/speed_scaling_state_broadcaster_parameters.yaml `[0m
[1.619s] [ 23%] [34m[1mCreating deprecated header file /home/com9/uet_ws/build/ur_controllers/include/speed_scaling_state_broadcaster_parameters.hpp[0m
[1.630s] [ 23%] Built target speed_scaling_state_broadcaster_parameters
[1.643s] [ 25%] [34m[1mRunning `/opt/ros/humble/bin/generate_parameter_library_cpp /home/com9/uet_ws/build/ur_controllers/include/ur_controllers/scaled_joint_trajectory_controller_parameters.hpp /home/com9/uet_ws/src/Universal_Robots_ROS2_Driver/ur_controllers/src/scaled_joint_trajectory_controller_parameters.yaml `[0m
[1.727s] [ 27%] [34m[1mCreating deprecated header file /home/com9/uet_ws/build/ur_controllers/include/scaled_joint_trajectory_controller_parameters.hpp[0m
[1.739s] [ 27%] Built target scaled_joint_trajectory_controller_parameters
[1.753s] [ 30%] [34m[1mRunning `/opt/ros/humble/bin/generate_parameter_library_cpp /home/com9/uet_ws/build/ur_controllers/include/ur_controllers/freedrive_mode_controller_parameters.hpp /home/com9/uet_ws/src/Universal_Robots_ROS2_Driver/ur_controllers/src/freedrive_mode_controller_parameters.yaml `[0m
[1.868s] [ 32%] [34m[1mCreating deprecated header file /home/com9/uet_ws/build/ur_controllers/include/freedrive_mode_controller_parameters.hpp[0m
[1.879s] [ 32%] Built target freedrive_mode_controller_parameters
[1.893s] [ 34%] [34m[1mRunning `/opt/ros/humble/bin/generate_parameter_library_cpp /home/com9/uet_ws/build/ur_controllers/include/ur_controllers/passthrough_trajectory_controller_parameters.hpp /home/com9/uet_ws/src/Universal_Robots_ROS2_Driver/ur_controllers/src/passthrough_trajectory_controller_parameters.yaml `[0m
[2.031s] [ 37%] [34m[1mCreating deprecated header file /home/com9/uet_ws/build/ur_controllers/include/passthrough_trajectory_controller_parameters.hpp[0m
[2.043s] [ 37%] Built target passthrough_trajectory_controller_parameters
[2.058s] [ 39%] [34m[1mRunning `/opt/ros/humble/bin/generate_parameter_library_cpp /home/com9/uet_ws/build/ur_controllers/include/ur_controllers/ur_configuration_controller_parameters.hpp /home/com9/uet_ws/src/Universal_Robots_ROS2_Driver/ur_controllers/src/ur_configuration_controller_parameters.yaml `[0m
[2.146s] [ 41%] [34m[1mCreating deprecated header file /home/com9/uet_ws/build/ur_controllers/include/ur_configuration_controller_parameters.hpp[0m
[2.156s] [ 41%] Built target ur_configuration_controller_parameters
[2.169s] [ 44%] [32mBuilding CXX object CMakeFiles/ur_controllers.dir/src/tool_contact_controller.cpp.o[0m
[4.656s] [ 46%] [32mBuilding CXX object CMakeFiles/ur_controllers.dir/src/force_mode_controller.cpp.o[0m
[7.476s] [ 48%] [32mBuilding CXX object CMakeFiles/ur_controllers.dir/src/friction_model_controller.cpp.o[0m
[9.694s] [ 51%] [32mBuilding CXX object CMakeFiles/ur_controllers.dir/src/scaled_joint_trajectory_controller.cpp.o[0m
[12.313s] [ 53%] [32mBuilding CXX object CMakeFiles/ur_controllers.dir/src/speed_scaling_state_broadcaster.cpp.o[0m
[14.859s] [ 55%] [32mBuilding CXX object CMakeFiles/ur_controllers.dir/src/freedrive_mode_controller.cpp.o[0m
[19.733s] [ 58%] [32mBuilding CXX object CMakeFiles/ur_controllers.dir/src/gpio_controller.cpp.o[0m
[25.101s] [ 60%] [32mBuilding CXX object CMakeFiles/ur_controllers.dir/src/passthrough_trajectory_controller.cpp.o[0m
[28.360s] [ 62%] [32mBuilding CXX object CMakeFiles/ur_controllers.dir/src/ur_configuration_controller.cpp.o[0m
[30.650s] [ 65%] [32m[1mLinking CXX shared library libur_controllers.so[0m
[31.624s] [ 65%] Built target ur_controllers
[31.636s] [ 67%] [32mBuilding CXX object gmock/CMakeFiles/gmock_main.dir/src/gmock_main.cc.o[0m
[32.278s] [ 69%] [32m[1mLinking CXX static library libgmock_main.a[0m
[32.299s] [ 69%] Built target gmock_main
[32.315s] [ 72%] [32mBuilding CXX object gmock/CMakeFiles/gmock.dir/opt/ros/humble/src/gtest_vendor/src/gtest-all.cc.o[0m
[34.149s] [ 74%] [32mBuilding CXX object gmock/CMakeFiles/gmock.dir/src/gmock-all.cc.o[0m
[35.221s] [ 76%] [32m[1mLinking CXX static library libgmock.a[0m
[35.262s] [ 76%] Built target gmock
[35.275s] [ 79%] [32mBuilding CXX object CMakeFiles/test_load_force_mode_controller.dir/test/test_load_force_mode_controller.cpp.o[0m
[38.177s] [ 81%] [32m[1mLinking CXX executable test_load_force_mode_controller[0m
[38.366s] [ 81%] Built target test_load_force_mode_controller
[38.380s] [ 83%] [32mBuilding CXX object CMakeFiles/test_load_freedrive_mode_controller.dir/test/test_load_freedrive_mode_controller.cpp.o[0m
[41.230s] [ 86%] [32m[1mLinking CXX executable test_load_freedrive_mode_controller[0m
[41.425s] [ 86%] Built target test_load_freedrive_mode_controller
[41.439s] [ 88%] [32mBuilding CXX object CMakeFiles/test_load_scaled_joint_trajectory_controller.dir/test/test_load_scaled_joint_trajectory_controller.cpp.o[0m
[44.288s] [ 90%] [32m[1mLinking CXX executable test_load_scaled_joint_trajectory_controller[0m
[44.482s] [ 90%] Built target test_load_scaled_joint_trajectory_controller
[44.495s] [ 93%] [32mBuilding CXX object CMakeFiles/test_scaled_joint_trajectory_controller_sampling.dir/test/test_scaled_joint_trajectory_controller_sampling.cpp.o[0m
[48.583s] [ 95%] [32m[1mLinking CXX executable test_scaled_joint_trajectory_controller_sampling[0m
[49.112s] [ 95%] Built target test_scaled_joint_trajectory_controller_sampling
[49.127s] [ 97%] [32mBuilding CXX object CMakeFiles/test_load_friction_model_controller.dir/test/test_load_friction_model_controller.cpp.o[0m
[51.819s] [100%] [32m[1mLinking CXX executable test_load_friction_model_controller[0m
[52.011s] [100%] Built target test_load_friction_model_controller
[52.019s] Invoked command in '/home/com9/uet_ws/build/ur_controllers' returned '0': AMENT_PREFIX_PATH=/home/com9/uet_ws/install/ur_dashboard_msgs:${AMENT_PREFIX_PATH} CMAKE_PREFIX_PATH=/home/com9/uet_ws/install/ur_dashboard_msgs:/opt/ros/humble LD_LIBRARY_PATH=/home/com9/uet_ws/install/ur_dashboard_msgs/lib:${LD_LIBRARY_PATH} PYTHONPATH=/home/com9/uet_ws/install/ur_dashboard_msgs/local/lib/python3.10/dist-packages:${PYTHONPATH} /usr/bin/cmake --build /home/com9/uet_ws/build/ur_controllers
[52.020s] Invoking command in '/home/com9/uet_ws/build/ur_controllers': AMENT_PREFIX_PATH=/home/com9/uet_ws/install/ur_dashboard_msgs:${AMENT_PREFIX_PATH} CMAKE_PREFIX_PATH=/home/com9/uet_ws/install/ur_dashboard_msgs:/opt/ros/humble LD_LIBRARY_PATH=/home/com9/uet_ws/install/ur_dashboard_msgs/lib:${LD_LIBRARY_PATH} PYTHONPATH=/home/com9/uet_ws/install/ur_dashboard_msgs/local/lib/python3.10/dist-packages:${PYTHONPATH} /usr/bin/cmake --install /home/com9/uet_ws/build/ur_controllers
[52.026s] -- Install configuration: ""
[52.026s] -- Installing: /home/com9/uet_ws/install/ur_controllers/include/ur_controllers
[52.026s] -- Installing: /home/com9/uet_ws/install/ur_controllers/include/ur_controllers/scaled_joint_trajectory_controller_parameters.hpp
[52.026s] -- Installing: /home/com9/uet_ws/install/ur_controllers/include/ur_controllers/gpio_controller_parameters.hpp
[52.026s] -- Installing: /home/com9/uet_ws/install/ur_controllers/include/ur_controllers/tool_contact_controller_parameters.hpp
[52.026s] -- Installing: /home/com9/uet_ws/install/ur_controllers/include/ur_controllers/ur_configuration_controller_parameters.hpp
[52.026s] -- Installing: /home/com9/uet_ws/install/ur_controllers/include/ur_controllers/passthrough_trajectory_controller_parameters.hpp
[52.026s] -- Installing: /home/com9/uet_ws/install/ur_controllers/include/ur_controllers/freedrive_mode_controller_parameters.hpp
[52.027s] -- Installing: /home/com9/uet_ws/install/ur_controllers/include/ur_controllers/friction_model_controller_parameters.hpp
[52.027s] -- Installing: /home/com9/uet_ws/install/ur_controllers/include/ur_controllers/speed_scaling_state_broadcaster_parameters.hpp
[52.027s] -- Installing: /home/com9/uet_ws/install/ur_controllers/include/ur_controllers/force_mode_controller_parameters.hpp
[52.027s] -- Up-to-date: /home/com9/uet_ws/install/ur_controllers/include/ur_controllers
[52.027s] -- Up-to-date: /home/com9/uet_ws/install/ur_controllers/include/ur_controllers/scaled_joint_trajectory_controller_parameters.hpp
[52.027s] -- Up-to-date: /home/com9/uet_ws/install/ur_controllers/include/ur_controllers/gpio_controller_parameters.hpp
[52.027s] -- Up-to-date: /home/com9/uet_ws/install/ur_controllers/include/ur_controllers/tool_contact_controller_parameters.hpp
[52.027s] -- Up-to-date: /home/com9/uet_ws/install/ur_controllers/include/ur_controllers/ur_configuration_controller_parameters.hpp
[52.027s] -- Up-to-date: /home/com9/uet_ws/install/ur_controllers/include/ur_controllers/passthrough_trajectory_controller_parameters.hpp
[52.027s] -- Up-to-date: /home/com9/uet_ws/install/ur_controllers/include/ur_controllers/freedrive_mode_controller_parameters.hpp
[52.027s] -- Up-to-date: /home/com9/uet_ws/install/ur_controllers/include/ur_controllers/friction_model_controller_parameters.hpp
[52.027s] -- Up-to-date: /home/com9/uet_ws/install/ur_controllers/include/ur_controllers/speed_scaling_state_broadcaster_parameters.hpp
[52.027s] -- Up-to-date: /home/com9/uet_ws/install/ur_controllers/include/ur_controllers/force_mode_controller_parameters.hpp
[52.027s] -- Up-to-date: /home/com9/uet_ws/install/ur_controllers/include/ur_controllers
[52.027s] -- Up-to-date: /home/com9/uet_ws/install/ur_controllers/include/ur_controllers/scaled_joint_trajectory_controller_parameters.hpp
[52.027s] -- Up-to-date: /home/com9/uet_ws/install/ur_controllers/include/ur_controllers/gpio_controller_parameters.hpp
[52.027s] -- Up-to-date: /home/com9/uet_ws/install/ur_controllers/include/ur_controllers/tool_contact_controller_parameters.hpp
[52.027s] -- Up-to-date: /home/com9/uet_ws/install/ur_controllers/include/ur_controllers/ur_configuration_controller_parameters.hpp
[52.027s] -- Up-to-date: /home/com9/uet_ws/install/ur_controllers/include/ur_controllers/passthrough_trajectory_controller_parameters.hpp
[52.027s] -- Up-to-date: /home/com9/uet_ws/install/ur_controllers/include/ur_controllers/freedrive_mode_controller_parameters.hpp
[52.027s] -- Up-to-date: /home/com9/uet_ws/install/ur_controllers/include/ur_controllers/friction_model_controller_parameters.hpp
[52.027s] -- Up-to-date: /home/com9/uet_ws/install/ur_controllers/include/ur_controllers/speed_scaling_state_broadcaster_parameters.hpp
[52.027s] -- Up-to-date: /home/com9/uet_ws/install/ur_controllers/include/ur_controllers/force_mode_controller_parameters.hpp
[52.027s] -- Up-to-date: /home/com9/uet_ws/install/ur_controllers/include/ur_controllers
[52.028s] -- Up-to-date: /home/com9/uet_ws/install/ur_controllers/include/ur_controllers/scaled_joint_trajectory_controller_parameters.hpp
[52.028s] -- Up-to-date: /home/com9/uet_ws/install/ur_controllers/include/ur_controllers/gpio_controller_parameters.hpp
[52.028s] -- Up-to-date: /home/com9/uet_ws/install/ur_controllers/include/ur_controllers/tool_contact_controller_parameters.hpp
[52.028s] -- Up-to-date: /home/com9/uet_ws/install/ur_controllers/include/ur_controllers/ur_configuration_controller_parameters.hpp
[52.028s] -- Up-to-date: /home/com9/uet_ws/install/ur_controllers/include/ur_controllers/passthrough_trajectory_controller_parameters.hpp
[52.028s] -- Up-to-date: /home/com9/uet_ws/install/ur_controllers/include/ur_controllers/freedrive_mode_controller_parameters.hpp
[52.028s] -- Up-to-date: /home/com9/uet_ws/install/ur_controllers/include/ur_controllers/friction_model_controller_parameters.hpp
[52.028s] -- Up-to-date: /home/com9/uet_ws/install/ur_controllers/include/ur_controllers/speed_scaling_state_broadcaster_parameters.hpp
[52.028s] -- Up-to-date: /home/com9/uet_ws/install/ur_controllers/include/ur_controllers/force_mode_controller_parameters.hpp
[52.028s] -- Up-to-date: /home/com9/uet_ws/install/ur_controllers/include/ur_controllers
[52.028s] -- Up-to-date: /home/com9/uet_ws/install/ur_controllers/include/ur_controllers/scaled_joint_trajectory_controller_parameters.hpp
[52.028s] -- Up-to-date: /home/com9/uet_ws/install/ur_controllers/include/ur_controllers/gpio_controller_parameters.hpp
[52.028s] -- Up-to-date: /home/com9/uet_ws/install/ur_controllers/include/ur_controllers/tool_contact_controller_parameters.hpp
[52.028s] -- Up-to-date: /home/com9/uet_ws/install/ur_controllers/include/ur_controllers/ur_configuration_controller_parameters.hpp
[52.028s] -- Up-to-date: /home/com9/uet_ws/install/ur_controllers/include/ur_controllers/passthrough_trajectory_controller_parameters.hpp
[52.028s] -- Up-to-date: /home/com9/uet_ws/install/ur_controllers/include/ur_controllers/freedrive_mode_controller_parameters.hpp
[52.028s] -- Up-to-date: /home/com9/uet_ws/install/ur_controllers/include/ur_controllers/friction_model_controller_parameters.hpp
[52.028s] -- Up-to-date: /home/com9/uet_ws/install/ur_controllers/include/ur_controllers/speed_scaling_state_broadcaster_parameters.hpp
[52.028s] -- Up-to-date: /home/com9/uet_ws/install/ur_controllers/include/ur_controllers/force_mode_controller_parameters.hpp
[52.028s] -- Up-to-date: /home/com9/uet_ws/install/ur_controllers/include/ur_controllers
[52.028s] -- Up-to-date: /home/com9/uet_ws/install/ur_controllers/include/ur_controllers/scaled_joint_trajectory_controller_parameters.hpp
[52.028s] -- Up-to-date: /home/com9/uet_ws/install/ur_controllers/include/ur_controllers/gpio_controller_parameters.hpp
[52.028s] -- Up-to-date: /home/com9/uet_ws/install/ur_controllers/include/ur_controllers/tool_contact_controller_parameters.hpp
[52.028s] -- Up-to-date: /home/com9/uet_ws/install/ur_controllers/include/ur_controllers/ur_configuration_controller_parameters.hpp
[52.028s] -- Up-to-date: /home/com9/uet_ws/install/ur_controllers/include/ur_controllers/passthrough_trajectory_controller_parameters.hpp
[52.028s] -- Up-to-date: /home/com9/uet_ws/install/ur_controllers/include/ur_controllers/freedrive_mode_controller_parameters.hpp
[52.028s] -- Up-to-date: /home/com9/uet_ws/install/ur_controllers/include/ur_controllers/friction_model_controller_parameters.hpp
[52.028s] -- Up-to-date: /home/com9/uet_ws/install/ur_controllers/include/ur_controllers/speed_scaling_state_broadcaster_parameters.hpp
[52.028s] -- Up-to-date: /home/com9/uet_ws/install/ur_controllers/include/ur_controllers/force_mode_controller_parameters.hpp
[52.028s] -- Up-to-date: /home/com9/uet_ws/install/ur_controllers/include/ur_controllers
[52.028s] -- Up-to-date: /home/com9/uet_ws/install/ur_controllers/include/ur_controllers/scaled_joint_trajectory_controller_parameters.hpp
[52.028s] -- Up-to-date: /home/com9/uet_ws/install/ur_controllers/include/ur_controllers/gpio_controller_parameters.hpp
[52.028s] -- Up-to-date: /home/com9/uet_ws/install/ur_controllers/include/ur_controllers/tool_contact_controller_parameters.hpp
[52.028s] -- Up-to-date: /home/com9/uet_ws/install/ur_controllers/include/ur_controllers/ur_configuration_controller_parameters.hpp
[52.028s] -- Up-to-date: /home/com9/uet_ws/install/ur_controllers/include/ur_controllers/passthrough_trajectory_controller_parameters.hpp
[52.028s] -- Up-to-date: /home/com9/uet_ws/install/ur_controllers/include/ur_controllers/freedrive_mode_controller_parameters.hpp
[52.028s] -- Up-to-date: /home/com9/uet_ws/install/ur_controllers/include/ur_controllers/friction_model_controller_parameters.hpp
[52.028s] -- Up-to-date: /home/com9/uet_ws/install/ur_controllers/include/ur_controllers/speed_scaling_state_broadcaster_parameters.hpp
[52.029s] -- Up-to-date: /home/com9/uet_ws/install/ur_controllers/include/ur_controllers/force_mode_controller_parameters.hpp
[52.029s] -- Up-to-date: /home/com9/uet_ws/install/ur_controllers/include/ur_controllers
[52.029s] -- Up-to-date: /home/com9/uet_ws/install/ur_controllers/include/ur_controllers/scaled_joint_trajectory_controller_parameters.hpp
[52.029s] -- Up-to-date: /home/com9/uet_ws/install/ur_controllers/include/ur_controllers/gpio_controller_parameters.hpp
[52.029s] -- Up-to-date: /home/com9/uet_ws/install/ur_controllers/include/ur_controllers/tool_contact_controller_parameters.hpp
[52.029s] -- Up-to-date: /home/com9/uet_ws/install/ur_controllers/include/ur_controllers/ur_configuration_controller_parameters.hpp
[52.029s] -- Up-to-date: /home/com9/uet_ws/install/ur_controllers/include/ur_controllers/passthrough_trajectory_controller_parameters.hpp
[52.029s] -- Up-to-date: /home/com9/uet_ws/install/ur_controllers/include/ur_controllers/freedrive_mode_controller_parameters.hpp
[52.029s] -- Up-to-date: /home/com9/uet_ws/install/ur_controllers/include/ur_controllers/friction_model_controller_parameters.hpp
[52.029s] -- Up-to-date: /home/com9/uet_ws/install/ur_controllers/include/ur_controllers/speed_scaling_state_broadcaster_parameters.hpp
[52.029s] -- Up-to-date: /home/com9/uet_ws/install/ur_controllers/include/ur_controllers/force_mode_controller_parameters.hpp
[52.029s] -- Up-to-date: /home/com9/uet_ws/install/ur_controllers/include/ur_controllers
[52.029s] -- Up-to-date: /home/com9/uet_ws/install/ur_controllers/include/ur_controllers/scaled_joint_trajectory_controller_parameters.hpp
[52.029s] -- Up-to-date: /home/com9/uet_ws/install/ur_controllers/include/ur_controllers/gpio_controller_parameters.hpp
[52.029s] -- Up-to-date: /home/com9/uet_ws/install/ur_controllers/include/ur_controllers/tool_contact_controller_parameters.hpp
[52.029s] -- Up-to-date: /home/com9/uet_ws/install/ur_controllers/include/ur_controllers/ur_configuration_controller_parameters.hpp
[52.029s] -- Up-to-date: /home/com9/uet_ws/install/ur_controllers/include/ur_controllers/passthrough_trajectory_controller_parameters.hpp
[52.029s] -- Up-to-date: /home/com9/uet_ws/install/ur_controllers/include/ur_controllers/freedrive_mode_controller_parameters.hpp
[52.029s] -- Up-to-date: /home/com9/uet_ws/install/ur_controllers/include/ur_controllers/friction_model_controller_parameters.hpp
[52.029s] -- Up-to-date: /home/com9/uet_ws/install/ur_controllers/include/ur_controllers/speed_scaling_state_broadcaster_parameters.hpp
[52.029s] -- Up-to-date: /home/com9/uet_ws/install/ur_controllers/include/ur_controllers/force_mode_controller_parameters.hpp
[52.029s] -- Installing: /home/com9/uet_ws/install/ur_controllers/share/ur_controllers/controller_plugins.xml
[52.029s] -- Installing: /home/com9/uet_ws/install/ur_controllers/lib/libur_controllers.so
[52.036s] -- Set runtime path of "/home/com9/uet_ws/install/ur_controllers/lib/libur_controllers.so" to ""
[52.036s] -- Up-to-date: /home/com9/uet_ws/install/ur_controllers/include
[52.036s] -- Up-to-date: /home/com9/uet_ws/install/ur_controllers/include/ur_controllers
[52.036s] -- Installing: /home/com9/uet_ws/install/ur_controllers/include/ur_controllers/tool_contact_controller.hpp
[52.036s] -- Installing: /home/com9/uet_ws/install/ur_controllers/include/ur_controllers/force_mode_controller.hpp
[52.036s] -- Installing: /home/com9/uet_ws/install/ur_controllers/include/ur_controllers/scaled_joint_trajectory_controller.hpp
[52.036s] -- Installing: /home/com9/uet_ws/install/ur_controllers/include/ur_controllers/speed_scaling_state_broadcaster.hpp
[52.036s] -- Installing: /home/com9/uet_ws/install/ur_controllers/include/ur_controllers/friction_model_controller.hpp
[52.037s] -- Installing: /home/com9/uet_ws/install/ur_controllers/include/ur_controllers/freedrive_mode_controller.hpp
[52.037s] -- Installing: /home/com9/uet_ws/install/ur_controllers/include/ur_controllers/passthrough_trajectory_controller.hpp
[52.037s] -- Installing: /home/com9/uet_ws/install/ur_controllers/include/ur_controllers/ur_configuration_controller.hpp
[52.037s] -- Installing: /home/com9/uet_ws/install/ur_controllers/include/ur_controllers/gpio_controller.hpp
[52.037s] -- Up-to-date: /home/com9/uet_ws/install/ur_controllers/share/ur_controllers/controller_plugins.xml
[52.037s] -- Installing: /home/com9/uet_ws/install/ur_controllers/share/ur_controllers/environment/library_path.sh
[52.037s] -- Installing: /home/com9/uet_ws/install/ur_controllers/share/ur_controllers/environment/library_path.dsv
[52.037s] -- Installing: /home/com9/uet_ws/install/ur_controllers/share/ament_index/resource_index/package_run_dependencies/ur_controllers
[52.037s] -- Installing: /home/com9/uet_ws/install/ur_controllers/share/ament_index/resource_index/parent_prefix_path/ur_controllers
[52.037s] -- Installing: /home/com9/uet_ws/install/ur_controllers/share/ur_controllers/environment/ament_prefix_path.sh
[52.037s] -- Installing: /home/com9/uet_ws/install/ur_controllers/share/ur_controllers/environment/ament_prefix_path.dsv
[52.037s] -- Installing: /home/com9/uet_ws/install/ur_controllers/share/ur_controllers/environment/path.sh
[52.037s] -- Installing: /home/com9/uet_ws/install/ur_controllers/share/ur_controllers/environment/path.dsv
[52.037s] -- Installing: /home/com9/uet_ws/install/ur_controllers/share/ur_controllers/local_setup.bash
[52.037s] -- Installing: /home/com9/uet_ws/install/ur_controllers/share/ur_controllers/local_setup.sh
[52.037s] -- Installing: /home/com9/uet_ws/install/ur_controllers/share/ur_controllers/local_setup.zsh
[52.037s] -- Installing: /home/com9/uet_ws/install/ur_controllers/share/ur_controllers/local_setup.dsv
[52.037s] -- Installing: /home/com9/uet_ws/install/ur_controllers/share/ur_controllers/package.dsv
[52.037s] -- Installing: /home/com9/uet_ws/install/ur_controllers/share/ament_index/resource_index/packages/ur_controllers
[52.037s] -- Installing: /home/com9/uet_ws/install/ur_controllers/share/ament_index/resource_index/controller_interface__pluginlib__plugin/ur_controllers
[52.037s] -- Installing: /home/com9/uet_ws/install/ur_controllers/share/ur_controllers/cmake/ament_cmake_export_dependencies-extras.cmake
[52.037s] -- Installing: /home/com9/uet_ws/install/ur_controllers/share/ur_controllers/cmake/ament_cmake_export_include_directories-extras.cmake
[52.037s] -- Installing: /home/com9/uet_ws/install/ur_controllers/share/ur_controllers/cmake/ament_cmake_export_libraries-extras.cmake
[52.038s] -- Installing: /home/com9/uet_ws/install/ur_controllers/share/ur_controllers/cmake/ur_controllersConfig.cmake
[52.038s] -- Installing: /home/com9/uet_ws/install/ur_controllers/share/ur_controllers/cmake/ur_controllersConfig-version.cmake
[52.038s] -- Installing: /home/com9/uet_ws/install/ur_controllers/share/ur_controllers/package.xml
[52.039s] Invoked command in '/home/com9/uet_ws/build/ur_controllers' returned '0': AMENT_PREFIX_PATH=/home/com9/uet_ws/install/ur_dashboard_msgs:${AMENT_PREFIX_PATH} CMAKE_PREFIX_PATH=/home/com9/uet_ws/install/ur_dashboard_msgs:/opt/ros/humble LD_LIBRARY_PATH=/home/com9/uet_ws/install/ur_dashboard_msgs/lib:${LD_LIBRARY_PATH} PYTHONPATH=/home/com9/uet_ws/install/ur_dashboard_msgs/local/lib/python3.10/dist-packages:${PYTHONPATH} /usr/bin/cmake --install /home/com9/uet_ws/build/ur_controllers
