[0.324s] Invoking command in '/home/com9/uet_ws/src/susgrip_2f/susgrip_2f_description': PYTHONPATH=/home/com9/uet_ws/build/susgrip_2f_description/prefix_override:/usr/lib/python3/dist-packages/colcon_core/task/python/colcon_distutils_commands:/home/com9/uet_ws/install/susgrip_2f_description/lib/python3.10/site-packages:${PYTHONPATH} /usr/bin/python3 -W ignore:setup.py install is deprecated -W ignore:easy_install command is deprecated setup.py egg_info --egg-base ../../../build/susgrip_2f_description build --build-base /home/com9/uet_ws/build/susgrip_2f_description/build install --record /home/com9/uet_ws/build/susgrip_2f_description/install.log --install-scripts $base/lib/susgrip_2f_description --single-version-externally-managed install_data
[0.444s] running egg_info
[0.444s] writing ../../../build/susgrip_2f_description/susgrip_2f_description.egg-info/PKG-INFO
[0.445s] writing dependency_links to ../../../build/susgrip_2f_description/susgrip_2f_description.egg-info/dependency_links.txt
[0.445s] writing entry points to ../../../build/susgrip_2f_description/susgrip_2f_description.egg-info/entry_points.txt
[0.445s] writing top-level names to ../../../build/susgrip_2f_description/susgrip_2f_description.egg-info/top_level.txt
[0.446s] reading manifest file '../../../build/susgrip_2f_description/susgrip_2f_description.egg-info/SOURCES.txt'
[0.447s] writing manifest file '../../../build/susgrip_2f_description/susgrip_2f_description.egg-info/SOURCES.txt'
[0.447s] running build
[0.447s] running build_py
[0.447s] running install
[0.447s] running install_lib
[0.448s] running install_data
[0.448s] creating /home/com9/uet_ws/install/susgrip_2f_description/share/susgrip_2f_description/scripts
[0.448s] running install_egg_info
[0.449s] removing '/home/com9/uet_ws/install/susgrip_2f_description/lib/python3.10/site-packages/susgrip_2f_description-0.0.1-py3.10.egg-info' (and everything under it)
[0.449s] Copying ../../../build/susgrip_2f_description/susgrip_2f_description.egg-info to /home/com9/uet_ws/install/susgrip_2f_description/lib/python3.10/site-packages/susgrip_2f_description-0.0.1-py3.10.egg-info
[0.450s] running install_scripts
[0.463s] Installing susgrip_2f_visualize script to /home/com9/uet_ws/install/susgrip_2f_description/lib/susgrip_2f_description
[0.463s] writing list of installed files to '/home/com9/uet_ws/build/susgrip_2f_description/install.log'
[0.478s] Invoked command in '/home/com9/uet_ws/src/susgrip_2f/susgrip_2f_description' returned '0': PYTHONPATH=/home/com9/uet_ws/build/susgrip_2f_description/prefix_override:/usr/lib/python3/dist-packages/colcon_core/task/python/colcon_distutils_commands:/home/com9/uet_ws/install/susgrip_2f_description/lib/python3.10/site-packages:${PYTHONPATH} /usr/bin/python3 -W ignore:setup.py install is deprecated -W ignore:easy_install command is deprecated setup.py egg_info --egg-base ../../../build/susgrip_2f_description build --build-base /home/com9/uet_ws/build/susgrip_2f_description/build install --record /home/com9/uet_ws/build/susgrip_2f_description/install.log --install-scripts $base/lib/susgrip_2f_description --single-version-externally-managed install_data
