[0.008s] Invoking command in '/home/com9/uet_ws/build/ur_robot_driver': CMAKE_PREFIX_PATH=/home/com9/uet_ws/install/ur_controllers:/home/com9/uet_ws/install/ur_dashboard_msgs:/home/com9/uet_ws/install/ur_simulation_gz:/home/com9/uet_ws/install/ur:/home/com9/uet_ws/install/ur_calibration:/home/com9/uet_ws/install/ur_robot_driver:/home/com9/uet_ws/install/ur_moveit_config:/home/com9/uet_ws/install/ur_bringup:/home/com9/uet_ws/install/ur3_moveit_control:/home/com9/uet_ws/install/susgrip_2f_hardware:/home/com9/uet_ws/install/susgrip_2f_gazebo:/home/com9/uet_ws/install/susgrip_2f_description:/home/com9/uet_ws/install/susgrip_2f_control:/opt/ros/humble LD_LIBRARY_PATH=/home/com9/uet_ws/install/ur_controllers/lib:/home/com9/uet_ws/install/ur_dashboard_msgs/lib:/home/com9/uet_ws/install/ur_robot_driver/lib:/home/com9/uet_ws/install/ur3_moveit_control/lib:/opt/ros/humble/opt/rviz_ogre_vendor/lib:/opt/ros/humble/lib/x86_64-linux-gnu:/opt/ros/humble/lib /usr/bin/cmake --build /home/com9/uet_ws/build/ur_robot_driver
[0.055s] [ 22%] Built target ur_robot_driver_plugin
[0.079s] [ 40%] Built target dashboard_client
[0.101s] [ 50%] Built target ur_ros2_control_node
[0.120s] [ 63%] Built target controller_stopper_node
[0.140s] [ 81%] Built target robot_state_helper
[0.158s] [ 90%] Built target urscript_interface
[0.178s] [100%] Built target trajectory_until_node
[0.198s] [100%] Built target ament_cmake_python_copy_ur_robot_driver
[0.324s] running egg_info
[0.324s] writing ur_robot_driver.egg-info/PKG-INFO
[0.325s] writing dependency_links to ur_robot_driver.egg-info/dependency_links.txt
[0.325s] writing top-level names to ur_robot_driver.egg-info/top_level.txt
[0.326s] reading manifest file 'ur_robot_driver.egg-info/SOURCES.txt'
[0.326s] writing manifest file 'ur_robot_driver.egg-info/SOURCES.txt'
[0.343s] [100%] Built target ament_cmake_python_build_ur_robot_driver_egg
[0.351s] Invoked command in '/home/com9/uet_ws/build/ur_robot_driver' returned '0': CMAKE_PREFIX_PATH=/home/com9/uet_ws/install/ur_controllers:/home/com9/uet_ws/install/ur_dashboard_msgs:/home/com9/uet_ws/install/ur_simulation_gz:/home/com9/uet_ws/install/ur:/home/com9/uet_ws/install/ur_calibration:/home/com9/uet_ws/install/ur_robot_driver:/home/com9/uet_ws/install/ur_moveit_config:/home/com9/uet_ws/install/ur_bringup:/home/com9/uet_ws/install/ur3_moveit_control:/home/com9/uet_ws/install/susgrip_2f_hardware:/home/com9/uet_ws/install/susgrip_2f_gazebo:/home/com9/uet_ws/install/susgrip_2f_description:/home/com9/uet_ws/install/susgrip_2f_control:/opt/ros/humble LD_LIBRARY_PATH=/home/com9/uet_ws/install/ur_controllers/lib:/home/com9/uet_ws/install/ur_dashboard_msgs/lib:/home/com9/uet_ws/install/ur_robot_driver/lib:/home/com9/uet_ws/install/ur3_moveit_control/lib:/opt/ros/humble/opt/rviz_ogre_vendor/lib:/opt/ros/humble/lib/x86_64-linux-gnu:/opt/ros/humble/lib /usr/bin/cmake --build /home/com9/uet_ws/build/ur_robot_driver
[0.353s] Invoking command in '/home/com9/uet_ws/build/ur_robot_driver': CMAKE_PREFIX_PATH=/home/com9/uet_ws/install/ur_controllers:/home/com9/uet_ws/install/ur_dashboard_msgs:/home/com9/uet_ws/install/ur_simulation_gz:/home/com9/uet_ws/install/ur:/home/com9/uet_ws/install/ur_calibration:/home/com9/uet_ws/install/ur_robot_driver:/home/com9/uet_ws/install/ur_moveit_config:/home/com9/uet_ws/install/ur_bringup:/home/com9/uet_ws/install/ur3_moveit_control:/home/com9/uet_ws/install/susgrip_2f_hardware:/home/com9/uet_ws/install/susgrip_2f_gazebo:/home/com9/uet_ws/install/susgrip_2f_description:/home/com9/uet_ws/install/susgrip_2f_control:/opt/ros/humble LD_LIBRARY_PATH=/home/com9/uet_ws/install/ur_controllers/lib:/home/com9/uet_ws/install/ur_dashboard_msgs/lib:/home/com9/uet_ws/install/ur_robot_driver/lib:/home/com9/uet_ws/install/ur3_moveit_control/lib:/opt/ros/humble/opt/rviz_ogre_vendor/lib:/opt/ros/humble/lib/x86_64-linux-gnu:/opt/ros/humble/lib /usr/bin/cmake --install /home/com9/uet_ws/build/ur_robot_driver
[0.358s] -- Install configuration: "RelWithDebInfo"
[0.358s] -- Up-to-date: /home/com9/uet_ws/install/ur_robot_driver/share/ur_robot_driver/hardware_interface_plugin.xml
[0.358s] -- Up-to-date: /home/com9/uet_ws/install/ur_robot_driver/lib/ur_robot_driver/controller_stopper_node
[0.358s] -- Up-to-date: /home/com9/uet_ws/install/ur_robot_driver/lib/ur_robot_driver/dashboard_client
[0.358s] -- Up-to-date: /home/com9/uet_ws/install/ur_robot_driver/lib/ur_robot_driver/robot_state_helper
[0.358s] -- Up-to-date: /home/com9/uet_ws/install/ur_robot_driver/lib/ur_robot_driver/trajectory_until_node
[0.358s] -- Up-to-date: /home/com9/uet_ws/install/ur_robot_driver/lib/ur_robot_driver/ur_ros2_control_node
[0.359s] -- Up-to-date: /home/com9/uet_ws/install/ur_robot_driver/lib/ur_robot_driver/urscript_interface
[0.359s] -- Up-to-date: /home/com9/uet_ws/install/ur_robot_driver/lib/libur_robot_driver_plugin.so
[0.359s] -- Up-to-date: /home/com9/uet_ws/install/ur_robot_driver/include
[0.359s] -- Up-to-date: /home/com9/uet_ws/install/ur_robot_driver/include/ur_robot_driver
[0.359s] -- Up-to-date: /home/com9/uet_ws/install/ur_robot_driver/include/ur_robot_driver/controller_stopper.hpp
[0.359s] -- Up-to-date: /home/com9/uet_ws/install/ur_robot_driver/include/ur_robot_driver/trajectory_until_node.hpp
[0.359s] -- Up-to-date: /home/com9/uet_ws/install/ur_robot_driver/include/ur_robot_driver/urcl_log_handler.hpp
[0.359s] -- Up-to-date: /home/com9/uet_ws/install/ur_robot_driver/include/ur_robot_driver/hardware_interface.hpp
[0.359s] -- Up-to-date: /home/com9/uet_ws/install/ur_robot_driver/include/ur_robot_driver/dashboard_client_ros.hpp
[0.359s] -- Up-to-date: /home/com9/uet_ws/install/ur_robot_driver/include/ur_robot_driver/robot_state_helper.hpp
[0.359s] -- Up-to-date: /home/com9/uet_ws/install/ur_robot_driver/share/ur_robot_driver/environment/library_path.sh
[0.359s] -- Up-to-date: /home/com9/uet_ws/install/ur_robot_driver/share/ur_robot_driver/environment/library_path.dsv
[0.359s] -- Up-to-date: /home/com9/uet_ws/install/ur_robot_driver/share/ur_robot_driver/resources
[0.359s] -- Up-to-date: /home/com9/uet_ws/install/ur_robot_driver/share/ur_robot_driver/resources/rs485-1.0.urcap
[0.359s] -- Up-to-date: /home/com9/uet_ws/install/ur_robot_driver/share/ur_robot_driver/resources/rtde_input_recipe.txt
[0.359s] -- Up-to-date: /home/com9/uet_ws/install/ur_robot_driver/share/ur_robot_driver/resources/externalcontrol-1.0.5.urcap
[0.359s] -- Up-to-date: /home/com9/uet_ws/install/ur_robot_driver/share/ur_robot_driver/resources/ros_control.urscript
[0.359s] -- Up-to-date: /home/com9/uet_ws/install/ur_robot_driver/share/ur_robot_driver/resources/rtde_output_recipe.txt
[0.359s] -- Up-to-date: /home/com9/uet_ws/install/ur_robot_driver/include
[0.359s] -- Up-to-date: /home/com9/uet_ws/install/ur_robot_driver/include/ur_robot_driver
[0.359s] -- Up-to-date: /home/com9/uet_ws/install/ur_robot_driver/include/ur_robot_driver/controller_stopper.hpp
[0.359s] -- Up-to-date: /home/com9/uet_ws/install/ur_robot_driver/include/ur_robot_driver/trajectory_until_node.hpp
[0.359s] -- Up-to-date: /home/com9/uet_ws/install/ur_robot_driver/include/ur_robot_driver/urcl_log_handler.hpp
[0.359s] -- Up-to-date: /home/com9/uet_ws/install/ur_robot_driver/include/ur_robot_driver/hardware_interface.hpp
[0.359s] -- Up-to-date: /home/com9/uet_ws/install/ur_robot_driver/include/ur_robot_driver/dashboard_client_ros.hpp
[0.359s] -- Up-to-date: /home/com9/uet_ws/install/ur_robot_driver/include/ur_robot_driver/robot_state_helper.hpp
[0.360s] -- Up-to-date: /home/com9/uet_ws/install/ur_robot_driver/share/ur_robot_driver/environment/pythonpath.sh
[0.360s] -- Up-to-date: /home/com9/uet_ws/install/ur_robot_driver/share/ur_robot_driver/environment/pythonpath.dsv
[0.360s] -- Up-to-date: /home/com9/uet_ws/install/ur_robot_driver/local/lib/python3.10/dist-packages/ur_robot_driver-2.13.1-py3.10.egg-info
[0.360s] -- Installing: /home/com9/uet_ws/install/ur_robot_driver/local/lib/python3.10/dist-packages/ur_robot_driver-2.13.1-py3.10.egg-info/dependency_links.txt
[0.360s] -- Installing: /home/com9/uet_ws/install/ur_robot_driver/local/lib/python3.10/dist-packages/ur_robot_driver-2.13.1-py3.10.egg-info/top_level.txt
[0.360s] -- Installing: /home/com9/uet_ws/install/ur_robot_driver/local/lib/python3.10/dist-packages/ur_robot_driver-2.13.1-py3.10.egg-info/SOURCES.txt
[0.360s] -- Installing: /home/com9/uet_ws/install/ur_robot_driver/local/lib/python3.10/dist-packages/ur_robot_driver-2.13.1-py3.10.egg-info/PKG-INFO
[0.360s] -- Up-to-date: /home/com9/uet_ws/install/ur_robot_driver/local/lib/python3.10/dist-packages/ur_robot_driver
[0.360s] -- Up-to-date: /home/com9/uet_ws/install/ur_robot_driver/local/lib/python3.10/dist-packages/ur_robot_driver/__init__.py
[0.383s] Listing '/home/com9/uet_ws/install/ur_robot_driver/local/lib/python3.10/dist-packages/ur_robot_driver'...
[0.386s] -- Up-to-date: /home/com9/uet_ws/install/ur_robot_driver/lib/ur_robot_driver/tool_communication.py
[0.386s] -- Up-to-date: /home/com9/uet_ws/install/ur_robot_driver/lib/ur_robot_driver/example_move.py
[0.386s] -- Up-to-date: /home/com9/uet_ws/install/ur_robot_driver/lib/ur_robot_driver/start_ursim.sh
[0.386s] -- Up-to-date: /home/com9/uet_ws/install/ur_robot_driver/lib/ur_robot_driver/examples.py
[0.386s] -- Up-to-date: /home/com9/uet_ws/install/ur_robot_driver/lib/ur_robot_driver/force_mode.py
[0.386s] -- Up-to-date: /home/com9/uet_ws/install/ur_robot_driver/lib/ur_robot_driver/move_until_example.py
[0.386s] -- Up-to-date: /home/com9/uet_ws/install/ur_robot_driver/bin/wait_dashboard_server.sh
[0.386s] -- Up-to-date: /home/com9/uet_ws/install/ur_robot_driver/lib/ur_robot_driver/start_ursim.sh
[0.386s] -- Up-to-date: /home/com9/uet_ws/install/ur_robot_driver/share/ur_robot_driver/config
[0.386s] -- Up-to-date: /home/com9/uet_ws/install/ur_robot_driver/share/ur_robot_driver/config/ur7e_update_rate.yaml
[0.386s] -- Up-to-date: /home/com9/uet_ws/install/ur_robot_driver/share/ur_robot_driver/config/ur12e_update_rate.yaml
[0.386s] -- Up-to-date: /home/com9/uet_ws/install/ur_robot_driver/share/ur_robot_driver/config/test_goal_publishers_config.yaml
[0.386s] -- Up-to-date: /home/com9/uet_ws/install/ur_robot_driver/share/ur_robot_driver/config/ur30_update_rate.yaml
[0.387s] -- Up-to-date: /home/com9/uet_ws/install/ur_robot_driver/share/ur_robot_driver/config/ur18_update_rate.yaml
[0.387s] -- Up-to-date: /home/com9/uet_ws/install/ur_robot_driver/share/ur_robot_driver/config/ur15_update_rate.yaml
[0.387s] -- Up-to-date: /home/com9/uet_ws/install/ur_robot_driver/share/ur_robot_driver/config/ur20_update_rate.yaml
[0.387s] -- Up-to-date: /home/com9/uet_ws/install/ur_robot_driver/share/ur_robot_driver/config/ur10e_update_rate.yaml
[0.387s] -- Up-to-date: /home/com9/uet_ws/install/ur_robot_driver/share/ur_robot_driver/config/ur10_update_rate.yaml
[0.387s] -- Up-to-date: /home/com9/uet_ws/install/ur_robot_driver/share/ur_robot_driver/config/ur16e_update_rate.yaml
[0.387s] -- Up-to-date: /home/com9/uet_ws/install/ur_robot_driver/share/ur_robot_driver/config/ur3e_update_rate.yaml
[0.387s] -- Up-to-date: /home/com9/uet_ws/install/ur_robot_driver/share/ur_robot_driver/config/ur8long_update_rate.yaml
[0.387s] -- Up-to-date: /home/com9/uet_ws/install/ur_robot_driver/share/ur_robot_driver/config/test_velocity_goal_publishers_config.yaml
[0.387s] -- Up-to-date: /home/com9/uet_ws/install/ur_robot_driver/share/ur_robot_driver/config/ur5_update_rate.yaml
[0.387s] -- Up-to-date: /home/com9/uet_ws/install/ur_robot_driver/share/ur_robot_driver/config/ur3_update_rate.yaml
[0.387s] -- Up-to-date: /home/com9/uet_ws/install/ur_robot_driver/share/ur_robot_driver/config/ur_controllers.yaml
[0.387s] -- Up-to-date: /home/com9/uet_ws/install/ur_robot_driver/share/ur_robot_driver/config/ur5e_update_rate.yaml
[0.387s] -- Up-to-date: /home/com9/uet_ws/install/ur_robot_driver/share/ur_robot_driver/launch
[0.387s] -- Up-to-date: /home/com9/uet_ws/install/ur_robot_driver/share/ur_robot_driver/launch/ur8long.launch.py
[0.387s] -- Up-to-date: /home/com9/uet_ws/install/ur_robot_driver/share/ur_robot_driver/launch/test_forward_velocity_controller.launch.py
[0.387s] -- Up-to-date: /home/com9/uet_ws/install/ur_robot_driver/share/ur_robot_driver/launch/ur5.launch.py
[0.387s] -- Up-to-date: /home/com9/uet_ws/install/ur_robot_driver/share/ur_robot_driver/launch/ur15.launch.py
[0.387s] -- Up-to-date: /home/com9/uet_ws/install/ur_robot_driver/share/ur_robot_driver/launch/ur10.launch.py
[0.387s] -- Up-to-date: /home/com9/uet_ws/install/ur_robot_driver/share/ur_robot_driver/launch/ur7e.launch.py
[0.387s] -- Up-to-date: /home/com9/uet_ws/install/ur_robot_driver/share/ur_robot_driver/launch/ur16e.launch.py
[0.387s] -- Up-to-date: /home/com9/uet_ws/install/ur_robot_driver/share/ur_robot_driver/launch/test_scaled_joint_trajectory_controller.launch.py
[0.387s] -- Up-to-date: /home/com9/uet_ws/install/ur_robot_driver/share/ur_robot_driver/launch/ur_dashboard_client.launch.py
[0.387s] -- Up-to-date: /home/com9/uet_ws/install/ur_robot_driver/share/ur_robot_driver/launch/ur12e.launch.py
[0.387s] -- Up-to-date: /home/com9/uet_ws/install/ur_robot_driver/share/ur_robot_driver/launch/ur5e.launch.py
[0.387s] -- Up-to-date: /home/com9/uet_ws/install/ur_robot_driver/share/ur_robot_driver/launch/ur3e.launch.py
[0.387s] -- Up-to-date: /home/com9/uet_ws/install/ur_robot_driver/share/ur_robot_driver/launch/ur3.launch.py
[0.387s] -- Up-to-date: /home/com9/uet_ws/install/ur_robot_driver/share/ur_robot_driver/launch/ur30.launch.py
[0.387s] -- Up-to-date: /home/com9/uet_ws/install/ur_robot_driver/share/ur_robot_driver/launch/ur20.launch.py
[0.387s] -- Up-to-date: /home/com9/uet_ws/install/ur_robot_driver/share/ur_robot_driver/launch/test_joint_trajectory_controller.launch.py
[0.387s] -- Up-to-date: /home/com9/uet_ws/install/ur_robot_driver/share/ur_robot_driver/launch/ur10e.launch.py
[0.387s] -- Up-to-date: /home/com9/uet_ws/install/ur_robot_driver/share/ur_robot_driver/launch/ur_control.launch.py
[0.387s] -- Up-to-date: /home/com9/uet_ws/install/ur_robot_driver/share/ur_robot_driver/launch/ur18.launch.py
[0.387s] -- Up-to-date: /home/com9/uet_ws/install/ur_robot_driver/share/ament_index/resource_index/package_run_dependencies/ur_robot_driver
[0.387s] -- Up-to-date: /home/com9/uet_ws/install/ur_robot_driver/share/ament_index/resource_index/parent_prefix_path/ur_robot_driver
[0.388s] -- Up-to-date: /home/com9/uet_ws/install/ur_robot_driver/share/ur_robot_driver/environment/ament_prefix_path.sh
[0.388s] -- Up-to-date: /home/com9/uet_ws/install/ur_robot_driver/share/ur_robot_driver/environment/ament_prefix_path.dsv
[0.388s] -- Up-to-date: /home/com9/uet_ws/install/ur_robot_driver/share/ur_robot_driver/environment/path.sh
[0.388s] -- Up-to-date: /home/com9/uet_ws/install/ur_robot_driver/share/ur_robot_driver/environment/path.dsv
[0.388s] -- Up-to-date: /home/com9/uet_ws/install/ur_robot_driver/share/ur_robot_driver/local_setup.bash
[0.388s] -- Up-to-date: /home/com9/uet_ws/install/ur_robot_driver/share/ur_robot_driver/local_setup.sh
[0.388s] -- Up-to-date: /home/com9/uet_ws/install/ur_robot_driver/share/ur_robot_driver/local_setup.zsh
[0.388s] -- Up-to-date: /home/com9/uet_ws/install/ur_robot_driver/share/ur_robot_driver/local_setup.dsv
[0.388s] -- Installing: /home/com9/uet_ws/install/ur_robot_driver/share/ur_robot_driver/package.dsv
[0.388s] -- Up-to-date: /home/com9/uet_ws/install/ur_robot_driver/share/ament_index/resource_index/packages/ur_robot_driver
[0.388s] -- Up-to-date: /home/com9/uet_ws/install/ur_robot_driver/share/ament_index/resource_index/hardware_interface__pluginlib__plugin/ur_robot_driver
[0.388s] -- Up-to-date: /home/com9/uet_ws/install/ur_robot_driver/share/ur_robot_driver/cmake/ament_cmake_export_include_directories-extras.cmake
[0.388s] -- Up-to-date: /home/com9/uet_ws/install/ur_robot_driver/share/ur_robot_driver/cmake/ament_cmake_export_libraries-extras.cmake
[0.388s] -- Up-to-date: /home/com9/uet_ws/install/ur_robot_driver/share/ur_robot_driver/cmake/ament_cmake_export_dependencies-extras.cmake
[0.388s] -- Up-to-date: /home/com9/uet_ws/install/ur_robot_driver/share/ur_robot_driver/cmake/ur_robot_driverConfig.cmake
[0.388s] -- Up-to-date: /home/com9/uet_ws/install/ur_robot_driver/share/ur_robot_driver/cmake/ur_robot_driverConfig-version.cmake
[0.388s] -- Up-to-date: /home/com9/uet_ws/install/ur_robot_driver/share/ur_robot_driver/package.xml
[0.388s] Invoked command in '/home/com9/uet_ws/build/ur_robot_driver' returned '0': CMAKE_PREFIX_PATH=/home/com9/uet_ws/install/ur_controllers:/home/com9/uet_ws/install/ur_dashboard_msgs:/home/com9/uet_ws/install/ur_simulation_gz:/home/com9/uet_ws/install/ur:/home/com9/uet_ws/install/ur_calibration:/home/com9/uet_ws/install/ur_robot_driver:/home/com9/uet_ws/install/ur_moveit_config:/home/com9/uet_ws/install/ur_bringup:/home/com9/uet_ws/install/ur3_moveit_control:/home/com9/uet_ws/install/susgrip_2f_hardware:/home/com9/uet_ws/install/susgrip_2f_gazebo:/home/com9/uet_ws/install/susgrip_2f_description:/home/com9/uet_ws/install/susgrip_2f_control:/opt/ros/humble LD_LIBRARY_PATH=/home/com9/uet_ws/install/ur_controllers/lib:/home/com9/uet_ws/install/ur_dashboard_msgs/lib:/home/com9/uet_ws/install/ur_robot_driver/lib:/home/com9/uet_ws/install/ur3_moveit_control/lib:/opt/ros/humble/opt/rviz_ogre_vendor/lib:/opt/ros/humble/lib/x86_64-linux-gnu:/opt/ros/humble/lib /usr/bin/cmake --install /home/com9/uet_ws/build/ur_robot_driver
