[0.004s] Invoking command in '/home/com9/uet_ws/build/ur3_moveit_control': CMAKE_PREFIX_PATH=/opt/ros/humble /usr/bin/cmake --build /home/com9/uet_ws/build/ur3_moveit_control
[0.081s] [  2%] Built target ur3_moveit_control__rs
[0.088s] [35m[1mConsolidate compiler generated dependencies of target ur3_moveit_control__rosidl_generator_c[0m
[0.099s] [ 11%] Built target ur3_moveit_control__rosidl_generator_c
[0.105s] [35m[1mConsolidate compiler generated dependencies of target ur3_moveit_control__rosidl_typesupport_fastrtps_c[0m
[0.115s] [ 19%] Built target ur3_moveit_control__rosidl_typesupport_fastrtps_c
[0.129s] [ 22%] Built target ur3_moveit_control__cpp
[0.136s] [35m[1mConsolidate compiler generated dependencies of target ur3_moveit_control__rosidl_typesupport_fastrtps_cpp[0m
[0.145s] [ 30%] Built target ur3_moveit_control__rosidl_typesupport_fastrtps_cpp
[0.153s] [35m[1mConsolidate compiler generated dependencies of target ur3_moveit_control__rosidl_typesupport_introspection_c[0m
[0.161s] [ 38%] Built target ur3_moveit_control__rosidl_typesupport_introspection_c
[0.167s] [35m[1mConsolidate compiler generated dependencies of target ur3_moveit_control__rosidl_typesupport_c[0m
[0.174s] [ 47%] Built target ur3_moveit_control__rosidl_typesupport_c
[0.181s] [35m[1mConsolidate compiler generated dependencies of target ur3_moveit_control__rosidl_typesupport_introspection_cpp[0m
[0.190s] [ 55%] Built target ur3_moveit_control__rosidl_typesupport_introspection_cpp
[0.196s] [35m[1mConsolidate compiler generated dependencies of target ur3_moveit_control__rosidl_typesupport_cpp[0m
[0.204s] [ 63%] Built target ur3_moveit_control__rosidl_typesupport_cpp
[0.217s] [ 63%] Built target ur3_moveit_control
[0.236s] [ 63%] Built target ament_cmake_python_copy_ur3_moveit_control
[0.361s] running egg_info
[0.361s] writing ur3_moveit_control.egg-info/PKG-INFO
[0.361s] writing dependency_links to ur3_moveit_control.egg-info/dependency_links.txt
[0.361s] writing top-level names to ur3_moveit_control.egg-info/top_level.txt
[0.363s] reading manifest file 'ur3_moveit_control.egg-info/SOURCES.txt'
[0.363s] writing manifest file 'ur3_moveit_control.egg-info/SOURCES.txt'
[0.379s] [ 63%] Built target ament_cmake_python_build_ur3_moveit_control_egg
[0.394s] [ 66%] Built target ur3_moveit_control__py
[0.399s] [35m[1mConsolidate compiler generated dependencies of target ur3_moveit_control__rosidl_generator_py[0m
[0.408s] [ 72%] Built target ur3_moveit_control__rosidl_generator_py
[0.415s] [35m[1mConsolidate compiler generated dependencies of target ur3_moveit_control__rosidl_typesupport_fastrtps_c__pyext[0m
[0.423s] [ 77%] Built target ur3_moveit_control__rosidl_typesupport_fastrtps_c__pyext
[0.430s] [35m[1mConsolidate compiler generated dependencies of target ur3_moveit_control__rosidl_typesupport_introspection_c__pyext[0m
[0.438s] [ 83%] Built target ur3_moveit_control__rosidl_typesupport_introspection_c__pyext
[0.445s] [35m[1mConsolidate compiler generated dependencies of target ur3_moveit_control__rosidl_typesupport_c__pyext[0m
[0.453s] [ 88%] Built target ur3_moveit_control__rosidl_typesupport_c__pyext
[0.461s] [35m[1mConsolidate compiler generated dependencies of target ur3_motion_interface[0m
[0.496s] [ 94%] Built target ur3_motion_interface
[0.505s] [35m[1mConsolidate compiler generated dependencies of target ur3_control_node[0m
[0.520s] [100%] Built target ur3_control_node
[0.529s] Invoked command in '/home/com9/uet_ws/build/ur3_moveit_control' returned '0': CMAKE_PREFIX_PATH=/opt/ros/humble /usr/bin/cmake --build /home/com9/uet_ws/build/ur3_moveit_control
[0.534s] Invoking command in '/home/com9/uet_ws/build/ur3_moveit_control': CMAKE_PREFIX_PATH=/opt/ros/humble /usr/bin/cmake --install /home/com9/uet_ws/build/ur3_moveit_control
[0.539s] -- Install configuration: ""
[0.540s] -- Up-to-date: /home/com9/uet_ws/install/ur3_moveit_control/share/ament_index/resource_index/rosidl_interfaces/ur3_moveit_control
[0.540s] -- Up-to-date: /home/com9/uet_ws/install/ur3_moveit_control/include/ur3_moveit_control/ur3_moveit_control
[0.540s] -- Up-to-date: /home/com9/uet_ws/install/ur3_moveit_control/include/ur3_moveit_control/ur3_moveit_control/msg
[0.540s] -- Up-to-date: /home/com9/uet_ws/install/ur3_moveit_control/include/ur3_moveit_control/ur3_moveit_control/msg/rosidl_generator_c__visibility_control.h
[0.540s] -- Up-to-date: /home/com9/uet_ws/install/ur3_moveit_control/include/ur3_moveit_control/ur3_moveit_control/action
[0.540s] -- Up-to-date: /home/com9/uet_ws/install/ur3_moveit_control/include/ur3_moveit_control/ur3_moveit_control/action/ur3_control.h
[0.540s] -- Up-to-date: /home/com9/uet_ws/install/ur3_moveit_control/include/ur3_moveit_control/ur3_moveit_control/action/detail
[0.540s] -- Up-to-date: /home/com9/uet_ws/install/ur3_moveit_control/include/ur3_moveit_control/ur3_moveit_control/action/detail/ur3_control__struct.h
[0.540s] -- Up-to-date: /home/com9/uet_ws/install/ur3_moveit_control/include/ur3_moveit_control/ur3_moveit_control/action/detail/ur3_control__type_support.h
[0.540s] -- Up-to-date: /home/com9/uet_ws/install/ur3_moveit_control/include/ur3_moveit_control/ur3_moveit_control/action/detail/ur3_control__functions.c
[0.540s] -- Up-to-date: /home/com9/uet_ws/install/ur3_moveit_control/include/ur3_moveit_control/ur3_moveit_control/action/detail/ur3_control__functions.h
[0.540s] -- Up-to-date: /home/com9/uet_ws/install/ur3_moveit_control/share/ur3_moveit_control/environment/library_path.sh
[0.540s] -- Up-to-date: /home/com9/uet_ws/install/ur3_moveit_control/share/ur3_moveit_control/environment/library_path.dsv
[0.540s] -- Up-to-date: /home/com9/uet_ws/install/ur3_moveit_control/lib/libur3_moveit_control__rosidl_generator_c.so
[0.540s] -- Up-to-date: /home/com9/uet_ws/install/ur3_moveit_control/include/ur3_moveit_control/ur3_moveit_control
[0.540s] -- Up-to-date: /home/com9/uet_ws/install/ur3_moveit_control/include/ur3_moveit_control/ur3_moveit_control/msg
[0.540s] -- Up-to-date: /home/com9/uet_ws/install/ur3_moveit_control/include/ur3_moveit_control/ur3_moveit_control/msg/rosidl_typesupport_fastrtps_c__visibility_control.h
[0.540s] -- Up-to-date: /home/com9/uet_ws/install/ur3_moveit_control/include/ur3_moveit_control/ur3_moveit_control/action
[0.540s] -- Up-to-date: /home/com9/uet_ws/install/ur3_moveit_control/include/ur3_moveit_control/ur3_moveit_control/action/detail
[0.541s] -- Up-to-date: /home/com9/uet_ws/install/ur3_moveit_control/include/ur3_moveit_control/ur3_moveit_control/action/detail/ur3_control__rosidl_typesupport_fastrtps_c.h
[0.541s] -- Up-to-date: /home/com9/uet_ws/install/ur3_moveit_control/lib/libur3_moveit_control__rosidl_typesupport_fastrtps_c.so
[0.541s] -- Up-to-date: /home/com9/uet_ws/install/ur3_moveit_control/include/ur3_moveit_control/ur3_moveit_control
[0.541s] -- Up-to-date: /home/com9/uet_ws/install/ur3_moveit_control/include/ur3_moveit_control/ur3_moveit_control/msg
[0.541s] -- Up-to-date: /home/com9/uet_ws/install/ur3_moveit_control/include/ur3_moveit_control/ur3_moveit_control/msg/rosidl_generator_cpp__visibility_control.hpp
[0.541s] -- Up-to-date: /home/com9/uet_ws/install/ur3_moveit_control/include/ur3_moveit_control/ur3_moveit_control/action
[0.541s] -- Up-to-date: /home/com9/uet_ws/install/ur3_moveit_control/include/ur3_moveit_control/ur3_moveit_control/action/ur3_control.hpp
[0.541s] -- Up-to-date: /home/com9/uet_ws/install/ur3_moveit_control/include/ur3_moveit_control/ur3_moveit_control/action/detail
[0.541s] -- Up-to-date: /home/com9/uet_ws/install/ur3_moveit_control/include/ur3_moveit_control/ur3_moveit_control/action/detail/ur3_control__type_support.hpp
[0.541s] -- Up-to-date: /home/com9/uet_ws/install/ur3_moveit_control/include/ur3_moveit_control/ur3_moveit_control/action/detail/ur3_control__traits.hpp
[0.541s] -- Up-to-date: /home/com9/uet_ws/install/ur3_moveit_control/include/ur3_moveit_control/ur3_moveit_control/action/detail/ur3_control__builder.hpp
[0.541s] -- Up-to-date: /home/com9/uet_ws/install/ur3_moveit_control/include/ur3_moveit_control/ur3_moveit_control/action/detail/ur3_control__struct.hpp
[0.541s] -- Up-to-date: /home/com9/uet_ws/install/ur3_moveit_control/include/ur3_moveit_control/ur3_moveit_control
[0.541s] -- Up-to-date: /home/com9/uet_ws/install/ur3_moveit_control/include/ur3_moveit_control/ur3_moveit_control/msg
[0.541s] -- Up-to-date: /home/com9/uet_ws/install/ur3_moveit_control/include/ur3_moveit_control/ur3_moveit_control/msg/rosidl_typesupport_fastrtps_cpp__visibility_control.h
[0.541s] -- Up-to-date: /home/com9/uet_ws/install/ur3_moveit_control/include/ur3_moveit_control/ur3_moveit_control/action
[0.541s] -- Up-to-date: /home/com9/uet_ws/install/ur3_moveit_control/include/ur3_moveit_control/ur3_moveit_control/action/detail
[0.541s] -- Up-to-date: /home/com9/uet_ws/install/ur3_moveit_control/include/ur3_moveit_control/ur3_moveit_control/action/detail/dds_fastrtps
[0.541s] -- Up-to-date: /home/com9/uet_ws/install/ur3_moveit_control/include/ur3_moveit_control/ur3_moveit_control/action/detail/ur3_control__rosidl_typesupport_fastrtps_cpp.hpp
[0.541s] -- Up-to-date: /home/com9/uet_ws/install/ur3_moveit_control/lib/libur3_moveit_control__rosidl_typesupport_fastrtps_cpp.so
[0.541s] -- Up-to-date: /home/com9/uet_ws/install/ur3_moveit_control/include/ur3_moveit_control/ur3_moveit_control
[0.541s] -- Up-to-date: /home/com9/uet_ws/install/ur3_moveit_control/include/ur3_moveit_control/ur3_moveit_control/msg
[0.541s] -- Up-to-date: /home/com9/uet_ws/install/ur3_moveit_control/include/ur3_moveit_control/ur3_moveit_control/msg/rosidl_typesupport_introspection_c__visibility_control.h
[0.542s] -- Up-to-date: /home/com9/uet_ws/install/ur3_moveit_control/include/ur3_moveit_control/ur3_moveit_control/action
[0.542s] -- Up-to-date: /home/com9/uet_ws/install/ur3_moveit_control/include/ur3_moveit_control/ur3_moveit_control/action/detail
[0.542s] -- Up-to-date: /home/com9/uet_ws/install/ur3_moveit_control/include/ur3_moveit_control/ur3_moveit_control/action/detail/ur3_control__rosidl_typesupport_introspection_c.h
[0.542s] -- Up-to-date: /home/com9/uet_ws/install/ur3_moveit_control/include/ur3_moveit_control/ur3_moveit_control/action/detail/ur3_control__type_support.c
[0.542s] -- Up-to-date: /home/com9/uet_ws/install/ur3_moveit_control/lib/libur3_moveit_control__rosidl_typesupport_introspection_c.so
[0.542s] -- Up-to-date: /home/com9/uet_ws/install/ur3_moveit_control/lib/libur3_moveit_control__rosidl_typesupport_c.so
[0.542s] -- Up-to-date: /home/com9/uet_ws/install/ur3_moveit_control/include/ur3_moveit_control/ur3_moveit_control
[0.542s] -- Up-to-date: /home/com9/uet_ws/install/ur3_moveit_control/include/ur3_moveit_control/ur3_moveit_control/action
[0.542s] -- Up-to-date: /home/com9/uet_ws/install/ur3_moveit_control/include/ur3_moveit_control/ur3_moveit_control/action/detail
[0.542s] -- Up-to-date: /home/com9/uet_ws/install/ur3_moveit_control/include/ur3_moveit_control/ur3_moveit_control/action/detail/ur3_control__rosidl_typesupport_introspection_cpp.hpp
[0.542s] -- Up-to-date: /home/com9/uet_ws/install/ur3_moveit_control/include/ur3_moveit_control/ur3_moveit_control/action/detail/ur3_control__type_support.cpp
[0.542s] -- Up-to-date: /home/com9/uet_ws/install/ur3_moveit_control/lib/libur3_moveit_control__rosidl_typesupport_introspection_cpp.so
[0.542s] -- Up-to-date: /home/com9/uet_ws/install/ur3_moveit_control/lib/libur3_moveit_control__rosidl_typesupport_cpp.so
[0.542s] -- Up-to-date: /home/com9/uet_ws/install/ur3_moveit_control/share/ur3_moveit_control/environment/pythonpath.sh
[0.542s] -- Up-to-date: /home/com9/uet_ws/install/ur3_moveit_control/share/ur3_moveit_control/environment/pythonpath.dsv
[0.542s] -- Up-to-date: /home/com9/uet_ws/install/ur3_moveit_control/local/lib/python3.10/dist-packages/ur3_moveit_control-0.0.0-py3.10.egg-info
[0.542s] -- Installing: /home/com9/uet_ws/install/ur3_moveit_control/local/lib/python3.10/dist-packages/ur3_moveit_control-0.0.0-py3.10.egg-info/dependency_links.txt
[0.542s] -- Installing: /home/com9/uet_ws/install/ur3_moveit_control/local/lib/python3.10/dist-packages/ur3_moveit_control-0.0.0-py3.10.egg-info/top_level.txt
[0.542s] -- Installing: /home/com9/uet_ws/install/ur3_moveit_control/local/lib/python3.10/dist-packages/ur3_moveit_control-0.0.0-py3.10.egg-info/SOURCES.txt
[0.542s] -- Installing: /home/com9/uet_ws/install/ur3_moveit_control/local/lib/python3.10/dist-packages/ur3_moveit_control-0.0.0-py3.10.egg-info/PKG-INFO
[0.542s] -- Up-to-date: /home/com9/uet_ws/install/ur3_moveit_control/local/lib/python3.10/dist-packages/ur3_moveit_control
[0.542s] -- Up-to-date: /home/com9/uet_ws/install/ur3_moveit_control/local/lib/python3.10/dist-packages/ur3_moveit_control/_ur3_moveit_control_s.ep.rosidl_typesupport_c.c
[0.542s] -- Up-to-date: /home/com9/uet_ws/install/ur3_moveit_control/local/lib/python3.10/dist-packages/ur3_moveit_control/ur3_moveit_control_s__rosidl_typesupport_c.cpython-310-x86_64-linux-gnu.so
[0.542s] -- Up-to-date: /home/com9/uet_ws/install/ur3_moveit_control/local/lib/python3.10/dist-packages/ur3_moveit_control/libur3_moveit_control__rosidl_generator_py.so
[0.542s] -- Up-to-date: /home/com9/uet_ws/install/ur3_moveit_control/local/lib/python3.10/dist-packages/ur3_moveit_control/__init__.py
[0.542s] -- Up-to-date: /home/com9/uet_ws/install/ur3_moveit_control/local/lib/python3.10/dist-packages/ur3_moveit_control/_ur3_moveit_control_s.ep.rosidl_typesupport_introspection_c.c
[0.542s] -- Up-to-date: /home/com9/uet_ws/install/ur3_moveit_control/local/lib/python3.10/dist-packages/ur3_moveit_control/ur3_moveit_control_s__rosidl_typesupport_fastrtps_c.cpython-310-x86_64-linux-gnu.so
[0.542s] -- Up-to-date: /home/com9/uet_ws/install/ur3_moveit_control/local/lib/python3.10/dist-packages/ur3_moveit_control/ur3_moveit_control_s__rosidl_typesupport_introspection_c.cpython-310-x86_64-linux-gnu.so
[0.543s] -- Up-to-date: /home/com9/uet_ws/install/ur3_moveit_control/local/lib/python3.10/dist-packages/ur3_moveit_control/_ur3_moveit_control_s.ep.rosidl_typesupport_fastrtps_c.c
[0.543s] -- Up-to-date: /home/com9/uet_ws/install/ur3_moveit_control/local/lib/python3.10/dist-packages/ur3_moveit_control/action
[0.543s] -- Up-to-date: /home/com9/uet_ws/install/ur3_moveit_control/local/lib/python3.10/dist-packages/ur3_moveit_control/action/__init__.py
[0.543s] -- Up-to-date: /home/com9/uet_ws/install/ur3_moveit_control/local/lib/python3.10/dist-packages/ur3_moveit_control/action/_ur3_control_s.c
[0.543s] -- Up-to-date: /home/com9/uet_ws/install/ur3_moveit_control/local/lib/python3.10/dist-packages/ur3_moveit_control/action/_ur3_control.py
[0.561s] Listing '/home/com9/uet_ws/install/ur3_moveit_control/local/lib/python3.10/dist-packages/ur3_moveit_control'...
[0.561s] Listing '/home/com9/uet_ws/install/ur3_moveit_control/local/lib/python3.10/dist-packages/ur3_moveit_control/action'...
[0.564s] -- Up-to-date: /home/com9/uet_ws/install/ur3_moveit_control/local/lib/python3.10/dist-packages/ur3_moveit_control/ur3_moveit_control_s__rosidl_typesupport_fastrtps_c.cpython-310-x86_64-linux-gnu.so
[0.564s] -- Up-to-date: /home/com9/uet_ws/install/ur3_moveit_control/local/lib/python3.10/dist-packages/ur3_moveit_control/ur3_moveit_control_s__rosidl_typesupport_introspection_c.cpython-310-x86_64-linux-gnu.so
[0.564s] -- Up-to-date: /home/com9/uet_ws/install/ur3_moveit_control/local/lib/python3.10/dist-packages/ur3_moveit_control/ur3_moveit_control_s__rosidl_typesupport_c.cpython-310-x86_64-linux-gnu.so
[0.564s] -- Up-to-date: /home/com9/uet_ws/install/ur3_moveit_control/lib/libur3_moveit_control__rosidl_generator_py.so
[0.564s] -- Up-to-date: /home/com9/uet_ws/install/ur3_moveit_control/share/ament_index/resource_index/rust_packages/ur3_moveit_control
[0.564s] -- Up-to-date: /home/com9/uet_ws/install/ur3_moveit_control/share/ur3_moveit_control/rust
[0.564s] -- Up-to-date: /home/com9/uet_ws/install/ur3_moveit_control/share/ur3_moveit_control/rust/Cargo.toml
[0.564s] -- Up-to-date: /home/com9/uet_ws/install/ur3_moveit_control/share/ur3_moveit_control/rust/src
[0.564s] -- Up-to-date: /home/com9/uet_ws/install/ur3_moveit_control/share/ur3_moveit_control/rust/src/lib.rs
[0.564s] -- Up-to-date: /home/com9/uet_ws/install/ur3_moveit_control/share/ur3_moveit_control/rust/src/action.rs
[0.565s] -- Up-to-date: /home/com9/uet_ws/install/ur3_moveit_control/share/ur3_moveit_control/rust/src/action
[0.565s] -- Up-to-date: /home/com9/uet_ws/install/ur3_moveit_control/share/ur3_moveit_control/rust/src/action/rmw.rs
[0.565s] -- Up-to-date: /home/com9/uet_ws/install/ur3_moveit_control/share/ur3_moveit_control/rust/build.rs
[0.565s] -- Up-to-date: /home/com9/uet_ws/install/ur3_moveit_control/share/ur3_moveit_control/action/UR3Control.idl
[0.565s] -- Up-to-date: /home/com9/uet_ws/install/ur3_moveit_control/share/ur3_moveit_control/action/UR3Control.action
[0.565s] -- Up-to-date: /home/com9/uet_ws/install/ur3_moveit_control/lib/libur3_motion_interface.so
[0.565s] -- Up-to-date: /home/com9/uet_ws/install/ur3_moveit_control/lib/ur3_moveit_control/ur3_control_node
[0.565s] -- Up-to-date: /home/com9/uet_ws/install/ur3_moveit_control/include
[0.565s] -- Up-to-date: /home/com9/uet_ws/install/ur3_moveit_control/include/ur3_moveit_control
[0.565s] -- Up-to-date: /home/com9/uet_ws/install/ur3_moveit_control/include/ur3_moveit_control/ur3_motion_interface.hpp
[0.565s] -- Up-to-date: /home/com9/uet_ws/install/ur3_moveit_control/share/ur3_moveit_control/config
[0.565s] -- Up-to-date: /home/com9/uet_ws/install/ur3_moveit_control/share/ur3_moveit_control/config/moveit_controllers.yaml
[0.565s] -- Up-to-date: /home/com9/uet_ws/install/ur3_moveit_control/share/ur3_moveit_control/config/planning_scene_monitor.yaml
[0.565s] -- Up-to-date: /home/com9/uet_ws/install/ur3_moveit_control/share/ur3_moveit_control/config/ur3_susgrip_gazebo_controllers.yaml
[0.565s] -- Up-to-date: /home/com9/uet_ws/install/ur3_moveit_control/share/ur3_moveit_control/config/planning_pipelines.yaml
[0.565s] -- Up-to-date: /home/com9/uet_ws/install/ur3_moveit_control/share/ur3_moveit_control/config/ompl_planning.yaml
[0.565s] -- Up-to-date: /home/com9/uet_ws/install/ur3_moveit_control/share/ur3_moveit_control/config/moveit_custom_config.yaml
[0.565s] -- Up-to-date: /home/com9/uet_ws/install/ur3_moveit_control/share/ur3_moveit_control/config/joint_limits.yaml
[0.565s] -- Up-to-date: /home/com9/uet_ws/install/ur3_moveit_control/share/ur3_moveit_control/config/kinematics.yaml
[0.565s] -- Up-to-date: /home/com9/uet_ws/install/ur3_moveit_control/share/ur3_moveit_control/launch
[0.565s] -- Up-to-date: /home/com9/uet_ws/install/ur3_moveit_control/share/ur3_moveit_control/launch/ur3_susgrip_sim.launch.py
[0.565s] -- Up-to-date: /home/com9/uet_ws/install/ur3_moveit_control/share/ur3_moveit_control/launch/ur3_demo_gripper.launch.py
[0.565s] -- Up-to-date: /home/com9/uet_ws/install/ur3_moveit_control/share/ur3_moveit_control/launch/eye_in_hand_calib.launch.py
[0.566s] -- Up-to-date: /home/com9/uet_ws/install/ur3_moveit_control/share/ur3_moveit_control/launch/ur3_demo.launch.py
[0.566s] -- Up-to-date: /home/com9/uet_ws/install/ur3_moveit_control/share/ur3_moveit_control/urdf
[0.566s] -- Up-to-date: /home/com9/uet_ws/install/ur3_moveit_control/share/ur3_moveit_control/urdf/ur3_with_susgrip_gazebo.urdf.xacro
[0.566s] -- Up-to-date: /home/com9/uet_ws/install/ur3_moveit_control/share/ur3_moveit_control/urdf/ur3_with_susgrip.urdf.xacro
[0.566s] -- Up-to-date: /home/com9/uet_ws/install/ur3_moveit_control/share/ur3_moveit_control/srdf
[0.566s] -- Up-to-date: /home/com9/uet_ws/install/ur3_moveit_control/share/ur3_moveit_control/rviz
[0.566s] -- Up-to-date: /home/com9/uet_ws/install/ur3_moveit_control/share/ur3_moveit_control/rviz/view_robot.rviz
[0.566s] -- Up-to-date: /home/com9/uet_ws/install/ur3_moveit_control/share/ament_index/resource_index/package_run_dependencies/ur3_moveit_control
[0.566s] -- Up-to-date: /home/com9/uet_ws/install/ur3_moveit_control/share/ament_index/resource_index/parent_prefix_path/ur3_moveit_control
[0.566s] -- Up-to-date: /home/com9/uet_ws/install/ur3_moveit_control/share/ur3_moveit_control/environment/ament_prefix_path.sh
[0.566s] -- Up-to-date: /home/com9/uet_ws/install/ur3_moveit_control/share/ur3_moveit_control/environment/ament_prefix_path.dsv
[0.566s] -- Up-to-date: /home/com9/uet_ws/install/ur3_moveit_control/share/ur3_moveit_control/environment/path.sh
[0.566s] -- Up-to-date: /home/com9/uet_ws/install/ur3_moveit_control/share/ur3_moveit_control/environment/path.dsv
[0.566s] -- Up-to-date: /home/com9/uet_ws/install/ur3_moveit_control/share/ur3_moveit_control/local_setup.bash
[0.566s] -- Up-to-date: /home/com9/uet_ws/install/ur3_moveit_control/share/ur3_moveit_control/local_setup.sh
[0.566s] -- Up-to-date: /home/com9/uet_ws/install/ur3_moveit_control/share/ur3_moveit_control/local_setup.zsh
[0.566s] -- Up-to-date: /home/com9/uet_ws/install/ur3_moveit_control/share/ur3_moveit_control/local_setup.dsv
[0.566s] -- Installing: /home/com9/uet_ws/install/ur3_moveit_control/share/ur3_moveit_control/package.dsv
[0.566s] -- Up-to-date: /home/com9/uet_ws/install/ur3_moveit_control/share/ament_index/resource_index/packages/ur3_moveit_control
[0.566s] -- Up-to-date: /home/com9/uet_ws/install/ur3_moveit_control/share/ur3_moveit_control/cmake/export_ur3_moveit_control__rosidl_generator_cExport.cmake
[0.567s] -- Up-to-date: /home/com9/uet_ws/install/ur3_moveit_control/share/ur3_moveit_control/cmake/export_ur3_moveit_control__rosidl_generator_cExport-noconfig.cmake
[0.567s] -- Up-to-date: /home/com9/uet_ws/install/ur3_moveit_control/share/ur3_moveit_control/cmake/export_ur3_moveit_control__rosidl_typesupport_fastrtps_cExport.cmake
[0.567s] -- Up-to-date: /home/com9/uet_ws/install/ur3_moveit_control/share/ur3_moveit_control/cmake/export_ur3_moveit_control__rosidl_typesupport_fastrtps_cExport-noconfig.cmake
[0.567s] -- Up-to-date: /home/com9/uet_ws/install/ur3_moveit_control/share/ur3_moveit_control/cmake/export_ur3_moveit_control__rosidl_generator_cppExport.cmake
[0.567s] -- Up-to-date: /home/com9/uet_ws/install/ur3_moveit_control/share/ur3_moveit_control/cmake/export_ur3_moveit_control__rosidl_typesupport_fastrtps_cppExport.cmake
[0.567s] -- Up-to-date: /home/com9/uet_ws/install/ur3_moveit_control/share/ur3_moveit_control/cmake/export_ur3_moveit_control__rosidl_typesupport_fastrtps_cppExport-noconfig.cmake
[0.567s] -- Up-to-date: /home/com9/uet_ws/install/ur3_moveit_control/share/ur3_moveit_control/cmake/ur3_moveit_control__rosidl_typesupport_introspection_cExport.cmake
[0.567s] -- Up-to-date: /home/com9/uet_ws/install/ur3_moveit_control/share/ur3_moveit_control/cmake/ur3_moveit_control__rosidl_typesupport_introspection_cExport-noconfig.cmake
[0.567s] -- Up-to-date: /home/com9/uet_ws/install/ur3_moveit_control/share/ur3_moveit_control/cmake/ur3_moveit_control__rosidl_typesupport_cExport.cmake
[0.567s] -- Up-to-date: /home/com9/uet_ws/install/ur3_moveit_control/share/ur3_moveit_control/cmake/ur3_moveit_control__rosidl_typesupport_cExport-noconfig.cmake
[0.567s] -- Up-to-date: /home/com9/uet_ws/install/ur3_moveit_control/share/ur3_moveit_control/cmake/ur3_moveit_control__rosidl_typesupport_introspection_cppExport.cmake
[0.567s] -- Up-to-date: /home/com9/uet_ws/install/ur3_moveit_control/share/ur3_moveit_control/cmake/ur3_moveit_control__rosidl_typesupport_introspection_cppExport-noconfig.cmake
[0.567s] -- Up-to-date: /home/com9/uet_ws/install/ur3_moveit_control/share/ur3_moveit_control/cmake/ur3_moveit_control__rosidl_typesupport_cppExport.cmake
[0.567s] -- Up-to-date: /home/com9/uet_ws/install/ur3_moveit_control/share/ur3_moveit_control/cmake/ur3_moveit_control__rosidl_typesupport_cppExport-noconfig.cmake
[0.567s] -- Up-to-date: /home/com9/uet_ws/install/ur3_moveit_control/share/ur3_moveit_control/cmake/export_ur3_moveit_control__rosidl_generator_pyExport.cmake
[0.567s] -- Up-to-date: /home/com9/uet_ws/install/ur3_moveit_control/share/ur3_moveit_control/cmake/export_ur3_moveit_control__rosidl_generator_pyExport-noconfig.cmake
[0.567s] -- Up-to-date: /home/com9/uet_ws/install/ur3_moveit_control/share/ur3_moveit_control/cmake/rosidl_cmake-extras.cmake
[0.567s] -- Up-to-date: /home/com9/uet_ws/install/ur3_moveit_control/share/ur3_moveit_control/cmake/ament_cmake_export_dependencies-extras.cmake
[0.567s] -- Up-to-date: /home/com9/uet_ws/install/ur3_moveit_control/share/ur3_moveit_control/cmake/ament_cmake_export_include_directories-extras.cmake
[0.567s] -- Up-to-date: /home/com9/uet_ws/install/ur3_moveit_control/share/ur3_moveit_control/cmake/ament_cmake_export_libraries-extras.cmake
[0.567s] -- Up-to-date: /home/com9/uet_ws/install/ur3_moveit_control/share/ur3_moveit_control/cmake/ament_cmake_export_targets-extras.cmake
[0.567s] -- Up-to-date: /home/com9/uet_ws/install/ur3_moveit_control/share/ur3_moveit_control/cmake/rosidl_cmake_export_typesupport_targets-extras.cmake
[0.567s] -- Up-to-date: /home/com9/uet_ws/install/ur3_moveit_control/share/ur3_moveit_control/cmake/rosidl_cmake_export_typesupport_libraries-extras.cmake
[0.567s] -- Up-to-date: /home/com9/uet_ws/install/ur3_moveit_control/share/ur3_moveit_control/cmake/ur3_moveit_controlConfig.cmake
[0.567s] -- Up-to-date: /home/com9/uet_ws/install/ur3_moveit_control/share/ur3_moveit_control/cmake/ur3_moveit_controlConfig-version.cmake
[0.567s] -- Up-to-date: /home/com9/uet_ws/install/ur3_moveit_control/share/ur3_moveit_control/package.xml
[0.570s] Invoked command in '/home/com9/uet_ws/build/ur3_moveit_control' returned '0': CMAKE_PREFIX_PATH=/opt/ros/humble /usr/bin/cmake --install /home/com9/uet_ws/build/ur3_moveit_control
