[0.007s] Invoking command in '/home/com9/uet_ws/build/ur_robot_driver': AMENT_PREFIX_PATH=/home/com9/uet_ws/install/ur_controllers:/home/com9/uet_ws/install/ur_dashboard_msgs:${AMENT_PREFIX_PATH} CMAKE_PREFIX_PATH=/home/com9/uet_ws/install/ur_controllers:/home/com9/uet_ws/install/ur_dashboard_msgs:/opt/ros/humble LD_LIBRARY_PATH=/home/com9/uet_ws/install/ur_controllers/lib:/home/com9/uet_ws/install/ur_dashboard_msgs/lib:${LD_LIBRARY_PATH} PYTHONPATH=/home/com9/uet_ws/install/ur_dashboard_msgs/local/lib/python3.10/dist-packages:${PYTHONPATH} /usr/bin/cmake /home/com9/uet_ws/src/Universal_Robots_ROS2_Driver/ur_robot_driver -DCMAKE_INSTALL_PREFIX=/home/com9/uet_ws/install/ur_robot_driver
[0.042s] -- The C compiler identification is GNU 11.4.0
[0.076s] -- The CXX compiler identification is GNU 11.4.0
[0.080s] -- Detecting C compiler ABI info
[0.125s] -- Detecting C compiler ABI info - done
[0.130s] -- Check for working C compiler: /usr/bin/cc - skipped
[0.130s] -- Detecting C compile features
[0.130s] -- Detecting C compile features - done
[0.132s] -- Detecting CXX compiler ABI info
[0.184s] -- Detecting CXX compiler ABI info - done
[0.188s] -- Check for working CXX compiler: /usr/bin/c++ - skipped
[0.189s] -- Detecting CXX compile features
[0.189s] -- Detecting CXX compile features - done
[0.189s] [0mur_robot_driver: You did not request a specific build type: selecting 'RelWithDebInfo'.[0m
[0.190s] -- Found ament_cmake: 1.3.14 (/opt/ros/humble/share/ament_cmake/cmake)
[0.282s] -- Found Python3: /usr/bin/python3 (found version "3.10.12") found components: Interpreter 
[0.334s] -- Found controller_manager: 2.54.0 (/opt/ros/humble/share/controller_manager/cmake)
[0.359s] -- Found rosidl_generator_c: 3.1.8 (/opt/ros/humble/share/rosidl_generator_c/cmake)
[0.362s] -- Found rosidl_adapter: 3.1.8 (/opt/ros/humble/share/rosidl_adapter/cmake)
[0.366s] -- Found rosidl_generator_cpp: 3.1.8 (/opt/ros/humble/share/rosidl_generator_cpp/cmake)
[0.373s] -- Using all available rosidl_typesupport_c: rosidl_typesupport_fastrtps_c;rosidl_typesupport_introspection_c
[0.381s] -- Using all available rosidl_typesupport_cpp: rosidl_typesupport_fastrtps_cpp;rosidl_typesupport_introspection_cpp
[0.487s] -- Found rmw_implementation_cmake: 6.1.2 (/opt/ros/humble/share/rmw_implementation_cmake/cmake)
[0.489s] -- Found rmw_fastrtps_cpp: 6.2.10 (/opt/ros/humble/share/rmw_fastrtps_cpp/cmake)
[0.502s] -- Found TinyXML2 via Config file: TinyXML2_DIR-NOTFOUND
[0.538s] -- Found OpenSSL: /usr/lib/x86_64-linux-gnu/libcrypto.so (found version "3.0.2")  
[0.540s] -- Found TinyXML2 via Config file: TinyXML2_DIR-NOTFOUND
[0.548s] -- Found FastRTPS: /opt/ros/humble/include  
[0.550s] -- Found TinyXML2 via Config file: TinyXML2_DIR-NOTFOUND
[0.555s] -- Found TinyXML2 via Config file: TinyXML2_DIR-NOTFOUND
[0.563s] -- Using RMW implementation 'rmw_fastrtps_cpp' as default
[0.568s] -- Looking for pthread.h
[0.630s] -- Looking for pthread.h - found
[0.630s] -- Performing Test CMAKE_HAVE_LIBC_PTHREAD
[0.691s] -- Performing Test CMAKE_HAVE_LIBC_PTHREAD - Success
[0.692s] -- Found Threads: TRUE  
[0.743s] -- Found rclpy: 3.3.21 (/opt/ros/humble/share/rclpy/cmake)
[0.744s] -- Found std_srvs: 4.9.1 (/opt/ros/humble/share/std_srvs/cmake)
[0.749s] -- Found tf2_geometry_msgs: 0.25.20 (/opt/ros/humble/share/tf2_geometry_msgs/cmake)
[0.757s] -- Found eigen3_cmake_module: 0.1.1 (/opt/ros/humble/share/eigen3_cmake_module/cmake)
[0.757s] -- Found Eigen3: TRUE (found version "3.4.0") 
[0.757s] -- Ensuring Eigen3 include directory is part of orocos-kdl CMake target
[0.790s] -- Found ur_dashboard_msgs: 2.13.1 (/home/com9/uet_ws/install/ur_dashboard_msgs/share/ur_dashboard_msgs/cmake)
[0.799s] -- Found ur_msgs: 2.5.0 (/opt/ros/humble/share/ur_msgs/cmake)
[0.911s] -- Found ur_controllers: 2.13.1 (/home/com9/uet_ws/install/ur_controllers/share/ur_controllers/cmake)
[0.968s] -- Found ur_description: 2.11.0 (/opt/ros/humble/share/ur_description/cmake)
[0.969s] -- Found launch_testing_ament_cmake: 1.0.14 (/opt/ros/humble/share/launch_testing_ament_cmake/cmake)
[0.970s] -- Found python_cmake_module: 0.10.0 (/opt/ros/humble/share/python_cmake_module/cmake)
[0.983s] -- Found PythonInterp: /usr/bin/python3 (found suitable version "3.10.12", minimum required is "3.6") 
[0.986s] -- Found PythonLibs: /usr/lib/x86_64-linux-gnu/libpython3.10.so (found suitable version "3.10.12", minimum required is "3.5") 
[0.986s] -- Using PYTHON_EXECUTABLE: /usr/bin/python3
[0.986s] -- Using PYTHON_INCLUDE_DIRS: /usr/include/python3.10
[0.986s] -- Using PYTHON_LIBRARIES: /usr/lib/x86_64-linux-gnu/libpython3.10.so
[0.999s] -- Found PythonExtra: .so  
[1.000s] -- Configuring done
[1.027s] -- Generating done
[1.038s] -- Build files have been written to: /home/com9/uet_ws/build/ur_robot_driver
[1.047s] Invoked command in '/home/com9/uet_ws/build/ur_robot_driver' returned '0': AMENT_PREFIX_PATH=/home/com9/uet_ws/install/ur_controllers:/home/com9/uet_ws/install/ur_dashboard_msgs:${AMENT_PREFIX_PATH} CMAKE_PREFIX_PATH=/home/com9/uet_ws/install/ur_controllers:/home/com9/uet_ws/install/ur_dashboard_msgs:/opt/ros/humble LD_LIBRARY_PATH=/home/com9/uet_ws/install/ur_controllers/lib:/home/com9/uet_ws/install/ur_dashboard_msgs/lib:${LD_LIBRARY_PATH} PYTHONPATH=/home/com9/uet_ws/install/ur_dashboard_msgs/local/lib/python3.10/dist-packages:${PYTHONPATH} /usr/bin/cmake /home/com9/uet_ws/src/Universal_Robots_ROS2_Driver/ur_robot_driver -DCMAKE_INSTALL_PREFIX=/home/com9/uet_ws/install/ur_robot_driver
[1.048s] Invoking command in '/home/com9/uet_ws/build/ur_robot_driver': AMENT_PREFIX_PATH=/home/com9/uet_ws/install/ur_controllers:/home/com9/uet_ws/install/ur_dashboard_msgs:${AMENT_PREFIX_PATH} CMAKE_PREFIX_PATH=/home/com9/uet_ws/install/ur_controllers:/home/com9/uet_ws/install/ur_dashboard_msgs:/opt/ros/humble LD_LIBRARY_PATH=/home/com9/uet_ws/install/ur_controllers/lib:/home/com9/uet_ws/install/ur_dashboard_msgs/lib:${LD_LIBRARY_PATH} PYTHONPATH=/home/com9/uet_ws/install/ur_dashboard_msgs/local/lib/python3.10/dist-packages:${PYTHONPATH} /usr/bin/cmake --build /home/com9/uet_ws/build/ur_robot_driver
[1.079s] [  4%] [32mBuilding CXX object CMakeFiles/ur_robot_driver_plugin.dir/src/dashboard_client_ros.cpp.o[0m
[24.319s] [  9%] [32mBuilding CXX object CMakeFiles/ur_robot_driver_plugin.dir/src/hardware_interface.cpp.o[0m
[32.277s] [ 13%] [32mBuilding CXX object CMakeFiles/ur_robot_driver_plugin.dir/src/urcl_log_handler.cpp.o[0m
[32.679s] [ 18%] [32mBuilding CXX object CMakeFiles/ur_robot_driver_plugin.dir/src/robot_state_helper.cpp.o[0m
[49.792s] [ 22%] [32m[1mLinking CXX shared library libur_robot_driver_plugin.so[0m
[50.470s] [ 22%] Built target ur_robot_driver_plugin
[50.485s] [ 27%] [32mBuilding CXX object CMakeFiles/dashboard_client.dir/src/dashboard_client_ros.cpp.o[0m
[76.068s] [ 31%] [32mBuilding CXX object CMakeFiles/dashboard_client.dir/src/dashboard_client_node.cpp.o[0m
[79.380s] [ 36%] [32mBuilding CXX object CMakeFiles/dashboard_client.dir/src/urcl_log_handler.cpp.o[0m
[79.810s] [ 40%] [32m[1mLinking CXX executable dashboard_client[0m
[80.188s] [ 40%] Built target dashboard_client
[80.202s] [ 45%] [32mBuilding CXX object CMakeFiles/ur_ros2_control_node.dir/src/ur_ros2_control_node.cpp.o[0m
[83.083s] [ 50%] [32m[1mLinking CXX executable ur_ros2_control_node[0m
[83.182s] [ 50%] Built target ur_ros2_control_node
[83.197s] [ 54%] [32mBuilding CXX object CMakeFiles/controller_stopper_node.dir/src/controller_stopper.cpp.o[0m
[93.251s] [ 59%] [32mBuilding CXX object CMakeFiles/controller_stopper_node.dir/src/controller_stopper_node.cpp.o[0m
[95.614s] [ 63%] [32m[1mLinking CXX executable controller_stopper_node[0m
[95.820s] [ 63%] Built target controller_stopper_node
[95.833s] [ 68%] [32mBuilding CXX object CMakeFiles/robot_state_helper.dir/src/robot_state_helper.cpp.o[0m
[112.951s] [ 72%] [32mBuilding CXX object CMakeFiles/robot_state_helper.dir/src/robot_state_helper_node.cpp.o[0m
[116.214s] [ 77%] [32mBuilding CXX object CMakeFiles/robot_state_helper.dir/src/urcl_log_handler.cpp.o[0m
[116.680s] [ 81%] [32m[1mLinking CXX executable robot_state_helper[0m
[117.073s] [ 81%] Built target robot_state_helper
[117.091s] [ 86%] [32mBuilding CXX object CMakeFiles/urscript_interface.dir/src/urscript_interface.cpp.o[0m
[125.928s] [ 90%] [32m[1mLinking CXX executable urscript_interface[0m
[126.183s] [ 90%] Built target urscript_interface
[126.199s] [ 95%] [32mBuilding CXX object CMakeFiles/trajectory_until_node.dir/src/trajectory_until_node.cpp.o[0m
[133.182s] [100%] [32m[1mLinking CXX executable trajectory_until_node[0m
[133.311s] [100%] Built target trajectory_until_node
[133.328s] [100%] Built target ament_cmake_python_copy_ur_robot_driver
[133.640s] running egg_info
[133.640s] creating ur_robot_driver.egg-info
[133.641s] writing ur_robot_driver.egg-info/PKG-INFO
[133.641s] writing dependency_links to ur_robot_driver.egg-info/dependency_links.txt
[133.641s] writing top-level names to ur_robot_driver.egg-info/top_level.txt
[133.641s] writing manifest file 'ur_robot_driver.egg-info/SOURCES.txt'
[133.642s] reading manifest file 'ur_robot_driver.egg-info/SOURCES.txt'
[133.643s] writing manifest file 'ur_robot_driver.egg-info/SOURCES.txt'
[133.661s] [100%] Built target ament_cmake_python_build_ur_robot_driver_egg
[133.670s] Invoked command in '/home/com9/uet_ws/build/ur_robot_driver' returned '0': AMENT_PREFIX_PATH=/home/com9/uet_ws/install/ur_controllers:/home/com9/uet_ws/install/ur_dashboard_msgs:${AMENT_PREFIX_PATH} CMAKE_PREFIX_PATH=/home/com9/uet_ws/install/ur_controllers:/home/com9/uet_ws/install/ur_dashboard_msgs:/opt/ros/humble LD_LIBRARY_PATH=/home/com9/uet_ws/install/ur_controllers/lib:/home/com9/uet_ws/install/ur_dashboard_msgs/lib:${LD_LIBRARY_PATH} PYTHONPATH=/home/com9/uet_ws/install/ur_dashboard_msgs/local/lib/python3.10/dist-packages:${PYTHONPATH} /usr/bin/cmake --build /home/com9/uet_ws/build/ur_robot_driver
[133.671s] Invoking command in '/home/com9/uet_ws/build/ur_robot_driver': AMENT_PREFIX_PATH=/home/com9/uet_ws/install/ur_controllers:/home/com9/uet_ws/install/ur_dashboard_msgs:${AMENT_PREFIX_PATH} CMAKE_PREFIX_PATH=/home/com9/uet_ws/install/ur_controllers:/home/com9/uet_ws/install/ur_dashboard_msgs:/opt/ros/humble LD_LIBRARY_PATH=/home/com9/uet_ws/install/ur_controllers/lib:/home/com9/uet_ws/install/ur_dashboard_msgs/lib:${LD_LIBRARY_PATH} PYTHONPATH=/home/com9/uet_ws/install/ur_dashboard_msgs/local/lib/python3.10/dist-packages:${PYTHONPATH} /usr/bin/cmake --install /home/com9/uet_ws/build/ur_robot_driver
[133.677s] -- Install configuration: "RelWithDebInfo"
[133.678s] -- Installing: /home/com9/uet_ws/install/ur_robot_driver/share/ur_robot_driver/hardware_interface_plugin.xml
[133.678s] -- Installing: /home/com9/uet_ws/install/ur_robot_driver/lib/ur_robot_driver/controller_stopper_node
[133.685s] -- Set runtime path of "/home/com9/uet_ws/install/ur_robot_driver/lib/ur_robot_driver/controller_stopper_node" to ""
[133.685s] -- Installing: /home/com9/uet_ws/install/ur_robot_driver/lib/ur_robot_driver/dashboard_client
[133.708s] -- Set runtime path of "/home/com9/uet_ws/install/ur_robot_driver/lib/ur_robot_driver/dashboard_client" to ""
[133.708s] -- Installing: /home/com9/uet_ws/install/ur_robot_driver/lib/ur_robot_driver/robot_state_helper
[133.722s] -- Set runtime path of "/home/com9/uet_ws/install/ur_robot_driver/lib/ur_robot_driver/robot_state_helper" to ""
[133.722s] -- Installing: /home/com9/uet_ws/install/ur_robot_driver/lib/ur_robot_driver/trajectory_until_node
[133.725s] -- Set runtime path of "/home/com9/uet_ws/install/ur_robot_driver/lib/ur_robot_driver/trajectory_until_node" to ""
[133.725s] -- Installing: /home/com9/uet_ws/install/ur_robot_driver/lib/ur_robot_driver/ur_ros2_control_node
[133.726s] -- Set runtime path of "/home/com9/uet_ws/install/ur_robot_driver/lib/ur_robot_driver/ur_ros2_control_node" to ""
[133.726s] -- Installing: /home/com9/uet_ws/install/ur_robot_driver/lib/ur_robot_driver/urscript_interface
[133.731s] -- Set runtime path of "/home/com9/uet_ws/install/ur_robot_driver/lib/ur_robot_driver/urscript_interface" to ""
[133.732s] -- Installing: /home/com9/uet_ws/install/ur_robot_driver/lib/libur_robot_driver_plugin.so
[133.815s] -- Set runtime path of "/home/com9/uet_ws/install/ur_robot_driver/lib/libur_robot_driver_plugin.so" to ""
[133.815s] -- Installing: /home/com9/uet_ws/install/ur_robot_driver/include
[133.815s] -- Installing: /home/com9/uet_ws/install/ur_robot_driver/include/ur_robot_driver
[133.815s] -- Installing: /home/com9/uet_ws/install/ur_robot_driver/include/ur_robot_driver/controller_stopper.hpp
[133.815s] -- Installing: /home/com9/uet_ws/install/ur_robot_driver/include/ur_robot_driver/trajectory_until_node.hpp
[133.816s] -- Installing: /home/com9/uet_ws/install/ur_robot_driver/include/ur_robot_driver/urcl_log_handler.hpp
[133.816s] -- Installing: /home/com9/uet_ws/install/ur_robot_driver/include/ur_robot_driver/hardware_interface.hpp
[133.817s] -- Installing: /home/com9/uet_ws/install/ur_robot_driver/include/ur_robot_driver/dashboard_client_ros.hpp
[133.818s] -- Installing: /home/com9/uet_ws/install/ur_robot_driver/include/ur_robot_driver/robot_state_helper.hpp
[133.819s] -- Installing: /home/com9/uet_ws/install/ur_robot_driver/share/ur_robot_driver/environment/library_path.sh
[133.819s] -- Installing: /home/com9/uet_ws/install/ur_robot_driver/share/ur_robot_driver/environment/library_path.dsv
[133.819s] -- Installing: /home/com9/uet_ws/install/ur_robot_driver/share/ur_robot_driver/resources
[133.819s] -- Installing: /home/com9/uet_ws/install/ur_robot_driver/share/ur_robot_driver/resources/rs485-1.0.urcap
[133.820s] -- Installing: /home/com9/uet_ws/install/ur_robot_driver/share/ur_robot_driver/resources/rtde_input_recipe.txt
[133.820s] -- Installing: /home/com9/uet_ws/install/ur_robot_driver/share/ur_robot_driver/resources/externalcontrol-1.0.5.urcap
[133.821s] -- Installing: /home/com9/uet_ws/install/ur_robot_driver/share/ur_robot_driver/resources/ros_control.urscript
[133.822s] -- Installing: /home/com9/uet_ws/install/ur_robot_driver/share/ur_robot_driver/resources/rtde_output_recipe.txt
[133.822s] -- Up-to-date: /home/com9/uet_ws/install/ur_robot_driver/include
[133.822s] -- Up-to-date: /home/com9/uet_ws/install/ur_robot_driver/include/ur_robot_driver
[133.822s] -- Up-to-date: /home/com9/uet_ws/install/ur_robot_driver/include/ur_robot_driver/controller_stopper.hpp
[133.822s] -- Up-to-date: /home/com9/uet_ws/install/ur_robot_driver/include/ur_robot_driver/trajectory_until_node.hpp
[133.822s] -- Up-to-date: /home/com9/uet_ws/install/ur_robot_driver/include/ur_robot_driver/urcl_log_handler.hpp
[133.822s] -- Up-to-date: /home/com9/uet_ws/install/ur_robot_driver/include/ur_robot_driver/hardware_interface.hpp
[133.822s] -- Up-to-date: /home/com9/uet_ws/install/ur_robot_driver/include/ur_robot_driver/dashboard_client_ros.hpp
[133.822s] -- Up-to-date: /home/com9/uet_ws/install/ur_robot_driver/include/ur_robot_driver/robot_state_helper.hpp
[133.822s] -- Installing: /home/com9/uet_ws/install/ur_robot_driver/share/ur_robot_driver/environment/pythonpath.sh
[133.823s] -- Installing: /home/com9/uet_ws/install/ur_robot_driver/share/ur_robot_driver/environment/pythonpath.dsv
[133.823s] -- Installing: /home/com9/uet_ws/install/ur_robot_driver/local/lib/python3.10/dist-packages/ur_robot_driver-2.13.1-py3.10.egg-info
[133.823s] -- Installing: /home/com9/uet_ws/install/ur_robot_driver/local/lib/python3.10/dist-packages/ur_robot_driver-2.13.1-py3.10.egg-info/dependency_links.txt
[133.823s] -- Installing: /home/com9/uet_ws/install/ur_robot_driver/local/lib/python3.10/dist-packages/ur_robot_driver-2.13.1-py3.10.egg-info/top_level.txt
[133.823s] -- Installing: /home/com9/uet_ws/install/ur_robot_driver/local/lib/python3.10/dist-packages/ur_robot_driver-2.13.1-py3.10.egg-info/SOURCES.txt
[133.823s] -- Installing: /home/com9/uet_ws/install/ur_robot_driver/local/lib/python3.10/dist-packages/ur_robot_driver-2.13.1-py3.10.egg-info/PKG-INFO
[133.824s] -- Installing: /home/com9/uet_ws/install/ur_robot_driver/local/lib/python3.10/dist-packages/ur_robot_driver
[133.824s] -- Installing: /home/com9/uet_ws/install/ur_robot_driver/local/lib/python3.10/dist-packages/ur_robot_driver/__init__.py
[133.847s] Listing '/home/com9/uet_ws/install/ur_robot_driver/local/lib/python3.10/dist-packages/ur_robot_driver'...
[133.847s] Compiling '/home/com9/uet_ws/install/ur_robot_driver/local/lib/python3.10/dist-packages/ur_robot_driver/__init__.py'...
[133.852s] -- Installing: /home/com9/uet_ws/install/ur_robot_driver/lib/ur_robot_driver/tool_communication.py
[133.852s] -- Installing: /home/com9/uet_ws/install/ur_robot_driver/lib/ur_robot_driver/example_move.py
[133.852s] -- Installing: /home/com9/uet_ws/install/ur_robot_driver/lib/ur_robot_driver/start_ursim.sh
[133.854s] -- Installing: /home/com9/uet_ws/install/ur_robot_driver/lib/ur_robot_driver/examples.py
[133.854s] -- Installing: /home/com9/uet_ws/install/ur_robot_driver/lib/ur_robot_driver/force_mode.py
[133.855s] -- Installing: /home/com9/uet_ws/install/ur_robot_driver/lib/ur_robot_driver/move_until_example.py
[133.856s] -- Installing: /home/com9/uet_ws/install/ur_robot_driver/bin/wait_dashboard_server.sh
[133.861s] -- Up-to-date: /home/com9/uet_ws/install/ur_robot_driver/lib/ur_robot_driver/start_ursim.sh
[133.861s] -- Installing: /home/com9/uet_ws/install/ur_robot_driver/share/ur_robot_driver/config
[133.861s] -- Installing: /home/com9/uet_ws/install/ur_robot_driver/share/ur_robot_driver/config/ur7e_update_rate.yaml
[133.862s] -- Installing: /home/com9/uet_ws/install/ur_robot_driver/share/ur_robot_driver/config/ur12e_update_rate.yaml
[133.863s] -- Installing: /home/com9/uet_ws/install/ur_robot_driver/share/ur_robot_driver/config/test_goal_publishers_config.yaml
[133.864s] -- Installing: /home/com9/uet_ws/install/ur_robot_driver/share/ur_robot_driver/config/ur30_update_rate.yaml
[133.864s] -- Installing: /home/com9/uet_ws/install/ur_robot_driver/share/ur_robot_driver/config/ur18_update_rate.yaml
[133.865s] -- Installing: /home/com9/uet_ws/install/ur_robot_driver/share/ur_robot_driver/config/ur15_update_rate.yaml
[133.866s] -- Installing: /home/com9/uet_ws/install/ur_robot_driver/share/ur_robot_driver/config/ur20_update_rate.yaml
[133.866s] -- Installing: /home/com9/uet_ws/install/ur_robot_driver/share/ur_robot_driver/config/ur10e_update_rate.yaml
[133.867s] -- Installing: /home/com9/uet_ws/install/ur_robot_driver/share/ur_robot_driver/config/ur10_update_rate.yaml
[133.867s] -- Installing: /home/com9/uet_ws/install/ur_robot_driver/share/ur_robot_driver/config/ur16e_update_rate.yaml
[133.867s] -- Installing: /home/com9/uet_ws/install/ur_robot_driver/share/ur_robot_driver/config/ur3e_update_rate.yaml
[133.867s] -- Installing: /home/com9/uet_ws/install/ur_robot_driver/share/ur_robot_driver/config/ur8long_update_rate.yaml
[133.867s] -- Installing: /home/com9/uet_ws/install/ur_robot_driver/share/ur_robot_driver/config/test_velocity_goal_publishers_config.yaml
[133.867s] -- Installing: /home/com9/uet_ws/install/ur_robot_driver/share/ur_robot_driver/config/ur5_update_rate.yaml
[133.867s] -- Installing: /home/com9/uet_ws/install/ur_robot_driver/share/ur_robot_driver/config/ur3_update_rate.yaml
[133.867s] -- Installing: /home/com9/uet_ws/install/ur_robot_driver/share/ur_robot_driver/config/ur_controllers.yaml
[133.868s] -- Installing: /home/com9/uet_ws/install/ur_robot_driver/share/ur_robot_driver/config/ur5e_update_rate.yaml
[133.868s] -- Installing: /home/com9/uet_ws/install/ur_robot_driver/share/ur_robot_driver/launch
[133.868s] -- Installing: /home/com9/uet_ws/install/ur_robot_driver/share/ur_robot_driver/launch/ur8long.launch.py
[133.868s] -- Installing: /home/com9/uet_ws/install/ur_robot_driver/share/ur_robot_driver/launch/test_forward_velocity_controller.launch.py
[133.868s] -- Installing: /home/com9/uet_ws/install/ur_robot_driver/share/ur_robot_driver/launch/ur5.launch.py
[133.868s] -- Installing: /home/com9/uet_ws/install/ur_robot_driver/share/ur_robot_driver/launch/ur15.launch.py
[133.868s] -- Installing: /home/com9/uet_ws/install/ur_robot_driver/share/ur_robot_driver/launch/ur10.launch.py
[133.868s] -- Installing: /home/com9/uet_ws/install/ur_robot_driver/share/ur_robot_driver/launch/ur7e.launch.py
[133.868s] -- Installing: /home/com9/uet_ws/install/ur_robot_driver/share/ur_robot_driver/launch/ur16e.launch.py
[133.868s] -- Installing: /home/com9/uet_ws/install/ur_robot_driver/share/ur_robot_driver/launch/test_scaled_joint_trajectory_controller.launch.py
[133.868s] -- Installing: /home/com9/uet_ws/install/ur_robot_driver/share/ur_robot_driver/launch/ur_dashboard_client.launch.py
[133.869s] -- Installing: /home/com9/uet_ws/install/ur_robot_driver/share/ur_robot_driver/launch/ur12e.launch.py
[133.869s] -- Installing: /home/com9/uet_ws/install/ur_robot_driver/share/ur_robot_driver/launch/ur5e.launch.py
[133.869s] -- Installing: /home/com9/uet_ws/install/ur_robot_driver/share/ur_robot_driver/launch/ur3e.launch.py
[133.869s] -- Installing: /home/com9/uet_ws/install/ur_robot_driver/share/ur_robot_driver/launch/ur3.launch.py
[133.869s] -- Installing: /home/com9/uet_ws/install/ur_robot_driver/share/ur_robot_driver/launch/ur30.launch.py
[133.869s] -- Installing: /home/com9/uet_ws/install/ur_robot_driver/share/ur_robot_driver/launch/ur20.launch.py
[133.869s] -- Installing: /home/com9/uet_ws/install/ur_robot_driver/share/ur_robot_driver/launch/test_joint_trajectory_controller.launch.py
[133.869s] -- Installing: /home/com9/uet_ws/install/ur_robot_driver/share/ur_robot_driver/launch/ur10e.launch.py
[133.869s] -- Installing: /home/com9/uet_ws/install/ur_robot_driver/share/ur_robot_driver/launch/ur_control.launch.py
[133.869s] -- Installing: /home/com9/uet_ws/install/ur_robot_driver/share/ur_robot_driver/launch/ur18.launch.py
[133.870s] -- Installing: /home/com9/uet_ws/install/ur_robot_driver/share/ament_index/resource_index/package_run_dependencies/ur_robot_driver
[133.870s] -- Installing: /home/com9/uet_ws/install/ur_robot_driver/share/ament_index/resource_index/parent_prefix_path/ur_robot_driver
[133.871s] -- Installing: /home/com9/uet_ws/install/ur_robot_driver/share/ur_robot_driver/environment/ament_prefix_path.sh
[133.871s] -- Installing: /home/com9/uet_ws/install/ur_robot_driver/share/ur_robot_driver/environment/ament_prefix_path.dsv
[133.871s] -- Installing: /home/com9/uet_ws/install/ur_robot_driver/share/ur_robot_driver/environment/path.sh
[133.871s] -- Installing: /home/com9/uet_ws/install/ur_robot_driver/share/ur_robot_driver/environment/path.dsv
[133.871s] -- Installing: /home/com9/uet_ws/install/ur_robot_driver/share/ur_robot_driver/local_setup.bash
[133.872s] -- Installing: /home/com9/uet_ws/install/ur_robot_driver/share/ur_robot_driver/local_setup.sh
[133.872s] -- Installing: /home/com9/uet_ws/install/ur_robot_driver/share/ur_robot_driver/local_setup.zsh
[133.872s] -- Installing: /home/com9/uet_ws/install/ur_robot_driver/share/ur_robot_driver/local_setup.dsv
[133.872s] -- Installing: /home/com9/uet_ws/install/ur_robot_driver/share/ur_robot_driver/package.dsv
[133.872s] -- Installing: /home/com9/uet_ws/install/ur_robot_driver/share/ament_index/resource_index/packages/ur_robot_driver
[133.872s] -- Installing: /home/com9/uet_ws/install/ur_robot_driver/share/ament_index/resource_index/hardware_interface__pluginlib__plugin/ur_robot_driver
[133.872s] -- Installing: /home/com9/uet_ws/install/ur_robot_driver/share/ur_robot_driver/cmake/ament_cmake_export_include_directories-extras.cmake
[133.872s] -- Installing: /home/com9/uet_ws/install/ur_robot_driver/share/ur_robot_driver/cmake/ament_cmake_export_libraries-extras.cmake
[133.873s] -- Installing: /home/com9/uet_ws/install/ur_robot_driver/share/ur_robot_driver/cmake/ament_cmake_export_dependencies-extras.cmake
[133.873s] -- Installing: /home/com9/uet_ws/install/ur_robot_driver/share/ur_robot_driver/cmake/ur_robot_driverConfig.cmake
[133.873s] -- Installing: /home/com9/uet_ws/install/ur_robot_driver/share/ur_robot_driver/cmake/ur_robot_driverConfig-version.cmake
[133.873s] -- Installing: /home/com9/uet_ws/install/ur_robot_driver/share/ur_robot_driver/package.xml
[133.875s] Invoked command in '/home/com9/uet_ws/build/ur_robot_driver' returned '0': AMENT_PREFIX_PATH=/home/com9/uet_ws/install/ur_controllers:/home/com9/uet_ws/install/ur_dashboard_msgs:${AMENT_PREFIX_PATH} CMAKE_PREFIX_PATH=/home/com9/uet_ws/install/ur_controllers:/home/com9/uet_ws/install/ur_dashboard_msgs:/opt/ros/humble LD_LIBRARY_PATH=/home/com9/uet_ws/install/ur_controllers/lib:/home/com9/uet_ws/install/ur_dashboard_msgs/lib:${LD_LIBRARY_PATH} PYTHONPATH=/home/com9/uet_ws/install/ur_dashboard_msgs/local/lib/python3.10/dist-packages:${PYTHONPATH} /usr/bin/cmake --install /home/com9/uet_ws/build/ur_robot_driver
