[0.009s] Invoking command in '/home/com9/uet_ws/build/ur_controllers': CMAKE_PREFIX_PATH=/home/com9/uet_ws/install/ur_dashboard_msgs:/home/com9/uet_ws/install/ur_simulation_gz:/home/com9/uet_ws/install/ur:/home/com9/uet_ws/install/ur_calibration:/home/com9/uet_ws/install/ur_robot_driver:/home/com9/uet_ws/install/ur_moveit_config:/home/com9/uet_ws/install/ur_bringup:/home/com9/uet_ws/install/ur_controllers:/home/com9/uet_ws/install/ur3_moveit_control:/home/com9/uet_ws/install/susgrip_2f_hardware:/home/com9/uet_ws/install/susgrip_2f_gazebo:/home/com9/uet_ws/install/susgrip_2f_description:/home/com9/uet_ws/install/susgrip_2f_control:/opt/ros/humble LD_LIBRARY_PATH=/home/com9/uet_ws/install/ur_dashboard_msgs/lib:/home/com9/uet_ws/install/ur_robot_driver/lib:/home/com9/uet_ws/install/ur_controllers/lib:/home/com9/uet_ws/install/ur3_moveit_control/lib:/opt/ros/humble/opt/rviz_ogre_vendor/lib:/opt/ros/humble/lib/x86_64-linux-gnu:/opt/ros/humble/lib /usr/bin/cmake --build /home/com9/uet_ws/build/ur_controllers
[0.049s] [  4%] Built target tool_contact_controller_parameters
[0.068s] [  9%] Built target force_mode_controller_parameters
[0.085s] [ 13%] Built target friction_model_controller_parameters
[0.101s] [ 18%] Built target gpio_controller_parameters
[0.117s] [ 23%] Built target speed_scaling_state_broadcaster_parameters
[0.131s] [ 27%] Built target scaled_joint_trajectory_controller_parameters
[0.148s] [ 32%] Built target freedrive_mode_controller_parameters
[0.165s] [ 37%] Built target passthrough_trajectory_controller_parameters
[0.181s] [ 41%] Built target ur_configuration_controller_parameters
[0.225s] [ 65%] Built target ur_controllers
[0.248s] [ 69%] Built target gmock_main
[0.270s] [ 76%] Built target gmock
[0.294s] [ 81%] Built target test_load_force_mode_controller
[0.315s] [ 86%] Built target test_load_freedrive_mode_controller
[0.339s] [ 90%] Built target test_load_scaled_joint_trajectory_controller
[0.363s] [ 95%] Built target test_scaled_joint_trajectory_controller_sampling
[0.385s] [100%] Built target test_load_friction_model_controller
[0.393s] Invoked command in '/home/com9/uet_ws/build/ur_controllers' returned '0': CMAKE_PREFIX_PATH=/home/com9/uet_ws/install/ur_dashboard_msgs:/home/com9/uet_ws/install/ur_simulation_gz:/home/com9/uet_ws/install/ur:/home/com9/uet_ws/install/ur_calibration:/home/com9/uet_ws/install/ur_robot_driver:/home/com9/uet_ws/install/ur_moveit_config:/home/com9/uet_ws/install/ur_bringup:/home/com9/uet_ws/install/ur_controllers:/home/com9/uet_ws/install/ur3_moveit_control:/home/com9/uet_ws/install/susgrip_2f_hardware:/home/com9/uet_ws/install/susgrip_2f_gazebo:/home/com9/uet_ws/install/susgrip_2f_description:/home/com9/uet_ws/install/susgrip_2f_control:/opt/ros/humble LD_LIBRARY_PATH=/home/com9/uet_ws/install/ur_dashboard_msgs/lib:/home/com9/uet_ws/install/ur_robot_driver/lib:/home/com9/uet_ws/install/ur_controllers/lib:/home/com9/uet_ws/install/ur3_moveit_control/lib:/opt/ros/humble/opt/rviz_ogre_vendor/lib:/opt/ros/humble/lib/x86_64-linux-gnu:/opt/ros/humble/lib /usr/bin/cmake --build /home/com9/uet_ws/build/ur_controllers
[0.395s] Invoking command in '/home/com9/uet_ws/build/ur_controllers': CMAKE_PREFIX_PATH=/home/com9/uet_ws/install/ur_dashboard_msgs:/home/com9/uet_ws/install/ur_simulation_gz:/home/com9/uet_ws/install/ur:/home/com9/uet_ws/install/ur_calibration:/home/com9/uet_ws/install/ur_robot_driver:/home/com9/uet_ws/install/ur_moveit_config:/home/com9/uet_ws/install/ur_bringup:/home/com9/uet_ws/install/ur_controllers:/home/com9/uet_ws/install/ur3_moveit_control:/home/com9/uet_ws/install/susgrip_2f_hardware:/home/com9/uet_ws/install/susgrip_2f_gazebo:/home/com9/uet_ws/install/susgrip_2f_description:/home/com9/uet_ws/install/susgrip_2f_control:/opt/ros/humble LD_LIBRARY_PATH=/home/com9/uet_ws/install/ur_dashboard_msgs/lib:/home/com9/uet_ws/install/ur_robot_driver/lib:/home/com9/uet_ws/install/ur_controllers/lib:/home/com9/uet_ws/install/ur3_moveit_control/lib:/opt/ros/humble/opt/rviz_ogre_vendor/lib:/opt/ros/humble/lib/x86_64-linux-gnu:/opt/ros/humble/lib /usr/bin/cmake --install /home/com9/uet_ws/build/ur_controllers
[0.401s] -- Install configuration: ""
[0.401s] -- Up-to-date: /home/com9/uet_ws/install/ur_controllers/include/ur_controllers
[0.401s] -- Up-to-date: /home/com9/uet_ws/install/ur_controllers/include/ur_controllers/scaled_joint_trajectory_controller_parameters.hpp
[0.401s] -- Up-to-date: /home/com9/uet_ws/install/ur_controllers/include/ur_controllers/gpio_controller_parameters.hpp
[0.401s] -- Up-to-date: /home/com9/uet_ws/install/ur_controllers/include/ur_controllers/tool_contact_controller_parameters.hpp
[0.402s] -- Up-to-date: /home/com9/uet_ws/install/ur_controllers/include/ur_controllers/ur_configuration_controller_parameters.hpp
[0.402s] -- Up-to-date: /home/com9/uet_ws/install/ur_controllers/include/ur_controllers/passthrough_trajectory_controller_parameters.hpp
[0.402s] -- Up-to-date: /home/com9/uet_ws/install/ur_controllers/include/ur_controllers/freedrive_mode_controller_parameters.hpp
[0.402s] -- Up-to-date: /home/com9/uet_ws/install/ur_controllers/include/ur_controllers/friction_model_controller_parameters.hpp
[0.402s] -- Up-to-date: /home/com9/uet_ws/install/ur_controllers/include/ur_controllers/speed_scaling_state_broadcaster_parameters.hpp
[0.402s] -- Up-to-date: /home/com9/uet_ws/install/ur_controllers/include/ur_controllers/force_mode_controller_parameters.hpp
[0.402s] -- Up-to-date: /home/com9/uet_ws/install/ur_controllers/include/ur_controllers
[0.402s] -- Up-to-date: /home/com9/uet_ws/install/ur_controllers/include/ur_controllers/scaled_joint_trajectory_controller_parameters.hpp
[0.402s] -- Up-to-date: /home/com9/uet_ws/install/ur_controllers/include/ur_controllers/gpio_controller_parameters.hpp
[0.402s] -- Up-to-date: /home/com9/uet_ws/install/ur_controllers/include/ur_controllers/tool_contact_controller_parameters.hpp
[0.402s] -- Up-to-date: /home/com9/uet_ws/install/ur_controllers/include/ur_controllers/ur_configuration_controller_parameters.hpp
[0.402s] -- Up-to-date: /home/com9/uet_ws/install/ur_controllers/include/ur_controllers/passthrough_trajectory_controller_parameters.hpp
[0.402s] -- Up-to-date: /home/com9/uet_ws/install/ur_controllers/include/ur_controllers/freedrive_mode_controller_parameters.hpp
[0.402s] -- Up-to-date: /home/com9/uet_ws/install/ur_controllers/include/ur_controllers/friction_model_controller_parameters.hpp
[0.402s] -- Up-to-date: /home/com9/uet_ws/install/ur_controllers/include/ur_controllers/speed_scaling_state_broadcaster_parameters.hpp
[0.402s] -- Up-to-date: /home/com9/uet_ws/install/ur_controllers/include/ur_controllers/force_mode_controller_parameters.hpp
[0.403s] -- Up-to-date: /home/com9/uet_ws/install/ur_controllers/include/ur_controllers
[0.403s] -- Up-to-date: /home/com9/uet_ws/install/ur_controllers/include/ur_controllers/scaled_joint_trajectory_controller_parameters.hpp
[0.403s] -- Up-to-date: /home/com9/uet_ws/install/ur_controllers/include/ur_controllers/gpio_controller_parameters.hpp
[0.403s] -- Up-to-date: /home/com9/uet_ws/install/ur_controllers/include/ur_controllers/tool_contact_controller_parameters.hpp
[0.403s] -- Up-to-date: /home/com9/uet_ws/install/ur_controllers/include/ur_controllers/ur_configuration_controller_parameters.hpp
[0.403s] -- Up-to-date: /home/com9/uet_ws/install/ur_controllers/include/ur_controllers/passthrough_trajectory_controller_parameters.hpp
[0.403s] -- Up-to-date: /home/com9/uet_ws/install/ur_controllers/include/ur_controllers/freedrive_mode_controller_parameters.hpp
[0.403s] -- Up-to-date: /home/com9/uet_ws/install/ur_controllers/include/ur_controllers/friction_model_controller_parameters.hpp
[0.403s] -- Up-to-date: /home/com9/uet_ws/install/ur_controllers/include/ur_controllers/speed_scaling_state_broadcaster_parameters.hpp
[0.403s] -- Up-to-date: /home/com9/uet_ws/install/ur_controllers/include/ur_controllers/force_mode_controller_parameters.hpp
[0.403s] -- Up-to-date: /home/com9/uet_ws/install/ur_controllers/include/ur_controllers
[0.403s] -- Up-to-date: /home/com9/uet_ws/install/ur_controllers/include/ur_controllers/scaled_joint_trajectory_controller_parameters.hpp
[0.403s] -- Up-to-date: /home/com9/uet_ws/install/ur_controllers/include/ur_controllers/gpio_controller_parameters.hpp
[0.403s] -- Up-to-date: /home/com9/uet_ws/install/ur_controllers/include/ur_controllers/tool_contact_controller_parameters.hpp
[0.403s] -- Up-to-date: /home/com9/uet_ws/install/ur_controllers/include/ur_controllers/ur_configuration_controller_parameters.hpp
[0.403s] -- Up-to-date: /home/com9/uet_ws/install/ur_controllers/include/ur_controllers/passthrough_trajectory_controller_parameters.hpp
[0.403s] -- Up-to-date: /home/com9/uet_ws/install/ur_controllers/include/ur_controllers/freedrive_mode_controller_parameters.hpp
[0.403s] -- Up-to-date: /home/com9/uet_ws/install/ur_controllers/include/ur_controllers/friction_model_controller_parameters.hpp
[0.403s] -- Up-to-date: /home/com9/uet_ws/install/ur_controllers/include/ur_controllers/speed_scaling_state_broadcaster_parameters.hpp
[0.404s] -- Up-to-date: /home/com9/uet_ws/install/ur_controllers/include/ur_controllers/force_mode_controller_parameters.hpp
[0.404s] -- Up-to-date: /home/com9/uet_ws/install/ur_controllers/include/ur_controllers
[0.404s] -- Up-to-date: /home/com9/uet_ws/install/ur_controllers/include/ur_controllers/scaled_joint_trajectory_controller_parameters.hpp
[0.404s] -- Up-to-date: /home/com9/uet_ws/install/ur_controllers/include/ur_controllers/gpio_controller_parameters.hpp
[0.404s] -- Up-to-date: /home/com9/uet_ws/install/ur_controllers/include/ur_controllers/tool_contact_controller_parameters.hpp
[0.404s] -- Up-to-date: /home/com9/uet_ws/install/ur_controllers/include/ur_controllers/ur_configuration_controller_parameters.hpp
[0.404s] -- Up-to-date: /home/com9/uet_ws/install/ur_controllers/include/ur_controllers/passthrough_trajectory_controller_parameters.hpp
[0.404s] -- Up-to-date: /home/com9/uet_ws/install/ur_controllers/include/ur_controllers/freedrive_mode_controller_parameters.hpp
[0.404s] -- Up-to-date: /home/com9/uet_ws/install/ur_controllers/include/ur_controllers/friction_model_controller_parameters.hpp
[0.404s] -- Up-to-date: /home/com9/uet_ws/install/ur_controllers/include/ur_controllers/speed_scaling_state_broadcaster_parameters.hpp
[0.404s] -- Up-to-date: /home/com9/uet_ws/install/ur_controllers/include/ur_controllers/force_mode_controller_parameters.hpp
[0.404s] -- Up-to-date: /home/com9/uet_ws/install/ur_controllers/include/ur_controllers
[0.404s] -- Up-to-date: /home/com9/uet_ws/install/ur_controllers/include/ur_controllers/scaled_joint_trajectory_controller_parameters.hpp
[0.404s] -- Up-to-date: /home/com9/uet_ws/install/ur_controllers/include/ur_controllers/gpio_controller_parameters.hpp
[0.404s] -- Up-to-date: /home/com9/uet_ws/install/ur_controllers/include/ur_controllers/tool_contact_controller_parameters.hpp
[0.404s] -- Up-to-date: /home/com9/uet_ws/install/ur_controllers/include/ur_controllers/ur_configuration_controller_parameters.hpp
[0.404s] -- Up-to-date: /home/com9/uet_ws/install/ur_controllers/include/ur_controllers/passthrough_trajectory_controller_parameters.hpp
[0.404s] -- Up-to-date: /home/com9/uet_ws/install/ur_controllers/include/ur_controllers/freedrive_mode_controller_parameters.hpp
[0.404s] -- Up-to-date: /home/com9/uet_ws/install/ur_controllers/include/ur_controllers/friction_model_controller_parameters.hpp
[0.404s] -- Up-to-date: /home/com9/uet_ws/install/ur_controllers/include/ur_controllers/speed_scaling_state_broadcaster_parameters.hpp
[0.404s] -- Up-to-date: /home/com9/uet_ws/install/ur_controllers/include/ur_controllers/force_mode_controller_parameters.hpp
[0.404s] -- Up-to-date: /home/com9/uet_ws/install/ur_controllers/include/ur_controllers
[0.405s] -- Up-to-date: /home/com9/uet_ws/install/ur_controllers/include/ur_controllers/scaled_joint_trajectory_controller_parameters.hpp
[0.405s] -- Up-to-date: /home/com9/uet_ws/install/ur_controllers/include/ur_controllers/gpio_controller_parameters.hpp
[0.405s] -- Up-to-date: /home/com9/uet_ws/install/ur_controllers/include/ur_controllers/tool_contact_controller_parameters.hpp
[0.405s] -- Up-to-date: /home/com9/uet_ws/install/ur_controllers/include/ur_controllers/ur_configuration_controller_parameters.hpp
[0.405s] -- Up-to-date: /home/com9/uet_ws/install/ur_controllers/include/ur_controllers/passthrough_trajectory_controller_parameters.hpp
[0.405s] -- Up-to-date: /home/com9/uet_ws/install/ur_controllers/include/ur_controllers/freedrive_mode_controller_parameters.hpp
[0.405s] -- Up-to-date: /home/com9/uet_ws/install/ur_controllers/include/ur_controllers/friction_model_controller_parameters.hpp
[0.405s] -- Up-to-date: /home/com9/uet_ws/install/ur_controllers/include/ur_controllers/speed_scaling_state_broadcaster_parameters.hpp
[0.405s] -- Up-to-date: /home/com9/uet_ws/install/ur_controllers/include/ur_controllers/force_mode_controller_parameters.hpp
[0.405s] -- Up-to-date: /home/com9/uet_ws/install/ur_controllers/include/ur_controllers
[0.405s] -- Up-to-date: /home/com9/uet_ws/install/ur_controllers/include/ur_controllers/scaled_joint_trajectory_controller_parameters.hpp
[0.405s] -- Up-to-date: /home/com9/uet_ws/install/ur_controllers/include/ur_controllers/gpio_controller_parameters.hpp
[0.405s] -- Up-to-date: /home/com9/uet_ws/install/ur_controllers/include/ur_controllers/tool_contact_controller_parameters.hpp
[0.405s] -- Up-to-date: /home/com9/uet_ws/install/ur_controllers/include/ur_controllers/ur_configuration_controller_parameters.hpp
[0.405s] -- Up-to-date: /home/com9/uet_ws/install/ur_controllers/include/ur_controllers/passthrough_trajectory_controller_parameters.hpp
[0.405s] -- Up-to-date: /home/com9/uet_ws/install/ur_controllers/include/ur_controllers/freedrive_mode_controller_parameters.hpp
[0.405s] -- Up-to-date: /home/com9/uet_ws/install/ur_controllers/include/ur_controllers/friction_model_controller_parameters.hpp
[0.405s] -- Up-to-date: /home/com9/uet_ws/install/ur_controllers/include/ur_controllers/speed_scaling_state_broadcaster_parameters.hpp
[0.405s] -- Up-to-date: /home/com9/uet_ws/install/ur_controllers/include/ur_controllers/force_mode_controller_parameters.hpp
[0.405s] -- Up-to-date: /home/com9/uet_ws/install/ur_controllers/include/ur_controllers
[0.405s] -- Up-to-date: /home/com9/uet_ws/install/ur_controllers/include/ur_controllers/scaled_joint_trajectory_controller_parameters.hpp
[0.405s] -- Up-to-date: /home/com9/uet_ws/install/ur_controllers/include/ur_controllers/gpio_controller_parameters.hpp
[0.406s] -- Up-to-date: /home/com9/uet_ws/install/ur_controllers/include/ur_controllers/tool_contact_controller_parameters.hpp
[0.406s] -- Up-to-date: /home/com9/uet_ws/install/ur_controllers/include/ur_controllers/ur_configuration_controller_parameters.hpp
[0.406s] -- Up-to-date: /home/com9/uet_ws/install/ur_controllers/include/ur_controllers/passthrough_trajectory_controller_parameters.hpp
[0.406s] -- Up-to-date: /home/com9/uet_ws/install/ur_controllers/include/ur_controllers/freedrive_mode_controller_parameters.hpp
[0.406s] -- Up-to-date: /home/com9/uet_ws/install/ur_controllers/include/ur_controllers/friction_model_controller_parameters.hpp
[0.406s] -- Up-to-date: /home/com9/uet_ws/install/ur_controllers/include/ur_controllers/speed_scaling_state_broadcaster_parameters.hpp
[0.406s] -- Up-to-date: /home/com9/uet_ws/install/ur_controllers/include/ur_controllers/force_mode_controller_parameters.hpp
[0.406s] -- Up-to-date: /home/com9/uet_ws/install/ur_controllers/share/ur_controllers/controller_plugins.xml
[0.406s] -- Up-to-date: /home/com9/uet_ws/install/ur_controllers/lib/libur_controllers.so
[0.406s] -- Up-to-date: /home/com9/uet_ws/install/ur_controllers/include
[0.406s] -- Up-to-date: /home/com9/uet_ws/install/ur_controllers/include/ur_controllers
[0.406s] -- Up-to-date: /home/com9/uet_ws/install/ur_controllers/include/ur_controllers/tool_contact_controller.hpp
[0.406s] -- Up-to-date: /home/com9/uet_ws/install/ur_controllers/include/ur_controllers/force_mode_controller.hpp
[0.407s] -- Up-to-date: /home/com9/uet_ws/install/ur_controllers/include/ur_controllers/scaled_joint_trajectory_controller.hpp
[0.407s] -- Up-to-date: /home/com9/uet_ws/install/ur_controllers/include/ur_controllers/speed_scaling_state_broadcaster.hpp
[0.407s] -- Up-to-date: /home/com9/uet_ws/install/ur_controllers/include/ur_controllers/friction_model_controller.hpp
[0.407s] -- Up-to-date: /home/com9/uet_ws/install/ur_controllers/include/ur_controllers/freedrive_mode_controller.hpp
[0.407s] -- Up-to-date: /home/com9/uet_ws/install/ur_controllers/include/ur_controllers/passthrough_trajectory_controller.hpp
[0.407s] -- Up-to-date: /home/com9/uet_ws/install/ur_controllers/include/ur_controllers/ur_configuration_controller.hpp
[0.407s] -- Up-to-date: /home/com9/uet_ws/install/ur_controllers/include/ur_controllers/gpio_controller.hpp
[0.407s] -- Up-to-date: /home/com9/uet_ws/install/ur_controllers/share/ur_controllers/controller_plugins.xml
[0.407s] -- Up-to-date: /home/com9/uet_ws/install/ur_controllers/share/ur_controllers/environment/library_path.sh
[0.407s] -- Up-to-date: /home/com9/uet_ws/install/ur_controllers/share/ur_controllers/environment/library_path.dsv
[0.408s] -- Up-to-date: /home/com9/uet_ws/install/ur_controllers/share/ament_index/resource_index/package_run_dependencies/ur_controllers
[0.408s] -- Up-to-date: /home/com9/uet_ws/install/ur_controllers/share/ament_index/resource_index/parent_prefix_path/ur_controllers
[0.408s] -- Up-to-date: /home/com9/uet_ws/install/ur_controllers/share/ur_controllers/environment/ament_prefix_path.sh
[0.408s] -- Up-to-date: /home/com9/uet_ws/install/ur_controllers/share/ur_controllers/environment/ament_prefix_path.dsv
[0.408s] -- Up-to-date: /home/com9/uet_ws/install/ur_controllers/share/ur_controllers/environment/path.sh
[0.408s] -- Up-to-date: /home/com9/uet_ws/install/ur_controllers/share/ur_controllers/environment/path.dsv
[0.408s] -- Up-to-date: /home/com9/uet_ws/install/ur_controllers/share/ur_controllers/local_setup.bash
[0.408s] -- Up-to-date: /home/com9/uet_ws/install/ur_controllers/share/ur_controllers/local_setup.sh
[0.408s] -- Up-to-date: /home/com9/uet_ws/install/ur_controllers/share/ur_controllers/local_setup.zsh
[0.408s] -- Up-to-date: /home/com9/uet_ws/install/ur_controllers/share/ur_controllers/local_setup.dsv
[0.408s] -- Installing: /home/com9/uet_ws/install/ur_controllers/share/ur_controllers/package.dsv
[0.408s] -- Up-to-date: /home/com9/uet_ws/install/ur_controllers/share/ament_index/resource_index/packages/ur_controllers
[0.408s] -- Up-to-date: /home/com9/uet_ws/install/ur_controllers/share/ament_index/resource_index/controller_interface__pluginlib__plugin/ur_controllers
[0.408s] -- Up-to-date: /home/com9/uet_ws/install/ur_controllers/share/ur_controllers/cmake/ament_cmake_export_dependencies-extras.cmake
[0.408s] -- Up-to-date: /home/com9/uet_ws/install/ur_controllers/share/ur_controllers/cmake/ament_cmake_export_include_directories-extras.cmake
[0.408s] -- Up-to-date: /home/com9/uet_ws/install/ur_controllers/share/ur_controllers/cmake/ament_cmake_export_libraries-extras.cmake
[0.408s] -- Up-to-date: /home/com9/uet_ws/install/ur_controllers/share/ur_controllers/cmake/ur_controllersConfig.cmake
[0.408s] -- Up-to-date: /home/com9/uet_ws/install/ur_controllers/share/ur_controllers/cmake/ur_controllersConfig-version.cmake
[0.408s] -- Up-to-date: /home/com9/uet_ws/install/ur_controllers/share/ur_controllers/package.xml
[0.408s] Invoked command in '/home/com9/uet_ws/build/ur_controllers' returned '0': CMAKE_PREFIX_PATH=/home/com9/uet_ws/install/ur_dashboard_msgs:/home/com9/uet_ws/install/ur_simulation_gz:/home/com9/uet_ws/install/ur:/home/com9/uet_ws/install/ur_calibration:/home/com9/uet_ws/install/ur_robot_driver:/home/com9/uet_ws/install/ur_moveit_config:/home/com9/uet_ws/install/ur_bringup:/home/com9/uet_ws/install/ur_controllers:/home/com9/uet_ws/install/ur3_moveit_control:/home/com9/uet_ws/install/susgrip_2f_hardware:/home/com9/uet_ws/install/susgrip_2f_gazebo:/home/com9/uet_ws/install/susgrip_2f_description:/home/com9/uet_ws/install/susgrip_2f_control:/opt/ros/humble LD_LIBRARY_PATH=/home/com9/uet_ws/install/ur_dashboard_msgs/lib:/home/com9/uet_ws/install/ur_robot_driver/lib:/home/com9/uet_ws/install/ur_controllers/lib:/home/com9/uet_ws/install/ur3_moveit_control/lib:/opt/ros/humble/opt/rviz_ogre_vendor/lib:/opt/ros/humble/lib/x86_64-linux-gnu:/opt/ros/humble/lib /usr/bin/cmake --install /home/com9/uet_ws/build/ur_controllers
