[01m[K/home/com9/uet_ws/src/ur3_moveit_control/src/ur3_motion_interface.cpp:[m[K In constructor ‘[01m[Kur3_moveit_control::UR3MotionInterface::UR3MotionInterface(const SharedPtr&, const string&)[m[K’:
[01m[K/home/com9/uet_ws/src/ur3_moveit_control/src/ur3_motion_interface.cpp:342:40:[m[K [01;31m[Kerror: [m[Kno matching function for call to ‘[01m[Kmax(int, long int)[m[K’
  342 |     attach_request_attempts_ = [01;31m[Kstd::max(1, parameter("attach_request_attempts", 3))[m[K;
      |                                [01;31m[K~~~~~~~~^~~~~~~~~~~~~~~~~~~~~~~~~~~~~~~~~~~~~~~~~~~~[m[K
In file included from [01m[K/usr/include/c++/11/bits/char_traits.h:39[m[K,
                 from [01m[K/usr/include/c++/11/string:40[m[K,
                 from [01m[K/usr/include/c++/11/stdexcept:39[m[K,
                 from [01m[K/usr/include/c++/11/system_error:41[m[K,
                 from [01m[K/usr/include/c++/11/bits/std_mutex.h:39[m[K,
                 from [01m[K/usr/include/c++/11/condition_variable:40[m[K,
                 from [01m[K/home/com9/uet_ws/src/ur3_moveit_control/include/ur3_moveit_control/ur3_motion_interface.hpp:4[m[K,
                 from [01m[K/home/com9/uet_ws/src/ur3_moveit_control/src/ur3_motion_interface.cpp:1[m[K:
[01m[K/usr/include/c++/11/bits/stl_algobase.h:254:5:[m[K [01;36m[Knote: [m[Kcandidate: ‘[01m[Ktemplate<class _Tp> constexpr const _Tp& std::max(const _Tp&, const _Tp&)[m[K’
  254 |     [01;36m[Kmax[m[K(const _Tp& __a, const _Tp& __b)
      |     [01;36m[K^~~[m[K
[01m[K/usr/include/c++/11/bits/stl_algobase.h:254:5:[m[K [01;36m[Knote: [m[K  template argument deduction/substitution failed:
[01m[K/home/com9/uet_ws/src/ur3_moveit_control/src/ur3_motion_interface.cpp:342:40:[m[K [01;36m[Knote: [m[K  deduced conflicting types for parameter ‘[01m[Kconst _Tp[m[K’ (‘[01m[Kint[m[K’ and ‘[01m[Klong int[m[K’)
  342 |     attach_request_attempts_ = [01;36m[Kstd::max(1, parameter("attach_request_attempts", 3))[m[K;
      |                                [01;36m[K~~~~~~~~^~~~~~~~~~~~~~~~~~~~~~~~~~~~~~~~~~~~~~~~~~~~[m[K
In file included from [01m[K/usr/include/c++/11/bits/char_traits.h:39[m[K,
                 from [01m[K/usr/include/c++/11/string:40[m[K,
                 from [01m[K/usr/include/c++/11/stdexcept:39[m[K,
                 from [01m[K/usr/include/c++/11/system_error:41[m[K,
                 from [01m[K/usr/include/c++/11/bits/std_mutex.h:39[m[K,
                 from [01m[K/usr/include/c++/11/condition_variable:40[m[K,
                 from [01m[K/home/com9/uet_ws/src/ur3_moveit_control/include/ur3_moveit_control/ur3_motion_interface.hpp:4[m[K,
                 from [01m[K/home/com9/uet_ws/src/ur3_moveit_control/src/ur3_motion_interface.cpp:1[m[K:
[01m[K/usr/include/c++/11/bits/stl_algobase.h:300:5:[m[K [01;36m[Knote: [m[Kcandidate: ‘[01m[Ktemplate<class _Tp, class _Compare> constexpr const _Tp& std::max(const _Tp&, const _Tp&, _Compare)[m[K’
  300 |     [01;36m[Kmax[m[K(const _Tp& __a, const _Tp& __b, _Compare __comp)
      |     [01;36m[K^~~[m[K
[01m[K/usr/include/c++/11/bits/stl_algobase.h:300:5:[m[K [01;36m[Knote: [m[K  template argument deduction/substitution failed:
[01m[K/home/com9/uet_ws/src/ur3_moveit_control/src/ur3_motion_interface.cpp:342:40:[m[K [01;36m[Knote: [m[K  deduced conflicting types for parameter ‘[01m[Kconst _Tp[m[K’ (‘[01m[Kint[m[K’ and ‘[01m[Klong int[m[K’)
  342 |     attach_request_attempts_ = [01;36m[Kstd::max(1, parameter("attach_request_attempts", 3))[m[K;
      |                                [01;36m[K~~~~~~~~^~~~~~~~~~~~~~~~~~~~~~~~~~~~~~~~~~~~~~~~~~~~[m[K
In file included from [01m[K/usr/include/c++/11/algorithm:62[m[K,
                 from [01m[K/opt/ros/humble/include/rclcpp/rclcpp/executor.hpp:18[m[K,
                 from [01m[K/opt/ros/humble/include/rclcpp/rclcpp/executors/multi_threaded_executor.hpp:25[m[K,
                 from [01m[K/opt/ros/humble/include/rclcpp/rclcpp/executors.hpp:21[m[K,
                 from [01m[K/opt/ros/humble/include/rclcpp/rclcpp/rclcpp.hpp:155[m[K,
                 from [01m[K/home/com9/uet_ws/src/ur3_moveit_control/include/ur3_moveit_control/ur3_motion_interface.hpp:10[m[K,
                 from [01m[K/home/com9/uet_ws/src/ur3_moveit_control/src/ur3_motion_interface.cpp:1[m[K:
[01m[K/usr/include/c++/11/bits/stl_algo.h:3461:5:[m[K [01;36m[Knote: [m[Kcandidate: ‘[01m[Ktemplate<class _Tp> constexpr _Tp std::max(std::initializer_list<_Tp>)[m[K’
 3461 |     [01;36m[Kmax[m[K(initializer_list<_Tp> __l)
      |     [01;36m[K^~~[m[K
[01m[K/usr/include/c++/11/bits/stl_algo.h:3461:5:[m[K [01;36m[Knote: [m[K  template argument deduction/substitution failed:
[01m[K/home/com9/uet_ws/src/ur3_moveit_control/src/ur3_motion_interface.cpp:342:40:[m[K [01;36m[Knote: [m[K  mismatched types ‘[01m[Kstd::initializer_list<_Tp>[m[K’ and ‘[01m[Kint[m[K’
  342 |     attach_request_attempts_ = [01;36m[Kstd::max(1, parameter("attach_request_attempts", 3))[m[K;
      |                                [01;36m[K~~~~~~~~^~~~~~~~~~~~~~~~~~~~~~~~~~~~~~~~~~~~~~~~~~~~[m[K
In file included from [01m[K/usr/include/c++/11/algorithm:62[m[K,
                 from [01m[K/opt/ros/humble/include/rclcpp/rclcpp/executor.hpp:18[m[K,
                 from [01m[K/opt/ros/humble/include/rclcpp/rclcpp/executors/multi_threaded_executor.hpp:25[m[K,
                 from [01m[K/opt/ros/humble/include/rclcpp/rclcpp/executors.hpp:21[m[K,
                 from [01m[K/opt/ros/humble/include/rclcpp/rclcpp/rclcpp.hpp:155[m[K,
                 from [01m[K/home/com9/uet_ws/src/ur3_moveit_control/include/ur3_moveit_control/ur3_motion_interface.hpp:10[m[K,
                 from [01m[K/home/com9/uet_ws/src/ur3_moveit_control/src/ur3_motion_interface.cpp:1[m[K:
[01m[K/usr/include/c++/11/bits/stl_algo.h:3467:5:[m[K [01;36m[Knote: [m[Kcandidate: ‘[01m[Ktemplate<class _Tp, class _Compare> constexpr _Tp std::max(std::initializer_list<_Tp>, _Compare)[m[K’
 3467 |     [01;36m[Kmax[m[K(initializer_list<_Tp> __l, _Compare __comp)
      |     [01;36m[K^~~[m[K
[01m[K/usr/include/c++/11/bits/stl_algo.h:3467:5:[m[K [01;36m[Knote: [m[K  template argument deduction/substitution failed:
[01m[K/home/com9/uet_ws/src/ur3_moveit_control/src/ur3_motion_interface.cpp:342:40:[m[K [01;36m[Knote: [m[K  mismatched types ‘[01m[Kstd::initializer_list<_Tp>[m[K’ and ‘[01m[Kint[m[K’
  342 |     attach_request_attempts_ = [01;36m[Kstd::max(1, parameter("attach_request_attempts", 3))[m[K;
      |                                [01;36m[K~~~~~~~~^~~~~~~~~~~~~~~~~~~~~~~~~~~~~~~~~~~~~~~~~~~~[m[K
gmake[2]: *** [CMakeFiles/ur3_motion_interface.dir/build.make:76: CMakeFiles/ur3_motion_interface.dir/src/ur3_motion_interface.cpp.o] Error 1
gmake[1]: *** [CMakeFiles/Makefile2:613: CMakeFiles/ur3_motion_interface.dir/all] Error 2
gmake: *** [Makefile:146: all] Error 2
