[0.006s] Invoking command in '/home/com9/uet_ws/build/ur3_moveit_control': CMAKE_PREFIX_PATH=/home/com9/uet_ws/install/ur_moveit_config:/home/com9/uet_ws/install/ur_simulation_gz:/home/com9/uet_ws/install/ur:/home/com9/uet_ws/install/ur_calibration:/home/com9/uet_ws/install/ur_robot_driver:/home/com9/uet_ws/install/ur3_moveit_control:/home/com9/uet_ws/install/ur_bringup:/home/com9/uet_ws/install/ur_controllers:/home/com9/uet_ws/install/ur_dashboard_msgs:/home/com9/uet_ws/install/susgrip_2f_hardware:/home/com9/uet_ws/install/susgrip_2f_gazebo:/home/com9/uet_ws/install/susgrip_2f_description:/home/com9/uet_ws/install/susgrip_2f_control:/opt/ros/humble /usr/bin/cmake /home/com9/uet_ws/src/ur3_moveit_control -DCMAKE_INSTALL_PREFIX=/home/com9/uet_ws/install/ur3_moveit_control
[0.018s] -- Found ament_cmake: 1.3.14 (/opt/ros/humble/share/ament_cmake/cmake)
[0.108s] -- Override CMake install command with custom implementation using symlinks instead of copying resources
[0.119s] -- Found rclcpp: 16.0.19 (/opt/ros/humble/share/rclcpp/cmake)
[0.148s] -- Found rosidl_generator_c: 3.1.8 (/opt/ros/humble/share/rosidl_generator_c/cmake)
[0.150s] -- Found rosidl_adapter: 3.1.8 (/opt/ros/humble/share/rosidl_adapter/cmake)
[0.155s] -- Found rosidl_generator_cpp: 3.1.8 (/opt/ros/humble/share/rosidl_generator_cpp/cmake)
[0.164s] -- Using all available rosidl_typesupport_c: rosidl_typesupport_fastrtps_c;rosidl_typesupport_introspection_c
[0.174s] -- Using all available rosidl_typesupport_cpp: rosidl_typesupport_fastrtps_cpp;rosidl_typesupport_introspection_cpp
[0.200s] -- Found rmw_implementation_cmake: 6.1.2 (/opt/ros/humble/share/rmw_implementation_cmake/cmake)
[0.202s] -- Found rmw_fastrtps_cpp: 6.2.10 (/opt/ros/humble/share/rmw_fastrtps_cpp/cmake)
[0.282s] -- Using RMW implementation 'rmw_fastrtps_cpp' as default
[0.322s] -- Found rclcpp_action: 16.0.19 (/opt/ros/humble/share/rclcpp_action/cmake)
[0.349s] -- Found moveit_ros_planning_interface: 2.5.9 (/opt/ros/humble/share/moveit_ros_planning_interface/cmake)
[0.360s] -- Found Boost: /usr/lib/x86_64-linux-gnu/cmake/Boost-1.74.0/BoostConfig.cmake (found version "1.74.0") found components: date_time filesystem program_options system thread 
[0.470s] -- Found Boost: /usr/lib/x86_64-linux-gnu/cmake/Boost-1.74.0/BoostConfig.cmake (found version "1.74.0") found components: chrono date_time filesystem iostreams program_options regex serialization system thread 
[0.489s] -- Found parameter_traits: 0.7.4 (/opt/ros/humble/share/parameter_traits/cmake)
[0.496s] -- Found rclcpp_lifecycle: 16.0.19 (/opt/ros/humble/share/rclcpp_lifecycle/cmake)
[0.539s] -- library: /usr/lib/x86_64-linux-gnu/libcurl.so
[0.559s] -- Ensuring Eigen3 include directory is part of orocos-kdl CMake target
[0.641s] -- Found Boost: /usr/lib/x86_64-linux-gnu/cmake/Boost-1.74.0/BoostConfig.cmake (found version "1.74.0") found components: system filesystem date_time program_options thread chrono 
[0.661s] -- Found Boost: /usr/lib/x86_64-linux-gnu/cmake/Boost-1.74.0/BoostConfig.cmake (found version "1.74.0") found components: thread system filesystem regex date_time program_options 
[0.675s] -- Found Boost: /usr/lib/x86_64-linux-gnu/cmake/Boost-1.74.0/BoostConfig.cmake (found version "1.74.0") found components: system filesystem date_time program_options thread 
[0.694s] -- Found rosidl_default_generators: 1.2.1 (/opt/ros/humble/share/rosidl_default_generators/cmake)
[0.913s] -- Found ament_cmake_ros: 0.10.0 (/opt/ros/humble/share/ament_cmake_ros/cmake)
[1.235s] -- Using all available rosidl_typesupport_c: rosidl_typesupport_fastrtps_c;rosidl_typesupport_introspection_c
[1.363s] -- Using all available rosidl_typesupport_cpp: rosidl_typesupport_fastrtps_cpp;rosidl_typesupport_introspection_cpp
[1.381s] -- Found python_cmake_module: 0.10.0 (/opt/ros/humble/share/python_cmake_module/cmake)
[1.401s] -- Using PYTHON_EXECUTABLE: /usr/bin/python3
[1.401s] -- Using PYTHON_INCLUDE_DIRS: /usr/include/python3.10
[1.401s] -- Using PYTHON_LIBRARIES: /usr/lib/x86_64-linux-gnu/libpython3.10.so
[1.515s] -- Configuring done
[1.564s] -- Generating done
[1.577s] -- Build files have been written to: /home/com9/uet_ws/build/ur3_moveit_control
[1.586s] Invoked command in '/home/com9/uet_ws/build/ur3_moveit_control' returned '0': CMAKE_PREFIX_PATH=/home/com9/uet_ws/install/ur_moveit_config:/home/com9/uet_ws/install/ur_simulation_gz:/home/com9/uet_ws/install/ur:/home/com9/uet_ws/install/ur_calibration:/home/com9/uet_ws/install/ur_robot_driver:/home/com9/uet_ws/install/ur3_moveit_control:/home/com9/uet_ws/install/ur_bringup:/home/com9/uet_ws/install/ur_controllers:/home/com9/uet_ws/install/ur_dashboard_msgs:/home/com9/uet_ws/install/susgrip_2f_hardware:/home/com9/uet_ws/install/susgrip_2f_gazebo:/home/com9/uet_ws/install/susgrip_2f_description:/home/com9/uet_ws/install/susgrip_2f_control:/opt/ros/humble /usr/bin/cmake /home/com9/uet_ws/src/ur3_moveit_control -DCMAKE_INSTALL_PREFIX=/home/com9/uet_ws/install/ur3_moveit_control
[1.587s] Invoking command in '/home/com9/uet_ws/build/ur3_moveit_control': CMAKE_PREFIX_PATH=/home/com9/uet_ws/install/ur_moveit_config:/home/com9/uet_ws/install/ur_simulation_gz:/home/com9/uet_ws/install/ur:/home/com9/uet_ws/install/ur_calibration:/home/com9/uet_ws/install/ur_robot_driver:/home/com9/uet_ws/install/ur3_moveit_control:/home/com9/uet_ws/install/ur_bringup:/home/com9/uet_ws/install/ur_controllers:/home/com9/uet_ws/install/ur_dashboard_msgs:/home/com9/uet_ws/install/susgrip_2f_hardware:/home/com9/uet_ws/install/susgrip_2f_gazebo:/home/com9/uet_ws/install/susgrip_2f_description:/home/com9/uet_ws/install/susgrip_2f_control:/opt/ros/humble /usr/bin/cmake --build /home/com9/uet_ws/build/ur3_moveit_control
[1.627s] [  2%] Built target ur3_moveit_control__rs
[1.633s] [35m[1mConsolidate compiler generated dependencies of target ur3_moveit_control__rosidl_generator_c[0m
[1.642s] [ 11%] Built target ur3_moveit_control__rosidl_generator_c
[1.650s] [35m[1mConsolidate compiler generated dependencies of target ur3_moveit_control__rosidl_typesupport_fastrtps_c[0m
[1.660s] [ 19%] Built target ur3_moveit_control__rosidl_typesupport_fastrtps_c
[1.675s] [ 22%] Built target ur3_moveit_control__cpp
[1.683s] [35m[1mConsolidate compiler generated dependencies of target ur3_moveit_control__rosidl_typesupport_fastrtps_cpp[0m
[1.693s] [ 30%] Built target ur3_moveit_control__rosidl_typesupport_fastrtps_cpp
[1.702s] [35m[1mConsolidate compiler generated dependencies of target ur3_moveit_control__rosidl_typesupport_introspection_c[0m
[1.711s] [ 38%] Built target ur3_moveit_control__rosidl_typesupport_introspection_c
[1.717s] [35m[1mConsolidate compiler generated dependencies of target ur3_moveit_control__rosidl_typesupport_c[0m
[1.723s] [ 47%] Built target ur3_moveit_control__rosidl_typesupport_c
[1.732s] [35m[1mConsolidate compiler generated dependencies of target ur3_moveit_control__rosidl_typesupport_introspection_cpp[0m
[1.742s] [ 55%] Built target ur3_moveit_control__rosidl_typesupport_introspection_cpp
[1.750s] [35m[1mConsolidate compiler generated dependencies of target ur3_moveit_control__rosidl_typesupport_cpp[0m
[1.759s] [ 63%] Built target ur3_moveit_control__rosidl_typesupport_cpp
[1.774s] [ 63%] Built target ur3_moveit_control
[1.792s] [ 63%] Built target ament_cmake_python_symlink_ur3_moveit_control
[1.932s] running egg_info
[1.932s] writing ur3_moveit_control.egg-info/PKG-INFO
[1.932s] writing dependency_links to ur3_moveit_control.egg-info/dependency_links.txt
[1.932s] writing top-level names to ur3_moveit_control.egg-info/top_level.txt
[1.933s] reading manifest file 'ur3_moveit_control.egg-info/SOURCES.txt'
[1.933s] writing manifest file 'ur3_moveit_control.egg-info/SOURCES.txt'
[1.952s] [ 63%] Built target ament_cmake_python_build_ur3_moveit_control_egg
[1.965s] [ 66%] Built target ur3_moveit_control__py
[1.972s] [35m[1mConsolidate compiler generated dependencies of target ur3_moveit_control__rosidl_generator_py[0m
[1.980s] [ 72%] Built target ur3_moveit_control__rosidl_generator_py
[1.987s] [35m[1mConsolidate compiler generated dependencies of target ur3_moveit_control__rosidl_typesupport_fastrtps_c__pyext[0m
[1.995s] [ 77%] Built target ur3_moveit_control__rosidl_typesupport_fastrtps_c__pyext
[2.002s] [35m[1mConsolidate compiler generated dependencies of target ur3_moveit_control__rosidl_typesupport_introspection_c__pyext[0m
[2.010s] [ 83%] Built target ur3_moveit_control__rosidl_typesupport_introspection_c__pyext
[2.017s] [35m[1mConsolidate compiler generated dependencies of target ur3_moveit_control__rosidl_typesupport_c__pyext[0m
[2.026s] [ 88%] Built target ur3_moveit_control__rosidl_typesupport_c__pyext
[2.034s] [35m[1mConsolidate compiler generated dependencies of target ur3_motion_interface[0m
[2.050s] [ 91%] [32mBuilding CXX object CMakeFiles/ur3_motion_interface.dir/src/ur3_motion_interface.cpp.o[0m
[4.933s] [01m[K/home/com9/uet_ws/src/ur3_moveit_control/src/ur3_motion_interface.cpp:[m[K In constructor ‘[01m[Kur3_moveit_control::UR3MotionInterface::UR3MotionInterface(const SharedPtr&, const string&)[m[K’:
[4.933s] [01m[K/home/com9/uet_ws/src/ur3_moveit_control/src/ur3_motion_interface.cpp:342:40:[m[K [01;31m[Kerror: [m[Kno matching function for call to ‘[01m[Kmax(int, long int)[m[K’
[4.933s]   342 |     attach_request_attempts_ = [01;31m[Kstd::max(1, parameter("attach_request_attempts", 3))[m[K;
[4.933s]       |                                [01;31m[K~~~~~~~~^~~~~~~~~~~~~~~~~~~~~~~~~~~~~~~~~~~~~~~~~~~~[m[K
[4.933s] In file included from [01m[K/usr/include/c++/11/bits/char_traits.h:39[m[K,
[4.933s]                  from [01m[K/usr/include/c++/11/string:40[m[K,
[4.933s]                  from [01m[K/usr/include/c++/11/stdexcept:39[m[K,
[4.933s]                  from [01m[K/usr/include/c++/11/system_error:41[m[K,
[4.933s]                  from [01m[K/usr/include/c++/11/bits/std_mutex.h:39[m[K,
[4.933s]                  from [01m[K/usr/include/c++/11/condition_variable:40[m[K,
[4.933s]                  from [01m[K/home/com9/uet_ws/src/ur3_moveit_control/include/ur3_moveit_control/ur3_motion_interface.hpp:4[m[K,
[4.933s]                  from [01m[K/home/com9/uet_ws/src/ur3_moveit_control/src/ur3_motion_interface.cpp:1[m[K:
[4.933s] [01m[K/usr/include/c++/11/bits/stl_algobase.h:254:5:[m[K [01;36m[Knote: [m[Kcandidate: ‘[01m[Ktemplate<class _Tp> constexpr const _Tp& std::max(const _Tp&, const _Tp&)[m[K’
[4.934s]   254 |     [01;36m[Kmax[m[K(const _Tp& __a, const _Tp& __b)
[4.934s]       |     [01;36m[K^~~[m[K
[4.934s] [01m[K/usr/include/c++/11/bits/stl_algobase.h:254:5:[m[K [01;36m[Knote: [m[K  template argument deduction/substitution failed:
[4.934s] [01m[K/home/com9/uet_ws/src/ur3_moveit_control/src/ur3_motion_interface.cpp:342:40:[m[K [01;36m[Knote: [m[K  deduced conflicting types for parameter ‘[01m[Kconst _Tp[m[K’ (‘[01m[Kint[m[K’ and ‘[01m[Klong int[m[K’)
[4.934s]   342 |     attach_request_attempts_ = [01;36m[Kstd::max(1, parameter("attach_request_attempts", 3))[m[K;
[4.934s]       |                                [01;36m[K~~~~~~~~^~~~~~~~~~~~~~~~~~~~~~~~~~~~~~~~~~~~~~~~~~~~[m[K
[4.934s] In file included from [01m[K/usr/include/c++/11/bits/char_traits.h:39[m[K,
[4.934s]                  from [01m[K/usr/include/c++/11/string:40[m[K,
[4.934s]                  from [01m[K/usr/include/c++/11/stdexcept:39[m[K,
[4.934s]                  from [01m[K/usr/include/c++/11/system_error:41[m[K,
[4.934s]                  from [01m[K/usr/include/c++/11/bits/std_mutex.h:39[m[K,
[4.934s]                  from [01m[K/usr/include/c++/11/condition_variable:40[m[K,
[4.934s]                  from [01m[K/home/com9/uet_ws/src/ur3_moveit_control/include/ur3_moveit_control/ur3_motion_interface.hpp:4[m[K,
[4.934s]                  from [01m[K/home/com9/uet_ws/src/ur3_moveit_control/src/ur3_motion_interface.cpp:1[m[K:
[4.934s] [01m[K/usr/include/c++/11/bits/stl_algobase.h:300:5:[m[K [01;36m[Knote: [m[Kcandidate: ‘[01m[Ktemplate<class _Tp, class _Compare> constexpr const _Tp& std::max(const _Tp&, const _Tp&, _Compare)[m[K’
[4.934s]   300 |     [01;36m[Kmax[m[K(const _Tp& __a, const _Tp& __b, _Compare __comp)
[4.934s]       |     [01;36m[K^~~[m[K
[4.934s] [01m[K/usr/include/c++/11/bits/stl_algobase.h:300:5:[m[K [01;36m[Knote: [m[K  template argument deduction/substitution failed:
[4.934s] [01m[K/home/com9/uet_ws/src/ur3_moveit_control/src/ur3_motion_interface.cpp:342:40:[m[K [01;36m[Knote: [m[K  deduced conflicting types for parameter ‘[01m[Kconst _Tp[m[K’ (‘[01m[Kint[m[K’ and ‘[01m[Klong int[m[K’)
[4.935s]   342 |     attach_request_attempts_ = [01;36m[Kstd::max(1, parameter("attach_request_attempts", 3))[m[K;
[4.935s]       |                                [01;36m[K~~~~~~~~^~~~~~~~~~~~~~~~~~~~~~~~~~~~~~~~~~~~~~~~~~~~[m[K
[4.935s] In file included from [01m[K/usr/include/c++/11/algorithm:62[m[K,
[4.935s]                  from [01m[K/opt/ros/humble/include/rclcpp/rclcpp/executor.hpp:18[m[K,
[4.935s]                  from [01m[K/opt/ros/humble/include/rclcpp/rclcpp/executors/multi_threaded_executor.hpp:25[m[K,
[4.935s]                  from [01m[K/opt/ros/humble/include/rclcpp/rclcpp/executors.hpp:21[m[K,
[4.935s]                  from [01m[K/opt/ros/humble/include/rclcpp/rclcpp/rclcpp.hpp:155[m[K,
[4.935s]                  from [01m[K/home/com9/uet_ws/src/ur3_moveit_control/include/ur3_moveit_control/ur3_motion_interface.hpp:10[m[K,
[4.935s]                  from [01m[K/home/com9/uet_ws/src/ur3_moveit_control/src/ur3_motion_interface.cpp:1[m[K:
[4.935s] [01m[K/usr/include/c++/11/bits/stl_algo.h:3461:5:[m[K [01;36m[Knote: [m[Kcandidate: ‘[01m[Ktemplate<class _Tp> constexpr _Tp std::max(std::initializer_list<_Tp>)[m[K’
[4.935s]  3461 |     [01;36m[Kmax[m[K(initializer_list<_Tp> __l)
[4.935s]       |     [01;36m[K^~~[m[K
[4.935s] [01m[K/usr/include/c++/11/bits/stl_algo.h:3461:5:[m[K [01;36m[Knote: [m[K  template argument deduction/substitution failed:
[4.935s] [01m[K/home/com9/uet_ws/src/ur3_moveit_control/src/ur3_motion_interface.cpp:342:40:[m[K [01;36m[Knote: [m[K  mismatched types ‘[01m[Kstd::initializer_list<_Tp>[m[K’ and ‘[01m[Kint[m[K’
[4.935s]   342 |     attach_request_attempts_ = [01;36m[Kstd::max(1, parameter("attach_request_attempts", 3))[m[K;
[4.935s]       |                                [01;36m[K~~~~~~~~^~~~~~~~~~~~~~~~~~~~~~~~~~~~~~~~~~~~~~~~~~~~[m[K
[4.936s] In file included from [01m[K/usr/include/c++/11/algorithm:62[m[K,
[4.936s]                  from [01m[K/opt/ros/humble/include/rclcpp/rclcpp/executor.hpp:18[m[K,
[4.936s]                  from [01m[K/opt/ros/humble/include/rclcpp/rclcpp/executors/multi_threaded_executor.hpp:25[m[K,
[4.936s]                  from [01m[K/opt/ros/humble/include/rclcpp/rclcpp/executors.hpp:21[m[K,
[4.936s]                  from [01m[K/opt/ros/humble/include/rclcpp/rclcpp/rclcpp.hpp:155[m[K,
[4.936s]                  from [01m[K/home/com9/uet_ws/src/ur3_moveit_control/include/ur3_moveit_control/ur3_motion_interface.hpp:10[m[K,
[4.936s]                  from [01m[K/home/com9/uet_ws/src/ur3_moveit_control/src/ur3_motion_interface.cpp:1[m[K:
[4.936s] [01m[K/usr/include/c++/11/bits/stl_algo.h:3467:5:[m[K [01;36m[Knote: [m[Kcandidate: ‘[01m[Ktemplate<class _Tp, class _Compare> constexpr _Tp std::max(std::initializer_list<_Tp>, _Compare)[m[K’
[4.936s]  3467 |     [01;36m[Kmax[m[K(initializer_list<_Tp> __l, _Compare __comp)
[4.936s]       |     [01;36m[K^~~[m[K
[4.936s] [01m[K/usr/include/c++/11/bits/stl_algo.h:3467:5:[m[K [01;36m[Knote: [m[K  template argument deduction/substitution failed:
[4.936s] [01m[K/home/com9/uet_ws/src/ur3_moveit_control/src/ur3_motion_interface.cpp:342:40:[m[K [01;36m[Knote: [m[K  mismatched types ‘[01m[Kstd::initializer_list<_Tp>[m[K’ and ‘[01m[Kint[m[K’
[4.936s]   342 |     attach_request_attempts_ = [01;36m[Kstd::max(1, parameter("attach_request_attempts", 3))[m[K;
[4.936s]       |                                [01;36m[K~~~~~~~~^~~~~~~~~~~~~~~~~~~~~~~~~~~~~~~~~~~~~~~~~~~~[m[K
[8.010s] gmake[2]: *** [CMakeFiles/ur3_motion_interface.dir/build.make:76: CMakeFiles/ur3_motion_interface.dir/src/ur3_motion_interface.cpp.o] Error 1
[8.010s] gmake[1]: *** [CMakeFiles/Makefile2:613: CMakeFiles/ur3_motion_interface.dir/all] Error 2
[8.010s] gmake: *** [Makefile:146: all] Error 2
[8.012s] Invoked command in '/home/com9/uet_ws/build/ur3_moveit_control' returned '2': CMAKE_PREFIX_PATH=/home/com9/uet_ws/install/ur_moveit_config:/home/com9/uet_ws/install/ur_simulation_gz:/home/com9/uet_ws/install/ur:/home/com9/uet_ws/install/ur_calibration:/home/com9/uet_ws/install/ur_robot_driver:/home/com9/uet_ws/install/ur3_moveit_control:/home/com9/uet_ws/install/ur_bringup:/home/com9/uet_ws/install/ur_controllers:/home/com9/uet_ws/install/ur_dashboard_msgs:/home/com9/uet_ws/install/susgrip_2f_hardware:/home/com9/uet_ws/install/susgrip_2f_gazebo:/home/com9/uet_ws/install/susgrip_2f_description:/home/com9/uet_ws/install/susgrip_2f_control:/opt/ros/humble /usr/bin/cmake --build /home/com9/uet_ws/build/ur3_moveit_control
