[0.325s] Invoking command in '/home/com9/uet_ws/src/susgrip_2f/susgrip_2f_gazebo': AMENT_PREFIX_PATH=/home/com9/uet_ws/install/susgrip_2f_description:${AMENT_PREFIX_PATH} PYTHONPATH=/home/com9/uet_ws/build/susgrip_2f_gazebo/prefix_override:/usr/lib/python3/dist-packages/colcon_core/task/python/colcon_distutils_commands:/home/com9/uet_ws/install/susgrip_2f_gazebo/lib/python3.10/site-packages:/home/com9/uet_ws/install/susgrip_2f_description/lib/python3.10/site-packages:${PYTHONPATH} /usr/bin/python3 -W ignore:setup.py install is deprecated -W ignore:easy_install command is deprecated setup.py egg_info --egg-base ../../../build/susgrip_2f_gazebo build --build-base /home/com9/uet_ws/build/susgrip_2f_gazebo/build install --record /home/com9/uet_ws/build/susgrip_2f_gazebo/install.log --install-scripts $base/lib/susgrip_2f_gazebo --single-version-externally-managed install_data
[0.452s] running egg_info
[0.452s] creating ../../../build/susgrip_2f_gazebo/susgrip_2f_gazebo.egg-info
[0.452s] writing ../../../build/susgrip_2f_gazebo/susgrip_2f_gazebo.egg-info/PKG-INFO
[0.453s] writing dependency_links to ../../../build/susgrip_2f_gazebo/susgrip_2f_gazebo.egg-info/dependency_links.txt
[0.453s] writing entry points to ../../../build/susgrip_2f_gazebo/susgrip_2f_gazebo.egg-info/entry_points.txt
[0.453s] writing top-level names to ../../../build/susgrip_2f_gazebo/susgrip_2f_gazebo.egg-info/top_level.txt
[0.453s] writing manifest file '../../../build/susgrip_2f_gazebo/susgrip_2f_gazebo.egg-info/SOURCES.txt'
[0.454s] reading manifest file '../../../build/susgrip_2f_gazebo/susgrip_2f_gazebo.egg-info/SOURCES.txt'
[0.454s] writing manifest file '../../../build/susgrip_2f_gazebo/susgrip_2f_gazebo.egg-info/SOURCES.txt'
[0.454s] running build
[0.454s] running build_py
[0.454s] creating /home/com9/uet_ws/build/susgrip_2f_gazebo/build
[0.454s] creating /home/com9/uet_ws/build/susgrip_2f_gazebo/build/lib
[0.454s] creating /home/com9/uet_ws/build/susgrip_2f_gazebo/build/lib/susgrip_2f_gazebo
[0.454s] copying susgrip_2f_gazebo/__init__.py -> /home/com9/uet_ws/build/susgrip_2f_gazebo/build/lib/susgrip_2f_gazebo
[0.454s] copying susgrip_2f_gazebo/gazebo_joint_publisher.py -> /home/com9/uet_ws/build/susgrip_2f_gazebo/build/lib/susgrip_2f_gazebo
[0.454s] copying susgrip_2f_gazebo/integrated_gazebo_joint_publisher.py -> /home/com9/uet_ws/build/susgrip_2f_gazebo/build/lib/susgrip_2f_gazebo
[0.454s] running install
[0.455s] running install_lib
[0.455s] creating /home/com9/uet_ws/install/susgrip_2f_gazebo/lib/python3.10/site-packages/susgrip_2f_gazebo
[0.455s] copying /home/com9/uet_ws/build/susgrip_2f_gazebo/build/lib/susgrip_2f_gazebo/__init__.py -> /home/com9/uet_ws/install/susgrip_2f_gazebo/lib/python3.10/site-packages/susgrip_2f_gazebo
[0.455s] copying /home/com9/uet_ws/build/susgrip_2f_gazebo/build/lib/susgrip_2f_gazebo/gazebo_joint_publisher.py -> /home/com9/uet_ws/install/susgrip_2f_gazebo/lib/python3.10/site-packages/susgrip_2f_gazebo
[0.455s] copying /home/com9/uet_ws/build/susgrip_2f_gazebo/build/lib/susgrip_2f_gazebo/integrated_gazebo_joint_publisher.py -> /home/com9/uet_ws/install/susgrip_2f_gazebo/lib/python3.10/site-packages/susgrip_2f_gazebo
[0.455s] byte-compiling /home/com9/uet_ws/install/susgrip_2f_gazebo/lib/python3.10/site-packages/susgrip_2f_gazebo/__init__.py to __init__.cpython-310.pyc
[0.455s] byte-compiling /home/com9/uet_ws/install/susgrip_2f_gazebo/lib/python3.10/site-packages/susgrip_2f_gazebo/gazebo_joint_publisher.py to gazebo_joint_publisher.cpython-310.pyc
[0.456s] byte-compiling /home/com9/uet_ws/install/susgrip_2f_gazebo/lib/python3.10/site-packages/susgrip_2f_gazebo/integrated_gazebo_joint_publisher.py to integrated_gazebo_joint_publisher.cpython-310.pyc
[0.456s] running install_data
[0.456s] creating /home/com9/uet_ws/install/susgrip_2f_gazebo/share/ament_index
[0.456s] creating /home/com9/uet_ws/install/susgrip_2f_gazebo/share/ament_index/resource_index
[0.456s] creating /home/com9/uet_ws/install/susgrip_2f_gazebo/share/ament_index/resource_index/packages
[0.456s] copying resource/susgrip_2f_gazebo -> /home/com9/uet_ws/install/susgrip_2f_gazebo/share/ament_index/resource_index/packages
[0.456s] copying package.xml -> /home/com9/uet_ws/install/susgrip_2f_gazebo/share/susgrip_2f_gazebo
[0.456s] creating /home/com9/uet_ws/install/susgrip_2f_gazebo/share/susgrip_2f_gazebo/launch
[0.456s] copying launch/susgrip_2f_gazebo.launch.py -> /home/com9/uet_ws/install/susgrip_2f_gazebo/share/susgrip_2f_gazebo/launch
[0.456s] creating /home/com9/uet_ws/install/susgrip_2f_gazebo/share/susgrip_2f_gazebo/config
[0.457s] copying config/susgrip_2f.yaml -> /home/com9/uet_ws/install/susgrip_2f_gazebo/share/susgrip_2f_gazebo/config
[0.457s] creating /home/com9/uet_ws/install/susgrip_2f_gazebo/share/susgrip_2f_gazebo/urdf
[0.457s] copying urdf/susgrip_2f_gazebo.urdf -> /home/com9/uet_ws/install/susgrip_2f_gazebo/share/susgrip_2f_gazebo/urdf
[0.457s] copying urdf/susgrip_2f_gazebo.urdf.xacro -> /home/com9/uet_ws/install/susgrip_2f_gazebo/share/susgrip_2f_gazebo/urdf
[0.457s] running install_egg_info
[0.458s] Copying ../../../build/susgrip_2f_gazebo/susgrip_2f_gazebo.egg-info to /home/com9/uet_ws/install/susgrip_2f_gazebo/lib/python3.10/site-packages/susgrip_2f_gazebo-0.0.0-py3.10.egg-info
[0.458s] running install_scripts
[0.470s] Installing gazebo_joint_publisher script to /home/com9/uet_ws/install/susgrip_2f_gazebo/lib/susgrip_2f_gazebo
[0.470s] Installing integrated_gazebo_joint_publisher script to /home/com9/uet_ws/install/susgrip_2f_gazebo/lib/susgrip_2f_gazebo
[0.471s] writing list of installed files to '/home/com9/uet_ws/build/susgrip_2f_gazebo/install.log'
[0.484s] Invoked command in '/home/com9/uet_ws/src/susgrip_2f/susgrip_2f_gazebo' returned '0': AMENT_PREFIX_PATH=/home/com9/uet_ws/install/susgrip_2f_description:${AMENT_PREFIX_PATH} PYTHONPATH=/home/com9/uet_ws/build/susgrip_2f_gazebo/prefix_override:/usr/lib/python3/dist-packages/colcon_core/task/python/colcon_distutils_commands:/home/com9/uet_ws/install/susgrip_2f_gazebo/lib/python3.10/site-packages:/home/com9/uet_ws/install/susgrip_2f_description/lib/python3.10/site-packages:${PYTHONPATH} /usr/bin/python3 -W ignore:setup.py install is deprecated -W ignore:easy_install command is deprecated setup.py egg_info --egg-base ../../../build/susgrip_2f_gazebo build --build-base /home/com9/uet_ws/build/susgrip_2f_gazebo/build install --record /home/com9/uet_ws/build/susgrip_2f_gazebo/install.log --install-scripts $base/lib/susgrip_2f_gazebo --single-version-externally-managed install_data
