[0.009s] Invoking command in '/home/com9/uet_ws/build/ur3_moveit_control': CMAKE_PREFIX_PATH=/home/com9/uet_ws/install/ur_moveit_config:/home/com9/uet_ws/install/ur_simulation_gz:/home/com9/uet_ws/install/ur:/home/com9/uet_ws/install/ur_calibration:/home/com9/uet_ws/install/ur_robot_driver:/home/com9/uet_ws/install/ur3_moveit_control:/home/com9/uet_ws/install/ur_bringup:/home/com9/uet_ws/install/ur_controllers:/home/com9/uet_ws/install/ur_dashboard_msgs:/home/com9/uet_ws/install/susgrip_2f_hardware:/home/com9/uet_ws/install/susgrip_2f_gazebo:/home/com9/uet_ws/install/susgrip_2f_description:/home/com9/uet_ws/install/susgrip_2f_control:/opt/ros/humble /usr/bin/cmake --build /home/com9/uet_ws/build/ur3_moveit_control -- -j16 -l16
[0.040s] [35m[1mConsolidate compiler generated dependencies of target ur3_motion_interface[0m
[0.041s] [  2%] Built target ur3_moveit_control__rs
[0.045s] [ 13%] Built target ur3_moveit_control__cpp
[0.045s] [ 13%] Built target ur3_moveit_control__rosidl_generator_c
[0.047s] [ 13%] Built target ament_cmake_python_symlink_ur3_moveit_control
[0.055s] [ 16%] [32mBuilding CXX object CMakeFiles/ur3_motion_interface.dir/src/ur3_motion_interface.cpp.o[0m
[0.060s] [ 30%] Built target ur3_moveit_control__rosidl_typesupport_fastrtps_cpp
[0.060s] [ 33%] Built target ur3_moveit_control__rosidl_typesupport_introspection_cpp
[0.060s] [ 41%] Built target ur3_moveit_control__rosidl_typesupport_introspection_c
[0.060s] [ 50%] Built target ur3_moveit_control__rosidl_typesupport_c
[0.061s] [ 58%] Built target ur3_moveit_control__rosidl_typesupport_cpp
[0.064s] [ 66%] Built target ur3_moveit_control__rosidl_typesupport_fastrtps_c
[0.078s] [ 66%] Built target ur3_moveit_control
[0.094s] [ 69%] Built target ur3_moveit_control__py
[0.109s] [ 75%] Built target ur3_moveit_control__rosidl_generator_py
[0.124s] [ 80%] Built target ur3_moveit_control__rosidl_typesupport_introspection_c__pyext
[0.125s] [ 86%] Built target ur3_moveit_control__rosidl_typesupport_c__pyext
[0.126s] [ 91%] Built target ur3_moveit_control__rosidl_typesupport_fastrtps_c__pyext
[0.190s] running egg_info
[0.191s] writing ur3_moveit_control.egg-info/PKG-INFO
[0.191s] writing dependency_links to ur3_moveit_control.egg-info/dependency_links.txt
[0.191s] writing top-level names to ur3_moveit_control.egg-info/top_level.txt
[0.192s] reading manifest file 'ur3_moveit_control.egg-info/SOURCES.txt'
[0.192s] writing manifest file 'ur3_moveit_control.egg-info/SOURCES.txt'
[0.210s] [ 91%] Built target ament_cmake_python_build_ur3_moveit_control_egg
[9.518s] [ 94%] [32m[1mLinking CXX shared library libur3_motion_interface.so[0m
[10.118s] [ 94%] Built target ur3_motion_interface
[10.126s] [35m[1mConsolidate compiler generated dependencies of target ur3_control_node[0m
[10.141s] [ 97%] [32mBuilding CXX object CMakeFiles/ur3_control_node.dir/src/ur3_control_node.cpp.o[0m
[17.594s] [100%] [32m[1mLinking CXX executable ur3_control_node[0m
[18.217s] [100%] Built target ur3_control_node
[18.224s] Invoked command in '/home/com9/uet_ws/build/ur3_moveit_control' returned '0': CMAKE_PREFIX_PATH=/home/com9/uet_ws/install/ur_moveit_config:/home/com9/uet_ws/install/ur_simulation_gz:/home/com9/uet_ws/install/ur:/home/com9/uet_ws/install/ur_calibration:/home/com9/uet_ws/install/ur_robot_driver:/home/com9/uet_ws/install/ur3_moveit_control:/home/com9/uet_ws/install/ur_bringup:/home/com9/uet_ws/install/ur_controllers:/home/com9/uet_ws/install/ur_dashboard_msgs:/home/com9/uet_ws/install/susgrip_2f_hardware:/home/com9/uet_ws/install/susgrip_2f_gazebo:/home/com9/uet_ws/install/susgrip_2f_description:/home/com9/uet_ws/install/susgrip_2f_control:/opt/ros/humble /usr/bin/cmake --build /home/com9/uet_ws/build/ur3_moveit_control -- -j16 -l16
[18.230s] Invoking command in '/home/com9/uet_ws/build/ur3_moveit_control': CMAKE_PREFIX_PATH=/home/com9/uet_ws/install/ur_moveit_config:/home/com9/uet_ws/install/ur_simulation_gz:/home/com9/uet_ws/install/ur:/home/com9/uet_ws/install/ur_calibration:/home/com9/uet_ws/install/ur_robot_driver:/home/com9/uet_ws/install/ur3_moveit_control:/home/com9/uet_ws/install/ur_bringup:/home/com9/uet_ws/install/ur_controllers:/home/com9/uet_ws/install/ur_dashboard_msgs:/home/com9/uet_ws/install/susgrip_2f_hardware:/home/com9/uet_ws/install/susgrip_2f_gazebo:/home/com9/uet_ws/install/susgrip_2f_description:/home/com9/uet_ws/install/susgrip_2f_control:/opt/ros/humble /usr/bin/cmake --install /home/com9/uet_ws/build/ur3_moveit_control
[18.235s] -- Install configuration: ""
[18.235s] -- Execute custom install script
[18.235s] -- Up-to-date symlink: /home/com9/uet_ws/install/ur3_moveit_control/share/ament_index/resource_index/rosidl_interfaces/ur3_moveit_control
[18.236s] -- Up-to-date symlink: /home/com9/uet_ws/install/ur3_moveit_control/include/ur3_moveit_control/ur3_moveit_control/action/detail/ur3_control__functions.h
[18.236s] -- Up-to-date symlink: /home/com9/uet_ws/install/ur3_moveit_control/include/ur3_moveit_control/ur3_moveit_control/action/detail/ur3_control__struct.h
[18.236s] -- Up-to-date symlink: /home/com9/uet_ws/install/ur3_moveit_control/include/ur3_moveit_control/ur3_moveit_control/action/detail/ur3_control__type_support.h
[18.236s] -- Up-to-date symlink: /home/com9/uet_ws/install/ur3_moveit_control/include/ur3_moveit_control/ur3_moveit_control/action/ur3_control.h
[18.236s] -- Up-to-date symlink: /home/com9/uet_ws/install/ur3_moveit_control/include/ur3_moveit_control/ur3_moveit_control/msg/rosidl_generator_c__visibility_control.h
[18.236s] -- Up-to-date symlink: /home/com9/uet_ws/install/ur3_moveit_control/share/ur3_moveit_control/environment/library_path.sh
[18.236s] -- Up-to-date symlink: /home/com9/uet_ws/install/ur3_moveit_control/share/ur3_moveit_control/environment/library_path.dsv
[18.236s] -- Up-to-date symlink: /home/com9/uet_ws/install/ur3_moveit_control/include/ur3_moveit_control/ur3_moveit_control/action/detail/ur3_control__rosidl_typesupport_fastrtps_c.h
[18.236s] -- Up-to-date symlink: /home/com9/uet_ws/install/ur3_moveit_control/include/ur3_moveit_control/ur3_moveit_control/msg/rosidl_typesupport_fastrtps_c__visibility_control.h
[18.236s] -- Up-to-date symlink: /home/com9/uet_ws/install/ur3_moveit_control/include/ur3_moveit_control/ur3_moveit_control/action/detail/ur3_control__builder.hpp
[18.236s] -- Up-to-date symlink: /home/com9/uet_ws/install/ur3_moveit_control/include/ur3_moveit_control/ur3_moveit_control/action/detail/ur3_control__struct.hpp
[18.237s] -- Up-to-date symlink: /home/com9/uet_ws/install/ur3_moveit_control/include/ur3_moveit_control/ur3_moveit_control/action/detail/ur3_control__traits.hpp
[18.237s] -- Up-to-date symlink: /home/com9/uet_ws/install/ur3_moveit_control/include/ur3_moveit_control/ur3_moveit_control/action/detail/ur3_control__type_support.hpp
[18.237s] -- Up-to-date symlink: /home/com9/uet_ws/install/ur3_moveit_control/include/ur3_moveit_control/ur3_moveit_control/action/ur3_control.hpp
[18.237s] -- Up-to-date symlink: /home/com9/uet_ws/install/ur3_moveit_control/include/ur3_moveit_control/ur3_moveit_control/msg/rosidl_generator_cpp__visibility_control.hpp
[18.237s] -- Up-to-date symlink: /home/com9/uet_ws/install/ur3_moveit_control/include/ur3_moveit_control/ur3_moveit_control/action/detail/ur3_control__rosidl_typesupport_fastrtps_cpp.hpp
[18.237s] -- Up-to-date symlink: /home/com9/uet_ws/install/ur3_moveit_control/include/ur3_moveit_control/ur3_moveit_control/msg/rosidl_typesupport_fastrtps_cpp__visibility_control.h
[18.237s] -- Up-to-date symlink: /home/com9/uet_ws/install/ur3_moveit_control/include/ur3_moveit_control/ur3_moveit_control/action/detail/ur3_control__rosidl_typesupport_introspection_c.h
[18.237s] -- Up-to-date symlink: /home/com9/uet_ws/install/ur3_moveit_control/include/ur3_moveit_control/ur3_moveit_control/msg/rosidl_typesupport_introspection_c__visibility_control.h
[18.237s] -- Up-to-date symlink: /home/com9/uet_ws/install/ur3_moveit_control/include/ur3_moveit_control/ur3_moveit_control/action/detail/ur3_control__rosidl_typesupport_introspection_cpp.hpp
[18.237s] -- Up-to-date symlink: /home/com9/uet_ws/install/ur3_moveit_control/share/ur3_moveit_control/environment/pythonpath.sh
[18.237s] -- Up-to-date symlink: /home/com9/uet_ws/install/ur3_moveit_control/share/ur3_moveit_control/environment/pythonpath.dsv
[18.238s] -- Up-to-date symlink: /home/com9/uet_ws/install/ur3_moveit_control/local/lib/python3.10/dist-packages/ur3_moveit_control-0.0.0-py3.10.egg-info/PKG-INFO
[18.238s] -- Up-to-date symlink: /home/com9/uet_ws/install/ur3_moveit_control/local/lib/python3.10/dist-packages/ur3_moveit_control-0.0.0-py3.10.egg-info/SOURCES.txt
[18.238s] -- Up-to-date symlink: /home/com9/uet_ws/install/ur3_moveit_control/local/lib/python3.10/dist-packages/ur3_moveit_control-0.0.0-py3.10.egg-info/dependency_links.txt
[18.238s] -- Up-to-date symlink: /home/com9/uet_ws/install/ur3_moveit_control/local/lib/python3.10/dist-packages/ur3_moveit_control-0.0.0-py3.10.egg-info/top_level.txt
[18.238s] -- Up-to-date symlink: /home/com9/uet_ws/install/ur3_moveit_control/local/lib/python3.10/dist-packages/ur3_moveit_control/__init__.py
[18.238s] -- Up-to-date symlink: /home/com9/uet_ws/install/ur3_moveit_control/local/lib/python3.10/dist-packages/ur3_moveit_control/_ur3_moveit_control_s.ep.rosidl_typesupport_c.c
[18.238s] -- Up-to-date symlink: /home/com9/uet_ws/install/ur3_moveit_control/local/lib/python3.10/dist-packages/ur3_moveit_control/_ur3_moveit_control_s.ep.rosidl_typesupport_fastrtps_c.c
[18.238s] -- Up-to-date symlink: /home/com9/uet_ws/install/ur3_moveit_control/local/lib/python3.10/dist-packages/ur3_moveit_control/_ur3_moveit_control_s.ep.rosidl_typesupport_introspection_c.c
[18.238s] -- Up-to-date symlink: /home/com9/uet_ws/install/ur3_moveit_control/local/lib/python3.10/dist-packages/ur3_moveit_control/action/__init__.py
[18.238s] -- Up-to-date symlink: /home/com9/uet_ws/install/ur3_moveit_control/local/lib/python3.10/dist-packages/ur3_moveit_control/action/_ur3_control.py
[18.238s] -- Up-to-date symlink: /home/com9/uet_ws/install/ur3_moveit_control/local/lib/python3.10/dist-packages/ur3_moveit_control/action/_ur3_control_s.c
[18.238s] -- Up-to-date symlink: /home/com9/uet_ws/install/ur3_moveit_control/local/lib/python3.10/dist-packages/ur3_moveit_control/libur3_moveit_control__rosidl_generator_py.so
[18.238s] -- Up-to-date symlink: /home/com9/uet_ws/install/ur3_moveit_control/local/lib/python3.10/dist-packages/ur3_moveit_control/ur3_moveit_control_s__rosidl_typesupport_c.cpython-310-x86_64-linux-gnu.so
[18.238s] -- Up-to-date symlink: /home/com9/uet_ws/install/ur3_moveit_control/local/lib/python3.10/dist-packages/ur3_moveit_control/ur3_moveit_control_s__rosidl_typesupport_fastrtps_c.cpython-310-x86_64-linux-gnu.so
[18.238s] -- Up-to-date symlink: /home/com9/uet_ws/install/ur3_moveit_control/local/lib/python3.10/dist-packages/ur3_moveit_control/ur3_moveit_control_s__rosidl_typesupport_introspection_c.cpython-310-x86_64-linux-gnu.so
[18.238s] -- Up-to-date symlink: /home/com9/uet_ws/install/ur3_moveit_control/local/lib/python3.10/dist-packages/ur3_moveit_control/ur3_moveit_control_s__rosidl_typesupport_fastrtps_c.cpython-310-x86_64-linux-gnu.so
[18.239s] -- Up-to-date symlink: /home/com9/uet_ws/install/ur3_moveit_control/local/lib/python3.10/dist-packages/ur3_moveit_control/ur3_moveit_control_s__rosidl_typesupport_introspection_c.cpython-310-x86_64-linux-gnu.so
[18.239s] -- Up-to-date symlink: /home/com9/uet_ws/install/ur3_moveit_control/local/lib/python3.10/dist-packages/ur3_moveit_control/ur3_moveit_control_s__rosidl_typesupport_c.cpython-310-x86_64-linux-gnu.so
[18.239s] -- Up-to-date symlink: /home/com9/uet_ws/install/ur3_moveit_control/share/ament_index/resource_index/rust_packages/ur3_moveit_control
[18.239s] -- Up-to-date symlink: /home/com9/uet_ws/install/ur3_moveit_control/share/ur3_moveit_control/rust/Cargo.toml
[18.239s] -- Up-to-date symlink: /home/com9/uet_ws/install/ur3_moveit_control/share/ur3_moveit_control/rust/build.rs
[18.239s] -- Up-to-date symlink: /home/com9/uet_ws/install/ur3_moveit_control/share/ur3_moveit_control/rust/src/action.rs
[18.239s] -- Up-to-date symlink: /home/com9/uet_ws/install/ur3_moveit_control/share/ur3_moveit_control/rust/src/action/rmw.rs
[18.239s] -- Up-to-date symlink: /home/com9/uet_ws/install/ur3_moveit_control/share/ur3_moveit_control/rust/src/lib.rs
[18.239s] -- Up-to-date symlink: /home/com9/uet_ws/install/ur3_moveit_control/share/ur3_moveit_control/action/UR3Control.idl
[18.239s] -- Up-to-date symlink: /home/com9/uet_ws/install/ur3_moveit_control/share/ur3_moveit_control/action/UR3Control.action
[18.239s] -- Up-to-date symlink: /home/com9/uet_ws/install/ur3_moveit_control/lib/libur3_motion_interface.so
[18.239s] -- Up-to-date symlink: /home/com9/uet_ws/install/ur3_moveit_control/lib/ur3_moveit_control/ur3_control_node
[18.240s] -- Up-to-date symlink: /home/com9/uet_ws/install/ur3_moveit_control/lib/ur3_moveit_control/send_goal_client.py
[18.240s] -- Up-to-date symlink: /home/com9/uet_ws/install/ur3_moveit_control/lib/ur3_moveit_control/random_pick_test.py
[18.240s] -- Symlinking: /home/com9/uet_ws/install/ur3_moveit_control/lib/ur3_moveit_control/grasp_profile.py
[18.245s] -- Up-to-date symlink: /home/com9/uet_ws/install/ur3_moveit_control/include/ur3_moveit_control/ur3_motion_interface.hpp
[18.245s] -- Up-to-date symlink: /home/com9/uet_ws/install/ur3_moveit_control/share/ur3_moveit_control/config/joint_limits.yaml
[18.245s] -- Up-to-date symlink: /home/com9/uet_ws/install/ur3_moveit_control/share/ur3_moveit_control/config/kinematics.yaml
[18.245s] -- Up-to-date symlink: /home/com9/uet_ws/install/ur3_moveit_control/share/ur3_moveit_control/config/moveit_controllers.yaml
[18.245s] -- Up-to-date symlink: /home/com9/uet_ws/install/ur3_moveit_control/share/ur3_moveit_control/config/moveit_custom_config.yaml
[18.245s] -- Up-to-date symlink: /home/com9/uet_ws/install/ur3_moveit_control/share/ur3_moveit_control/config/ompl_planning.yaml
[18.245s] -- Up-to-date symlink: /home/com9/uet_ws/install/ur3_moveit_control/share/ur3_moveit_control/config/planning_pipelines.yaml
[18.245s] -- Up-to-date symlink: /home/com9/uet_ws/install/ur3_moveit_control/share/ur3_moveit_control/config/planning_scene_monitor.yaml
[18.245s] -- Up-to-date symlink: /home/com9/uet_ws/install/ur3_moveit_control/share/ur3_moveit_control/config/ur3_susgrip_gazebo_controllers.yaml
[18.246s] -- Up-to-date symlink: /home/com9/uet_ws/install/ur3_moveit_control/share/ur3_moveit_control/launch/__pycache__/ur3_demo_gripper.launch.cpython-310.pyc
[18.246s] -- Up-to-date symlink: /home/com9/uet_ws/install/ur3_moveit_control/share/ur3_moveit_control/launch/eye_in_hand_calib.launch.py
[18.246s] -- Up-to-date symlink: /home/com9/uet_ws/install/ur3_moveit_control/share/ur3_moveit_control/launch/ur3_demo.launch.py
[18.246s] -- Up-to-date symlink: /home/com9/uet_ws/install/ur3_moveit_control/share/ur3_moveit_control/launch/ur3_demo_gripper.launch.py
[18.246s] -- Up-to-date symlink: /home/com9/uet_ws/install/ur3_moveit_control/share/ur3_moveit_control/launch/ur3_susgrip_sim.launch.py
[18.246s] -- Up-to-date symlink: /home/com9/uet_ws/install/ur3_moveit_control/share/ur3_moveit_control/urdf/ur3_with_susgrip.urdf.xacro
[18.246s] -- Up-to-date symlink: /home/com9/uet_ws/install/ur3_moveit_control/share/ur3_moveit_control/urdf/ur3_with_susgrip_gazebo.urdf.xacro
[18.246s] -- Up-to-date symlink: /home/com9/uet_ws/install/ur3_moveit_control/share/ur3_moveit_control/rviz/view_robot.rviz
[18.246s] -- Up-to-date symlink: /home/com9/uet_ws/install/ur3_moveit_control/share/ur3_moveit_control/models/bottle.sdf
[18.246s] -- Up-to-date symlink: /home/com9/uet_ws/install/ur3_moveit_control/share/ur3_moveit_control/models/table.sdf
[18.246s] -- Up-to-date symlink: /home/com9/uet_ws/install/ur3_moveit_control/share/ament_index/resource_index/package_run_dependencies/ur3_moveit_control
[18.246s] -- Up-to-date symlink: /home/com9/uet_ws/install/ur3_moveit_control/share/ament_index/resource_index/parent_prefix_path/ur3_moveit_control
[18.247s] -- Up-to-date symlink: /home/com9/uet_ws/install/ur3_moveit_control/share/ur3_moveit_control/environment/ament_prefix_path.sh
[18.247s] -- Up-to-date symlink: /home/com9/uet_ws/install/ur3_moveit_control/share/ur3_moveit_control/environment/ament_prefix_path.dsv
[18.247s] -- Up-to-date symlink: /home/com9/uet_ws/install/ur3_moveit_control/share/ur3_moveit_control/environment/path.sh
[18.247s] -- Up-to-date symlink: /home/com9/uet_ws/install/ur3_moveit_control/share/ur3_moveit_control/environment/path.dsv
[18.247s] -- Up-to-date symlink: /home/com9/uet_ws/install/ur3_moveit_control/share/ur3_moveit_control/local_setup.bash
[18.247s] -- Up-to-date symlink: /home/com9/uet_ws/install/ur3_moveit_control/share/ur3_moveit_control/local_setup.sh
[18.247s] -- Up-to-date symlink: /home/com9/uet_ws/install/ur3_moveit_control/share/ur3_moveit_control/local_setup.zsh
[18.247s] -- Up-to-date symlink: /home/com9/uet_ws/install/ur3_moveit_control/share/ur3_moveit_control/local_setup.dsv
[18.247s] -- Symlinking: /home/com9/uet_ws/install/ur3_moveit_control/share/ur3_moveit_control/package.dsv
[18.253s] -- Up-to-date symlink: /home/com9/uet_ws/install/ur3_moveit_control/share/ament_index/resource_index/packages/ur3_moveit_control
[18.253s] -- Up-to-date symlink: /home/com9/uet_ws/install/ur3_moveit_control/share/ur3_moveit_control/cmake/rosidl_cmake-extras.cmake
[18.253s] -- Up-to-date symlink: /home/com9/uet_ws/install/ur3_moveit_control/share/ur3_moveit_control/cmake/ament_cmake_export_dependencies-extras.cmake
[18.253s] -- Up-to-date symlink: /home/com9/uet_ws/install/ur3_moveit_control/share/ur3_moveit_control/cmake/ament_cmake_export_include_directories-extras.cmake
[18.253s] -- Up-to-date symlink: /home/com9/uet_ws/install/ur3_moveit_control/share/ur3_moveit_control/cmake/ament_cmake_export_libraries-extras.cmake
[18.253s] -- Up-to-date symlink: /home/com9/uet_ws/install/ur3_moveit_control/share/ur3_moveit_control/cmake/ament_cmake_export_targets-extras.cmake
[18.253s] -- Up-to-date symlink: /home/com9/uet_ws/install/ur3_moveit_control/share/ur3_moveit_control/cmake/rosidl_cmake_export_typesupport_targets-extras.cmake
[18.253s] -- Up-to-date symlink: /home/com9/uet_ws/install/ur3_moveit_control/share/ur3_moveit_control/cmake/rosidl_cmake_export_typesupport_libraries-extras.cmake
[18.253s] -- Up-to-date symlink: /home/com9/uet_ws/install/ur3_moveit_control/share/ur3_moveit_control/cmake/ur3_moveit_controlConfig.cmake
[18.253s] -- Up-to-date symlink: /home/com9/uet_ws/install/ur3_moveit_control/share/ur3_moveit_control/cmake/ur3_moveit_controlConfig-version.cmake
[18.253s] -- Up-to-date symlink: /home/com9/uet_ws/install/ur3_moveit_control/share/ur3_moveit_control/package.xml
[18.254s] -- Up-to-date: /home/com9/uet_ws/install/ur3_moveit_control/lib/libur3_moveit_control__rosidl_generator_c.so
[18.254s] -- Up-to-date: /home/com9/uet_ws/install/ur3_moveit_control/lib/libur3_moveit_control__rosidl_typesupport_fastrtps_c.so
[18.254s] -- Up-to-date: /home/com9/uet_ws/install/ur3_moveit_control/lib/libur3_moveit_control__rosidl_typesupport_fastrtps_cpp.so
[18.255s] -- Up-to-date: /home/com9/uet_ws/install/ur3_moveit_control/lib/libur3_moveit_control__rosidl_typesupport_introspection_c.so
[18.255s] -- Up-to-date: /home/com9/uet_ws/install/ur3_moveit_control/lib/libur3_moveit_control__rosidl_typesupport_c.so
[18.255s] -- Up-to-date: /home/com9/uet_ws/install/ur3_moveit_control/lib/libur3_moveit_control__rosidl_typesupport_introspection_cpp.so
[18.255s] -- Up-to-date: /home/com9/uet_ws/install/ur3_moveit_control/lib/libur3_moveit_control__rosidl_typesupport_cpp.so
[18.278s] Listing '/home/com9/uet_ws/install/ur3_moveit_control/local/lib/python3.10/dist-packages/ur3_moveit_control'...
[18.278s] Compiling '/home/com9/uet_ws/install/ur3_moveit_control/local/lib/python3.10/dist-packages/ur3_moveit_control/__init__.py'...
[18.278s] Listing '/home/com9/uet_ws/install/ur3_moveit_control/local/lib/python3.10/dist-packages/ur3_moveit_control/action'...
[18.283s] -- Up-to-date: /home/com9/uet_ws/install/ur3_moveit_control/lib/libur3_moveit_control__rosidl_generator_py.so
[18.283s] -- Up-to-date: /home/com9/uet_ws/install/ur3_moveit_control/share/ur3_moveit_control/cmake/export_ur3_moveit_control__rosidl_generator_cExport.cmake
[18.283s] -- Up-to-date: /home/com9/uet_ws/install/ur3_moveit_control/share/ur3_moveit_control/cmake/export_ur3_moveit_control__rosidl_generator_cExport-noconfig.cmake
[18.283s] -- Up-to-date: /home/com9/uet_ws/install/ur3_moveit_control/share/ur3_moveit_control/cmake/export_ur3_moveit_control__rosidl_typesupport_fastrtps_cExport.cmake
[18.283s] -- Up-to-date: /home/com9/uet_ws/install/ur3_moveit_control/share/ur3_moveit_control/cmake/export_ur3_moveit_control__rosidl_typesupport_fastrtps_cExport-noconfig.cmake
[18.283s] -- Up-to-date: /home/com9/uet_ws/install/ur3_moveit_control/share/ur3_moveit_control/cmake/export_ur3_moveit_control__rosidl_generator_cppExport.cmake
[18.283s] -- Up-to-date: /home/com9/uet_ws/install/ur3_moveit_control/share/ur3_moveit_control/cmake/export_ur3_moveit_control__rosidl_typesupport_fastrtps_cppExport.cmake
[18.284s] -- Up-to-date: /home/com9/uet_ws/install/ur3_moveit_control/share/ur3_moveit_control/cmake/export_ur3_moveit_control__rosidl_typesupport_fastrtps_cppExport-noconfig.cmake
[18.284s] -- Up-to-date: /home/com9/uet_ws/install/ur3_moveit_control/share/ur3_moveit_control/cmake/ur3_moveit_control__rosidl_typesupport_introspection_cExport.cmake
[18.284s] -- Up-to-date: /home/com9/uet_ws/install/ur3_moveit_control/share/ur3_moveit_control/cmake/ur3_moveit_control__rosidl_typesupport_introspection_cExport-noconfig.cmake
[18.284s] -- Up-to-date: /home/com9/uet_ws/install/ur3_moveit_control/share/ur3_moveit_control/cmake/ur3_moveit_control__rosidl_typesupport_cExport.cmake
[18.284s] -- Up-to-date: /home/com9/uet_ws/install/ur3_moveit_control/share/ur3_moveit_control/cmake/ur3_moveit_control__rosidl_typesupport_cExport-noconfig.cmake
[18.284s] -- Up-to-date: /home/com9/uet_ws/install/ur3_moveit_control/share/ur3_moveit_control/cmake/ur3_moveit_control__rosidl_typesupport_introspection_cppExport.cmake
[18.284s] -- Up-to-date: /home/com9/uet_ws/install/ur3_moveit_control/share/ur3_moveit_control/cmake/ur3_moveit_control__rosidl_typesupport_introspection_cppExport-noconfig.cmake
[18.284s] -- Up-to-date: /home/com9/uet_ws/install/ur3_moveit_control/share/ur3_moveit_control/cmake/ur3_moveit_control__rosidl_typesupport_cppExport.cmake
[18.284s] -- Up-to-date: /home/com9/uet_ws/install/ur3_moveit_control/share/ur3_moveit_control/cmake/ur3_moveit_control__rosidl_typesupport_cppExport-noconfig.cmake
[18.284s] -- Up-to-date: /home/com9/uet_ws/install/ur3_moveit_control/share/ur3_moveit_control/cmake/export_ur3_moveit_control__rosidl_generator_pyExport.cmake
[18.284s] -- Up-to-date: /home/com9/uet_ws/install/ur3_moveit_control/share/ur3_moveit_control/cmake/export_ur3_moveit_control__rosidl_generator_pyExport-noconfig.cmake
[18.285s] Invoked command in '/home/com9/uet_ws/build/ur3_moveit_control' returned '0': CMAKE_PREFIX_PATH=/home/com9/uet_ws/install/ur_moveit_config:/home/com9/uet_ws/install/ur_simulation_gz:/home/com9/uet_ws/install/ur:/home/com9/uet_ws/install/ur_calibration:/home/com9/uet_ws/install/ur_robot_driver:/home/com9/uet_ws/install/ur3_moveit_control:/home/com9/uet_ws/install/ur_bringup:/home/com9/uet_ws/install/ur_controllers:/home/com9/uet_ws/install/ur_dashboard_msgs:/home/com9/uet_ws/install/susgrip_2f_hardware:/home/com9/uet_ws/install/susgrip_2f_gazebo:/home/com9/uet_ws/install/susgrip_2f_description:/home/com9/uet_ws/install/susgrip_2f_control:/opt/ros/humble /usr/bin/cmake --install /home/com9/uet_ws/build/ur3_moveit_control
