[0.006s] Invoking command in '/home/com9/uet_ws/build/ur_controllers': AMENT_PREFIX_PATH=/home/com9/uet_ws/install/ur_dashboard_msgs:${AMENT_PREFIX_PATH} CMAKE_PREFIX_PATH=/home/com9/uet_ws/install/ur_dashboard_msgs:/opt/ros/humble LD_LIBRARY_PATH=/home/com9/uet_ws/install/ur_dashboard_msgs/lib:${LD_LIBRARY_PATH} PYTHONPATH=/home/com9/uet_ws/install/ur_dashboard_msgs/local/lib/python3.10/dist-packages:${PYTHONPATH} /usr/bin/cmake --build /home/com9/uet_ws/build/ur_controllers
[0.041s] [  4%] Built target tool_contact_controller_parameters
[0.054s] [  9%] Built target force_mode_controller_parameters
[0.066s] [ 13%] Built target friction_model_controller_parameters
[0.079s] [ 18%] Built target gpio_controller_parameters
[0.091s] [ 23%] Built target speed_scaling_state_broadcaster_parameters
[0.105s] [ 27%] Built target scaled_joint_trajectory_controller_parameters
[0.117s] [ 32%] Built target freedrive_mode_controller_parameters
[0.129s] [ 37%] Built target passthrough_trajectory_controller_parameters
[0.141s] [ 41%] Built target ur_configuration_controller_parameters
[0.153s] [35m[1mConsolidate compiler generated dependencies of target ur_controllers[0m
[0.183s] [ 65%] Built target ur_controllers
[0.189s] [35m[1mConsolidate compiler generated dependencies of target gmock_main[0m
[0.197s] [ 69%] Built target gmock_main
[0.204s] [35m[1mConsolidate compiler generated dependencies of target gmock[0m
[0.214s] [ 76%] Built target gmock
[0.221s] [35m[1mConsolidate compiler generated dependencies of target test_load_force_mode_controller[0m
[0.237s] [ 81%] Built target test_load_force_mode_controller
[0.245s] [35m[1mConsolidate compiler generated dependencies of target test_load_freedrive_mode_controller[0m
[0.257s] [ 86%] Built target test_load_freedrive_mode_controller
[0.265s] [35m[1mConsolidate compiler generated dependencies of target test_load_scaled_joint_trajectory_controller[0m
[0.278s] [ 90%] Built target test_load_scaled_joint_trajectory_controller
[0.287s] [35m[1mConsolidate compiler generated dependencies of target test_scaled_joint_trajectory_controller_sampling[0m
[0.299s] [ 95%] Built target test_scaled_joint_trajectory_controller_sampling
[0.307s] [35m[1mConsolidate compiler generated dependencies of target test_load_friction_model_controller[0m
[0.320s] [100%] Built target test_load_friction_model_controller
[0.329s] Invoked command in '/home/com9/uet_ws/build/ur_controllers' returned '0': AMENT_PREFIX_PATH=/home/com9/uet_ws/install/ur_dashboard_msgs:${AMENT_PREFIX_PATH} CMAKE_PREFIX_PATH=/home/com9/uet_ws/install/ur_dashboard_msgs:/opt/ros/humble LD_LIBRARY_PATH=/home/com9/uet_ws/install/ur_dashboard_msgs/lib:${LD_LIBRARY_PATH} PYTHONPATH=/home/com9/uet_ws/install/ur_dashboard_msgs/local/lib/python3.10/dist-packages:${PYTHONPATH} /usr/bin/cmake --build /home/com9/uet_ws/build/ur_controllers
[0.330s] Invoking command in '/home/com9/uet_ws/build/ur_controllers': AMENT_PREFIX_PATH=/home/com9/uet_ws/install/ur_dashboard_msgs:${AMENT_PREFIX_PATH} CMAKE_PREFIX_PATH=/home/com9/uet_ws/install/ur_dashboard_msgs:/opt/ros/humble LD_LIBRARY_PATH=/home/com9/uet_ws/install/ur_dashboard_msgs/lib:${LD_LIBRARY_PATH} PYTHONPATH=/home/com9/uet_ws/install/ur_dashboard_msgs/local/lib/python3.10/dist-packages:${PYTHONPATH} /usr/bin/cmake --install /home/com9/uet_ws/build/ur_controllers
[0.336s] -- Install configuration: ""
[0.336s] -- Up-to-date: /home/com9/uet_ws/install/ur_controllers/include/ur_controllers
[0.336s] -- Up-to-date: /home/com9/uet_ws/install/ur_controllers/include/ur_controllers/scaled_joint_trajectory_controller_parameters.hpp
[0.336s] -- Up-to-date: /home/com9/uet_ws/install/ur_controllers/include/ur_controllers/gpio_controller_parameters.hpp
[0.336s] -- Up-to-date: /home/com9/uet_ws/install/ur_controllers/include/ur_controllers/tool_contact_controller_parameters.hpp
[0.336s] -- Up-to-date: /home/com9/uet_ws/install/ur_controllers/include/ur_controllers/ur_configuration_controller_parameters.hpp
[0.337s] -- Up-to-date: /home/com9/uet_ws/install/ur_controllers/include/ur_controllers/passthrough_trajectory_controller_parameters.hpp
[0.337s] -- Up-to-date: /home/com9/uet_ws/install/ur_controllers/include/ur_controllers/freedrive_mode_controller_parameters.hpp
[0.337s] -- Up-to-date: /home/com9/uet_ws/install/ur_controllers/include/ur_controllers/friction_model_controller_parameters.hpp
[0.337s] -- Up-to-date: /home/com9/uet_ws/install/ur_controllers/include/ur_controllers/speed_scaling_state_broadcaster_parameters.hpp
[0.337s] -- Up-to-date: /home/com9/uet_ws/install/ur_controllers/include/ur_controllers/force_mode_controller_parameters.hpp
[0.337s] -- Up-to-date: /home/com9/uet_ws/install/ur_controllers/include/ur_controllers
[0.337s] -- Up-to-date: /home/com9/uet_ws/install/ur_controllers/include/ur_controllers/scaled_joint_trajectory_controller_parameters.hpp
[0.337s] -- Up-to-date: /home/com9/uet_ws/install/ur_controllers/include/ur_controllers/gpio_controller_parameters.hpp
[0.337s] -- Up-to-date: /home/com9/uet_ws/install/ur_controllers/include/ur_controllers/tool_contact_controller_parameters.hpp
[0.337s] -- Up-to-date: /home/com9/uet_ws/install/ur_controllers/include/ur_controllers/ur_configuration_controller_parameters.hpp
[0.337s] -- Up-to-date: /home/com9/uet_ws/install/ur_controllers/include/ur_controllers/passthrough_trajectory_controller_parameters.hpp
[0.337s] -- Up-to-date: /home/com9/uet_ws/install/ur_controllers/include/ur_controllers/freedrive_mode_controller_parameters.hpp
[0.337s] -- Up-to-date: /home/com9/uet_ws/install/ur_controllers/include/ur_controllers/friction_model_controller_parameters.hpp
[0.337s] -- Up-to-date: /home/com9/uet_ws/install/ur_controllers/include/ur_controllers/speed_scaling_state_broadcaster_parameters.hpp
[0.337s] -- Up-to-date: /home/com9/uet_ws/install/ur_controllers/include/ur_controllers/force_mode_controller_parameters.hpp
[0.337s] -- Up-to-date: /home/com9/uet_ws/install/ur_controllers/include/ur_controllers
[0.337s] -- Up-to-date: /home/com9/uet_ws/install/ur_controllers/include/ur_controllers/scaled_joint_trajectory_controller_parameters.hpp
[0.337s] -- Up-to-date: /home/com9/uet_ws/install/ur_controllers/include/ur_controllers/gpio_controller_parameters.hpp
[0.337s] -- Up-to-date: /home/com9/uet_ws/install/ur_controllers/include/ur_controllers/tool_contact_controller_parameters.hpp
[0.337s] -- Up-to-date: /home/com9/uet_ws/install/ur_controllers/include/ur_controllers/ur_configuration_controller_parameters.hpp
[0.337s] -- Up-to-date: /home/com9/uet_ws/install/ur_controllers/include/ur_controllers/passthrough_trajectory_controller_parameters.hpp
[0.337s] -- Up-to-date: /home/com9/uet_ws/install/ur_controllers/include/ur_controllers/freedrive_mode_controller_parameters.hpp
[0.337s] -- Up-to-date: /home/com9/uet_ws/install/ur_controllers/include/ur_controllers/friction_model_controller_parameters.hpp
[0.337s] -- Up-to-date: /home/com9/uet_ws/install/ur_controllers/include/ur_controllers/speed_scaling_state_broadcaster_parameters.hpp
[0.337s] -- Up-to-date: /home/com9/uet_ws/install/ur_controllers/include/ur_controllers/force_mode_controller_parameters.hpp
[0.337s] -- Up-to-date: /home/com9/uet_ws/install/ur_controllers/include/ur_controllers
[0.338s] -- Up-to-date: /home/com9/uet_ws/install/ur_controllers/include/ur_controllers/scaled_joint_trajectory_controller_parameters.hpp
[0.338s] -- Up-to-date: /home/com9/uet_ws/install/ur_controllers/include/ur_controllers/gpio_controller_parameters.hpp
[0.338s] -- Up-to-date: /home/com9/uet_ws/install/ur_controllers/include/ur_controllers/tool_contact_controller_parameters.hpp
[0.338s] -- Up-to-date: /home/com9/uet_ws/install/ur_controllers/include/ur_controllers/ur_configuration_controller_parameters.hpp
[0.338s] -- Up-to-date: /home/com9/uet_ws/install/ur_controllers/include/ur_controllers/passthrough_trajectory_controller_parameters.hpp
[0.338s] -- Up-to-date: /home/com9/uet_ws/install/ur_controllers/include/ur_controllers/freedrive_mode_controller_parameters.hpp
[0.338s] -- Up-to-date: /home/com9/uet_ws/install/ur_controllers/include/ur_controllers/friction_model_controller_parameters.hpp
[0.338s] -- Up-to-date: /home/com9/uet_ws/install/ur_controllers/include/ur_controllers/speed_scaling_state_broadcaster_parameters.hpp
[0.338s] -- Up-to-date: /home/com9/uet_ws/install/ur_controllers/include/ur_controllers/force_mode_controller_parameters.hpp
[0.338s] -- Up-to-date: /home/com9/uet_ws/install/ur_controllers/include/ur_controllers
[0.338s] -- Up-to-date: /home/com9/uet_ws/install/ur_controllers/include/ur_controllers/scaled_joint_trajectory_controller_parameters.hpp
[0.338s] -- Up-to-date: /home/com9/uet_ws/install/ur_controllers/include/ur_controllers/gpio_controller_parameters.hpp
[0.338s] -- Up-to-date: /home/com9/uet_ws/install/ur_controllers/include/ur_controllers/tool_contact_controller_parameters.hpp
[0.338s] -- Up-to-date: /home/com9/uet_ws/install/ur_controllers/include/ur_controllers/ur_configuration_controller_parameters.hpp
[0.338s] -- Up-to-date: /home/com9/uet_ws/install/ur_controllers/include/ur_controllers/passthrough_trajectory_controller_parameters.hpp
[0.338s] -- Up-to-date: /home/com9/uet_ws/install/ur_controllers/include/ur_controllers/freedrive_mode_controller_parameters.hpp
[0.338s] -- Up-to-date: /home/com9/uet_ws/install/ur_controllers/include/ur_controllers/friction_model_controller_parameters.hpp
[0.338s] -- Up-to-date: /home/com9/uet_ws/install/ur_controllers/include/ur_controllers/speed_scaling_state_broadcaster_parameters.hpp
[0.338s] -- Up-to-date: /home/com9/uet_ws/install/ur_controllers/include/ur_controllers/force_mode_controller_parameters.hpp
[0.338s] -- Up-to-date: /home/com9/uet_ws/install/ur_controllers/include/ur_controllers
[0.338s] -- Up-to-date: /home/com9/uet_ws/install/ur_controllers/include/ur_controllers/scaled_joint_trajectory_controller_parameters.hpp
[0.338s] -- Up-to-date: /home/com9/uet_ws/install/ur_controllers/include/ur_controllers/gpio_controller_parameters.hpp
[0.338s] -- Up-to-date: /home/com9/uet_ws/install/ur_controllers/include/ur_controllers/tool_contact_controller_parameters.hpp
[0.338s] -- Up-to-date: /home/com9/uet_ws/install/ur_controllers/include/ur_controllers/ur_configuration_controller_parameters.hpp
[0.338s] -- Up-to-date: /home/com9/uet_ws/install/ur_controllers/include/ur_controllers/passthrough_trajectory_controller_parameters.hpp
[0.338s] -- Up-to-date: /home/com9/uet_ws/install/ur_controllers/include/ur_controllers/freedrive_mode_controller_parameters.hpp
[0.338s] -- Up-to-date: /home/com9/uet_ws/install/ur_controllers/include/ur_controllers/friction_model_controller_parameters.hpp
[0.338s] -- Up-to-date: /home/com9/uet_ws/install/ur_controllers/include/ur_controllers/speed_scaling_state_broadcaster_parameters.hpp
[0.338s] -- Up-to-date: /home/com9/uet_ws/install/ur_controllers/include/ur_controllers/force_mode_controller_parameters.hpp
[0.338s] -- Up-to-date: /home/com9/uet_ws/install/ur_controllers/include/ur_controllers
[0.338s] -- Up-to-date: /home/com9/uet_ws/install/ur_controllers/include/ur_controllers/scaled_joint_trajectory_controller_parameters.hpp
[0.338s] -- Up-to-date: /home/com9/uet_ws/install/ur_controllers/include/ur_controllers/gpio_controller_parameters.hpp
[0.338s] -- Up-to-date: /home/com9/uet_ws/install/ur_controllers/include/ur_controllers/tool_contact_controller_parameters.hpp
[0.339s] -- Up-to-date: /home/com9/uet_ws/install/ur_controllers/include/ur_controllers/ur_configuration_controller_parameters.hpp
[0.339s] -- Up-to-date: /home/com9/uet_ws/install/ur_controllers/include/ur_controllers/passthrough_trajectory_controller_parameters.hpp
[0.339s] -- Up-to-date: /home/com9/uet_ws/install/ur_controllers/include/ur_controllers/freedrive_mode_controller_parameters.hpp
[0.339s] -- Up-to-date: /home/com9/uet_ws/install/ur_controllers/include/ur_controllers/friction_model_controller_parameters.hpp
[0.339s] -- Up-to-date: /home/com9/uet_ws/install/ur_controllers/include/ur_controllers/speed_scaling_state_broadcaster_parameters.hpp
[0.339s] -- Up-to-date: /home/com9/uet_ws/install/ur_controllers/include/ur_controllers/force_mode_controller_parameters.hpp
[0.339s] -- Up-to-date: /home/com9/uet_ws/install/ur_controllers/include/ur_controllers
[0.339s] -- Up-to-date: /home/com9/uet_ws/install/ur_controllers/include/ur_controllers/scaled_joint_trajectory_controller_parameters.hpp
[0.339s] -- Up-to-date: /home/com9/uet_ws/install/ur_controllers/include/ur_controllers/gpio_controller_parameters.hpp
[0.339s] -- Up-to-date: /home/com9/uet_ws/install/ur_controllers/include/ur_controllers/tool_contact_controller_parameters.hpp
[0.339s] -- Up-to-date: /home/com9/uet_ws/install/ur_controllers/include/ur_controllers/ur_configuration_controller_parameters.hpp
[0.339s] -- Up-to-date: /home/com9/uet_ws/install/ur_controllers/include/ur_controllers/passthrough_trajectory_controller_parameters.hpp
[0.339s] -- Up-to-date: /home/com9/uet_ws/install/ur_controllers/include/ur_controllers/freedrive_mode_controller_parameters.hpp
[0.339s] -- Up-to-date: /home/com9/uet_ws/install/ur_controllers/include/ur_controllers/friction_model_controller_parameters.hpp
[0.339s] -- Up-to-date: /home/com9/uet_ws/install/ur_controllers/include/ur_controllers/speed_scaling_state_broadcaster_parameters.hpp
[0.339s] -- Up-to-date: /home/com9/uet_ws/install/ur_controllers/include/ur_controllers/force_mode_controller_parameters.hpp
[0.339s] -- Up-to-date: /home/com9/uet_ws/install/ur_controllers/include/ur_controllers
[0.339s] -- Up-to-date: /home/com9/uet_ws/install/ur_controllers/include/ur_controllers/scaled_joint_trajectory_controller_parameters.hpp
[0.339s] -- Up-to-date: /home/com9/uet_ws/install/ur_controllers/include/ur_controllers/gpio_controller_parameters.hpp
[0.339s] -- Up-to-date: /home/com9/uet_ws/install/ur_controllers/include/ur_controllers/tool_contact_controller_parameters.hpp
[0.339s] -- Up-to-date: /home/com9/uet_ws/install/ur_controllers/include/ur_controllers/ur_configuration_controller_parameters.hpp
[0.339s] -- Up-to-date: /home/com9/uet_ws/install/ur_controllers/include/ur_controllers/passthrough_trajectory_controller_parameters.hpp
[0.339s] -- Up-to-date: /home/com9/uet_ws/install/ur_controllers/include/ur_controllers/freedrive_mode_controller_parameters.hpp
[0.340s] -- Up-to-date: /home/com9/uet_ws/install/ur_controllers/include/ur_controllers/friction_model_controller_parameters.hpp
[0.340s] -- Up-to-date: /home/com9/uet_ws/install/ur_controllers/include/ur_controllers/speed_scaling_state_broadcaster_parameters.hpp
[0.340s] -- Up-to-date: /home/com9/uet_ws/install/ur_controllers/include/ur_controllers/force_mode_controller_parameters.hpp
[0.340s] -- Up-to-date: /home/com9/uet_ws/install/ur_controllers/share/ur_controllers/controller_plugins.xml
[0.340s] -- Up-to-date: /home/com9/uet_ws/install/ur_controllers/lib/libur_controllers.so
[0.340s] -- Up-to-date: /home/com9/uet_ws/install/ur_controllers/include
[0.340s] -- Up-to-date: /home/com9/uet_ws/install/ur_controllers/include/ur_controllers
[0.340s] -- Up-to-date: /home/com9/uet_ws/install/ur_controllers/include/ur_controllers/tool_contact_controller.hpp
[0.340s] -- Up-to-date: /home/com9/uet_ws/install/ur_controllers/include/ur_controllers/force_mode_controller.hpp
[0.341s] -- Up-to-date: /home/com9/uet_ws/install/ur_controllers/include/ur_controllers/scaled_joint_trajectory_controller.hpp
[0.341s] -- Up-to-date: /home/com9/uet_ws/install/ur_controllers/include/ur_controllers/speed_scaling_state_broadcaster.hpp
[0.341s] -- Up-to-date: /home/com9/uet_ws/install/ur_controllers/include/ur_controllers/friction_model_controller.hpp
[0.341s] -- Up-to-date: /home/com9/uet_ws/install/ur_controllers/include/ur_controllers/freedrive_mode_controller.hpp
[0.341s] -- Up-to-date: /home/com9/uet_ws/install/ur_controllers/include/ur_controllers/passthrough_trajectory_controller.hpp
[0.341s] -- Up-to-date: /home/com9/uet_ws/install/ur_controllers/include/ur_controllers/ur_configuration_controller.hpp
[0.341s] -- Up-to-date: /home/com9/uet_ws/install/ur_controllers/include/ur_controllers/gpio_controller.hpp
[0.341s] -- Up-to-date: /home/com9/uet_ws/install/ur_controllers/share/ur_controllers/controller_plugins.xml
[0.341s] -- Up-to-date: /home/com9/uet_ws/install/ur_controllers/share/ur_controllers/environment/library_path.sh
[0.341s] -- Up-to-date: /home/com9/uet_ws/install/ur_controllers/share/ur_controllers/environment/library_path.dsv
[0.341s] -- Up-to-date: /home/com9/uet_ws/install/ur_controllers/share/ament_index/resource_index/package_run_dependencies/ur_controllers
[0.341s] -- Up-to-date: /home/com9/uet_ws/install/ur_controllers/share/ament_index/resource_index/parent_prefix_path/ur_controllers
[0.341s] -- Up-to-date: /home/com9/uet_ws/install/ur_controllers/share/ur_controllers/environment/ament_prefix_path.sh
[0.341s] -- Up-to-date: /home/com9/uet_ws/install/ur_controllers/share/ur_controllers/environment/ament_prefix_path.dsv
[0.341s] -- Up-to-date: /home/com9/uet_ws/install/ur_controllers/share/ur_controllers/environment/path.sh
[0.341s] -- Up-to-date: /home/com9/uet_ws/install/ur_controllers/share/ur_controllers/environment/path.dsv
[0.341s] -- Up-to-date: /home/com9/uet_ws/install/ur_controllers/share/ur_controllers/local_setup.bash
[0.341s] -- Up-to-date: /home/com9/uet_ws/install/ur_controllers/share/ur_controllers/local_setup.sh
[0.341s] -- Up-to-date: /home/com9/uet_ws/install/ur_controllers/share/ur_controllers/local_setup.zsh
[0.341s] -- Up-to-date: /home/com9/uet_ws/install/ur_controllers/share/ur_controllers/local_setup.dsv
[0.341s] -- Installing: /home/com9/uet_ws/install/ur_controllers/share/ur_controllers/package.dsv
[0.341s] -- Up-to-date: /home/com9/uet_ws/install/ur_controllers/share/ament_index/resource_index/packages/ur_controllers
[0.341s] -- Up-to-date: /home/com9/uet_ws/install/ur_controllers/share/ament_index/resource_index/controller_interface__pluginlib__plugin/ur_controllers
[0.342s] -- Up-to-date: /home/com9/uet_ws/install/ur_controllers/share/ur_controllers/cmake/ament_cmake_export_dependencies-extras.cmake
[0.342s] -- Up-to-date: /home/com9/uet_ws/install/ur_controllers/share/ur_controllers/cmake/ament_cmake_export_include_directories-extras.cmake
[0.342s] -- Up-to-date: /home/com9/uet_ws/install/ur_controllers/share/ur_controllers/cmake/ament_cmake_export_libraries-extras.cmake
[0.342s] -- Up-to-date: /home/com9/uet_ws/install/ur_controllers/share/ur_controllers/cmake/ur_controllersConfig.cmake
[0.342s] -- Up-to-date: /home/com9/uet_ws/install/ur_controllers/share/ur_controllers/cmake/ur_controllersConfig-version.cmake
[0.342s] -- Up-to-date: /home/com9/uet_ws/install/ur_controllers/share/ur_controllers/package.xml
[0.342s] Invoked command in '/home/com9/uet_ws/build/ur_controllers' returned '0': AMENT_PREFIX_PATH=/home/com9/uet_ws/install/ur_dashboard_msgs:${AMENT_PREFIX_PATH} CMAKE_PREFIX_PATH=/home/com9/uet_ws/install/ur_dashboard_msgs:/opt/ros/humble LD_LIBRARY_PATH=/home/com9/uet_ws/install/ur_dashboard_msgs/lib:${LD_LIBRARY_PATH} PYTHONPATH=/home/com9/uet_ws/install/ur_dashboard_msgs/local/lib/python3.10/dist-packages:${PYTHONPATH} /usr/bin/cmake --install /home/com9/uet_ws/build/ur_controllers
