[0.003s] Invoking command in '/home/com9/uet_ws/build/ur_moveit_config': CMAKE_PREFIX_PATH=/opt/ros/humble /usr/bin/cmake /home/com9/uet_ws/src/Universal_Robots_ROS2_Driver/ur_moveit_config -DCMAKE_INSTALL_PREFIX=/home/com9/uet_ws/install/ur_moveit_config
[0.044s] -- The C compiler identification is GNU 11.4.0
[0.081s] -- The CXX compiler identification is GNU 11.4.0
[0.085s] -- Detecting C compiler ABI info
[0.130s] -- Detecting C compiler ABI info - done
[0.134s] -- Check for working C compiler: /usr/bin/cc - skipped
[0.135s] -- Detecting C compile features
[0.135s] -- Detecting C compile features - done
[0.137s] -- Detecting CXX compiler ABI info
[0.190s] -- Detecting CXX compiler ABI info - done
[0.195s] -- Check for working CXX compiler: /usr/bin/c++ - skipped
[0.195s] -- Detecting CXX compile features
[0.195s] -- Detecting CXX compile features - done
[0.196s] -- Found ament_cmake: 1.3.14 (/opt/ros/humble/share/ament_cmake/cmake)
[0.301s] -- Found Python3: /usr/bin/python3 (found version "3.10.12") found components: Interpreter 
[0.444s] -- Configuring done
[0.445s] -- Generating done
[0.446s] -- Build files have been written to: /home/com9/uet_ws/build/ur_moveit_config
[0.449s] Invoked command in '/home/com9/uet_ws/build/ur_moveit_config' returned '0': CMAKE_PREFIX_PATH=/opt/ros/humble /usr/bin/cmake /home/com9/uet_ws/src/Universal_Robots_ROS2_Driver/ur_moveit_config -DCMAKE_INSTALL_PREFIX=/home/com9/uet_ws/install/ur_moveit_config
[0.450s] Invoking command in '/home/com9/uet_ws/build/ur_moveit_config': CMAKE_PREFIX_PATH=/opt/ros/humble /usr/bin/cmake --build /home/com9/uet_ws/build/ur_moveit_config
[0.487s] Built target ament_cmake_python_copy_ur_moveit_config
[0.615s] running egg_info
[0.615s] creating ur_moveit_config.egg-info
[0.615s] writing ur_moveit_config.egg-info/PKG-INFO
[0.615s] writing dependency_links to ur_moveit_config.egg-info/dependency_links.txt
[0.615s] writing top-level names to ur_moveit_config.egg-info/top_level.txt
[0.615s] writing manifest file 'ur_moveit_config.egg-info/SOURCES.txt'
[0.616s] reading manifest file 'ur_moveit_config.egg-info/SOURCES.txt'
[0.617s] writing manifest file 'ur_moveit_config.egg-info/SOURCES.txt'
[0.633s] Built target ament_cmake_python_build_ur_moveit_config_egg
[0.641s] Invoked command in '/home/com9/uet_ws/build/ur_moveit_config' returned '0': CMAKE_PREFIX_PATH=/opt/ros/humble /usr/bin/cmake --build /home/com9/uet_ws/build/ur_moveit_config
[0.642s] Invoking command in '/home/com9/uet_ws/build/ur_moveit_config': CMAKE_PREFIX_PATH=/opt/ros/humble /usr/bin/cmake --install /home/com9/uet_ws/build/ur_moveit_config
[0.647s] -- Install configuration: ""
[0.647s] -- Installing: /home/com9/uet_ws/install/ur_moveit_config/share/ur_moveit_config/config
[0.647s] -- Installing: /home/com9/uet_ws/install/ur_moveit_config/share/ur_moveit_config/config/ompl_planning.yaml
[0.647s] -- Installing: /home/com9/uet_ws/install/ur_moveit_config/share/ur_moveit_config/config/ur_servo.yaml
[0.647s] -- Installing: /home/com9/uet_ws/install/ur_moveit_config/share/ur_moveit_config/config/joint_limits.yaml
[0.647s] -- Installing: /home/com9/uet_ws/install/ur_moveit_config/share/ur_moveit_config/config/controllers.yaml
[0.647s] -- Installing: /home/com9/uet_ws/install/ur_moveit_config/share/ur_moveit_config/config/kinematics.yaml
[0.647s] -- Installing: /home/com9/uet_ws/install/ur_moveit_config/share/ur_moveit_config/launch
[0.647s] -- Installing: /home/com9/uet_ws/install/ur_moveit_config/share/ur_moveit_config/launch/ur_moveit.launch.py
[0.647s] -- Installing: /home/com9/uet_ws/install/ur_moveit_config/share/ur_moveit_config/rviz
[0.647s] -- Installing: /home/com9/uet_ws/install/ur_moveit_config/share/ur_moveit_config/rviz/view_robot.rviz
[0.647s] -- Installing: /home/com9/uet_ws/install/ur_moveit_config/share/ur_moveit_config/srdf
[0.647s] -- Installing: /home/com9/uet_ws/install/ur_moveit_config/share/ur_moveit_config/srdf/ur3_with_susgrip.srdf.xacro
[0.647s] -- Installing: /home/com9/uet_ws/install/ur_moveit_config/share/ur_moveit_config/srdf/ur.srdf.xacro
[0.647s] -- Installing: /home/com9/uet_ws/install/ur_moveit_config/share/ur_moveit_config/srdf/ur_macro.srdf.xacro
[0.647s] -- Installing: /home/com9/uet_ws/install/ur_moveit_config/share/ur_moveit_config/environment/pythonpath.sh
[0.647s] -- Installing: /home/com9/uet_ws/install/ur_moveit_config/share/ur_moveit_config/environment/pythonpath.dsv
[0.647s] -- Installing: /home/com9/uet_ws/install/ur_moveit_config/local/lib/python3.10/dist-packages/ur_moveit_config-2.13.1-py3.10.egg-info
[0.648s] -- Installing: /home/com9/uet_ws/install/ur_moveit_config/local/lib/python3.10/dist-packages/ur_moveit_config-2.13.1-py3.10.egg-info/dependency_links.txt
[0.648s] -- Installing: /home/com9/uet_ws/install/ur_moveit_config/local/lib/python3.10/dist-packages/ur_moveit_config-2.13.1-py3.10.egg-info/top_level.txt
[0.648s] -- Installing: /home/com9/uet_ws/install/ur_moveit_config/local/lib/python3.10/dist-packages/ur_moveit_config-2.13.1-py3.10.egg-info/SOURCES.txt
[0.648s] -- Installing: /home/com9/uet_ws/install/ur_moveit_config/local/lib/python3.10/dist-packages/ur_moveit_config-2.13.1-py3.10.egg-info/PKG-INFO
[0.648s] -- Installing: /home/com9/uet_ws/install/ur_moveit_config/local/lib/python3.10/dist-packages/ur_moveit_config
[0.648s] -- Installing: /home/com9/uet_ws/install/ur_moveit_config/local/lib/python3.10/dist-packages/ur_moveit_config/__init__.py
[0.648s] -- Installing: /home/com9/uet_ws/install/ur_moveit_config/local/lib/python3.10/dist-packages/ur_moveit_config/launch_common.py
[0.670s] Listing '/home/com9/uet_ws/install/ur_moveit_config/local/lib/python3.10/dist-packages/ur_moveit_config'...
[0.671s] Compiling '/home/com9/uet_ws/install/ur_moveit_config/local/lib/python3.10/dist-packages/ur_moveit_config/__init__.py'...
[0.671s] Compiling '/home/com9/uet_ws/install/ur_moveit_config/local/lib/python3.10/dist-packages/ur_moveit_config/launch_common.py'...
[0.673s] -- Installing: /home/com9/uet_ws/install/ur_moveit_config/local/lib/python3.10/dist-packages/launch_common.py
[0.692s] Compiling '/home/com9/uet_ws/install/ur_moveit_config/local/lib/python3.10/dist-packages/launch_common.py'...
[0.695s] -- Installing: /home/com9/uet_ws/install/ur_moveit_config/share/ament_index/resource_index/package_run_dependencies/ur_moveit_config
[0.695s] -- Installing: /home/com9/uet_ws/install/ur_moveit_config/share/ament_index/resource_index/parent_prefix_path/ur_moveit_config
[0.695s] -- Installing: /home/com9/uet_ws/install/ur_moveit_config/share/ur_moveit_config/environment/ament_prefix_path.sh
[0.696s] -- Installing: /home/com9/uet_ws/install/ur_moveit_config/share/ur_moveit_config/environment/ament_prefix_path.dsv
[0.696s] -- Installing: /home/com9/uet_ws/install/ur_moveit_config/share/ur_moveit_config/environment/path.sh
[0.696s] -- Installing: /home/com9/uet_ws/install/ur_moveit_config/share/ur_moveit_config/environment/path.dsv
[0.696s] -- Installing: /home/com9/uet_ws/install/ur_moveit_config/share/ur_moveit_config/local_setup.bash
[0.696s] -- Installing: /home/com9/uet_ws/install/ur_moveit_config/share/ur_moveit_config/local_setup.sh
[0.696s] -- Installing: /home/com9/uet_ws/install/ur_moveit_config/share/ur_moveit_config/local_setup.zsh
[0.696s] -- Installing: /home/com9/uet_ws/install/ur_moveit_config/share/ur_moveit_config/local_setup.dsv
[0.696s] -- Installing: /home/com9/uet_ws/install/ur_moveit_config/share/ur_moveit_config/package.dsv
[0.696s] -- Installing: /home/com9/uet_ws/install/ur_moveit_config/share/ament_index/resource_index/packages/ur_moveit_config
[0.696s] -- Installing: /home/com9/uet_ws/install/ur_moveit_config/share/ur_moveit_config/cmake/ur_moveit_configConfig.cmake
[0.696s] -- Installing: /home/com9/uet_ws/install/ur_moveit_config/share/ur_moveit_config/cmake/ur_moveit_configConfig-version.cmake
[0.696s] -- Installing: /home/com9/uet_ws/install/ur_moveit_config/share/ur_moveit_config/package.xml
[0.697s] Invoked command in '/home/com9/uet_ws/build/ur_moveit_config' returned '0': CMAKE_PREFIX_PATH=/opt/ros/humble /usr/bin/cmake --install /home/com9/uet_ws/build/ur_moveit_config
