[0.011s] Invoking command in '/home/com9/uet_ws/build/ur': CMAKE_PREFIX_PATH=/home/com9/uet_ws/install/ur_calibration:/home/com9/uet_ws/install/ur_robot_driver:/home/com9/uet_ws/install/ur_controllers:/home/com9/uet_ws/install/ur_moveit_config:/home/com9/uet_ws/install/ur_dashboard_msgs:/home/com9/uet_ws/install/ur_simulation_gz:/home/com9/uet_ws/install/ur:/home/com9/uet_ws/install/ur_bringup:/home/com9/uet_ws/install/ur3_moveit_control:/home/com9/uet_ws/install/susgrip_2f_hardware:/home/com9/uet_ws/install/susgrip_2f_gazebo:/home/com9/uet_ws/install/susgrip_2f_description:/home/com9/uet_ws/install/susgrip_2f_control:/opt/ros/humble /usr/bin/cmake --build /home/com9/uet_ws/build/ur
[0.036s] Invoked command in '/home/com9/uet_ws/build/ur' returned '0': CMAKE_PREFIX_PATH=/home/com9/uet_ws/install/ur_calibration:/home/com9/uet_ws/install/ur_robot_driver:/home/com9/uet_ws/install/ur_controllers:/home/com9/uet_ws/install/ur_moveit_config:/home/com9/uet_ws/install/ur_dashboard_msgs:/home/com9/uet_ws/install/ur_simulation_gz:/home/com9/uet_ws/install/ur:/home/com9/uet_ws/install/ur_bringup:/home/com9/uet_ws/install/ur3_moveit_control:/home/com9/uet_ws/install/susgrip_2f_hardware:/home/com9/uet_ws/install/susgrip_2f_gazebo:/home/com9/uet_ws/install/susgrip_2f_description:/home/com9/uet_ws/install/susgrip_2f_control:/opt/ros/humble /usr/bin/cmake --build /home/com9/uet_ws/build/ur
[0.037s] Invoking command in '/home/com9/uet_ws/build/ur': CMAKE_PREFIX_PATH=/home/com9/uet_ws/install/ur_calibration:/home/com9/uet_ws/install/ur_robot_driver:/home/com9/uet_ws/install/ur_controllers:/home/com9/uet_ws/install/ur_moveit_config:/home/com9/uet_ws/install/ur_dashboard_msgs:/home/com9/uet_ws/install/ur_simulation_gz:/home/com9/uet_ws/install/ur:/home/com9/uet_ws/install/ur_bringup:/home/com9/uet_ws/install/ur3_moveit_control:/home/com9/uet_ws/install/susgrip_2f_hardware:/home/com9/uet_ws/install/susgrip_2f_gazebo:/home/com9/uet_ws/install/susgrip_2f_description:/home/com9/uet_ws/install/susgrip_2f_control:/opt/ros/humble /usr/bin/cmake --install /home/com9/uet_ws/build/ur
[0.043s] -- Install configuration: ""
[0.043s] -- Up-to-date: /home/com9/uet_ws/install/ur/share/ament_index/resource_index/package_run_dependencies/ur
[0.043s] -- Up-to-date: /home/com9/uet_ws/install/ur/share/ament_index/resource_index/parent_prefix_path/ur
[0.043s] -- Up-to-date: /home/com9/uet_ws/install/ur/share/ur/environment/ament_prefix_path.sh
[0.043s] -- Up-to-date: /home/com9/uet_ws/install/ur/share/ur/environment/ament_prefix_path.dsv
[0.043s] -- Up-to-date: /home/com9/uet_ws/install/ur/share/ur/environment/path.sh
[0.043s] -- Up-to-date: /home/com9/uet_ws/install/ur/share/ur/environment/path.dsv
[0.043s] -- Up-to-date: /home/com9/uet_ws/install/ur/share/ur/local_setup.bash
[0.043s] -- Up-to-date: /home/com9/uet_ws/install/ur/share/ur/local_setup.sh
[0.043s] -- Up-to-date: /home/com9/uet_ws/install/ur/share/ur/local_setup.zsh
[0.043s] -- Up-to-date: /home/com9/uet_ws/install/ur/share/ur/local_setup.dsv
[0.044s] -- Installing: /home/com9/uet_ws/install/ur/share/ur/package.dsv
[0.044s] -- Up-to-date: /home/com9/uet_ws/install/ur/share/ament_index/resource_index/packages/ur
[0.044s] -- Up-to-date: /home/com9/uet_ws/install/ur/share/ur/cmake/urConfig.cmake
[0.044s] -- Up-to-date: /home/com9/uet_ws/install/ur/share/ur/cmake/urConfig-version.cmake
[0.044s] -- Up-to-date: /home/com9/uet_ws/install/ur/share/ur/package.xml
[0.045s] Invoked command in '/home/com9/uet_ws/build/ur' returned '0': CMAKE_PREFIX_PATH=/home/com9/uet_ws/install/ur_calibration:/home/com9/uet_ws/install/ur_robot_driver:/home/com9/uet_ws/install/ur_controllers:/home/com9/uet_ws/install/ur_moveit_config:/home/com9/uet_ws/install/ur_dashboard_msgs:/home/com9/uet_ws/install/ur_simulation_gz:/home/com9/uet_ws/install/ur:/home/com9/uet_ws/install/ur_bringup:/home/com9/uet_ws/install/ur3_moveit_control:/home/com9/uet_ws/install/susgrip_2f_hardware:/home/com9/uet_ws/install/susgrip_2f_gazebo:/home/com9/uet_ws/install/susgrip_2f_description:/home/com9/uet_ws/install/susgrip_2f_control:/opt/ros/humble /usr/bin/cmake --install /home/com9/uet_ws/build/ur
