[0.009s] Invoking command in '/home/com9/uet_ws/build/ur_calibration': AMENT_PREFIX_PATH=/home/com9/uet_ws/install/ur_robot_driver:/home/com9/uet_ws/install/ur_controllers:/home/com9/uet_ws/install/ur_dashboard_msgs:${AMENT_PREFIX_PATH} CMAKE_PREFIX_PATH=/home/com9/uet_ws/install/ur_robot_driver:/home/com9/uet_ws/install/ur_controllers:/home/com9/uet_ws/install/ur_dashboard_msgs:/opt/ros/humble LD_LIBRARY_PATH=/home/com9/uet_ws/install/ur_robot_driver/lib:/home/com9/uet_ws/install/ur_controllers/lib:/home/com9/uet_ws/install/ur_dashboard_msgs/lib:${LD_LIBRARY_PATH} PATH=/home/com9/uet_ws/install/ur_robot_driver/bin:${PATH} PYTHONPATH=/home/com9/uet_ws/install/ur_robot_driver/local/lib/python3.10/dist-packages:/home/com9/uet_ws/install/ur_dashboard_msgs/local/lib/python3.10/dist-packages:${PYTHONPATH} /usr/bin/cmake /home/com9/uet_ws/src/Universal_Robots_ROS2_Driver/ur_calibration -DCMAKE_INSTALL_PREFIX=/home/com9/uet_ws/install/ur_calibration
[0.047s] -- The C compiler identification is GNU 11.4.0
[0.084s] -- The CXX compiler identification is GNU 11.4.0
[0.089s] -- Detecting C compiler ABI info
[0.136s] -- Detecting C compiler ABI info - done
[0.141s] -- Check for working C compiler: /usr/bin/cc - skipped
[0.141s] -- Detecting C compile features
[0.141s] -- Detecting C compile features - done
[0.143s] -- Detecting CXX compiler ABI info
[0.195s] -- Detecting CXX compiler ABI info - done
[0.200s] -- Check for working CXX compiler: /usr/bin/c++ - skipped
[0.200s] -- Detecting CXX compile features
[0.200s] -- Detecting CXX compile features - done
[0.201s] [0mur_calibration: You did not request a specific build type: selecting 'RelWithDebInfo'.[0m
[0.202s] -- Found ament_cmake: 1.3.14 (/opt/ros/humble/share/ament_cmake/cmake)
[0.300s] -- Found Python3: /usr/bin/python3 (found version "3.10.12") found components: Interpreter 
[0.357s] -- Found rclcpp: 16.0.19 (/opt/ros/humble/share/rclcpp/cmake)
[0.394s] -- Found rosidl_generator_c: 3.1.8 (/opt/ros/humble/share/rosidl_generator_c/cmake)
[0.398s] -- Found rosidl_adapter: 3.1.8 (/opt/ros/humble/share/rosidl_adapter/cmake)
[0.405s] -- Found rosidl_generator_cpp: 3.1.8 (/opt/ros/humble/share/rosidl_generator_cpp/cmake)
[0.417s] -- Using all available rosidl_typesupport_c: rosidl_typesupport_fastrtps_c;rosidl_typesupport_introspection_c
[0.430s] -- Using all available rosidl_typesupport_cpp: rosidl_typesupport_fastrtps_cpp;rosidl_typesupport_introspection_cpp
[0.466s] -- Found rmw_implementation_cmake: 6.1.2 (/opt/ros/humble/share/rmw_implementation_cmake/cmake)
[0.468s] -- Found rmw_fastrtps_cpp: 6.2.10 (/opt/ros/humble/share/rmw_fastrtps_cpp/cmake)
[0.537s] -- Found OpenSSL: /usr/lib/x86_64-linux-gnu/libcrypto.so (found version "3.0.2")  
[0.555s] -- Found FastRTPS: /opt/ros/humble/include  
[0.583s] -- Using RMW implementation 'rmw_fastrtps_cpp' as default
[0.590s] -- Looking for pthread.h
[0.636s] -- Looking for pthread.h - found
[0.637s] -- Performing Test CMAKE_HAVE_LIBC_PTHREAD
[0.684s] -- Performing Test CMAKE_HAVE_LIBC_PTHREAD - Success
[0.685s] -- Found Threads: TRUE  
[0.724s] -- Found ur_robot_driver: 2.13.1 (/home/com9/uet_ws/install/ur_robot_driver/share/ur_robot_driver/cmake)
[0.895s] -- Found eigen3_cmake_module: 0.1.1 (/opt/ros/humble/share/eigen3_cmake_module/cmake)
[0.896s] -- Found Eigen3: TRUE (found version "3.4.0") 
[0.896s] -- Ensuring Eigen3 include directory is part of orocos-kdl CMake target
[0.979s] -- Found yaml_cpp_vendor: 8.0.2 (/opt/ros/humble/share/yaml_cpp_vendor/cmake)
[0.999s] -- Found ament_cmake_gmock: 1.3.14 (/opt/ros/humble/share/ament_cmake_gmock/cmake)
[1.002s] -- Found gmock sources under '/opt/ros/humble/src/gmock_vendor': C++ tests using 'Google Mock' will be built
[1.006s] -- Found ament_cmake_gtest: 1.3.14 (/opt/ros/humble/share/ament_cmake_gtest/cmake)
[1.007s] -- Found gtest sources under '/opt/ros/humble/src/gtest_vendor': C++ tests using 'Google Test' will be built
[1.057s] -- Configuring done
[1.115s] -- Generating done
[1.123s] -- Build files have been written to: /home/com9/uet_ws/build/ur_calibration
[1.133s] Invoked command in '/home/com9/uet_ws/build/ur_calibration' returned '0': AMENT_PREFIX_PATH=/home/com9/uet_ws/install/ur_robot_driver:/home/com9/uet_ws/install/ur_controllers:/home/com9/uet_ws/install/ur_dashboard_msgs:${AMENT_PREFIX_PATH} CMAKE_PREFIX_PATH=/home/com9/uet_ws/install/ur_robot_driver:/home/com9/uet_ws/install/ur_controllers:/home/com9/uet_ws/install/ur_dashboard_msgs:/opt/ros/humble LD_LIBRARY_PATH=/home/com9/uet_ws/install/ur_robot_driver/lib:/home/com9/uet_ws/install/ur_controllers/lib:/home/com9/uet_ws/install/ur_dashboard_msgs/lib:${LD_LIBRARY_PATH} PATH=/home/com9/uet_ws/install/ur_robot_driver/bin:${PATH} PYTHONPATH=/home/com9/uet_ws/install/ur_robot_driver/local/lib/python3.10/dist-packages:/home/com9/uet_ws/install/ur_dashboard_msgs/local/lib/python3.10/dist-packages:${PYTHONPATH} /usr/bin/cmake /home/com9/uet_ws/src/Universal_Robots_ROS2_Driver/ur_calibration -DCMAKE_INSTALL_PREFIX=/home/com9/uet_ws/install/ur_calibration
[1.135s] Invoking command in '/home/com9/uet_ws/build/ur_calibration': AMENT_PREFIX_PATH=/home/com9/uet_ws/install/ur_robot_driver:/home/com9/uet_ws/install/ur_controllers:/home/com9/uet_ws/install/ur_dashboard_msgs:${AMENT_PREFIX_PATH} CMAKE_PREFIX_PATH=/home/com9/uet_ws/install/ur_robot_driver:/home/com9/uet_ws/install/ur_controllers:/home/com9/uet_ws/install/ur_dashboard_msgs:/opt/ros/humble LD_LIBRARY_PATH=/home/com9/uet_ws/install/ur_robot_driver/lib:/home/com9/uet_ws/install/ur_controllers/lib:/home/com9/uet_ws/install/ur_dashboard_msgs/lib:${LD_LIBRARY_PATH} PATH=/home/com9/uet_ws/install/ur_robot_driver/bin:${PATH} PYTHONPATH=/home/com9/uet_ws/install/ur_robot_driver/local/lib/python3.10/dist-packages:/home/com9/uet_ws/install/ur_dashboard_msgs/local/lib/python3.10/dist-packages:${PYTHONPATH} /usr/bin/cmake --build /home/com9/uet_ws/build/ur_calibration
[1.167s] [  8%] [32mBuilding CXX object CMakeFiles/calibration.dir/src/calibration.cpp.o[0m
[5.967s] [ 16%] [32mBuilding CXX object CMakeFiles/calibration.dir/src/calibration_consumer.cpp.o[0m
[8.903s] [ 25%] [32m[1mLinking CXX static library libcalibration.a[0m
[8.951s] [ 25%] Built target calibration
[8.964s] [ 33%] [32mBuilding CXX object CMakeFiles/calibration_correction.dir/src/calibration_correction.cpp.o[0m
[12.574s] [ 41%] [32m[1mLinking CXX executable calibration_correction[0m
[12.832s] [ 41%] Built target calibration_correction
[12.845s] [ 50%] [32mBuilding CXX object gmock/CMakeFiles/gmock_main.dir/src/gmock_main.cc.o[0m
[13.533s] [ 58%] [32m[1mLinking CXX static library libgmock_main.a[0m
[13.553s] [ 58%] Built target gmock_main
[13.565s] [ 66%] [32mBuilding CXX object gmock/CMakeFiles/gmock.dir/opt/ros/humble/src/gtest_vendor/src/gtest-all.cc.o[0m
[18.706s] [ 75%] [32mBuilding CXX object gmock/CMakeFiles/gmock.dir/src/gmock-all.cc.o[0m
[20.756s] [ 83%] [32m[1mLinking CXX static library libgmock.a[0m
[20.811s] [ 83%] Built target gmock
[20.825s] [ 91%] [32mBuilding CXX object CMakeFiles/calibration_test.dir/test/calibration_test.cpp.o[0m
[25.438s] [100%] [32m[1mLinking CXX executable calibration_test[0m
[25.690s] [100%] Built target calibration_test
[25.696s] Invoked command in '/home/com9/uet_ws/build/ur_calibration' returned '0': AMENT_PREFIX_PATH=/home/com9/uet_ws/install/ur_robot_driver:/home/com9/uet_ws/install/ur_controllers:/home/com9/uet_ws/install/ur_dashboard_msgs:${AMENT_PREFIX_PATH} CMAKE_PREFIX_PATH=/home/com9/uet_ws/install/ur_robot_driver:/home/com9/uet_ws/install/ur_controllers:/home/com9/uet_ws/install/ur_dashboard_msgs:/opt/ros/humble LD_LIBRARY_PATH=/home/com9/uet_ws/install/ur_robot_driver/lib:/home/com9/uet_ws/install/ur_controllers/lib:/home/com9/uet_ws/install/ur_dashboard_msgs/lib:${LD_LIBRARY_PATH} PATH=/home/com9/uet_ws/install/ur_robot_driver/bin:${PATH} PYTHONPATH=/home/com9/uet_ws/install/ur_robot_driver/local/lib/python3.10/dist-packages:/home/com9/uet_ws/install/ur_dashboard_msgs/local/lib/python3.10/dist-packages:${PYTHONPATH} /usr/bin/cmake --build /home/com9/uet_ws/build/ur_calibration
[25.698s] Invoking command in '/home/com9/uet_ws/build/ur_calibration': AMENT_PREFIX_PATH=/home/com9/uet_ws/install/ur_robot_driver:/home/com9/uet_ws/install/ur_controllers:/home/com9/uet_ws/install/ur_dashboard_msgs:${AMENT_PREFIX_PATH} CMAKE_PREFIX_PATH=/home/com9/uet_ws/install/ur_robot_driver:/home/com9/uet_ws/install/ur_controllers:/home/com9/uet_ws/install/ur_dashboard_msgs:/opt/ros/humble LD_LIBRARY_PATH=/home/com9/uet_ws/install/ur_robot_driver/lib:/home/com9/uet_ws/install/ur_controllers/lib:/home/com9/uet_ws/install/ur_dashboard_msgs/lib:${LD_LIBRARY_PATH} PATH=/home/com9/uet_ws/install/ur_robot_driver/bin:${PATH} PYTHONPATH=/home/com9/uet_ws/install/ur_robot_driver/local/lib/python3.10/dist-packages:/home/com9/uet_ws/install/ur_dashboard_msgs/local/lib/python3.10/dist-packages:${PYTHONPATH} /usr/bin/cmake --install /home/com9/uet_ws/build/ur_calibration
[25.703s] -- Install configuration: "RelWithDebInfo"
[25.703s] -- Installing: /home/com9/uet_ws/install/ur_calibration/lib/ur_calibration/calibration_correction
[25.707s] -- Set runtime path of "/home/com9/uet_ws/install/ur_calibration/lib/ur_calibration/calibration_correction" to ""
[25.707s] -- Installing: /home/com9/uet_ws/install/ur_calibration/include
[25.707s] -- Installing: /home/com9/uet_ws/install/ur_calibration/include/ur_calibration
[25.708s] -- Installing: /home/com9/uet_ws/install/ur_calibration/include/ur_calibration/calibration_consumer.hpp
[25.708s] -- Installing: /home/com9/uet_ws/install/ur_calibration/include/ur_calibration/calibration.hpp
[25.708s] -- Installing: /home/com9/uet_ws/install/ur_calibration/share/ur_calibration/launch
[25.708s] -- Installing: /home/com9/uet_ws/install/ur_calibration/share/ur_calibration/launch/calibration_correction.launch.py
[25.708s] -- Installing: /home/com9/uet_ws/install/ur_calibration/share/ament_index/resource_index/package_run_dependencies/ur_calibration
[25.708s] -- Installing: /home/com9/uet_ws/install/ur_calibration/share/ament_index/resource_index/parent_prefix_path/ur_calibration
[25.708s] -- Installing: /home/com9/uet_ws/install/ur_calibration/share/ur_calibration/environment/ament_prefix_path.sh
[25.708s] -- Installing: /home/com9/uet_ws/install/ur_calibration/share/ur_calibration/environment/ament_prefix_path.dsv
[25.708s] -- Installing: /home/com9/uet_ws/install/ur_calibration/share/ur_calibration/environment/path.sh
[25.708s] -- Installing: /home/com9/uet_ws/install/ur_calibration/share/ur_calibration/environment/path.dsv
[25.708s] -- Installing: /home/com9/uet_ws/install/ur_calibration/share/ur_calibration/local_setup.bash
[25.708s] -- Installing: /home/com9/uet_ws/install/ur_calibration/share/ur_calibration/local_setup.sh
[25.709s] -- Installing: /home/com9/uet_ws/install/ur_calibration/share/ur_calibration/local_setup.zsh
[25.709s] -- Installing: /home/com9/uet_ws/install/ur_calibration/share/ur_calibration/local_setup.dsv
[25.709s] -- Installing: /home/com9/uet_ws/install/ur_calibration/share/ur_calibration/package.dsv
[25.709s] -- Installing: /home/com9/uet_ws/install/ur_calibration/share/ament_index/resource_index/packages/ur_calibration
[25.709s] -- Installing: /home/com9/uet_ws/install/ur_calibration/share/ur_calibration/cmake/ament_cmake_export_include_directories-extras.cmake
[25.709s] -- Installing: /home/com9/uet_ws/install/ur_calibration/share/ur_calibration/cmake/ament_cmake_export_dependencies-extras.cmake
[25.709s] -- Installing: /home/com9/uet_ws/install/ur_calibration/share/ur_calibration/cmake/ur_calibrationConfig.cmake
[25.709s] -- Installing: /home/com9/uet_ws/install/ur_calibration/share/ur_calibration/cmake/ur_calibrationConfig-version.cmake
[25.709s] -- Installing: /home/com9/uet_ws/install/ur_calibration/share/ur_calibration/package.xml
[25.710s] Invoked command in '/home/com9/uet_ws/build/ur_calibration' returned '0': AMENT_PREFIX_PATH=/home/com9/uet_ws/install/ur_robot_driver:/home/com9/uet_ws/install/ur_controllers:/home/com9/uet_ws/install/ur_dashboard_msgs:${AMENT_PREFIX_PATH} CMAKE_PREFIX_PATH=/home/com9/uet_ws/install/ur_robot_driver:/home/com9/uet_ws/install/ur_controllers:/home/com9/uet_ws/install/ur_dashboard_msgs:/opt/ros/humble LD_LIBRARY_PATH=/home/com9/uet_ws/install/ur_robot_driver/lib:/home/com9/uet_ws/install/ur_controllers/lib:/home/com9/uet_ws/install/ur_dashboard_msgs/lib:${LD_LIBRARY_PATH} PATH=/home/com9/uet_ws/install/ur_robot_driver/bin:${PATH} PYTHONPATH=/home/com9/uet_ws/install/ur_robot_driver/local/lib/python3.10/dist-packages:/home/com9/uet_ws/install/ur_dashboard_msgs/local/lib/python3.10/dist-packages:${PYTHONPATH} /usr/bin/cmake --install /home/com9/uet_ws/build/ur_calibration
