/home/com9/uet_ws/install/susgrip_2f_gazebo/lib/python3.10/site-packages/susgrip_2f_gazebo/__init__.py
/home/com9/uet_ws/install/susgrip_2f_gazebo/lib/python3.10/site-packages/susgrip_2f_gazebo/gazebo_joint_publisher.py
/home/com9/uet_ws/install/susgrip_2f_gazebo/lib/python3.10/site-packages/susgrip_2f_gazebo/integrated_gazebo_joint_publisher.py
/home/com9/uet_ws/install/susgrip_2f_gazebo/lib/python3.10/site-packages/susgrip_2f_gazebo/__pycache__/__init__.cpython-310.pyc
/home/com9/uet_ws/install/susgrip_2f_gazebo/lib/python3.10/site-packages/susgrip_2f_gazebo/__pycache__/gazebo_joint_publisher.cpython-310.pyc
/home/com9/uet_ws/install/susgrip_2f_gazebo/lib/python3.10/site-packages/susgrip_2f_gazebo/__pycache__/integrated_gazebo_joint_publisher.cpython-310.pyc
/home/com9/uet_ws/install/susgrip_2f_gazebo/share/ament_index/resource_index/packages/susgrip_2f_gazebo
/home/com9/uet_ws/install/susgrip_2f_gazebo/share/susgrip_2f_gazebo/package.xml
/home/com9/uet_ws/install/susgrip_2f_gazebo/share/susgrip_2f_gazebo/launch/susgrip_2f_gazebo.launch.py
/home/com9/uet_ws/install/susgrip_2f_gazebo/share/susgrip_2f_gazebo/config/susgrip_2f.yaml
/home/com9/uet_ws/install/susgrip_2f_gazebo/share/susgrip_2f_gazebo/urdf/susgrip_2f_gazebo.urdf
/home/com9/uet_ws/install/susgrip_2f_gazebo/share/susgrip_2f_gazebo/urdf/susgrip_2f_gazebo.urdf.xacro
/home/com9/uet_ws/install/susgrip_2f_gazebo/lib/python3.10/site-packages/susgrip_2f_gazebo-0.0.0-py3.10.egg-info/dependency_links.txt
/home/com9/uet_ws/install/susgrip_2f_gazebo/lib/python3.10/site-packages/susgrip_2f_gazebo-0.0.0-py3.10.egg-info/entry_points.txt
/home/com9/uet_ws/install/susgrip_2f_gazebo/lib/python3.10/site-packages/susgrip_2f_gazebo-0.0.0-py3.10.egg-info/zip-safe
/home/com9/uet_ws/install/susgrip_2f_gazebo/lib/python3.10/site-packages/susgrip_2f_gazebo-0.0.0-py3.10.egg-info/top_level.txt
/home/com9/uet_ws/install/susgrip_2f_gazebo/lib/python3.10/site-packages/susgrip_2f_gazebo-0.0.0-py3.10.egg-info/SOURCES.txt
/home/com9/uet_ws/install/susgrip_2f_gazebo/lib/python3.10/site-packages/susgrip_2f_gazebo-0.0.0-py3.10.egg-info/PKG-INFO
/home/com9/uet_ws/install/susgrip_2f_gazebo/lib/susgrip_2f_gazebo/gazebo_joint_publisher
/home/com9/uet_ws/install/susgrip_2f_gazebo/lib/susgrip_2f_gazebo/integrated_gazebo_joint_publisher
