-- Found ament_cmake: 1.3.14 (/opt/ros/humble/share/ament_cmake/cmake)
-- Found rclcpp: 16.0.19 (/opt/ros/humble/share/rclcpp/cmake)
-- Found rosidl_generator_c: 3.1.8 (/opt/ros/humble/share/rosidl_generator_c/cmake)
-- Found rosidl_adapter: 3.1.8 (/opt/ros/humble/share/rosidl_adapter/cmake)
-- Found rosidl_generator_cpp: 3.1.8 (/opt/ros/humble/share/rosidl_generator_cpp/cmake)
-- Using all available rosidl_typesupport_c: rosidl_typesupport_fastrtps_c;rosidl_typesupport_introspection_c
-- Using all available rosidl_typesupport_cpp: rosidl_typesupport_fastrtps_cpp;rosidl_typesupport_introspection_cpp
-- Found rmw_implementation_cmake: 6.1.2 (/opt/ros/humble/share/rmw_implementation_cmake/cmake)
-- Found rmw_fastrtps_cpp: 6.2.10 (/opt/ros/humble/share/rmw_fastrtps_cpp/cmake)
-- Using RMW implementation 'rmw_fastrtps_cpp' as default
-- Found rclcpp_action: 16.0.19 (/opt/ros/humble/share/rclcpp_action/cmake)
-- Found moveit_ros_planning_interface: 2.5.9 (/opt/ros/humble/share/moveit_ros_planning_interface/cmake)
-- Found Boost: /usr/lib/x86_64-linux-gnu/cmake/Boost-1.74.0/BoostConfig.cmake (found version "1.74.0") found components: date_time filesystem program_options system thread 
-- Found Boost: /usr/lib/x86_64-linux-gnu/cmake/Boost-1.74.0/BoostConfig.cmake (found version "1.74.0") found components: chrono date_time filesystem iostreams program_options regex serialization system thread 
-- Found parameter_traits: 0.7.4 (/opt/ros/humble/share/parameter_traits/cmake)
-- Found rclcpp_lifecycle: 16.0.19 (/opt/ros/humble/share/rclcpp_lifecycle/cmake)
-- library: /usr/lib/x86_64-linux-gnu/libcurl.so
-- Ensuring Eigen3 include directory is part of orocos-kdl CMake target
-- Found Boost: /usr/lib/x86_64-linux-gnu/cmake/Boost-1.74.0/BoostConfig.cmake (found version "1.74.0") found components: system filesystem date_time program_options thread chrono 
-- Found Boost: /usr/lib/x86_64-linux-gnu/cmake/Boost-1.74.0/BoostConfig.cmake (found version "1.74.0") found components: thread system filesystem regex date_time program_options 
-- Found Boost: /usr/lib/x86_64-linux-gnu/cmake/Boost-1.74.0/BoostConfig.cmake (found version "1.74.0") found components: system filesystem date_time program_options thread 
-- Found rosidl_default_generators: 1.2.1 (/opt/ros/humble/share/rosidl_default_generators/cmake)
-- Found ament_cmake_ros: 0.10.0 (/opt/ros/humble/share/ament_cmake_ros/cmake)
-- Using all available rosidl_typesupport_c: rosidl_typesupport_fastrtps_c;rosidl_typesupport_introspection_c
-- Using all available rosidl_typesupport_cpp: rosidl_typesupport_fastrtps_cpp;rosidl_typesupport_introspection_cpp
-- Found python_cmake_module: 0.10.0 (/opt/ros/humble/share/python_cmake_module/cmake)
-- Using PYTHON_EXECUTABLE: /usr/bin/python3
-- Using PYTHON_INCLUDE_DIRS: /usr/include/python3.10
-- Using PYTHON_LIBRARIES: /usr/lib/x86_64-linux-gnu/libpython3.10.so
-- Configuring done
-- Generating done
-- Build files have been written to: /home/com9/uet_ws/build/ur3_moveit_control
[  2%] [34m[1mGenerating Rust code for ROS interfaces[0m
[  2%] Built target ur3_moveit_control__rs
[  5%] [34m[1mGenerating C code for ROS interfaces[0m
[35m[1mConsolidate compiler generated dependencies of target ur3_moveit_control__rosidl_generator_c[0m
[  8%] [32mBuilding C object CMakeFiles/ur3_moveit_control__rosidl_generator_c.dir/rosidl_generator_c/ur3_moveit_control/action/detail/ur3_control__functions.c.o[0m
[ 11%] [32m[1mLinking C shared library libur3_moveit_control__rosidl_generator_c.so[0m
[ 11%] Built target ur3_moveit_control__rosidl_generator_c
[ 13%] [34m[1mGenerating C type support for eProsima Fast-RTPS[0m
[35m[1mConsolidate compiler generated dependencies of target ur3_moveit_control__rosidl_typesupport_fastrtps_c[0m
[ 16%] [32mBuilding CXX object CMakeFiles/ur3_moveit_control__rosidl_typesupport_fastrtps_c.dir/rosidl_typesupport_fastrtps_c/ur3_moveit_control/action/detail/ur3_control__type_support_c.cpp.o[0m
[ 19%] [32m[1mLinking CXX shared library libur3_moveit_control__rosidl_typesupport_fastrtps_c.so[0m
[ 19%] Built target ur3_moveit_control__rosidl_typesupport_fastrtps_c
[ 22%] [34m[1mGenerating C++ code for ROS interfaces[0m
[ 22%] Built target ur3_moveit_control__cpp
[ 25%] [34m[1mGenerating C++ type support for eProsima Fast-RTPS[0m
[35m[1mConsolidate compiler generated dependencies of target ur3_moveit_control__rosidl_typesupport_fastrtps_cpp[0m
[ 27%] [32mBuilding CXX object CMakeFiles/ur3_moveit_control__rosidl_typesupport_fastrtps_cpp.dir/rosidl_typesupport_fastrtps_cpp/ur3_moveit_control/action/detail/dds_fastrtps/ur3_control__type_support.cpp.o[0m
[ 30%] [32m[1mLinking CXX shared library libur3_moveit_control__rosidl_typesupport_fastrtps_cpp.so[0m
[ 30%] Built target ur3_moveit_control__rosidl_typesupport_fastrtps_cpp
[ 33%] [34m[1mGenerating C introspection for ROS interfaces[0m
[35m[1mConsolidate compiler generated dependencies of target ur3_moveit_control__rosidl_typesupport_introspection_c[0m
[ 36%] [32mBuilding C object CMakeFiles/ur3_moveit_control__rosidl_typesupport_introspection_c.dir/rosidl_typesupport_introspection_c/ur3_moveit_control/action/detail/ur3_control__type_support.c.o[0m
[ 38%] [32m[1mLinking C shared library libur3_moveit_control__rosidl_typesupport_introspection_c.so[0m
[ 38%] Built target ur3_moveit_control__rosidl_typesupport_introspection_c
[ 41%] [34m[1mGenerating C type support dispatch for ROS interfaces[0m
[35m[1mConsolidate compiler generated dependencies of target ur3_moveit_control__rosidl_typesupport_c[0m
[ 44%] [32mBuilding CXX object CMakeFiles/ur3_moveit_control__rosidl_typesupport_c.dir/rosidl_typesupport_c/ur3_moveit_control/action/ur3_control__type_support.cpp.o[0m
[ 47%] [32m[1mLinking CXX shared library libur3_moveit_control__rosidl_typesupport_c.so[0m
[ 47%] Built target ur3_moveit_control__rosidl_typesupport_c
[ 50%] [34m[1mGenerating C++ introspection for ROS interfaces[0m
[35m[1mConsolidate compiler generated dependencies of target ur3_moveit_control__rosidl_typesupport_introspection_cpp[0m
[ 52%] [32mBuilding CXX object CMakeFiles/ur3_moveit_control__rosidl_typesupport_introspection_cpp.dir/rosidl_typesupport_introspection_cpp/ur3_moveit_control/action/detail/ur3_control__type_support.cpp.o[0m
[ 55%] [32m[1mLinking CXX shared library libur3_moveit_control__rosidl_typesupport_introspection_cpp.so[0m
[ 55%] Built target ur3_moveit_control__rosidl_typesupport_introspection_cpp
[ 58%] [34m[1mGenerating C++ type support dispatch for ROS interfaces[0m
[35m[1mConsolidate compiler generated dependencies of target ur3_moveit_control__rosidl_typesupport_cpp[0m
[ 61%] [32mBuilding CXX object CMakeFiles/ur3_moveit_control__rosidl_typesupport_cpp.dir/rosidl_typesupport_cpp/ur3_moveit_control/action/ur3_control__type_support.cpp.o[0m
[ 63%] [32m[1mLinking CXX shared library libur3_moveit_control__rosidl_typesupport_cpp.so[0m
[ 63%] Built target ur3_moveit_control__rosidl_typesupport_cpp
[ 63%] Built target ur3_moveit_control
[ 63%] Built target ament_cmake_python_copy_ur3_moveit_control
running egg_info
writing ur3_moveit_control.egg-info/PKG-INFO
writing dependency_links to ur3_moveit_control.egg-info/dependency_links.txt
writing top-level names to ur3_moveit_control.egg-info/top_level.txt
reading manifest file 'ur3_moveit_control.egg-info/SOURCES.txt'
writing manifest file 'ur3_moveit_control.egg-info/SOURCES.txt'
[ 63%] Built target ament_cmake_python_build_ur3_moveit_control_egg
[ 66%] [34m[1mGenerating Python code for ROS interfaces[0m
[ 66%] Built target ur3_moveit_control__py
[35m[1mConsolidate compiler generated dependencies of target ur3_moveit_control__rosidl_generator_py[0m
[ 69%] [32mBuilding C object CMakeFiles/ur3_moveit_control__rosidl_generator_py.dir/rosidl_generator_py/ur3_moveit_control/action/_ur3_control_s.c.o[0m
[ 72%] [32m[1mLinking C shared library rosidl_generator_py/ur3_moveit_control/libur3_moveit_control__rosidl_generator_py.so[0m
[ 72%] Built target ur3_moveit_control__rosidl_generator_py
[35m[1mConsolidate compiler generated dependencies of target ur3_moveit_control__rosidl_typesupport_fastrtps_c__pyext[0m
[ 75%] [32mBuilding C object CMakeFiles/ur3_moveit_control__rosidl_typesupport_fastrtps_c__pyext.dir/rosidl_generator_py/ur3_moveit_control/_ur3_moveit_control_s.ep.rosidl_typesupport_fastrtps_c.c.o[0m
[ 77%] [32m[1mLinking C shared library rosidl_generator_py/ur3_moveit_control/ur3_moveit_control_s__rosidl_typesupport_fastrtps_c.cpython-310-x86_64-linux-gnu.so[0m
[ 77%] Built target ur3_moveit_control__rosidl_typesupport_fastrtps_c__pyext
[35m[1mConsolidate compiler generated dependencies of target ur3_moveit_control__rosidl_typesupport_introspection_c__pyext[0m
[ 80%] [32mBuilding C object CMakeFiles/ur3_moveit_control__rosidl_typesupport_introspection_c__pyext.dir/rosidl_generator_py/ur3_moveit_control/_ur3_moveit_control_s.ep.rosidl_typesupport_introspection_c.c.o[0m
[ 83%] [32m[1mLinking C shared library rosidl_generator_py/ur3_moveit_control/ur3_moveit_control_s__rosidl_typesupport_introspection_c.cpython-310-x86_64-linux-gnu.so[0m
[ 83%] Built target ur3_moveit_control__rosidl_typesupport_introspection_c__pyext
[35m[1mConsolidate compiler generated dependencies of target ur3_moveit_control__rosidl_typesupport_c__pyext[0m
[ 86%] [32mBuilding C object CMakeFiles/ur3_moveit_control__rosidl_typesupport_c__pyext.dir/rosidl_generator_py/ur3_moveit_control/_ur3_moveit_control_s.ep.rosidl_typesupport_c.c.o[0m
[ 88%] [32m[1mLinking C shared library rosidl_generator_py/ur3_moveit_control/ur3_moveit_control_s__rosidl_typesupport_c.cpython-310-x86_64-linux-gnu.so[0m
[ 88%] Built target ur3_moveit_control__rosidl_typesupport_c__pyext
[35m[1mConsolidate compiler generated dependencies of target ur3_motion_interface[0m
[ 91%] [32mBuilding CXX object CMakeFiles/ur3_motion_interface.dir/src/ur3_motion_interface.cpp.o[0m
[ 94%] [32m[1mLinking CXX shared library libur3_motion_interface.so[0m
[ 94%] Built target ur3_motion_interface
[35m[1mConsolidate compiler generated dependencies of target ur3_control_node[0m
[ 97%] [32mBuilding CXX object CMakeFiles/ur3_control_node.dir/src/ur3_control_node.cpp.o[0m
[100%] [32m[1mLinking CXX executable ur3_control_node[0m
[100%] Built target ur3_control_node
-- Install configuration: ""
-- Installing: /home/com9/uet_ws/install/ur3_moveit_control/share/ament_index/resource_index/rosidl_interfaces/ur3_moveit_control
-- Up-to-date: /home/com9/uet_ws/install/ur3_moveit_control/include/ur3_moveit_control/ur3_moveit_control
-- Up-to-date: /home/com9/uet_ws/install/ur3_moveit_control/include/ur3_moveit_control/ur3_moveit_control/msg
-- Installing: /home/com9/uet_ws/install/ur3_moveit_control/include/ur3_moveit_control/ur3_moveit_control/msg/rosidl_generator_c__visibility_control.h
-- Up-to-date: /home/com9/uet_ws/install/ur3_moveit_control/include/ur3_moveit_control/ur3_moveit_control/action
-- Installing: /home/com9/uet_ws/install/ur3_moveit_control/include/ur3_moveit_control/ur3_moveit_control/action/ur3_control.h
-- Up-to-date: /home/com9/uet_ws/install/ur3_moveit_control/include/ur3_moveit_control/ur3_moveit_control/action/detail
-- Installing: /home/com9/uet_ws/install/ur3_moveit_control/include/ur3_moveit_control/ur3_moveit_control/action/detail/ur3_control__struct.h
-- Installing: /home/com9/uet_ws/install/ur3_moveit_control/include/ur3_moveit_control/ur3_moveit_control/action/detail/ur3_control__type_support.h
-- Installing: /home/com9/uet_ws/install/ur3_moveit_control/include/ur3_moveit_control/ur3_moveit_control/action/detail/ur3_control__functions.c
-- Installing: /home/com9/uet_ws/install/ur3_moveit_control/include/ur3_moveit_control/ur3_moveit_control/action/detail/ur3_control__functions.h
-- Installing: /home/com9/uet_ws/install/ur3_moveit_control/share/ur3_moveit_control/environment/library_path.sh
-- Installing: /home/com9/uet_ws/install/ur3_moveit_control/share/ur3_moveit_control/environment/library_path.dsv
-- Installing: /home/com9/uet_ws/install/ur3_moveit_control/lib/libur3_moveit_control__rosidl_generator_c.so
-- Set runtime path of "/home/com9/uet_ws/install/ur3_moveit_control/lib/libur3_moveit_control__rosidl_generator_c.so" to ""
-- Up-to-date: /home/com9/uet_ws/install/ur3_moveit_control/include/ur3_moveit_control/ur3_moveit_control
-- Up-to-date: /home/com9/uet_ws/install/ur3_moveit_control/include/ur3_moveit_control/ur3_moveit_control/msg
-- Installing: /home/com9/uet_ws/install/ur3_moveit_control/include/ur3_moveit_control/ur3_moveit_control/msg/rosidl_typesupport_fastrtps_c__visibility_control.h
-- Up-to-date: /home/com9/uet_ws/install/ur3_moveit_control/include/ur3_moveit_control/ur3_moveit_control/action
-- Up-to-date: /home/com9/uet_ws/install/ur3_moveit_control/include/ur3_moveit_control/ur3_moveit_control/action/detail
-- Installing: /home/com9/uet_ws/install/ur3_moveit_control/include/ur3_moveit_control/ur3_moveit_control/action/detail/ur3_control__rosidl_typesupport_fastrtps_c.h
-- Installing: /home/com9/uet_ws/install/ur3_moveit_control/lib/libur3_moveit_control__rosidl_typesupport_fastrtps_c.so
-- Set runtime path of "/home/com9/uet_ws/install/ur3_moveit_control/lib/libur3_moveit_control__rosidl_typesupport_fastrtps_c.so" to ""
-- Up-to-date: /home/com9/uet_ws/install/ur3_moveit_control/include/ur3_moveit_control/ur3_moveit_control
-- Up-to-date: /home/com9/uet_ws/install/ur3_moveit_control/include/ur3_moveit_control/ur3_moveit_control/msg
-- Installing: /home/com9/uet_ws/install/ur3_moveit_control/include/ur3_moveit_control/ur3_moveit_control/msg/rosidl_generator_cpp__visibility_control.hpp
-- Up-to-date: /home/com9/uet_ws/install/ur3_moveit_control/include/ur3_moveit_control/ur3_moveit_control/action
-- Installing: /home/com9/uet_ws/install/ur3_moveit_control/include/ur3_moveit_control/ur3_moveit_control/action/ur3_control.hpp
-- Up-to-date: /home/com9/uet_ws/install/ur3_moveit_control/include/ur3_moveit_control/ur3_moveit_control/action/detail
-- Installing: /home/com9/uet_ws/install/ur3_moveit_control/include/ur3_moveit_control/ur3_moveit_control/action/detail/ur3_control__type_support.hpp
-- Installing: /home/com9/uet_ws/install/ur3_moveit_control/include/ur3_moveit_control/ur3_moveit_control/action/detail/ur3_control__traits.hpp
-- Installing: /home/com9/uet_ws/install/ur3_moveit_control/include/ur3_moveit_control/ur3_moveit_control/action/detail/ur3_control__builder.hpp
-- Installing: /home/com9/uet_ws/install/ur3_moveit_control/include/ur3_moveit_control/ur3_moveit_control/action/detail/ur3_control__struct.hpp
-- Up-to-date: /home/com9/uet_ws/install/ur3_moveit_control/include/ur3_moveit_control/ur3_moveit_control
-- Up-to-date: /home/com9/uet_ws/install/ur3_moveit_control/include/ur3_moveit_control/ur3_moveit_control/msg
-- Installing: /home/com9/uet_ws/install/ur3_moveit_control/include/ur3_moveit_control/ur3_moveit_control/msg/rosidl_typesupport_fastrtps_cpp__visibility_control.h
-- Up-to-date: /home/com9/uet_ws/install/ur3_moveit_control/include/ur3_moveit_control/ur3_moveit_control/action
-- Up-to-date: /home/com9/uet_ws/install/ur3_moveit_control/include/ur3_moveit_control/ur3_moveit_control/action/detail
-- Installing: /home/com9/uet_ws/install/ur3_moveit_control/include/ur3_moveit_control/ur3_moveit_control/action/detail/dds_fastrtps
-- Installing: /home/com9/uet_ws/install/ur3_moveit_control/include/ur3_moveit_control/ur3_moveit_control/action/detail/ur3_control__rosidl_typesupport_fastrtps_cpp.hpp
-- Installing: /home/com9/uet_ws/install/ur3_moveit_control/lib/libur3_moveit_control__rosidl_typesupport_fastrtps_cpp.so
-- Set runtime path of "/home/com9/uet_ws/install/ur3_moveit_control/lib/libur3_moveit_control__rosidl_typesupport_fastrtps_cpp.so" to ""
-- Up-to-date: /home/com9/uet_ws/install/ur3_moveit_control/include/ur3_moveit_control/ur3_moveit_control
-- Up-to-date: /home/com9/uet_ws/install/ur3_moveit_control/include/ur3_moveit_control/ur3_moveit_control/msg
-- Installing: /home/com9/uet_ws/install/ur3_moveit_control/include/ur3_moveit_control/ur3_moveit_control/msg/rosidl_typesupport_introspection_c__visibility_control.h
-- Up-to-date: /home/com9/uet_ws/install/ur3_moveit_control/include/ur3_moveit_control/ur3_moveit_control/action
-- Up-to-date: /home/com9/uet_ws/install/ur3_moveit_control/include/ur3_moveit_control/ur3_moveit_control/action/detail
-- Installing: /home/com9/uet_ws/install/ur3_moveit_control/include/ur3_moveit_control/ur3_moveit_control/action/detail/ur3_control__rosidl_typesupport_introspection_c.h
-- Installing: /home/com9/uet_ws/install/ur3_moveit_control/include/ur3_moveit_control/ur3_moveit_control/action/detail/ur3_control__type_support.c
-- Installing: /home/com9/uet_ws/install/ur3_moveit_control/lib/libur3_moveit_control__rosidl_typesupport_introspection_c.so
-- Set runtime path of "/home/com9/uet_ws/install/ur3_moveit_control/lib/libur3_moveit_control__rosidl_typesupport_introspection_c.so" to ""
-- Installing: /home/com9/uet_ws/install/ur3_moveit_control/lib/libur3_moveit_control__rosidl_typesupport_c.so
-- Set runtime path of "/home/com9/uet_ws/install/ur3_moveit_control/lib/libur3_moveit_control__rosidl_typesupport_c.so" to ""
-- Up-to-date: /home/com9/uet_ws/install/ur3_moveit_control/include/ur3_moveit_control/ur3_moveit_control
-- Up-to-date: /home/com9/uet_ws/install/ur3_moveit_control/include/ur3_moveit_control/ur3_moveit_control/action
-- Up-to-date: /home/com9/uet_ws/install/ur3_moveit_control/include/ur3_moveit_control/ur3_moveit_control/action/detail
-- Installing: /home/com9/uet_ws/install/ur3_moveit_control/include/ur3_moveit_control/ur3_moveit_control/action/detail/ur3_control__rosidl_typesupport_introspection_cpp.hpp
-- Installing: /home/com9/uet_ws/install/ur3_moveit_control/include/ur3_moveit_control/ur3_moveit_control/action/detail/ur3_control__type_support.cpp
-- Installing: /home/com9/uet_ws/install/ur3_moveit_control/lib/libur3_moveit_control__rosidl_typesupport_introspection_cpp.so
-- Set runtime path of "/home/com9/uet_ws/install/ur3_moveit_control/lib/libur3_moveit_control__rosidl_typesupport_introspection_cpp.so" to ""
-- Installing: /home/com9/uet_ws/install/ur3_moveit_control/lib/libur3_moveit_control__rosidl_typesupport_cpp.so
-- Set runtime path of "/home/com9/uet_ws/install/ur3_moveit_control/lib/libur3_moveit_control__rosidl_typesupport_cpp.so" to ""
-- Installing: /home/com9/uet_ws/install/ur3_moveit_control/share/ur3_moveit_control/environment/pythonpath.sh
-- Installing: /home/com9/uet_ws/install/ur3_moveit_control/share/ur3_moveit_control/environment/pythonpath.dsv
-- Up-to-date: /home/com9/uet_ws/install/ur3_moveit_control/local/lib/python3.10/dist-packages/ur3_moveit_control-0.0.0-py3.10.egg-info
-- Installing: /home/com9/uet_ws/install/ur3_moveit_control/local/lib/python3.10/dist-packages/ur3_moveit_control-0.0.0-py3.10.egg-info/dependency_links.txt
-- Installing: /home/com9/uet_ws/install/ur3_moveit_control/local/lib/python3.10/dist-packages/ur3_moveit_control-0.0.0-py3.10.egg-info/top_level.txt
-- Installing: /home/com9/uet_ws/install/ur3_moveit_control/local/lib/python3.10/dist-packages/ur3_moveit_control-0.0.0-py3.10.egg-info/SOURCES.txt
-- Installing: /home/com9/uet_ws/install/ur3_moveit_control/local/lib/python3.10/dist-packages/ur3_moveit_control-0.0.0-py3.10.egg-info/PKG-INFO
-- Up-to-date: /home/com9/uet_ws/install/ur3_moveit_control/local/lib/python3.10/dist-packages/ur3_moveit_control
-- Installing: /home/com9/uet_ws/install/ur3_moveit_control/local/lib/python3.10/dist-packages/ur3_moveit_control/_ur3_moveit_control_s.ep.rosidl_typesupport_c.c
-- Installing: /home/com9/uet_ws/install/ur3_moveit_control/local/lib/python3.10/dist-packages/ur3_moveit_control/ur3_moveit_control_s__rosidl_typesupport_c.cpython-310-x86_64-linux-gnu.so
-- Installing: /home/com9/uet_ws/install/ur3_moveit_control/local/lib/python3.10/dist-packages/ur3_moveit_control/libur3_moveit_control__rosidl_generator_py.so
-- Installing: /home/com9/uet_ws/install/ur3_moveit_control/local/lib/python3.10/dist-packages/ur3_moveit_control/__init__.py
-- Installing: /home/com9/uet_ws/install/ur3_moveit_control/local/lib/python3.10/dist-packages/ur3_moveit_control/_ur3_moveit_control_s.ep.rosidl_typesupport_introspection_c.c
-- Installing: /home/com9/uet_ws/install/ur3_moveit_control/local/lib/python3.10/dist-packages/ur3_moveit_control/ur3_moveit_control_s__rosidl_typesupport_fastrtps_c.cpython-310-x86_64-linux-gnu.so
-- Installing: /home/com9/uet_ws/install/ur3_moveit_control/local/lib/python3.10/dist-packages/ur3_moveit_control/ur3_moveit_control_s__rosidl_typesupport_introspection_c.cpython-310-x86_64-linux-gnu.so
-- Installing: /home/com9/uet_ws/install/ur3_moveit_control/local/lib/python3.10/dist-packages/ur3_moveit_control/_ur3_moveit_control_s.ep.rosidl_typesupport_fastrtps_c.c
-- Up-to-date: /home/com9/uet_ws/install/ur3_moveit_control/local/lib/python3.10/dist-packages/ur3_moveit_control/action
-- Installing: /home/com9/uet_ws/install/ur3_moveit_control/local/lib/python3.10/dist-packages/ur3_moveit_control/action/__init__.py
-- Installing: /home/com9/uet_ws/install/ur3_moveit_control/local/lib/python3.10/dist-packages/ur3_moveit_control/action/_ur3_control_s.c
-- Installing: /home/com9/uet_ws/install/ur3_moveit_control/local/lib/python3.10/dist-packages/ur3_moveit_control/action/_ur3_control.py
Listing '/home/com9/uet_ws/install/ur3_moveit_control/local/lib/python3.10/dist-packages/ur3_moveit_control'...
Compiling '/home/com9/uet_ws/install/ur3_moveit_control/local/lib/python3.10/dist-packages/ur3_moveit_control/__init__.py'...
Listing '/home/com9/uet_ws/install/ur3_moveit_control/local/lib/python3.10/dist-packages/ur3_moveit_control/action'...
Compiling '/home/com9/uet_ws/install/ur3_moveit_control/local/lib/python3.10/dist-packages/ur3_moveit_control/action/__init__.py'...
Compiling '/home/com9/uet_ws/install/ur3_moveit_control/local/lib/python3.10/dist-packages/ur3_moveit_control/action/_ur3_control.py'...
-- Installing: /home/com9/uet_ws/install/ur3_moveit_control/local/lib/python3.10/dist-packages/ur3_moveit_control/ur3_moveit_control_s__rosidl_typesupport_fastrtps_c.cpython-310-x86_64-linux-gnu.so
-- Set runtime path of "/home/com9/uet_ws/install/ur3_moveit_control/local/lib/python3.10/dist-packages/ur3_moveit_control/ur3_moveit_control_s__rosidl_typesupport_fastrtps_c.cpython-310-x86_64-linux-gnu.so" to ""
-- Installing: /home/com9/uet_ws/install/ur3_moveit_control/local/lib/python3.10/dist-packages/ur3_moveit_control/ur3_moveit_control_s__rosidl_typesupport_introspection_c.cpython-310-x86_64-linux-gnu.so
-- Set runtime path of "/home/com9/uet_ws/install/ur3_moveit_control/local/lib/python3.10/dist-packages/ur3_moveit_control/ur3_moveit_control_s__rosidl_typesupport_introspection_c.cpython-310-x86_64-linux-gnu.so" to ""
-- Installing: /home/com9/uet_ws/install/ur3_moveit_control/local/lib/python3.10/dist-packages/ur3_moveit_control/ur3_moveit_control_s__rosidl_typesupport_c.cpython-310-x86_64-linux-gnu.so
-- Set runtime path of "/home/com9/uet_ws/install/ur3_moveit_control/local/lib/python3.10/dist-packages/ur3_moveit_control/ur3_moveit_control_s__rosidl_typesupport_c.cpython-310-x86_64-linux-gnu.so" to ""
-- Installing: /home/com9/uet_ws/install/ur3_moveit_control/lib/libur3_moveit_control__rosidl_generator_py.so
-- Set runtime path of "/home/com9/uet_ws/install/ur3_moveit_control/lib/libur3_moveit_control__rosidl_generator_py.so" to ""
-- Installing: /home/com9/uet_ws/install/ur3_moveit_control/share/ament_index/resource_index/rust_packages/ur3_moveit_control
-- Up-to-date: /home/com9/uet_ws/install/ur3_moveit_control/share/ur3_moveit_control/rust
-- Installing: /home/com9/uet_ws/install/ur3_moveit_control/share/ur3_moveit_control/rust/Cargo.toml
-- Up-to-date: /home/com9/uet_ws/install/ur3_moveit_control/share/ur3_moveit_control/rust/src
-- Installing: /home/com9/uet_ws/install/ur3_moveit_control/share/ur3_moveit_control/rust/src/lib.rs
-- Installing: /home/com9/uet_ws/install/ur3_moveit_control/share/ur3_moveit_control/rust/src/action.rs
-- Up-to-date: /home/com9/uet_ws/install/ur3_moveit_control/share/ur3_moveit_control/rust/src/action
-- Installing: /home/com9/uet_ws/install/ur3_moveit_control/share/ur3_moveit_control/rust/src/action/rmw.rs
-- Installing: /home/com9/uet_ws/install/ur3_moveit_control/share/ur3_moveit_control/rust/build.rs
-- Installing: /home/com9/uet_ws/install/ur3_moveit_control/share/ur3_moveit_control/action/UR3Control.idl
-- Installing: /home/com9/uet_ws/install/ur3_moveit_control/share/ur3_moveit_control/action/UR3Control.action
-- Installing: /home/com9/uet_ws/install/ur3_moveit_control/lib/libur3_motion_interface.so
-- Set runtime path of "/home/com9/uet_ws/install/ur3_moveit_control/lib/libur3_motion_interface.so" to ""
-- Installing: /home/com9/uet_ws/install/ur3_moveit_control/lib/ur3_moveit_control/ur3_control_node
-- Set runtime path of "/home/com9/uet_ws/install/ur3_moveit_control/lib/ur3_moveit_control/ur3_control_node" to ""
-- Installing: /home/com9/uet_ws/install/ur3_moveit_control/lib/ur3_moveit_control/send_goal_client.py
-- Installing: /home/com9/uet_ws/install/ur3_moveit_control/lib/ur3_moveit_control/random_pick_test.py
-- Up-to-date: /home/com9/uet_ws/install/ur3_moveit_control/include
-- Up-to-date: /home/com9/uet_ws/install/ur3_moveit_control/include/ur3_moveit_control
-- Up-to-date: /home/com9/uet_ws/install/ur3_moveit_control/include/ur3_moveit_control/ur3_motion_interface.hpp
-- Up-to-date: /home/com9/uet_ws/install/ur3_moveit_control/share/ur3_moveit_control/config
-- Installing: /home/com9/uet_ws/install/ur3_moveit_control/share/ur3_moveit_control/config/moveit_controllers.yaml
-- Installing: /home/com9/uet_ws/install/ur3_moveit_control/share/ur3_moveit_control/config/planning_scene_monitor.yaml
-- Installing: /home/com9/uet_ws/install/ur3_moveit_control/share/ur3_moveit_control/config/ur3_susgrip_gazebo_controllers.yaml
-- Installing: /home/com9/uet_ws/install/ur3_moveit_control/share/ur3_moveit_control/config/planning_pipelines.yaml
-- Up-to-date: /home/com9/uet_ws/install/ur3_moveit_control/share/ur3_moveit_control/config/ompl_planning.yaml
-- Up-to-date: /home/com9/uet_ws/install/ur3_moveit_control/share/ur3_moveit_control/config/moveit_custom_config.yaml
-- Installing: /home/com9/uet_ws/install/ur3_moveit_control/share/ur3_moveit_control/config/joint_limits.yaml
-- Installing: /home/com9/uet_ws/install/ur3_moveit_control/share/ur3_moveit_control/config/kinematics.yaml
-- Up-to-date: /home/com9/uet_ws/install/ur3_moveit_control/share/ur3_moveit_control/launch
-- Installing: /home/com9/uet_ws/install/ur3_moveit_control/share/ur3_moveit_control/launch/ur3_susgrip_sim.launch.py
-- Up-to-date: /home/com9/uet_ws/install/ur3_moveit_control/share/ur3_moveit_control/launch/ur3_demo_gripper.launch.py
-- Installing: /home/com9/uet_ws/install/ur3_moveit_control/share/ur3_moveit_control/launch/eye_in_hand_calib.launch.py
-- Up-to-date: /home/com9/uet_ws/install/ur3_moveit_control/share/ur3_moveit_control/launch/ur3_demo.launch.py
-- Up-to-date: /home/com9/uet_ws/install/ur3_moveit_control/share/ur3_moveit_control/urdf
-- Installing: /home/com9/uet_ws/install/ur3_moveit_control/share/ur3_moveit_control/urdf/ur3_with_susgrip_gazebo.urdf.xacro
-- Up-to-date: /home/com9/uet_ws/install/ur3_moveit_control/share/ur3_moveit_control/urdf/ur3_with_susgrip.urdf.xacro
[31mCMake Error at cmake_install.cmake:429 (file):
  file INSTALL cannot find "/home/com9/uet_ws/src/ur3_moveit_control/srdf":
  No such file or directory.

[0m
