[0.005s] Invoking command in '/home/com9/uet_ws/build/ur3_moveit_control': CMAKE_PREFIX_PATH=${CMAKE_PREFIX_PATH}:/home/com9/uet_ws/install/susgrip_2f_hardware:/home/com9/uet_ws/install/susgrip_2f_gazebo:/home/com9/uet_ws/install/susgrip_2f_description:/home/com9/uet_ws/install/susgrip_2f_control:/opt/ros/humble /usr/bin/cmake --build /home/com9/uet_ws/build/ur3_moveit_control
[0.026s] -- Found ament_cmake: 1.3.14 (/opt/ros/humble/share/ament_cmake/cmake)
[0.107s] -- Found rclcpp: 16.0.19 (/opt/ros/humble/share/rclcpp/cmake)
[0.123s] -- Found rosidl_generator_c: 3.1.8 (/opt/ros/humble/share/rosidl_generator_c/cmake)
[0.124s] -- Found rosidl_adapter: 3.1.8 (/opt/ros/humble/share/rosidl_adapter/cmake)
[0.128s] -- Found rosidl_generator_cpp: 3.1.8 (/opt/ros/humble/share/rosidl_generator_cpp/cmake)
[0.133s] -- Using all available rosidl_typesupport_c: rosidl_typesupport_fastrtps_c;rosidl_typesupport_introspection_c
[0.140s] -- Using all available rosidl_typesupport_cpp: rosidl_typesupport_fastrtps_cpp;rosidl_typesupport_introspection_cpp
[0.158s] -- Found rmw_implementation_cmake: 6.1.2 (/opt/ros/humble/share/rmw_implementation_cmake/cmake)
[0.159s] -- Found rmw_fastrtps_cpp: 6.2.10 (/opt/ros/humble/share/rmw_fastrtps_cpp/cmake)
[0.222s] -- Using RMW implementation 'rmw_fastrtps_cpp' as default
[0.248s] -- Found rclcpp_action: 16.0.19 (/opt/ros/humble/share/rclcpp_action/cmake)
[0.264s] -- Found moveit_ros_planning_interface: 2.5.9 (/opt/ros/humble/share/moveit_ros_planning_interface/cmake)
[0.270s] -- Found Boost: /usr/lib/x86_64-linux-gnu/cmake/Boost-1.74.0/BoostConfig.cmake (found version "1.74.0") found components: date_time filesystem program_options system thread 
[0.342s] -- Found Boost: /usr/lib/x86_64-linux-gnu/cmake/Boost-1.74.0/BoostConfig.cmake (found version "1.74.0") found components: chrono date_time filesystem iostreams program_options regex serialization system thread 
[0.354s] -- Found parameter_traits: 0.7.4 (/opt/ros/humble/share/parameter_traits/cmake)
[0.359s] -- Found rclcpp_lifecycle: 16.0.19 (/opt/ros/humble/share/rclcpp_lifecycle/cmake)
[0.387s] -- library: /usr/lib/x86_64-linux-gnu/libcurl.so
[0.402s] -- Ensuring Eigen3 include directory is part of orocos-kdl CMake target
[0.457s] -- Found Boost: /usr/lib/x86_64-linux-gnu/cmake/Boost-1.74.0/BoostConfig.cmake (found version "1.74.0") found components: system filesystem date_time program_options thread chrono 
[0.473s] -- Found Boost: /usr/lib/x86_64-linux-gnu/cmake/Boost-1.74.0/BoostConfig.cmake (found version "1.74.0") found components: thread system filesystem regex date_time program_options 
[0.485s] -- Found Boost: /usr/lib/x86_64-linux-gnu/cmake/Boost-1.74.0/BoostConfig.cmake (found version "1.74.0") found components: system filesystem date_time program_options thread 
[0.500s] -- Found rosidl_default_generators: 1.2.1 (/opt/ros/humble/share/rosidl_default_generators/cmake)
[0.699s] -- Found ament_cmake_ros: 0.10.0 (/opt/ros/humble/share/ament_cmake_ros/cmake)
[1.002s] -- Using all available rosidl_typesupport_c: rosidl_typesupport_fastrtps_c;rosidl_typesupport_introspection_c
[1.135s] -- Using all available rosidl_typesupport_cpp: rosidl_typesupport_fastrtps_cpp;rosidl_typesupport_introspection_cpp
[1.151s] -- Found python_cmake_module: 0.10.0 (/opt/ros/humble/share/python_cmake_module/cmake)
[1.167s] -- Using PYTHON_EXECUTABLE: /usr/bin/python3
[1.167s] -- Using PYTHON_INCLUDE_DIRS: /usr/include/python3.10
[1.167s] -- Using PYTHON_LIBRARIES: /usr/lib/x86_64-linux-gnu/libpython3.10.so
[1.279s] -- Configuring done
[1.319s] -- Generating done
[1.332s] -- Build files have been written to: /home/com9/uet_ws/build/ur3_moveit_control
[1.363s] [  2%] [34m[1mGenerating Rust code for ROS interfaces[0m
[1.566s] [  2%] Built target ur3_moveit_control__rs
[1.573s] [  5%] [34m[1mGenerating C code for ROS interfaces[0m
[1.822s] [35m[1mConsolidate compiler generated dependencies of target ur3_moveit_control__rosidl_generator_c[0m
[1.829s] [  8%] [32mBuilding C object CMakeFiles/ur3_moveit_control__rosidl_generator_c.dir/rosidl_generator_c/ur3_moveit_control/action/detail/ur3_control__functions.c.o[0m
[1.912s] [ 11%] [32m[1mLinking C shared library libur3_moveit_control__rosidl_generator_c.so[0m
[1.940s] [ 11%] Built target ur3_moveit_control__rosidl_generator_c
[1.948s] [ 13%] [34m[1mGenerating C type support for eProsima Fast-RTPS[0m
[2.182s] [35m[1mConsolidate compiler generated dependencies of target ur3_moveit_control__rosidl_typesupport_fastrtps_c[0m
[2.191s] [ 16%] [32mBuilding CXX object CMakeFiles/ur3_moveit_control__rosidl_typesupport_fastrtps_c.dir/rosidl_typesupport_fastrtps_c/ur3_moveit_control/action/detail/ur3_control__type_support_c.cpp.o[0m
[2.387s] [ 19%] [32m[1mLinking CXX shared library libur3_moveit_control__rosidl_typesupport_fastrtps_c.so[0m
[2.434s] [ 19%] Built target ur3_moveit_control__rosidl_typesupport_fastrtps_c
[2.451s] [ 22%] [34m[1mGenerating C++ code for ROS interfaces[0m
[2.710s] [ 22%] Built target ur3_moveit_control__cpp
[2.718s] [ 25%] [34m[1mGenerating C++ type support for eProsima Fast-RTPS[0m
[2.952s] [35m[1mConsolidate compiler generated dependencies of target ur3_moveit_control__rosidl_typesupport_fastrtps_cpp[0m
[2.962s] [ 27%] [32mBuilding CXX object CMakeFiles/ur3_moveit_control__rosidl_typesupport_fastrtps_cpp.dir/rosidl_typesupport_fastrtps_cpp/ur3_moveit_control/action/detail/dds_fastrtps/ur3_control__type_support.cpp.o[0m
[3.243s] [ 30%] [32m[1mLinking CXX shared library libur3_moveit_control__rosidl_typesupport_fastrtps_cpp.so[0m
[3.292s] [ 30%] Built target ur3_moveit_control__rosidl_typesupport_fastrtps_cpp
[3.299s] [ 33%] [34m[1mGenerating C introspection for ROS interfaces[0m
[3.519s] [35m[1mConsolidate compiler generated dependencies of target ur3_moveit_control__rosidl_typesupport_introspection_c[0m
[3.525s] [ 36%] [32mBuilding C object CMakeFiles/ur3_moveit_control__rosidl_typesupport_introspection_c.dir/rosidl_typesupport_introspection_c/ur3_moveit_control/action/detail/ur3_control__type_support.c.o[0m
[3.558s] [ 38%] [32m[1mLinking C shared library libur3_moveit_control__rosidl_typesupport_introspection_c.so[0m
[3.581s] [ 38%] Built target ur3_moveit_control__rosidl_typesupport_introspection_c
[3.588s] [ 41%] [34m[1mGenerating C type support dispatch for ROS interfaces[0m
[3.768s] [35m[1mConsolidate compiler generated dependencies of target ur3_moveit_control__rosidl_typesupport_c[0m
[3.776s] [ 44%] [32mBuilding CXX object CMakeFiles/ur3_moveit_control__rosidl_typesupport_c.dir/rosidl_typesupport_c/ur3_moveit_control/action/ur3_control__type_support.cpp.o[0m
[3.806s] [ 47%] [32m[1mLinking CXX shared library libur3_moveit_control__rosidl_typesupport_c.so[0m
[3.835s] [ 47%] Built target ur3_moveit_control__rosidl_typesupport_c
[3.841s] [ 50%] [34m[1mGenerating C++ introspection for ROS interfaces[0m
[4.045s] [35m[1mConsolidate compiler generated dependencies of target ur3_moveit_control__rosidl_typesupport_introspection_cpp[0m
[4.054s] [ 52%] [32mBuilding CXX object CMakeFiles/ur3_moveit_control__rosidl_typesupport_introspection_cpp.dir/rosidl_typesupport_introspection_cpp/ur3_moveit_control/action/detail/ur3_control__type_support.cpp.o[0m
[4.362s] [ 55%] [32m[1mLinking CXX shared library libur3_moveit_control__rosidl_typesupport_introspection_cpp.so[0m
[4.409s] [ 55%] Built target ur3_moveit_control__rosidl_typesupport_introspection_cpp
[4.417s] [ 58%] [34m[1mGenerating C++ type support dispatch for ROS interfaces[0m
[4.603s] [35m[1mConsolidate compiler generated dependencies of target ur3_moveit_control__rosidl_typesupport_cpp[0m
[4.612s] [ 61%] [32mBuilding CXX object CMakeFiles/ur3_moveit_control__rosidl_typesupport_cpp.dir/rosidl_typesupport_cpp/ur3_moveit_control/action/ur3_control__type_support.cpp.o[0m
[4.843s] [ 63%] [32m[1mLinking CXX shared library libur3_moveit_control__rosidl_typesupport_cpp.so[0m
[4.869s] [ 63%] Built target ur3_moveit_control__rosidl_typesupport_cpp
[4.885s] [ 63%] Built target ur3_moveit_control
[4.903s] [ 63%] Built target ament_cmake_python_copy_ur3_moveit_control
[5.031s] running egg_info
[5.031s] writing ur3_moveit_control.egg-info/PKG-INFO
[5.031s] writing dependency_links to ur3_moveit_control.egg-info/dependency_links.txt
[5.032s] writing top-level names to ur3_moveit_control.egg-info/top_level.txt
[5.033s] reading manifest file 'ur3_moveit_control.egg-info/SOURCES.txt'
[5.033s] writing manifest file 'ur3_moveit_control.egg-info/SOURCES.txt'
[5.050s] [ 63%] Built target ament_cmake_python_build_ur3_moveit_control_egg
[5.064s] [ 66%] [34m[1mGenerating Python code for ROS interfaces[0m
[5.504s] [ 66%] Built target ur3_moveit_control__py
[5.510s] [35m[1mConsolidate compiler generated dependencies of target ur3_moveit_control__rosidl_generator_py[0m
[5.518s] [ 69%] [32mBuilding C object CMakeFiles/ur3_moveit_control__rosidl_generator_py.dir/rosidl_generator_py/ur3_moveit_control/action/_ur3_control_s.c.o[0m
[5.599s] [ 72%] [32m[1mLinking C shared library rosidl_generator_py/ur3_moveit_control/libur3_moveit_control__rosidl_generator_py.so[0m
[5.627s] [ 72%] Built target ur3_moveit_control__rosidl_generator_py
[5.634s] [35m[1mConsolidate compiler generated dependencies of target ur3_moveit_control__rosidl_typesupport_fastrtps_c__pyext[0m
[5.644s] [ 75%] [32mBuilding C object CMakeFiles/ur3_moveit_control__rosidl_typesupport_fastrtps_c__pyext.dir/rosidl_generator_py/ur3_moveit_control/_ur3_moveit_control_s.ep.rosidl_typesupport_fastrtps_c.c.o[0m
[5.712s] [ 77%] [32m[1mLinking C shared library rosidl_generator_py/ur3_moveit_control/ur3_moveit_control_s__rosidl_typesupport_fastrtps_c.cpython-310-x86_64-linux-gnu.so[0m
[5.741s] [ 77%] Built target ur3_moveit_control__rosidl_typesupport_fastrtps_c__pyext
[5.749s] [35m[1mConsolidate compiler generated dependencies of target ur3_moveit_control__rosidl_typesupport_introspection_c__pyext[0m
[5.758s] [ 80%] [32mBuilding C object CMakeFiles/ur3_moveit_control__rosidl_typesupport_introspection_c__pyext.dir/rosidl_generator_py/ur3_moveit_control/_ur3_moveit_control_s.ep.rosidl_typesupport_introspection_c.c.o[0m
[5.828s] [ 83%] [32m[1mLinking C shared library rosidl_generator_py/ur3_moveit_control/ur3_moveit_control_s__rosidl_typesupport_introspection_c.cpython-310-x86_64-linux-gnu.so[0m
[5.859s] [ 83%] Built target ur3_moveit_control__rosidl_typesupport_introspection_c__pyext
[5.867s] [35m[1mConsolidate compiler generated dependencies of target ur3_moveit_control__rosidl_typesupport_c__pyext[0m
[5.874s] [ 86%] [32mBuilding C object CMakeFiles/ur3_moveit_control__rosidl_typesupport_c__pyext.dir/rosidl_generator_py/ur3_moveit_control/_ur3_moveit_control_s.ep.rosidl_typesupport_c.c.o[0m
[5.950s] [ 88%] [32m[1mLinking C shared library rosidl_generator_py/ur3_moveit_control/ur3_moveit_control_s__rosidl_typesupport_c.cpython-310-x86_64-linux-gnu.so[0m
[5.980s] [ 88%] Built target ur3_moveit_control__rosidl_typesupport_c__pyext
[5.988s] [35m[1mConsolidate compiler generated dependencies of target ur3_motion_interface[0m
[6.004s] [ 91%] [32mBuilding CXX object CMakeFiles/ur3_motion_interface.dir/src/ur3_motion_interface.cpp.o[0m
[11.020s] [ 94%] [32m[1mLinking CXX shared library libur3_motion_interface.so[0m
[11.217s] [ 94%] Built target ur3_motion_interface
[11.224s] [35m[1mConsolidate compiler generated dependencies of target ur3_control_node[0m
[11.241s] [ 97%] [32mBuilding CXX object CMakeFiles/ur3_control_node.dir/src/ur3_control_node.cpp.o[0m
[18.862s] [100%] [32m[1mLinking CXX executable ur3_control_node[0m
[19.355s] [100%] Built target ur3_control_node
[19.362s] Invoked command in '/home/com9/uet_ws/build/ur3_moveit_control' returned '0': CMAKE_PREFIX_PATH=${CMAKE_PREFIX_PATH}:/home/com9/uet_ws/install/susgrip_2f_hardware:/home/com9/uet_ws/install/susgrip_2f_gazebo:/home/com9/uet_ws/install/susgrip_2f_description:/home/com9/uet_ws/install/susgrip_2f_control:/opt/ros/humble /usr/bin/cmake --build /home/com9/uet_ws/build/ur3_moveit_control
[19.368s] Invoking command in '/home/com9/uet_ws/build/ur3_moveit_control': CMAKE_PREFIX_PATH=${CMAKE_PREFIX_PATH}:/home/com9/uet_ws/install/susgrip_2f_hardware:/home/com9/uet_ws/install/susgrip_2f_gazebo:/home/com9/uet_ws/install/susgrip_2f_description:/home/com9/uet_ws/install/susgrip_2f_control:/opt/ros/humble /usr/bin/cmake --install /home/com9/uet_ws/build/ur3_moveit_control
[19.373s] -- Install configuration: ""
[19.373s] -- Installing: /home/com9/uet_ws/install/ur3_moveit_control/share/ament_index/resource_index/rosidl_interfaces/ur3_moveit_control
[19.374s] -- Up-to-date: /home/com9/uet_ws/install/ur3_moveit_control/include/ur3_moveit_control/ur3_moveit_control
[19.374s] -- Up-to-date: /home/com9/uet_ws/install/ur3_moveit_control/include/ur3_moveit_control/ur3_moveit_control/msg
[19.374s] -- Installing: /home/com9/uet_ws/install/ur3_moveit_control/include/ur3_moveit_control/ur3_moveit_control/msg/rosidl_generator_c__visibility_control.h
[19.374s] -- Up-to-date: /home/com9/uet_ws/install/ur3_moveit_control/include/ur3_moveit_control/ur3_moveit_control/action
[19.374s] -- Installing: /home/com9/uet_ws/install/ur3_moveit_control/include/ur3_moveit_control/ur3_moveit_control/action/ur3_control.h
[19.374s] -- Up-to-date: /home/com9/uet_ws/install/ur3_moveit_control/include/ur3_moveit_control/ur3_moveit_control/action/detail
[19.374s] -- Installing: /home/com9/uet_ws/install/ur3_moveit_control/include/ur3_moveit_control/ur3_moveit_control/action/detail/ur3_control__struct.h
[19.374s] -- Installing: /home/com9/uet_ws/install/ur3_moveit_control/include/ur3_moveit_control/ur3_moveit_control/action/detail/ur3_control__type_support.h
[19.374s] -- Installing: /home/com9/uet_ws/install/ur3_moveit_control/include/ur3_moveit_control/ur3_moveit_control/action/detail/ur3_control__functions.c
[19.374s] -- Installing: /home/com9/uet_ws/install/ur3_moveit_control/include/ur3_moveit_control/ur3_moveit_control/action/detail/ur3_control__functions.h
[19.375s] -- Installing: /home/com9/uet_ws/install/ur3_moveit_control/share/ur3_moveit_control/environment/library_path.sh
[19.375s] -- Installing: /home/com9/uet_ws/install/ur3_moveit_control/share/ur3_moveit_control/environment/library_path.dsv
[19.375s] -- Installing: /home/com9/uet_ws/install/ur3_moveit_control/lib/libur3_moveit_control__rosidl_generator_c.so
[19.375s] -- Set runtime path of "/home/com9/uet_ws/install/ur3_moveit_control/lib/libur3_moveit_control__rosidl_generator_c.so" to ""
[19.375s] -- Up-to-date: /home/com9/uet_ws/install/ur3_moveit_control/include/ur3_moveit_control/ur3_moveit_control
[19.376s] -- Up-to-date: /home/com9/uet_ws/install/ur3_moveit_control/include/ur3_moveit_control/ur3_moveit_control/msg
[19.376s] -- Installing: /home/com9/uet_ws/install/ur3_moveit_control/include/ur3_moveit_control/ur3_moveit_control/msg/rosidl_typesupport_fastrtps_c__visibility_control.h
[19.376s] -- Up-to-date: /home/com9/uet_ws/install/ur3_moveit_control/include/ur3_moveit_control/ur3_moveit_control/action
[19.376s] -- Up-to-date: /home/com9/uet_ws/install/ur3_moveit_control/include/ur3_moveit_control/ur3_moveit_control/action/detail
[19.376s] -- Installing: /home/com9/uet_ws/install/ur3_moveit_control/include/ur3_moveit_control/ur3_moveit_control/action/detail/ur3_control__rosidl_typesupport_fastrtps_c.h
[19.376s] -- Installing: /home/com9/uet_ws/install/ur3_moveit_control/lib/libur3_moveit_control__rosidl_typesupport_fastrtps_c.so
[19.376s] -- Set runtime path of "/home/com9/uet_ws/install/ur3_moveit_control/lib/libur3_moveit_control__rosidl_typesupport_fastrtps_c.so" to ""
[19.376s] -- Up-to-date: /home/com9/uet_ws/install/ur3_moveit_control/include/ur3_moveit_control/ur3_moveit_control
[19.376s] -- Up-to-date: /home/com9/uet_ws/install/ur3_moveit_control/include/ur3_moveit_control/ur3_moveit_control/msg
[19.376s] -- Installing: /home/com9/uet_ws/install/ur3_moveit_control/include/ur3_moveit_control/ur3_moveit_control/msg/rosidl_generator_cpp__visibility_control.hpp
[19.376s] -- Up-to-date: /home/com9/uet_ws/install/ur3_moveit_control/include/ur3_moveit_control/ur3_moveit_control/action
[19.376s] -- Installing: /home/com9/uet_ws/install/ur3_moveit_control/include/ur3_moveit_control/ur3_moveit_control/action/ur3_control.hpp
[19.376s] -- Up-to-date: /home/com9/uet_ws/install/ur3_moveit_control/include/ur3_moveit_control/ur3_moveit_control/action/detail
[19.376s] -- Installing: /home/com9/uet_ws/install/ur3_moveit_control/include/ur3_moveit_control/ur3_moveit_control/action/detail/ur3_control__type_support.hpp
[19.376s] -- Installing: /home/com9/uet_ws/install/ur3_moveit_control/include/ur3_moveit_control/ur3_moveit_control/action/detail/ur3_control__traits.hpp
[19.376s] -- Installing: /home/com9/uet_ws/install/ur3_moveit_control/include/ur3_moveit_control/ur3_moveit_control/action/detail/ur3_control__builder.hpp
[19.376s] -- Installing: /home/com9/uet_ws/install/ur3_moveit_control/include/ur3_moveit_control/ur3_moveit_control/action/detail/ur3_control__struct.hpp
[19.376s] -- Up-to-date: /home/com9/uet_ws/install/ur3_moveit_control/include/ur3_moveit_control/ur3_moveit_control
[19.376s] -- Up-to-date: /home/com9/uet_ws/install/ur3_moveit_control/include/ur3_moveit_control/ur3_moveit_control/msg
[19.376s] -- Installing: /home/com9/uet_ws/install/ur3_moveit_control/include/ur3_moveit_control/ur3_moveit_control/msg/rosidl_typesupport_fastrtps_cpp__visibility_control.h
[19.376s] -- Up-to-date: /home/com9/uet_ws/install/ur3_moveit_control/include/ur3_moveit_control/ur3_moveit_control/action
[19.377s] -- Up-to-date: /home/com9/uet_ws/install/ur3_moveit_control/include/ur3_moveit_control/ur3_moveit_control/action/detail
[19.377s] -- Installing: /home/com9/uet_ws/install/ur3_moveit_control/include/ur3_moveit_control/ur3_moveit_control/action/detail/dds_fastrtps
[19.377s] -- Installing: /home/com9/uet_ws/install/ur3_moveit_control/include/ur3_moveit_control/ur3_moveit_control/action/detail/ur3_control__rosidl_typesupport_fastrtps_cpp.hpp
[19.377s] -- Installing: /home/com9/uet_ws/install/ur3_moveit_control/lib/libur3_moveit_control__rosidl_typesupport_fastrtps_cpp.so
[19.377s] -- Set runtime path of "/home/com9/uet_ws/install/ur3_moveit_control/lib/libur3_moveit_control__rosidl_typesupport_fastrtps_cpp.so" to ""
[19.377s] -- Up-to-date: /home/com9/uet_ws/install/ur3_moveit_control/include/ur3_moveit_control/ur3_moveit_control
[19.377s] -- Up-to-date: /home/com9/uet_ws/install/ur3_moveit_control/include/ur3_moveit_control/ur3_moveit_control/msg
[19.377s] -- Installing: /home/com9/uet_ws/install/ur3_moveit_control/include/ur3_moveit_control/ur3_moveit_control/msg/rosidl_typesupport_introspection_c__visibility_control.h
[19.377s] -- Up-to-date: /home/com9/uet_ws/install/ur3_moveit_control/include/ur3_moveit_control/ur3_moveit_control/action
[19.377s] -- Up-to-date: /home/com9/uet_ws/install/ur3_moveit_control/include/ur3_moveit_control/ur3_moveit_control/action/detail
[19.377s] -- Installing: /home/com9/uet_ws/install/ur3_moveit_control/include/ur3_moveit_control/ur3_moveit_control/action/detail/ur3_control__rosidl_typesupport_introspection_c.h
[19.377s] -- Installing: /home/com9/uet_ws/install/ur3_moveit_control/include/ur3_moveit_control/ur3_moveit_control/action/detail/ur3_control__type_support.c
[19.377s] -- Installing: /home/com9/uet_ws/install/ur3_moveit_control/lib/libur3_moveit_control__rosidl_typesupport_introspection_c.so
[19.377s] -- Set runtime path of "/home/com9/uet_ws/install/ur3_moveit_control/lib/libur3_moveit_control__rosidl_typesupport_introspection_c.so" to ""
[19.377s] -- Installing: /home/com9/uet_ws/install/ur3_moveit_control/lib/libur3_moveit_control__rosidl_typesupport_c.so
[19.377s] -- Set runtime path of "/home/com9/uet_ws/install/ur3_moveit_control/lib/libur3_moveit_control__rosidl_typesupport_c.so" to ""
[19.377s] -- Up-to-date: /home/com9/uet_ws/install/ur3_moveit_control/include/ur3_moveit_control/ur3_moveit_control
[19.378s] -- Up-to-date: /home/com9/uet_ws/install/ur3_moveit_control/include/ur3_moveit_control/ur3_moveit_control/action
[19.378s] -- Up-to-date: /home/com9/uet_ws/install/ur3_moveit_control/include/ur3_moveit_control/ur3_moveit_control/action/detail
[19.378s] -- Installing: /home/com9/uet_ws/install/ur3_moveit_control/include/ur3_moveit_control/ur3_moveit_control/action/detail/ur3_control__rosidl_typesupport_introspection_cpp.hpp
[19.378s] -- Installing: /home/com9/uet_ws/install/ur3_moveit_control/include/ur3_moveit_control/ur3_moveit_control/action/detail/ur3_control__type_support.cpp
[19.378s] -- Installing: /home/com9/uet_ws/install/ur3_moveit_control/lib/libur3_moveit_control__rosidl_typesupport_introspection_cpp.so
[19.378s] -- Set runtime path of "/home/com9/uet_ws/install/ur3_moveit_control/lib/libur3_moveit_control__rosidl_typesupport_introspection_cpp.so" to ""
[19.378s] -- Installing: /home/com9/uet_ws/install/ur3_moveit_control/lib/libur3_moveit_control__rosidl_typesupport_cpp.so
[19.378s] -- Set runtime path of "/home/com9/uet_ws/install/ur3_moveit_control/lib/libur3_moveit_control__rosidl_typesupport_cpp.so" to ""
[19.378s] -- Installing: /home/com9/uet_ws/install/ur3_moveit_control/share/ur3_moveit_control/environment/pythonpath.sh
[19.378s] -- Installing: /home/com9/uet_ws/install/ur3_moveit_control/share/ur3_moveit_control/environment/pythonpath.dsv
[19.378s] -- Up-to-date: /home/com9/uet_ws/install/ur3_moveit_control/local/lib/python3.10/dist-packages/ur3_moveit_control-0.0.0-py3.10.egg-info
[19.378s] -- Installing: /home/com9/uet_ws/install/ur3_moveit_control/local/lib/python3.10/dist-packages/ur3_moveit_control-0.0.0-py3.10.egg-info/dependency_links.txt
[19.378s] -- Installing: /home/com9/uet_ws/install/ur3_moveit_control/local/lib/python3.10/dist-packages/ur3_moveit_control-0.0.0-py3.10.egg-info/top_level.txt
[19.378s] -- Installing: /home/com9/uet_ws/install/ur3_moveit_control/local/lib/python3.10/dist-packages/ur3_moveit_control-0.0.0-py3.10.egg-info/SOURCES.txt
[19.378s] -- Installing: /home/com9/uet_ws/install/ur3_moveit_control/local/lib/python3.10/dist-packages/ur3_moveit_control-0.0.0-py3.10.egg-info/PKG-INFO
[19.378s] -- Up-to-date: /home/com9/uet_ws/install/ur3_moveit_control/local/lib/python3.10/dist-packages/ur3_moveit_control
[19.378s] -- Installing: /home/com9/uet_ws/install/ur3_moveit_control/local/lib/python3.10/dist-packages/ur3_moveit_control/_ur3_moveit_control_s.ep.rosidl_typesupport_c.c
[19.378s] -- Installing: /home/com9/uet_ws/install/ur3_moveit_control/local/lib/python3.10/dist-packages/ur3_moveit_control/ur3_moveit_control_s__rosidl_typesupport_c.cpython-310-x86_64-linux-gnu.so
[19.379s] -- Installing: /home/com9/uet_ws/install/ur3_moveit_control/local/lib/python3.10/dist-packages/ur3_moveit_control/libur3_moveit_control__rosidl_generator_py.so
[19.379s] -- Installing: /home/com9/uet_ws/install/ur3_moveit_control/local/lib/python3.10/dist-packages/ur3_moveit_control/__init__.py
[19.379s] -- Installing: /home/com9/uet_ws/install/ur3_moveit_control/local/lib/python3.10/dist-packages/ur3_moveit_control/_ur3_moveit_control_s.ep.rosidl_typesupport_introspection_c.c
[19.379s] -- Installing: /home/com9/uet_ws/install/ur3_moveit_control/local/lib/python3.10/dist-packages/ur3_moveit_control/ur3_moveit_control_s__rosidl_typesupport_fastrtps_c.cpython-310-x86_64-linux-gnu.so
[19.379s] -- Installing: /home/com9/uet_ws/install/ur3_moveit_control/local/lib/python3.10/dist-packages/ur3_moveit_control/ur3_moveit_control_s__rosidl_typesupport_introspection_c.cpython-310-x86_64-linux-gnu.so
[19.379s] -- Installing: /home/com9/uet_ws/install/ur3_moveit_control/local/lib/python3.10/dist-packages/ur3_moveit_control/_ur3_moveit_control_s.ep.rosidl_typesupport_fastrtps_c.c
[19.379s] -- Up-to-date: /home/com9/uet_ws/install/ur3_moveit_control/local/lib/python3.10/dist-packages/ur3_moveit_control/action
[19.379s] -- Installing: /home/com9/uet_ws/install/ur3_moveit_control/local/lib/python3.10/dist-packages/ur3_moveit_control/action/__init__.py
[19.379s] -- Installing: /home/com9/uet_ws/install/ur3_moveit_control/local/lib/python3.10/dist-packages/ur3_moveit_control/action/_ur3_control_s.c
[19.379s] -- Installing: /home/com9/uet_ws/install/ur3_moveit_control/local/lib/python3.10/dist-packages/ur3_moveit_control/action/_ur3_control.py
[19.407s] Listing '/home/com9/uet_ws/install/ur3_moveit_control/local/lib/python3.10/dist-packages/ur3_moveit_control'...
[19.407s] Compiling '/home/com9/uet_ws/install/ur3_moveit_control/local/lib/python3.10/dist-packages/ur3_moveit_control/__init__.py'...
[19.407s] Listing '/home/com9/uet_ws/install/ur3_moveit_control/local/lib/python3.10/dist-packages/ur3_moveit_control/action'...
[19.407s] Compiling '/home/com9/uet_ws/install/ur3_moveit_control/local/lib/python3.10/dist-packages/ur3_moveit_control/action/__init__.py'...
[19.407s] Compiling '/home/com9/uet_ws/install/ur3_moveit_control/local/lib/python3.10/dist-packages/ur3_moveit_control/action/_ur3_control.py'...
[19.410s] -- Installing: /home/com9/uet_ws/install/ur3_moveit_control/local/lib/python3.10/dist-packages/ur3_moveit_control/ur3_moveit_control_s__rosidl_typesupport_fastrtps_c.cpython-310-x86_64-linux-gnu.so
[19.410s] -- Set runtime path of "/home/com9/uet_ws/install/ur3_moveit_control/local/lib/python3.10/dist-packages/ur3_moveit_control/ur3_moveit_control_s__rosidl_typesupport_fastrtps_c.cpython-310-x86_64-linux-gnu.so" to ""
[19.410s] -- Installing: /home/com9/uet_ws/install/ur3_moveit_control/local/lib/python3.10/dist-packages/ur3_moveit_control/ur3_moveit_control_s__rosidl_typesupport_introspection_c.cpython-310-x86_64-linux-gnu.so
[19.410s] -- Set runtime path of "/home/com9/uet_ws/install/ur3_moveit_control/local/lib/python3.10/dist-packages/ur3_moveit_control/ur3_moveit_control_s__rosidl_typesupport_introspection_c.cpython-310-x86_64-linux-gnu.so" to ""
[19.410s] -- Installing: /home/com9/uet_ws/install/ur3_moveit_control/local/lib/python3.10/dist-packages/ur3_moveit_control/ur3_moveit_control_s__rosidl_typesupport_c.cpython-310-x86_64-linux-gnu.so
[19.411s] -- Set runtime path of "/home/com9/uet_ws/install/ur3_moveit_control/local/lib/python3.10/dist-packages/ur3_moveit_control/ur3_moveit_control_s__rosidl_typesupport_c.cpython-310-x86_64-linux-gnu.so" to ""
[19.411s] -- Installing: /home/com9/uet_ws/install/ur3_moveit_control/lib/libur3_moveit_control__rosidl_generator_py.so
[19.411s] -- Set runtime path of "/home/com9/uet_ws/install/ur3_moveit_control/lib/libur3_moveit_control__rosidl_generator_py.so" to ""
[19.411s] -- Installing: /home/com9/uet_ws/install/ur3_moveit_control/share/ament_index/resource_index/rust_packages/ur3_moveit_control
[19.411s] -- Up-to-date: /home/com9/uet_ws/install/ur3_moveit_control/share/ur3_moveit_control/rust
[19.411s] -- Installing: /home/com9/uet_ws/install/ur3_moveit_control/share/ur3_moveit_control/rust/Cargo.toml
[19.411s] -- Up-to-date: /home/com9/uet_ws/install/ur3_moveit_control/share/ur3_moveit_control/rust/src
[19.411s] -- Installing: /home/com9/uet_ws/install/ur3_moveit_control/share/ur3_moveit_control/rust/src/lib.rs
[19.411s] -- Installing: /home/com9/uet_ws/install/ur3_moveit_control/share/ur3_moveit_control/rust/src/action.rs
[19.411s] -- Up-to-date: /home/com9/uet_ws/install/ur3_moveit_control/share/ur3_moveit_control/rust/src/action
[19.411s] -- Installing: /home/com9/uet_ws/install/ur3_moveit_control/share/ur3_moveit_control/rust/src/action/rmw.rs
[19.411s] -- Installing: /home/com9/uet_ws/install/ur3_moveit_control/share/ur3_moveit_control/rust/build.rs
[19.411s] -- Installing: /home/com9/uet_ws/install/ur3_moveit_control/share/ur3_moveit_control/action/UR3Control.idl
[19.411s] -- Installing: /home/com9/uet_ws/install/ur3_moveit_control/share/ur3_moveit_control/action/UR3Control.action
[19.412s] -- Installing: /home/com9/uet_ws/install/ur3_moveit_control/lib/libur3_motion_interface.so
[19.413s] -- Set runtime path of "/home/com9/uet_ws/install/ur3_moveit_control/lib/libur3_motion_interface.so" to ""
[19.413s] -- Installing: /home/com9/uet_ws/install/ur3_moveit_control/lib/ur3_moveit_control/ur3_control_node
[19.416s] -- Set runtime path of "/home/com9/uet_ws/install/ur3_moveit_control/lib/ur3_moveit_control/ur3_control_node" to ""
[19.416s] -- Installing: /home/com9/uet_ws/install/ur3_moveit_control/lib/ur3_moveit_control/send_goal_client.py
[19.416s] -- Installing: /home/com9/uet_ws/install/ur3_moveit_control/lib/ur3_moveit_control/random_pick_test.py
[19.416s] -- Up-to-date: /home/com9/uet_ws/install/ur3_moveit_control/include
[19.416s] -- Up-to-date: /home/com9/uet_ws/install/ur3_moveit_control/include/ur3_moveit_control
[19.416s] -- Up-to-date: /home/com9/uet_ws/install/ur3_moveit_control/include/ur3_moveit_control/ur3_motion_interface.hpp
[19.417s] -- Up-to-date: /home/com9/uet_ws/install/ur3_moveit_control/share/ur3_moveit_control/config
[19.417s] -- Installing: /home/com9/uet_ws/install/ur3_moveit_control/share/ur3_moveit_control/config/moveit_controllers.yaml
[19.417s] -- Installing: /home/com9/uet_ws/install/ur3_moveit_control/share/ur3_moveit_control/config/planning_scene_monitor.yaml
[19.417s] -- Installing: /home/com9/uet_ws/install/ur3_moveit_control/share/ur3_moveit_control/config/ur3_susgrip_gazebo_controllers.yaml
[19.417s] -- Installing: /home/com9/uet_ws/install/ur3_moveit_control/share/ur3_moveit_control/config/planning_pipelines.yaml
[19.417s] -- Up-to-date: /home/com9/uet_ws/install/ur3_moveit_control/share/ur3_moveit_control/config/ompl_planning.yaml
[19.417s] -- Up-to-date: /home/com9/uet_ws/install/ur3_moveit_control/share/ur3_moveit_control/config/moveit_custom_config.yaml
[19.417s] -- Installing: /home/com9/uet_ws/install/ur3_moveit_control/share/ur3_moveit_control/config/joint_limits.yaml
[19.417s] -- Installing: /home/com9/uet_ws/install/ur3_moveit_control/share/ur3_moveit_control/config/kinematics.yaml
[19.418s] -- Up-to-date: /home/com9/uet_ws/install/ur3_moveit_control/share/ur3_moveit_control/launch
[19.418s] -- Installing: /home/com9/uet_ws/install/ur3_moveit_control/share/ur3_moveit_control/launch/ur3_susgrip_sim.launch.py
[19.418s] -- Up-to-date: /home/com9/uet_ws/install/ur3_moveit_control/share/ur3_moveit_control/launch/ur3_demo_gripper.launch.py
[19.418s] -- Installing: /home/com9/uet_ws/install/ur3_moveit_control/share/ur3_moveit_control/launch/eye_in_hand_calib.launch.py
[19.418s] -- Up-to-date: /home/com9/uet_ws/install/ur3_moveit_control/share/ur3_moveit_control/launch/ur3_demo.launch.py
[19.418s] -- Up-to-date: /home/com9/uet_ws/install/ur3_moveit_control/share/ur3_moveit_control/urdf
[19.418s] -- Installing: /home/com9/uet_ws/install/ur3_moveit_control/share/ur3_moveit_control/urdf/ur3_with_susgrip_gazebo.urdf.xacro
[19.418s] -- Up-to-date: /home/com9/uet_ws/install/ur3_moveit_control/share/ur3_moveit_control/urdf/ur3_with_susgrip.urdf.xacro
[19.418s] [31mCMake Error at cmake_install.cmake:429 (file):
[19.418s]   file INSTALL cannot find "/home/com9/uet_ws/src/ur3_moveit_control/srdf":
[19.418s]   No such file or directory.
[19.418s] 
[19.418s] [0m
[19.419s] Invoked command in '/home/com9/uet_ws/build/ur3_moveit_control' returned '1': CMAKE_PREFIX_PATH=${CMAKE_PREFIX_PATH}:/home/com9/uet_ws/install/susgrip_2f_hardware:/home/com9/uet_ws/install/susgrip_2f_gazebo:/home/com9/uet_ws/install/susgrip_2f_description:/home/com9/uet_ws/install/susgrip_2f_control:/opt/ros/humble /usr/bin/cmake --install /home/com9/uet_ws/build/ur3_moveit_control
