running egg_info
creating ../../../build/susgrip_2f_hardware/susgrip_2f_hardware.egg-info
writing ../../../build/susgrip_2f_hardware/susgrip_2f_hardware.egg-info/PKG-INFO
writing dependency_links to ../../../build/susgrip_2f_hardware/susgrip_2f_hardware.egg-info/dependency_links.txt
writing entry points to ../../../build/susgrip_2f_hardware/susgrip_2f_hardware.egg-info/entry_points.txt
writing top-level names to ../../../build/susgrip_2f_hardware/susgrip_2f_hardware.egg-info/top_level.txt
writing manifest file '../../../build/susgrip_2f_hardware/susgrip_2f_hardware.egg-info/SOURCES.txt'
reading manifest file '../../../build/susgrip_2f_hardware/susgrip_2f_hardware.egg-info/SOURCES.txt'
writing manifest file '../../../build/susgrip_2f_hardware/susgrip_2f_hardware.egg-info/SOURCES.txt'
running build
running build_py
creating /home/com9/uet_ws/build/susgrip_2f_hardware/build
creating /home/com9/uet_ws/build/susgrip_2f_hardware/build/lib
creating /home/com9/uet_ws/build/susgrip_2f_hardware/build/lib/susgrip_2f_hardware
copying susgrip_2f_hardware/hardware_interface.py -> /home/com9/uet_ws/build/susgrip_2f_hardware/build/lib/susgrip_2f_hardware
copying susgrip_2f_hardware/__init__.py -> /home/com9/uet_ws/build/susgrip_2f_hardware/build/lib/susgrip_2f_hardware
copying susgrip_2f_hardware/hardware_joint_publisher.py -> /home/com9/uet_ws/build/susgrip_2f_hardware/build/lib/susgrip_2f_hardware
copying susgrip_2f_hardware/SusGripLib.py -> /home/com9/uet_ws/build/susgrip_2f_hardware/build/lib/susgrip_2f_hardware
running install
running install_lib
creating /home/com9/uet_ws/install/susgrip_2f_hardware/lib/python3.10/site-packages/susgrip_2f_hardware
copying /home/com9/uet_ws/build/susgrip_2f_hardware/build/lib/susgrip_2f_hardware/hardware_interface.py -> /home/com9/uet_ws/install/susgrip_2f_hardware/lib/python3.10/site-packages/susgrip_2f_hardware
copying /home/com9/uet_ws/build/susgrip_2f_hardware/build/lib/susgrip_2f_hardware/__init__.py -> /home/com9/uet_ws/install/susgrip_2f_hardware/lib/python3.10/site-packages/susgrip_2f_hardware
copying /home/com9/uet_ws/build/susgrip_2f_hardware/build/lib/susgrip_2f_hardware/hardware_joint_publisher.py -> /home/com9/uet_ws/install/susgrip_2f_hardware/lib/python3.10/site-packages/susgrip_2f_hardware
copying /home/com9/uet_ws/build/susgrip_2f_hardware/build/lib/susgrip_2f_hardware/SusGripLib.py -> /home/com9/uet_ws/install/susgrip_2f_hardware/lib/python3.10/site-packages/susgrip_2f_hardware
byte-compiling /home/com9/uet_ws/install/susgrip_2f_hardware/lib/python3.10/site-packages/susgrip_2f_hardware/hardware_interface.py to hardware_interface.cpython-310.pyc
byte-compiling /home/com9/uet_ws/install/susgrip_2f_hardware/lib/python3.10/site-packages/susgrip_2f_hardware/__init__.py to __init__.cpython-310.pyc
byte-compiling /home/com9/uet_ws/install/susgrip_2f_hardware/lib/python3.10/site-packages/susgrip_2f_hardware/hardware_joint_publisher.py to hardware_joint_publisher.cpython-310.pyc
byte-compiling /home/com9/uet_ws/install/susgrip_2f_hardware/lib/python3.10/site-packages/susgrip_2f_hardware/SusGripLib.py to SusGripLib.cpython-310.pyc
running install_data
creating /home/com9/uet_ws/install/susgrip_2f_hardware/share/ament_index
creating /home/com9/uet_ws/install/susgrip_2f_hardware/share/ament_index/resource_index
creating /home/com9/uet_ws/install/susgrip_2f_hardware/share/ament_index/resource_index/packages
copying resource/susgrip_2f_hardware -> /home/com9/uet_ws/install/susgrip_2f_hardware/share/ament_index/resource_index/packages
copying package.xml -> /home/com9/uet_ws/install/susgrip_2f_hardware/share/susgrip_2f_hardware
running install_egg_info
Copying ../../../build/susgrip_2f_hardware/susgrip_2f_hardware.egg-info to /home/com9/uet_ws/install/susgrip_2f_hardware/lib/python3.10/site-packages/susgrip_2f_hardware-0.0.1-py3.10.egg-info
running install_scripts
Installing hardware_interface script to /home/com9/uet_ws/install/susgrip_2f_hardware/lib/susgrip_2f_hardware
Installing hardware_joint_publisher script to /home/com9/uet_ws/install/susgrip_2f_hardware/lib/susgrip_2f_hardware
writing list of installed files to '/home/com9/uet_ws/build/susgrip_2f_hardware/install.log'
