[0.009s] Invoking command in '/home/com9/uet_ws/build/ur_calibration': AMENT_PREFIX_PATH=/home/com9/uet_ws/install/ur_robot_driver:/home/com9/uet_ws/install/ur_controllers:/home/com9/uet_ws/install/ur_dashboard_msgs:${AMENT_PREFIX_PATH} CMAKE_PREFIX_PATH=/home/com9/uet_ws/install/ur_robot_driver:/home/com9/uet_ws/install/ur_controllers:/home/com9/uet_ws/install/ur_dashboard_msgs:/opt/ros/humble LD_LIBRARY_PATH=/home/com9/uet_ws/install/ur_robot_driver/lib:/home/com9/uet_ws/install/ur_controllers/lib:/home/com9/uet_ws/install/ur_dashboard_msgs/lib:${LD_LIBRARY_PATH} PATH=/home/com9/uet_ws/install/ur_robot_driver/bin:${PATH} PYTHONPATH=/home/com9/uet_ws/install/ur_robot_driver/local/lib/python3.10/dist-packages:/home/com9/uet_ws/install/ur_dashboard_msgs/local/lib/python3.10/dist-packages:${PYTHONPATH} /usr/bin/cmake --build /home/com9/uet_ws/build/ur_calibration
[0.037s] [35m[1mConsolidate compiler generated dependencies of target calibration[0m
[0.049s] [ 25%] Built target calibration
[0.057s] [35m[1mConsolidate compiler generated dependencies of target calibration_correction[0m
[0.070s] [ 41%] Built target calibration_correction
[0.078s] [35m[1mConsolidate compiler generated dependencies of target gmock_main[0m
[0.087s] [ 58%] Built target gmock_main
[0.095s] [35m[1mConsolidate compiler generated dependencies of target gmock[0m
[0.104s] [ 83%] Built target gmock
[0.113s] [35m[1mConsolidate compiler generated dependencies of target calibration_test[0m
[0.128s] [100%] Built target calibration_test
[0.135s] Invoked command in '/home/com9/uet_ws/build/ur_calibration' returned '0': AMENT_PREFIX_PATH=/home/com9/uet_ws/install/ur_robot_driver:/home/com9/uet_ws/install/ur_controllers:/home/com9/uet_ws/install/ur_dashboard_msgs:${AMENT_PREFIX_PATH} CMAKE_PREFIX_PATH=/home/com9/uet_ws/install/ur_robot_driver:/home/com9/uet_ws/install/ur_controllers:/home/com9/uet_ws/install/ur_dashboard_msgs:/opt/ros/humble LD_LIBRARY_PATH=/home/com9/uet_ws/install/ur_robot_driver/lib:/home/com9/uet_ws/install/ur_controllers/lib:/home/com9/uet_ws/install/ur_dashboard_msgs/lib:${LD_LIBRARY_PATH} PATH=/home/com9/uet_ws/install/ur_robot_driver/bin:${PATH} PYTHONPATH=/home/com9/uet_ws/install/ur_robot_driver/local/lib/python3.10/dist-packages:/home/com9/uet_ws/install/ur_dashboard_msgs/local/lib/python3.10/dist-packages:${PYTHONPATH} /usr/bin/cmake --build /home/com9/uet_ws/build/ur_calibration
[0.136s] Invoking command in '/home/com9/uet_ws/build/ur_calibration': AMENT_PREFIX_PATH=/home/com9/uet_ws/install/ur_robot_driver:/home/com9/uet_ws/install/ur_controllers:/home/com9/uet_ws/install/ur_dashboard_msgs:${AMENT_PREFIX_PATH} CMAKE_PREFIX_PATH=/home/com9/uet_ws/install/ur_robot_driver:/home/com9/uet_ws/install/ur_controllers:/home/com9/uet_ws/install/ur_dashboard_msgs:/opt/ros/humble LD_LIBRARY_PATH=/home/com9/uet_ws/install/ur_robot_driver/lib:/home/com9/uet_ws/install/ur_controllers/lib:/home/com9/uet_ws/install/ur_dashboard_msgs/lib:${LD_LIBRARY_PATH} PATH=/home/com9/uet_ws/install/ur_robot_driver/bin:${PATH} PYTHONPATH=/home/com9/uet_ws/install/ur_robot_driver/local/lib/python3.10/dist-packages:/home/com9/uet_ws/install/ur_dashboard_msgs/local/lib/python3.10/dist-packages:${PYTHONPATH} /usr/bin/cmake --install /home/com9/uet_ws/build/ur_calibration
[0.140s] -- Install configuration: "RelWithDebInfo"
[0.140s] -- Up-to-date: /home/com9/uet_ws/install/ur_calibration/lib/ur_calibration/calibration_correction
[0.140s] -- Up-to-date: /home/com9/uet_ws/install/ur_calibration/include
[0.140s] -- Up-to-date: /home/com9/uet_ws/install/ur_calibration/include/ur_calibration
[0.140s] -- Up-to-date: /home/com9/uet_ws/install/ur_calibration/include/ur_calibration/calibration_consumer.hpp
[0.140s] -- Up-to-date: /home/com9/uet_ws/install/ur_calibration/include/ur_calibration/calibration.hpp
[0.140s] -- Up-to-date: /home/com9/uet_ws/install/ur_calibration/share/ur_calibration/launch
[0.140s] -- Up-to-date: /home/com9/uet_ws/install/ur_calibration/share/ur_calibration/launch/calibration_correction.launch.py
[0.140s] -- Up-to-date: /home/com9/uet_ws/install/ur_calibration/share/ament_index/resource_index/package_run_dependencies/ur_calibration
[0.140s] -- Up-to-date: /home/com9/uet_ws/install/ur_calibration/share/ament_index/resource_index/parent_prefix_path/ur_calibration
[0.140s] -- Up-to-date: /home/com9/uet_ws/install/ur_calibration/share/ur_calibration/environment/ament_prefix_path.sh
[0.140s] -- Up-to-date: /home/com9/uet_ws/install/ur_calibration/share/ur_calibration/environment/ament_prefix_path.dsv
[0.141s] -- Up-to-date: /home/com9/uet_ws/install/ur_calibration/share/ur_calibration/environment/path.sh
[0.141s] -- Up-to-date: /home/com9/uet_ws/install/ur_calibration/share/ur_calibration/environment/path.dsv
[0.141s] -- Up-to-date: /home/com9/uet_ws/install/ur_calibration/share/ur_calibration/local_setup.bash
[0.141s] -- Up-to-date: /home/com9/uet_ws/install/ur_calibration/share/ur_calibration/local_setup.sh
[0.141s] -- Up-to-date: /home/com9/uet_ws/install/ur_calibration/share/ur_calibration/local_setup.zsh
[0.141s] -- Up-to-date: /home/com9/uet_ws/install/ur_calibration/share/ur_calibration/local_setup.dsv
[0.141s] -- Installing: /home/com9/uet_ws/install/ur_calibration/share/ur_calibration/package.dsv
[0.141s] -- Up-to-date: /home/com9/uet_ws/install/ur_calibration/share/ament_index/resource_index/packages/ur_calibration
[0.141s] -- Up-to-date: /home/com9/uet_ws/install/ur_calibration/share/ur_calibration/cmake/ament_cmake_export_include_directories-extras.cmake
[0.141s] -- Up-to-date: /home/com9/uet_ws/install/ur_calibration/share/ur_calibration/cmake/ament_cmake_export_dependencies-extras.cmake
[0.141s] -- Up-to-date: /home/com9/uet_ws/install/ur_calibration/share/ur_calibration/cmake/ur_calibrationConfig.cmake
[0.141s] -- Up-to-date: /home/com9/uet_ws/install/ur_calibration/share/ur_calibration/cmake/ur_calibrationConfig-version.cmake
[0.141s] -- Up-to-date: /home/com9/uet_ws/install/ur_calibration/share/ur_calibration/package.xml
[0.142s] Invoked command in '/home/com9/uet_ws/build/ur_calibration' returned '0': AMENT_PREFIX_PATH=/home/com9/uet_ws/install/ur_robot_driver:/home/com9/uet_ws/install/ur_controllers:/home/com9/uet_ws/install/ur_dashboard_msgs:${AMENT_PREFIX_PATH} CMAKE_PREFIX_PATH=/home/com9/uet_ws/install/ur_robot_driver:/home/com9/uet_ws/install/ur_controllers:/home/com9/uet_ws/install/ur_dashboard_msgs:/opt/ros/humble LD_LIBRARY_PATH=/home/com9/uet_ws/install/ur_robot_driver/lib:/home/com9/uet_ws/install/ur_controllers/lib:/home/com9/uet_ws/install/ur_dashboard_msgs/lib:${LD_LIBRARY_PATH} PATH=/home/com9/uet_ws/install/ur_robot_driver/bin:${PATH} PYTHONPATH=/home/com9/uet_ws/install/ur_robot_driver/local/lib/python3.10/dist-packages:/home/com9/uet_ws/install/ur_dashboard_msgs/local/lib/python3.10/dist-packages:${PYTHONPATH} /usr/bin/cmake --install /home/com9/uet_ws/build/ur_calibration
