[0.004s] Invoking command in '/home/com9/uet_ws/build/ur3_moveit_control': CMAKE_PREFIX_PATH=/opt/ros/humble /usr/bin/cmake /home/com9/uet_ws/src/ur3_moveit_control -DCMAKE_INSTALL_PREFIX=/home/com9/uet_ws/install/ur3_moveit_control
[0.114s] -- The C compiler identification is GNU 11.4.0
[0.176s] -- The CXX compiler identification is GNU 11.4.0
[0.184s] -- Detecting C compiler ABI info
[0.237s] -- Detecting C compiler ABI info - done
[0.242s] -- Check for working C compiler: /usr/bin/cc - skipped
[0.242s] -- Detecting C compile features
[0.243s] -- Detecting C compile features - done
[0.245s] -- Detecting CXX compiler ABI info
[0.295s] -- Detecting CXX compiler ABI info - done
[0.300s] -- Check for working CXX compiler: /usr/bin/c++ - skipped
[0.300s] -- Detecting CXX compile features
[0.301s] -- Detecting CXX compile features - done
[0.310s] -- Found ament_cmake: 1.3.14 (/opt/ros/humble/share/ament_cmake/cmake)
[0.410s] -- Found Python3: /usr/bin/python3 (found version "3.10.12") found components: Interpreter 
[0.479s] -- Found rclcpp: 16.0.19 (/opt/ros/humble/share/rclcpp/cmake)
[0.514s] -- Found rosidl_generator_c: 3.1.8 (/opt/ros/humble/share/rosidl_generator_c/cmake)
[0.518s] -- Found rosidl_adapter: 3.1.8 (/opt/ros/humble/share/rosidl_adapter/cmake)
[0.525s] -- Found rosidl_generator_cpp: 3.1.8 (/opt/ros/humble/share/rosidl_generator_cpp/cmake)
[0.536s] -- Using all available rosidl_typesupport_c: rosidl_typesupport_fastrtps_c;rosidl_typesupport_introspection_c
[0.549s] -- Using all available rosidl_typesupport_cpp: rosidl_typesupport_fastrtps_cpp;rosidl_typesupport_introspection_cpp
[0.582s] -- Found rmw_implementation_cmake: 6.1.2 (/opt/ros/humble/share/rmw_implementation_cmake/cmake)
[0.584s] -- Found rmw_fastrtps_cpp: 6.2.10 (/opt/ros/humble/share/rmw_fastrtps_cpp/cmake)
[0.643s] -- Found OpenSSL: /usr/lib/x86_64-linux-gnu/libcrypto.so (found version "3.0.2")  
[0.661s] -- Found FastRTPS: /opt/ros/humble/include  
[0.687s] -- Using RMW implementation 'rmw_fastrtps_cpp' as default
[0.695s] -- Looking for pthread.h
[0.748s] -- Looking for pthread.h - found
[0.749s] -- Performing Test CMAKE_HAVE_LIBC_PTHREAD
[0.795s] -- Performing Test CMAKE_HAVE_LIBC_PTHREAD - Success
[0.796s] -- Found Threads: TRUE  
[0.834s] -- Found rclcpp_action: 16.0.19 (/opt/ros/humble/share/rclcpp_action/cmake)
[0.861s] -- Found moveit_ros_planning_interface: 2.5.9 (/opt/ros/humble/share/moveit_ros_planning_interface/cmake)
[0.881s] -- Found Boost: /usr/lib/x86_64-linux-gnu/cmake/Boost-1.74.0/BoostConfig.cmake (found version "1.74.0") found components: date_time filesystem program_options system thread 
[0.998s] -- Found Boost: /usr/lib/x86_64-linux-gnu/cmake/Boost-1.74.0/BoostConfig.cmake (found version "1.74.0") found components: chrono date_time filesystem iostreams program_options regex serialization system thread 
[1.029s] -- Found parameter_traits: 0.7.4 (/opt/ros/humble/share/parameter_traits/cmake)
[1.045s] -- Found rclcpp_lifecycle: 16.0.19 (/opt/ros/humble/share/rclcpp_lifecycle/cmake)
[1.126s] -- library: /usr/lib/x86_64-linux-gnu/libcurl.so
[1.150s] -- Found Eigen3: TRUE (found version "3.4.0") 
[1.150s] -- Ensuring Eigen3 include directory is part of orocos-kdl CMake target
[1.244s] -- Found Boost: /usr/lib/x86_64-linux-gnu/cmake/Boost-1.74.0/BoostConfig.cmake (found version "1.74.0") found components: system filesystem date_time program_options thread chrono 
[1.265s] -- Found Boost: /usr/lib/x86_64-linux-gnu/cmake/Boost-1.74.0/BoostConfig.cmake (found version "1.74.0") found components: thread system filesystem regex date_time program_options 
[1.281s] -- Found Boost: /usr/lib/x86_64-linux-gnu/cmake/Boost-1.74.0/BoostConfig.cmake (found version "1.74.0") found components: system filesystem date_time program_options thread 
[1.302s] -- Found rosidl_default_generators: 1.2.1 (/opt/ros/humble/share/rosidl_default_generators/cmake)
[1.504s] -- Found ament_cmake_ros: 0.10.0 (/opt/ros/humble/share/ament_cmake_ros/cmake)
[1.807s] -- Using all available rosidl_typesupport_c: rosidl_typesupport_fastrtps_c;rosidl_typesupport_introspection_c
[1.924s] -- Using all available rosidl_typesupport_cpp: rosidl_typesupport_fastrtps_cpp;rosidl_typesupport_introspection_cpp
[1.940s] -- Found PythonInterp: /usr/bin/python3 (found suitable version "3.10.12", minimum required is "3.6") 
[1.941s] -- Found python_cmake_module: 0.10.0 (/opt/ros/humble/share/python_cmake_module/cmake)
[1.960s] -- Found PythonLibs: /usr/lib/x86_64-linux-gnu/libpython3.10.so (found suitable version "3.10.12", minimum required is "3.5") 
[1.960s] -- Using PYTHON_EXECUTABLE: /usr/bin/python3
[1.960s] -- Using PYTHON_INCLUDE_DIRS: /usr/include/python3.10
[1.960s] -- Using PYTHON_LIBRARIES: /usr/lib/x86_64-linux-gnu/libpython3.10.so
[1.973s] -- Found PythonExtra: .so  
[2.088s] -- Configuring done
[2.134s] -- Generating done
[2.147s] -- Build files have been written to: /home/com9/uet_ws/build/ur3_moveit_control
[2.158s] Invoked command in '/home/com9/uet_ws/build/ur3_moveit_control' returned '0': CMAKE_PREFIX_PATH=/opt/ros/humble /usr/bin/cmake /home/com9/uet_ws/src/ur3_moveit_control -DCMAKE_INSTALL_PREFIX=/home/com9/uet_ws/install/ur3_moveit_control
[2.160s] Invoking command in '/home/com9/uet_ws/build/ur3_moveit_control': CMAKE_PREFIX_PATH=/opt/ros/humble /usr/bin/cmake --build /home/com9/uet_ws/build/ur3_moveit_control
[2.193s] [  2%] [34m[1mGenerating Rust code for ROS interfaces[0m
[2.364s] [  2%] Built target ur3_moveit_control__rs
[2.372s] [  5%] [34m[1mGenerating C code for ROS interfaces[0m
[2.622s] [  8%] [32mBuilding C object CMakeFiles/ur3_moveit_control__rosidl_generator_c.dir/rosidl_generator_c/ur3_moveit_control/action/detail/ur3_control__functions.c.o[0m
[2.724s] [ 11%] [32m[1mLinking C shared library libur3_moveit_control__rosidl_generator_c.so[0m
[2.754s] [ 11%] Built target ur3_moveit_control__rosidl_generator_c
[2.760s] [ 13%] [34m[1mGenerating C type support for eProsima Fast-RTPS[0m
[2.989s] [ 16%] [32mBuilding CXX object CMakeFiles/ur3_moveit_control__rosidl_typesupport_fastrtps_c.dir/rosidl_typesupport_fastrtps_c/ur3_moveit_control/action/detail/ur3_control__type_support_c.cpp.o[0m
[3.230s] [ 19%] [32m[1mLinking CXX shared library libur3_moveit_control__rosidl_typesupport_fastrtps_c.so[0m
[3.282s] [ 19%] Built target ur3_moveit_control__rosidl_typesupport_fastrtps_c
[3.294s] [ 22%] [34m[1mGenerating C++ code for ROS interfaces[0m
[3.548s] [ 22%] Built target ur3_moveit_control__cpp
[3.556s] [ 25%] [34m[1mGenerating C++ type support for eProsima Fast-RTPS[0m
[3.799s] [ 27%] [32mBuilding CXX object CMakeFiles/ur3_moveit_control__rosidl_typesupport_fastrtps_cpp.dir/rosidl_typesupport_fastrtps_cpp/ur3_moveit_control/action/detail/dds_fastrtps/ur3_control__type_support.cpp.o[0m
[4.109s] [ 30%] [32m[1mLinking CXX shared library libur3_moveit_control__rosidl_typesupport_fastrtps_cpp.so[0m
[4.159s] [ 30%] Built target ur3_moveit_control__rosidl_typesupport_fastrtps_cpp
[4.167s] [ 33%] [34m[1mGenerating C introspection for ROS interfaces[0m
[4.384s] [ 36%] [32mBuilding C object CMakeFiles/ur3_moveit_control__rosidl_typesupport_introspection_c.dir/rosidl_typesupport_introspection_c/ur3_moveit_control/action/detail/ur3_control__type_support.c.o[0m
[4.417s] [ 38%] [32m[1mLinking C shared library libur3_moveit_control__rosidl_typesupport_introspection_c.so[0m
[4.442s] [ 38%] Built target ur3_moveit_control__rosidl_typesupport_introspection_c
[4.448s] [ 41%] [34m[1mGenerating C type support dispatch for ROS interfaces[0m
[4.624s] [ 44%] [32mBuilding CXX object CMakeFiles/ur3_moveit_control__rosidl_typesupport_c.dir/rosidl_typesupport_c/ur3_moveit_control/action/ur3_control__type_support.cpp.o[0m
[4.656s] [ 47%] [32m[1mLinking CXX shared library libur3_moveit_control__rosidl_typesupport_c.so[0m
[4.684s] [ 47%] Built target ur3_moveit_control__rosidl_typesupport_c
[4.692s] [ 50%] [34m[1mGenerating C++ introspection for ROS interfaces[0m
[4.900s] [ 52%] [32mBuilding CXX object CMakeFiles/ur3_moveit_control__rosidl_typesupport_introspection_cpp.dir/rosidl_typesupport_introspection_cpp/ur3_moveit_control/action/detail/ur3_control__type_support.cpp.o[0m
[5.232s] [ 55%] [32m[1mLinking CXX shared library libur3_moveit_control__rosidl_typesupport_introspection_cpp.so[0m
[5.280s] [ 55%] Built target ur3_moveit_control__rosidl_typesupport_introspection_cpp
[5.286s] [ 58%] [34m[1mGenerating C++ type support dispatch for ROS interfaces[0m
[5.456s] [ 61%] [32mBuilding CXX object CMakeFiles/ur3_moveit_control__rosidl_typesupport_cpp.dir/rosidl_typesupport_cpp/ur3_moveit_control/action/ur3_control__type_support.cpp.o[0m
[5.674s] [ 63%] [32m[1mLinking CXX shared library libur3_moveit_control__rosidl_typesupport_cpp.so[0m
[5.702s] [ 63%] Built target ur3_moveit_control__rosidl_typesupport_cpp
[5.715s] [ 63%] Built target ur3_moveit_control
[5.733s] [ 63%] Built target ament_cmake_python_copy_ur3_moveit_control
[5.857s] running egg_info
[5.857s] creating ur3_moveit_control.egg-info
[5.857s] writing ur3_moveit_control.egg-info/PKG-INFO
[5.857s] writing dependency_links to ur3_moveit_control.egg-info/dependency_links.txt
[5.857s] writing top-level names to ur3_moveit_control.egg-info/top_level.txt
[5.857s] writing manifest file 'ur3_moveit_control.egg-info/SOURCES.txt'
[5.858s] reading manifest file 'ur3_moveit_control.egg-info/SOURCES.txt'
[5.858s] writing manifest file 'ur3_moveit_control.egg-info/SOURCES.txt'
[5.875s] [ 63%] Built target ament_cmake_python_build_ur3_moveit_control_egg
[5.891s] [ 66%] [34m[1mGenerating Python code for ROS interfaces[0m
[6.328s] [ 66%] Built target ur3_moveit_control__py
[6.340s] [ 69%] [32mBuilding C object CMakeFiles/ur3_moveit_control__rosidl_generator_py.dir/rosidl_generator_py/ur3_moveit_control/action/_ur3_control_s.c.o[0m
[6.446s] [ 72%] [32m[1mLinking C shared library rosidl_generator_py/ur3_moveit_control/libur3_moveit_control__rosidl_generator_py.so[0m
[6.477s] [ 72%] Built target ur3_moveit_control__rosidl_generator_py
[6.489s] [ 75%] [32mBuilding C object CMakeFiles/ur3_moveit_control__rosidl_typesupport_fastrtps_c__pyext.dir/rosidl_generator_py/ur3_moveit_control/_ur3_moveit_control_s.ep.rosidl_typesupport_fastrtps_c.c.o[0m
[6.562s] [ 77%] [32m[1mLinking C shared library rosidl_generator_py/ur3_moveit_control/ur3_moveit_control_s__rosidl_typesupport_fastrtps_c.cpython-310-x86_64-linux-gnu.so[0m
[6.593s] [ 77%] Built target ur3_moveit_control__rosidl_typesupport_fastrtps_c__pyext
[6.605s] [ 80%] [32mBuilding C object CMakeFiles/ur3_moveit_control__rosidl_typesupport_introspection_c__pyext.dir/rosidl_generator_py/ur3_moveit_control/_ur3_moveit_control_s.ep.rosidl_typesupport_introspection_c.c.o[0m
[6.675s] [ 83%] [32m[1mLinking C shared library rosidl_generator_py/ur3_moveit_control/ur3_moveit_control_s__rosidl_typesupport_introspection_c.cpython-310-x86_64-linux-gnu.so[0m
[6.703s] [ 83%] Built target ur3_moveit_control__rosidl_typesupport_introspection_c__pyext
[6.716s] [ 86%] [32mBuilding C object CMakeFiles/ur3_moveit_control__rosidl_typesupport_c__pyext.dir/rosidl_generator_py/ur3_moveit_control/_ur3_moveit_control_s.ep.rosidl_typesupport_c.c.o[0m
[6.786s] [ 88%] [32m[1mLinking C shared library rosidl_generator_py/ur3_moveit_control/ur3_moveit_control_s__rosidl_typesupport_c.cpython-310-x86_64-linux-gnu.so[0m
[6.817s] [ 88%] Built target ur3_moveit_control__rosidl_typesupport_c__pyext
[6.831s] [ 91%] [32mBuilding CXX object CMakeFiles/ur3_motion_interface.dir/src/ur3_motion_interface.cpp.o[0m
[11.057s] [ 94%] [32m[1mLinking CXX shared library libur3_motion_interface.so[0m
[11.231s] [ 94%] Built target ur3_motion_interface
[11.245s] [ 97%] [32mBuilding CXX object CMakeFiles/ur3_control_node.dir/src/ur3_control_node.cpp.o[0m
[18.482s] [100%] [32m[1mLinking CXX executable ur3_control_node[0m
[18.920s] [100%] Built target ur3_control_node
[18.929s] Invoked command in '/home/com9/uet_ws/build/ur3_moveit_control' returned '0': CMAKE_PREFIX_PATH=/opt/ros/humble /usr/bin/cmake --build /home/com9/uet_ws/build/ur3_moveit_control
[18.935s] Invoking command in '/home/com9/uet_ws/build/ur3_moveit_control': CMAKE_PREFIX_PATH=/opt/ros/humble /usr/bin/cmake --install /home/com9/uet_ws/build/ur3_moveit_control
[18.941s] -- Install configuration: ""
[18.941s] -- Installing: /home/com9/uet_ws/install/ur3_moveit_control/share/ament_index/resource_index/rosidl_interfaces/ur3_moveit_control
[18.941s] -- Installing: /home/com9/uet_ws/install/ur3_moveit_control/include/ur3_moveit_control/ur3_moveit_control
[18.941s] -- Installing: /home/com9/uet_ws/install/ur3_moveit_control/include/ur3_moveit_control/ur3_moveit_control/msg
[18.941s] -- Installing: /home/com9/uet_ws/install/ur3_moveit_control/include/ur3_moveit_control/ur3_moveit_control/msg/rosidl_generator_c__visibility_control.h
[18.942s] -- Installing: /home/com9/uet_ws/install/ur3_moveit_control/include/ur3_moveit_control/ur3_moveit_control/action
[18.942s] -- Installing: /home/com9/uet_ws/install/ur3_moveit_control/include/ur3_moveit_control/ur3_moveit_control/action/ur3_control.h
[18.942s] -- Installing: /home/com9/uet_ws/install/ur3_moveit_control/include/ur3_moveit_control/ur3_moveit_control/action/detail
[18.942s] -- Installing: /home/com9/uet_ws/install/ur3_moveit_control/include/ur3_moveit_control/ur3_moveit_control/action/detail/ur3_control__struct.h
[18.942s] -- Installing: /home/com9/uet_ws/install/ur3_moveit_control/include/ur3_moveit_control/ur3_moveit_control/action/detail/ur3_control__type_support.h
[18.942s] -- Installing: /home/com9/uet_ws/install/ur3_moveit_control/include/ur3_moveit_control/ur3_moveit_control/action/detail/ur3_control__functions.c
[18.942s] -- Installing: /home/com9/uet_ws/install/ur3_moveit_control/include/ur3_moveit_control/ur3_moveit_control/action/detail/ur3_control__functions.h
[18.942s] -- Installing: /home/com9/uet_ws/install/ur3_moveit_control/share/ur3_moveit_control/environment/library_path.sh
[18.942s] -- Installing: /home/com9/uet_ws/install/ur3_moveit_control/share/ur3_moveit_control/environment/library_path.dsv
[18.942s] -- Installing: /home/com9/uet_ws/install/ur3_moveit_control/lib/libur3_moveit_control__rosidl_generator_c.so
[18.942s] -- Set runtime path of "/home/com9/uet_ws/install/ur3_moveit_control/lib/libur3_moveit_control__rosidl_generator_c.so" to ""
[18.942s] -- Up-to-date: /home/com9/uet_ws/install/ur3_moveit_control/include/ur3_moveit_control/ur3_moveit_control
[18.942s] -- Up-to-date: /home/com9/uet_ws/install/ur3_moveit_control/include/ur3_moveit_control/ur3_moveit_control/msg
[18.942s] -- Installing: /home/com9/uet_ws/install/ur3_moveit_control/include/ur3_moveit_control/ur3_moveit_control/msg/rosidl_typesupport_fastrtps_c__visibility_control.h
[18.942s] -- Up-to-date: /home/com9/uet_ws/install/ur3_moveit_control/include/ur3_moveit_control/ur3_moveit_control/action
[18.942s] -- Up-to-date: /home/com9/uet_ws/install/ur3_moveit_control/include/ur3_moveit_control/ur3_moveit_control/action/detail
[18.942s] -- Installing: /home/com9/uet_ws/install/ur3_moveit_control/include/ur3_moveit_control/ur3_moveit_control/action/detail/ur3_control__rosidl_typesupport_fastrtps_c.h
[18.942s] -- Installing: /home/com9/uet_ws/install/ur3_moveit_control/lib/libur3_moveit_control__rosidl_typesupport_fastrtps_c.so
[18.942s] -- Set runtime path of "/home/com9/uet_ws/install/ur3_moveit_control/lib/libur3_moveit_control__rosidl_typesupport_fastrtps_c.so" to ""
[18.942s] -- Up-to-date: /home/com9/uet_ws/install/ur3_moveit_control/include/ur3_moveit_control/ur3_moveit_control
[18.942s] -- Up-to-date: /home/com9/uet_ws/install/ur3_moveit_control/include/ur3_moveit_control/ur3_moveit_control/msg
[18.942s] -- Installing: /home/com9/uet_ws/install/ur3_moveit_control/include/ur3_moveit_control/ur3_moveit_control/msg/rosidl_generator_cpp__visibility_control.hpp
[18.943s] -- Up-to-date: /home/com9/uet_ws/install/ur3_moveit_control/include/ur3_moveit_control/ur3_moveit_control/action
[18.943s] -- Installing: /home/com9/uet_ws/install/ur3_moveit_control/include/ur3_moveit_control/ur3_moveit_control/action/ur3_control.hpp
[18.943s] -- Up-to-date: /home/com9/uet_ws/install/ur3_moveit_control/include/ur3_moveit_control/ur3_moveit_control/action/detail
[18.943s] -- Installing: /home/com9/uet_ws/install/ur3_moveit_control/include/ur3_moveit_control/ur3_moveit_control/action/detail/ur3_control__type_support.hpp
[18.943s] -- Installing: /home/com9/uet_ws/install/ur3_moveit_control/include/ur3_moveit_control/ur3_moveit_control/action/detail/ur3_control__traits.hpp
[18.943s] -- Installing: /home/com9/uet_ws/install/ur3_moveit_control/include/ur3_moveit_control/ur3_moveit_control/action/detail/ur3_control__builder.hpp
[18.943s] -- Installing: /home/com9/uet_ws/install/ur3_moveit_control/include/ur3_moveit_control/ur3_moveit_control/action/detail/ur3_control__struct.hpp
[18.943s] -- Up-to-date: /home/com9/uet_ws/install/ur3_moveit_control/include/ur3_moveit_control/ur3_moveit_control
[18.943s] -- Up-to-date: /home/com9/uet_ws/install/ur3_moveit_control/include/ur3_moveit_control/ur3_moveit_control/msg
[18.943s] -- Installing: /home/com9/uet_ws/install/ur3_moveit_control/include/ur3_moveit_control/ur3_moveit_control/msg/rosidl_typesupport_fastrtps_cpp__visibility_control.h
[18.943s] -- Up-to-date: /home/com9/uet_ws/install/ur3_moveit_control/include/ur3_moveit_control/ur3_moveit_control/action
[18.943s] -- Up-to-date: /home/com9/uet_ws/install/ur3_moveit_control/include/ur3_moveit_control/ur3_moveit_control/action/detail
[18.943s] -- Installing: /home/com9/uet_ws/install/ur3_moveit_control/include/ur3_moveit_control/ur3_moveit_control/action/detail/dds_fastrtps
[18.943s] -- Installing: /home/com9/uet_ws/install/ur3_moveit_control/include/ur3_moveit_control/ur3_moveit_control/action/detail/ur3_control__rosidl_typesupport_fastrtps_cpp.hpp
[18.943s] -- Installing: /home/com9/uet_ws/install/ur3_moveit_control/lib/libur3_moveit_control__rosidl_typesupport_fastrtps_cpp.so
[18.943s] -- Set runtime path of "/home/com9/uet_ws/install/ur3_moveit_control/lib/libur3_moveit_control__rosidl_typesupport_fastrtps_cpp.so" to ""
[18.943s] -- Up-to-date: /home/com9/uet_ws/install/ur3_moveit_control/include/ur3_moveit_control/ur3_moveit_control
[18.943s] -- Up-to-date: /home/com9/uet_ws/install/ur3_moveit_control/include/ur3_moveit_control/ur3_moveit_control/msg
[18.943s] -- Installing: /home/com9/uet_ws/install/ur3_moveit_control/include/ur3_moveit_control/ur3_moveit_control/msg/rosidl_typesupport_introspection_c__visibility_control.h
[18.943s] -- Up-to-date: /home/com9/uet_ws/install/ur3_moveit_control/include/ur3_moveit_control/ur3_moveit_control/action
[18.943s] -- Up-to-date: /home/com9/uet_ws/install/ur3_moveit_control/include/ur3_moveit_control/ur3_moveit_control/action/detail
[18.943s] -- Installing: /home/com9/uet_ws/install/ur3_moveit_control/include/ur3_moveit_control/ur3_moveit_control/action/detail/ur3_control__rosidl_typesupport_introspection_c.h
[18.943s] -- Installing: /home/com9/uet_ws/install/ur3_moveit_control/include/ur3_moveit_control/ur3_moveit_control/action/detail/ur3_control__type_support.c
[18.943s] -- Installing: /home/com9/uet_ws/install/ur3_moveit_control/lib/libur3_moveit_control__rosidl_typesupport_introspection_c.so
[18.943s] -- Set runtime path of "/home/com9/uet_ws/install/ur3_moveit_control/lib/libur3_moveit_control__rosidl_typesupport_introspection_c.so" to ""
[18.943s] -- Installing: /home/com9/uet_ws/install/ur3_moveit_control/lib/libur3_moveit_control__rosidl_typesupport_c.so
[18.944s] -- Set runtime path of "/home/com9/uet_ws/install/ur3_moveit_control/lib/libur3_moveit_control__rosidl_typesupport_c.so" to ""
[18.944s] -- Up-to-date: /home/com9/uet_ws/install/ur3_moveit_control/include/ur3_moveit_control/ur3_moveit_control
[18.944s] -- Up-to-date: /home/com9/uet_ws/install/ur3_moveit_control/include/ur3_moveit_control/ur3_moveit_control/action
[18.944s] -- Up-to-date: /home/com9/uet_ws/install/ur3_moveit_control/include/ur3_moveit_control/ur3_moveit_control/action/detail
[18.944s] -- Installing: /home/com9/uet_ws/install/ur3_moveit_control/include/ur3_moveit_control/ur3_moveit_control/action/detail/ur3_control__rosidl_typesupport_introspection_cpp.hpp
[18.944s] -- Installing: /home/com9/uet_ws/install/ur3_moveit_control/include/ur3_moveit_control/ur3_moveit_control/action/detail/ur3_control__type_support.cpp
[18.944s] -- Installing: /home/com9/uet_ws/install/ur3_moveit_control/lib/libur3_moveit_control__rosidl_typesupport_introspection_cpp.so
[18.944s] -- Set runtime path of "/home/com9/uet_ws/install/ur3_moveit_control/lib/libur3_moveit_control__rosidl_typesupport_introspection_cpp.so" to ""
[18.944s] -- Installing: /home/com9/uet_ws/install/ur3_moveit_control/lib/libur3_moveit_control__rosidl_typesupport_cpp.so
[18.944s] -- Set runtime path of "/home/com9/uet_ws/install/ur3_moveit_control/lib/libur3_moveit_control__rosidl_typesupport_cpp.so" to ""
[18.944s] -- Installing: /home/com9/uet_ws/install/ur3_moveit_control/share/ur3_moveit_control/environment/pythonpath.sh
[18.944s] -- Installing: /home/com9/uet_ws/install/ur3_moveit_control/share/ur3_moveit_control/environment/pythonpath.dsv
[18.944s] -- Installing: /home/com9/uet_ws/install/ur3_moveit_control/local/lib/python3.10/dist-packages/ur3_moveit_control-0.0.0-py3.10.egg-info
[18.944s] -- Installing: /home/com9/uet_ws/install/ur3_moveit_control/local/lib/python3.10/dist-packages/ur3_moveit_control-0.0.0-py3.10.egg-info/dependency_links.txt
[18.944s] -- Installing: /home/com9/uet_ws/install/ur3_moveit_control/local/lib/python3.10/dist-packages/ur3_moveit_control-0.0.0-py3.10.egg-info/top_level.txt
[18.944s] -- Installing: /home/com9/uet_ws/install/ur3_moveit_control/local/lib/python3.10/dist-packages/ur3_moveit_control-0.0.0-py3.10.egg-info/SOURCES.txt
[18.944s] -- Installing: /home/com9/uet_ws/install/ur3_moveit_control/local/lib/python3.10/dist-packages/ur3_moveit_control-0.0.0-py3.10.egg-info/PKG-INFO
[18.944s] -- Installing: /home/com9/uet_ws/install/ur3_moveit_control/local/lib/python3.10/dist-packages/ur3_moveit_control
[18.944s] -- Installing: /home/com9/uet_ws/install/ur3_moveit_control/local/lib/python3.10/dist-packages/ur3_moveit_control/_ur3_moveit_control_s.ep.rosidl_typesupport_c.c
[18.944s] -- Installing: /home/com9/uet_ws/install/ur3_moveit_control/local/lib/python3.10/dist-packages/ur3_moveit_control/ur3_moveit_control_s__rosidl_typesupport_c.cpython-310-x86_64-linux-gnu.so
[18.945s] -- Installing: /home/com9/uet_ws/install/ur3_moveit_control/local/lib/python3.10/dist-packages/ur3_moveit_control/libur3_moveit_control__rosidl_generator_py.so
[18.945s] -- Installing: /home/com9/uet_ws/install/ur3_moveit_control/local/lib/python3.10/dist-packages/ur3_moveit_control/__init__.py
[18.945s] -- Installing: /home/com9/uet_ws/install/ur3_moveit_control/local/lib/python3.10/dist-packages/ur3_moveit_control/_ur3_moveit_control_s.ep.rosidl_typesupport_introspection_c.c
[18.945s] -- Installing: /home/com9/uet_ws/install/ur3_moveit_control/local/lib/python3.10/dist-packages/ur3_moveit_control/ur3_moveit_control_s__rosidl_typesupport_fastrtps_c.cpython-310-x86_64-linux-gnu.so
[18.945s] -- Installing: /home/com9/uet_ws/install/ur3_moveit_control/local/lib/python3.10/dist-packages/ur3_moveit_control/ur3_moveit_control_s__rosidl_typesupport_introspection_c.cpython-310-x86_64-linux-gnu.so
[18.945s] -- Installing: /home/com9/uet_ws/install/ur3_moveit_control/local/lib/python3.10/dist-packages/ur3_moveit_control/_ur3_moveit_control_s.ep.rosidl_typesupport_fastrtps_c.c
[18.945s] -- Installing: /home/com9/uet_ws/install/ur3_moveit_control/local/lib/python3.10/dist-packages/ur3_moveit_control/action
[18.945s] -- Installing: /home/com9/uet_ws/install/ur3_moveit_control/local/lib/python3.10/dist-packages/ur3_moveit_control/action/__init__.py
[18.945s] -- Installing: /home/com9/uet_ws/install/ur3_moveit_control/local/lib/python3.10/dist-packages/ur3_moveit_control/action/_ur3_control_s.c
[18.945s] -- Installing: /home/com9/uet_ws/install/ur3_moveit_control/local/lib/python3.10/dist-packages/ur3_moveit_control/action/_ur3_control.py
[18.970s] Listing '/home/com9/uet_ws/install/ur3_moveit_control/local/lib/python3.10/dist-packages/ur3_moveit_control'...
[18.970s] Compiling '/home/com9/uet_ws/install/ur3_moveit_control/local/lib/python3.10/dist-packages/ur3_moveit_control/__init__.py'...
[18.970s] Listing '/home/com9/uet_ws/install/ur3_moveit_control/local/lib/python3.10/dist-packages/ur3_moveit_control/action'...
[18.970s] Compiling '/home/com9/uet_ws/install/ur3_moveit_control/local/lib/python3.10/dist-packages/ur3_moveit_control/action/__init__.py'...
[18.970s] Compiling '/home/com9/uet_ws/install/ur3_moveit_control/local/lib/python3.10/dist-packages/ur3_moveit_control/action/_ur3_control.py'...
[18.973s] -- Installing: /home/com9/uet_ws/install/ur3_moveit_control/local/lib/python3.10/dist-packages/ur3_moveit_control/ur3_moveit_control_s__rosidl_typesupport_fastrtps_c.cpython-310-x86_64-linux-gnu.so
[18.973s] -- Set runtime path of "/home/com9/uet_ws/install/ur3_moveit_control/local/lib/python3.10/dist-packages/ur3_moveit_control/ur3_moveit_control_s__rosidl_typesupport_fastrtps_c.cpython-310-x86_64-linux-gnu.so" to ""
[18.973s] -- Installing: /home/com9/uet_ws/install/ur3_moveit_control/local/lib/python3.10/dist-packages/ur3_moveit_control/ur3_moveit_control_s__rosidl_typesupport_introspection_c.cpython-310-x86_64-linux-gnu.so
[18.973s] -- Set runtime path of "/home/com9/uet_ws/install/ur3_moveit_control/local/lib/python3.10/dist-packages/ur3_moveit_control/ur3_moveit_control_s__rosidl_typesupport_introspection_c.cpython-310-x86_64-linux-gnu.so" to ""
[18.974s] -- Installing: /home/com9/uet_ws/install/ur3_moveit_control/local/lib/python3.10/dist-packages/ur3_moveit_control/ur3_moveit_control_s__rosidl_typesupport_c.cpython-310-x86_64-linux-gnu.so
[18.974s] -- Set runtime path of "/home/com9/uet_ws/install/ur3_moveit_control/local/lib/python3.10/dist-packages/ur3_moveit_control/ur3_moveit_control_s__rosidl_typesupport_c.cpython-310-x86_64-linux-gnu.so" to ""
[18.974s] -- Installing: /home/com9/uet_ws/install/ur3_moveit_control/lib/libur3_moveit_control__rosidl_generator_py.so
[18.974s] -- Set runtime path of "/home/com9/uet_ws/install/ur3_moveit_control/lib/libur3_moveit_control__rosidl_generator_py.so" to ""
[18.974s] -- Installing: /home/com9/uet_ws/install/ur3_moveit_control/share/ament_index/resource_index/rust_packages/ur3_moveit_control
[18.974s] -- Installing: /home/com9/uet_ws/install/ur3_moveit_control/share/ur3_moveit_control/rust
[18.974s] -- Installing: /home/com9/uet_ws/install/ur3_moveit_control/share/ur3_moveit_control/rust/Cargo.toml
[18.974s] -- Installing: /home/com9/uet_ws/install/ur3_moveit_control/share/ur3_moveit_control/rust/src
[18.974s] -- Installing: /home/com9/uet_ws/install/ur3_moveit_control/share/ur3_moveit_control/rust/src/lib.rs
[18.974s] -- Installing: /home/com9/uet_ws/install/ur3_moveit_control/share/ur3_moveit_control/rust/src/action.rs
[18.974s] -- Installing: /home/com9/uet_ws/install/ur3_moveit_control/share/ur3_moveit_control/rust/src/action
[18.974s] -- Installing: /home/com9/uet_ws/install/ur3_moveit_control/share/ur3_moveit_control/rust/src/action/rmw.rs
[18.975s] -- Installing: /home/com9/uet_ws/install/ur3_moveit_control/share/ur3_moveit_control/rust/build.rs
[18.975s] -- Installing: /home/com9/uet_ws/install/ur3_moveit_control/share/ur3_moveit_control/action/UR3Control.idl
[18.975s] -- Installing: /home/com9/uet_ws/install/ur3_moveit_control/share/ur3_moveit_control/action/UR3Control.action
[18.975s] -- Installing: /home/com9/uet_ws/install/ur3_moveit_control/lib/libur3_motion_interface.so
[18.976s] -- Set runtime path of "/home/com9/uet_ws/install/ur3_moveit_control/lib/libur3_motion_interface.so" to ""
[18.976s] -- Installing: /home/com9/uet_ws/install/ur3_moveit_control/lib/ur3_moveit_control/ur3_control_node
[18.978s] -- Set runtime path of "/home/com9/uet_ws/install/ur3_moveit_control/lib/ur3_moveit_control/ur3_control_node" to ""
[18.978s] -- Up-to-date: /home/com9/uet_ws/install/ur3_moveit_control/include
[18.978s] -- Up-to-date: /home/com9/uet_ws/install/ur3_moveit_control/include/ur3_moveit_control
[18.978s] -- Installing: /home/com9/uet_ws/install/ur3_moveit_control/include/ur3_moveit_control/ur3_motion_interface.hpp
[18.978s] -- Installing: /home/com9/uet_ws/install/ur3_moveit_control/share/ur3_moveit_control/config
[18.978s] -- Installing: /home/com9/uet_ws/install/ur3_moveit_control/share/ur3_moveit_control/config/moveit_controllers.yaml
[18.978s] -- Installing: /home/com9/uet_ws/install/ur3_moveit_control/share/ur3_moveit_control/config/planning_scene_monitor.yaml
[18.978s] -- Installing: /home/com9/uet_ws/install/ur3_moveit_control/share/ur3_moveit_control/config/ur3_susgrip_gazebo_controllers.yaml
[18.978s] -- Installing: /home/com9/uet_ws/install/ur3_moveit_control/share/ur3_moveit_control/config/planning_pipelines.yaml
[18.978s] -- Installing: /home/com9/uet_ws/install/ur3_moveit_control/share/ur3_moveit_control/config/ompl_planning.yaml
[18.978s] -- Installing: /home/com9/uet_ws/install/ur3_moveit_control/share/ur3_moveit_control/config/moveit_custom_config.yaml
[18.978s] -- Installing: /home/com9/uet_ws/install/ur3_moveit_control/share/ur3_moveit_control/config/joint_limits.yaml
[18.978s] -- Installing: /home/com9/uet_ws/install/ur3_moveit_control/share/ur3_moveit_control/config/kinematics.yaml
[18.979s] -- Installing: /home/com9/uet_ws/install/ur3_moveit_control/share/ur3_moveit_control/launch
[18.979s] -- Installing: /home/com9/uet_ws/install/ur3_moveit_control/share/ur3_moveit_control/launch/ur3_susgrip_sim.launch.py
[18.979s] -- Installing: /home/com9/uet_ws/install/ur3_moveit_control/share/ur3_moveit_control/launch/ur3_demo_gripper.launch.py
[18.979s] -- Installing: /home/com9/uet_ws/install/ur3_moveit_control/share/ur3_moveit_control/launch/eye_in_hand_calib.launch.py
[18.979s] -- Installing: /home/com9/uet_ws/install/ur3_moveit_control/share/ur3_moveit_control/launch/ur3_demo.launch.py
[18.979s] -- Installing: /home/com9/uet_ws/install/ur3_moveit_control/share/ur3_moveit_control/urdf
[18.979s] -- Installing: /home/com9/uet_ws/install/ur3_moveit_control/share/ur3_moveit_control/urdf/ur3_with_susgrip_gazebo.urdf.xacro
[18.979s] -- Installing: /home/com9/uet_ws/install/ur3_moveit_control/share/ur3_moveit_control/urdf/ur3_with_susgrip.urdf.xacro
[18.979s] -- Installing: /home/com9/uet_ws/install/ur3_moveit_control/share/ur3_moveit_control/srdf
[18.979s] -- Installing: /home/com9/uet_ws/install/ur3_moveit_control/share/ur3_moveit_control/rviz
[18.979s] -- Installing: /home/com9/uet_ws/install/ur3_moveit_control/share/ur3_moveit_control/rviz/view_robot.rviz
[18.979s] -- Installing: /home/com9/uet_ws/install/ur3_moveit_control/share/ament_index/resource_index/package_run_dependencies/ur3_moveit_control
[18.979s] -- Installing: /home/com9/uet_ws/install/ur3_moveit_control/share/ament_index/resource_index/parent_prefix_path/ur3_moveit_control
[18.979s] -- Installing: /home/com9/uet_ws/install/ur3_moveit_control/share/ur3_moveit_control/environment/ament_prefix_path.sh
[18.979s] -- Installing: /home/com9/uet_ws/install/ur3_moveit_control/share/ur3_moveit_control/environment/ament_prefix_path.dsv
[18.979s] -- Installing: /home/com9/uet_ws/install/ur3_moveit_control/share/ur3_moveit_control/environment/path.sh
[18.979s] -- Installing: /home/com9/uet_ws/install/ur3_moveit_control/share/ur3_moveit_control/environment/path.dsv
[18.979s] -- Installing: /home/com9/uet_ws/install/ur3_moveit_control/share/ur3_moveit_control/local_setup.bash
[18.979s] -- Installing: /home/com9/uet_ws/install/ur3_moveit_control/share/ur3_moveit_control/local_setup.sh
[18.979s] -- Installing: /home/com9/uet_ws/install/ur3_moveit_control/share/ur3_moveit_control/local_setup.zsh
[18.979s] -- Installing: /home/com9/uet_ws/install/ur3_moveit_control/share/ur3_moveit_control/local_setup.dsv
[18.979s] -- Installing: /home/com9/uet_ws/install/ur3_moveit_control/share/ur3_moveit_control/package.dsv
[18.979s] -- Installing: /home/com9/uet_ws/install/ur3_moveit_control/share/ament_index/resource_index/packages/ur3_moveit_control
[18.979s] -- Installing: /home/com9/uet_ws/install/ur3_moveit_control/share/ur3_moveit_control/cmake/export_ur3_moveit_control__rosidl_generator_cExport.cmake
[18.979s] -- Installing: /home/com9/uet_ws/install/ur3_moveit_control/share/ur3_moveit_control/cmake/export_ur3_moveit_control__rosidl_generator_cExport-noconfig.cmake
[18.979s] -- Installing: /home/com9/uet_ws/install/ur3_moveit_control/share/ur3_moveit_control/cmake/export_ur3_moveit_control__rosidl_typesupport_fastrtps_cExport.cmake
[18.980s] -- Installing: /home/com9/uet_ws/install/ur3_moveit_control/share/ur3_moveit_control/cmake/export_ur3_moveit_control__rosidl_typesupport_fastrtps_cExport-noconfig.cmake
[18.980s] -- Installing: /home/com9/uet_ws/install/ur3_moveit_control/share/ur3_moveit_control/cmake/export_ur3_moveit_control__rosidl_generator_cppExport.cmake
[18.980s] -- Installing: /home/com9/uet_ws/install/ur3_moveit_control/share/ur3_moveit_control/cmake/export_ur3_moveit_control__rosidl_typesupport_fastrtps_cppExport.cmake
[18.980s] -- Installing: /home/com9/uet_ws/install/ur3_moveit_control/share/ur3_moveit_control/cmake/export_ur3_moveit_control__rosidl_typesupport_fastrtps_cppExport-noconfig.cmake
[18.980s] -- Installing: /home/com9/uet_ws/install/ur3_moveit_control/share/ur3_moveit_control/cmake/ur3_moveit_control__rosidl_typesupport_introspection_cExport.cmake
[18.980s] -- Installing: /home/com9/uet_ws/install/ur3_moveit_control/share/ur3_moveit_control/cmake/ur3_moveit_control__rosidl_typesupport_introspection_cExport-noconfig.cmake
[18.980s] -- Installing: /home/com9/uet_ws/install/ur3_moveit_control/share/ur3_moveit_control/cmake/ur3_moveit_control__rosidl_typesupport_cExport.cmake
[18.980s] -- Installing: /home/com9/uet_ws/install/ur3_moveit_control/share/ur3_moveit_control/cmake/ur3_moveit_control__rosidl_typesupport_cExport-noconfig.cmake
[18.980s] -- Installing: /home/com9/uet_ws/install/ur3_moveit_control/share/ur3_moveit_control/cmake/ur3_moveit_control__rosidl_typesupport_introspection_cppExport.cmake
[18.980s] -- Installing: /home/com9/uet_ws/install/ur3_moveit_control/share/ur3_moveit_control/cmake/ur3_moveit_control__rosidl_typesupport_introspection_cppExport-noconfig.cmake
[18.980s] -- Installing: /home/com9/uet_ws/install/ur3_moveit_control/share/ur3_moveit_control/cmake/ur3_moveit_control__rosidl_typesupport_cppExport.cmake
[18.980s] -- Installing: /home/com9/uet_ws/install/ur3_moveit_control/share/ur3_moveit_control/cmake/ur3_moveit_control__rosidl_typesupport_cppExport-noconfig.cmake
[18.980s] -- Installing: /home/com9/uet_ws/install/ur3_moveit_control/share/ur3_moveit_control/cmake/export_ur3_moveit_control__rosidl_generator_pyExport.cmake
[18.980s] -- Installing: /home/com9/uet_ws/install/ur3_moveit_control/share/ur3_moveit_control/cmake/export_ur3_moveit_control__rosidl_generator_pyExport-noconfig.cmake
[18.980s] -- Installing: /home/com9/uet_ws/install/ur3_moveit_control/share/ur3_moveit_control/cmake/rosidl_cmake-extras.cmake
[18.980s] -- Installing: /home/com9/uet_ws/install/ur3_moveit_control/share/ur3_moveit_control/cmake/ament_cmake_export_dependencies-extras.cmake
[18.980s] -- Installing: /home/com9/uet_ws/install/ur3_moveit_control/share/ur3_moveit_control/cmake/ament_cmake_export_include_directories-extras.cmake
[18.980s] -- Installing: /home/com9/uet_ws/install/ur3_moveit_control/share/ur3_moveit_control/cmake/ament_cmake_export_libraries-extras.cmake
[18.980s] -- Installing: /home/com9/uet_ws/install/ur3_moveit_control/share/ur3_moveit_control/cmake/ament_cmake_export_targets-extras.cmake
[18.980s] -- Installing: /home/com9/uet_ws/install/ur3_moveit_control/share/ur3_moveit_control/cmake/rosidl_cmake_export_typesupport_targets-extras.cmake
[18.981s] -- Installing: /home/com9/uet_ws/install/ur3_moveit_control/share/ur3_moveit_control/cmake/rosidl_cmake_export_typesupport_libraries-extras.cmake
[18.981s] -- Installing: /home/com9/uet_ws/install/ur3_moveit_control/share/ur3_moveit_control/cmake/ur3_moveit_controlConfig.cmake
[18.981s] -- Installing: /home/com9/uet_ws/install/ur3_moveit_control/share/ur3_moveit_control/cmake/ur3_moveit_controlConfig-version.cmake
[18.981s] -- Installing: /home/com9/uet_ws/install/ur3_moveit_control/share/ur3_moveit_control/package.xml
[18.982s] Invoked command in '/home/com9/uet_ws/build/ur3_moveit_control' returned '0': CMAKE_PREFIX_PATH=/opt/ros/humble /usr/bin/cmake --install /home/com9/uet_ws/build/ur3_moveit_control
