[0.309s] Invoking command in '/home/com9/uet_ws/src/susgrip_2f/susgrip_2f_gazebo': AMENT_PREFIX_PATH=/home/com9/uet_ws/install/susgrip_2f_description:${AMENT_PREFIX_PATH} PYTHONPATH=/home/com9/uet_ws/build/susgrip_2f_gazebo/prefix_override:/usr/lib/python3/dist-packages/colcon_core/task/python/colcon_distutils_commands:/home/com9/uet_ws/install/susgrip_2f_gazebo/lib/python3.10/site-packages:/home/com9/uet_ws/install/susgrip_2f_description/lib/python3.10/site-packages:${PYTHONPATH} /usr/bin/python3 -W ignore:setup.py install is deprecated -W ignore:easy_install command is deprecated setup.py egg_info --egg-base ../../../build/susgrip_2f_gazebo build --build-base /home/com9/uet_ws/build/susgrip_2f_gazebo/build install --record /home/com9/uet_ws/build/susgrip_2f_gazebo/install.log --install-scripts $base/lib/susgrip_2f_gazebo --single-version-externally-managed install_data
[0.427s] running egg_info
[0.427s] writing ../../../build/susgrip_2f_gazebo/susgrip_2f_gazebo.egg-info/PKG-INFO
[0.428s] writing dependency_links to ../../../build/susgrip_2f_gazebo/susgrip_2f_gazebo.egg-info/dependency_links.txt
[0.428s] writing entry points to ../../../build/susgrip_2f_gazebo/susgrip_2f_gazebo.egg-info/entry_points.txt
[0.428s] writing top-level names to ../../../build/susgrip_2f_gazebo/susgrip_2f_gazebo.egg-info/top_level.txt
[0.429s] reading manifest file '../../../build/susgrip_2f_gazebo/susgrip_2f_gazebo.egg-info/SOURCES.txt'
[0.429s] writing manifest file '../../../build/susgrip_2f_gazebo/susgrip_2f_gazebo.egg-info/SOURCES.txt'
[0.429s] running build
[0.429s] running build_py
[0.429s] running install
[0.429s] running install_lib
[0.430s] running install_data
[0.430s] running install_egg_info
[0.432s] removing '/home/com9/uet_ws/install/susgrip_2f_gazebo/lib/python3.10/site-packages/susgrip_2f_gazebo-0.0.0-py3.10.egg-info' (and everything under it)
[0.432s] Copying ../../../build/susgrip_2f_gazebo/susgrip_2f_gazebo.egg-info to /home/com9/uet_ws/install/susgrip_2f_gazebo/lib/python3.10/site-packages/susgrip_2f_gazebo-0.0.0-py3.10.egg-info
[0.432s] running install_scripts
[0.444s] Installing gazebo_joint_publisher script to /home/com9/uet_ws/install/susgrip_2f_gazebo/lib/susgrip_2f_gazebo
[0.444s] Installing integrated_gazebo_joint_publisher script to /home/com9/uet_ws/install/susgrip_2f_gazebo/lib/susgrip_2f_gazebo
[0.444s] writing list of installed files to '/home/com9/uet_ws/build/susgrip_2f_gazebo/install.log'
[0.457s] Invoked command in '/home/com9/uet_ws/src/susgrip_2f/susgrip_2f_gazebo' returned '0': AMENT_PREFIX_PATH=/home/com9/uet_ws/install/susgrip_2f_description:${AMENT_PREFIX_PATH} PYTHONPATH=/home/com9/uet_ws/build/susgrip_2f_gazebo/prefix_override:/usr/lib/python3/dist-packages/colcon_core/task/python/colcon_distutils_commands:/home/com9/uet_ws/install/susgrip_2f_gazebo/lib/python3.10/site-packages:/home/com9/uet_ws/install/susgrip_2f_description/lib/python3.10/site-packages:${PYTHONPATH} /usr/bin/python3 -W ignore:setup.py install is deprecated -W ignore:easy_install command is deprecated setup.py egg_info --egg-base ../../../build/susgrip_2f_gazebo build --build-base /home/com9/uet_ws/build/susgrip_2f_gazebo/build install --record /home/com9/uet_ws/build/susgrip_2f_gazebo/install.log --install-scripts $base/lib/susgrip_2f_gazebo --single-version-externally-managed install_data
