[0.326s] Invoking command in '/home/com9/uet_ws/src/susgrip_2f/susgrip_2f_hardware': PYTHONPATH=/home/com9/uet_ws/build/susgrip_2f_hardware/prefix_override:/usr/lib/python3/dist-packages/colcon_core/task/python/colcon_distutils_commands:/home/com9/uet_ws/install/susgrip_2f_hardware/lib/python3.10/site-packages:${PYTHONPATH} /usr/bin/python3 -W ignore:setup.py install is deprecated -W ignore:easy_install command is deprecated setup.py egg_info --egg-base ../../../build/susgrip_2f_hardware build --build-base /home/com9/uet_ws/build/susgrip_2f_hardware/build install --record /home/com9/uet_ws/build/susgrip_2f_hardware/install.log --install-scripts $base/lib/susgrip_2f_hardware --single-version-externally-managed install_data
[0.449s] running egg_info
[0.449s] writing ../../../build/susgrip_2f_hardware/susgrip_2f_hardware.egg-info/PKG-INFO
[0.449s] writing dependency_links to ../../../build/susgrip_2f_hardware/susgrip_2f_hardware.egg-info/dependency_links.txt
[0.449s] writing entry points to ../../../build/susgrip_2f_hardware/susgrip_2f_hardware.egg-info/entry_points.txt
[0.449s] writing top-level names to ../../../build/susgrip_2f_hardware/susgrip_2f_hardware.egg-info/top_level.txt
[0.450s] reading manifest file '../../../build/susgrip_2f_hardware/susgrip_2f_hardware.egg-info/SOURCES.txt'
[0.451s] writing manifest file '../../../build/susgrip_2f_hardware/susgrip_2f_hardware.egg-info/SOURCES.txt'
[0.451s] running build
[0.451s] running build_py
[0.452s] running install
[0.452s] running install_lib
[0.452s] running install_data
[0.453s] running install_egg_info
[0.454s] removing '/home/com9/uet_ws/install/susgrip_2f_hardware/lib/python3.10/site-packages/susgrip_2f_hardware-0.0.1-py3.10.egg-info' (and everything under it)
[0.454s] Copying ../../../build/susgrip_2f_hardware/susgrip_2f_hardware.egg-info to /home/com9/uet_ws/install/susgrip_2f_hardware/lib/python3.10/site-packages/susgrip_2f_hardware-0.0.1-py3.10.egg-info
[0.454s] running install_scripts
[0.467s] Installing hardware_interface script to /home/com9/uet_ws/install/susgrip_2f_hardware/lib/susgrip_2f_hardware
[0.467s] Installing hardware_joint_publisher script to /home/com9/uet_ws/install/susgrip_2f_hardware/lib/susgrip_2f_hardware
[0.467s] writing list of installed files to '/home/com9/uet_ws/build/susgrip_2f_hardware/install.log'
[0.482s] Invoked command in '/home/com9/uet_ws/src/susgrip_2f/susgrip_2f_hardware' returned '0': PYTHONPATH=/home/com9/uet_ws/build/susgrip_2f_hardware/prefix_override:/usr/lib/python3/dist-packages/colcon_core/task/python/colcon_distutils_commands:/home/com9/uet_ws/install/susgrip_2f_hardware/lib/python3.10/site-packages:${PYTHONPATH} /usr/bin/python3 -W ignore:setup.py install is deprecated -W ignore:easy_install command is deprecated setup.py egg_info --egg-base ../../../build/susgrip_2f_hardware build --build-base /home/com9/uet_ws/build/susgrip_2f_hardware/build install --record /home/com9/uet_ws/build/susgrip_2f_hardware/install.log --install-scripts $base/lib/susgrip_2f_hardware --single-version-externally-managed install_data
