[0.007s] Invoking command in '/home/com9/uet_ws/build/ur_robot_driver': AMENT_PREFIX_PATH=/home/com9/uet_ws/install/ur_controllers:/home/com9/uet_ws/install/ur_dashboard_msgs:${AMENT_PREFIX_PATH} CMAKE_PREFIX_PATH=/home/com9/uet_ws/install/ur_controllers:/home/com9/uet_ws/install/ur_dashboard_msgs:/opt/ros/humble LD_LIBRARY_PATH=/home/com9/uet_ws/install/ur_controllers/lib:/home/com9/uet_ws/install/ur_dashboard_msgs/lib:${LD_LIBRARY_PATH} PYTHONPATH=/home/com9/uet_ws/install/ur_dashboard_msgs/local/lib/python3.10/dist-packages:${PYTHONPATH} /usr/bin/cmake --build /home/com9/uet_ws/build/ur_robot_driver
[0.036s] [35m[1mConsolidate compiler generated dependencies of target ur_robot_driver_plugin[0m
[0.054s] [ 22%] Built target ur_robot_driver_plugin
[0.062s] [35m[1mConsolidate compiler generated dependencies of target dashboard_client[0m
[0.077s] [ 40%] Built target dashboard_client
[0.085s] [35m[1mConsolidate compiler generated dependencies of target ur_ros2_control_node[0m
[0.097s] [ 50%] Built target ur_ros2_control_node
[0.104s] [35m[1mConsolidate compiler generated dependencies of target controller_stopper_node[0m
[0.116s] [ 63%] Built target controller_stopper_node
[0.125s] [35m[1mConsolidate compiler generated dependencies of target robot_state_helper[0m
[0.139s] [ 81%] Built target robot_state_helper
[0.148s] [35m[1mConsolidate compiler generated dependencies of target urscript_interface[0m
[0.160s] [ 90%] Built target urscript_interface
[0.168s] [35m[1mConsolidate compiler generated dependencies of target trajectory_until_node[0m
[0.179s] [100%] Built target trajectory_until_node
[0.195s] [100%] Built target ament_cmake_python_copy_ur_robot_driver
[0.318s] running egg_info
[0.318s] writing ur_robot_driver.egg-info/PKG-INFO
[0.318s] writing dependency_links to ur_robot_driver.egg-info/dependency_links.txt
[0.318s] writing top-level names to ur_robot_driver.egg-info/top_level.txt
[0.319s] reading manifest file 'ur_robot_driver.egg-info/SOURCES.txt'
[0.320s] writing manifest file 'ur_robot_driver.egg-info/SOURCES.txt'
[0.336s] [100%] Built target ament_cmake_python_build_ur_robot_driver_egg
[0.343s] Invoked command in '/home/com9/uet_ws/build/ur_robot_driver' returned '0': AMENT_PREFIX_PATH=/home/com9/uet_ws/install/ur_controllers:/home/com9/uet_ws/install/ur_dashboard_msgs:${AMENT_PREFIX_PATH} CMAKE_PREFIX_PATH=/home/com9/uet_ws/install/ur_controllers:/home/com9/uet_ws/install/ur_dashboard_msgs:/opt/ros/humble LD_LIBRARY_PATH=/home/com9/uet_ws/install/ur_controllers/lib:/home/com9/uet_ws/install/ur_dashboard_msgs/lib:${LD_LIBRARY_PATH} PYTHONPATH=/home/com9/uet_ws/install/ur_dashboard_msgs/local/lib/python3.10/dist-packages:${PYTHONPATH} /usr/bin/cmake --build /home/com9/uet_ws/build/ur_robot_driver
[0.344s] Invoking command in '/home/com9/uet_ws/build/ur_robot_driver': AMENT_PREFIX_PATH=/home/com9/uet_ws/install/ur_controllers:/home/com9/uet_ws/install/ur_dashboard_msgs:${AMENT_PREFIX_PATH} CMAKE_PREFIX_PATH=/home/com9/uet_ws/install/ur_controllers:/home/com9/uet_ws/install/ur_dashboard_msgs:/opt/ros/humble LD_LIBRARY_PATH=/home/com9/uet_ws/install/ur_controllers/lib:/home/com9/uet_ws/install/ur_dashboard_msgs/lib:${LD_LIBRARY_PATH} PYTHONPATH=/home/com9/uet_ws/install/ur_dashboard_msgs/local/lib/python3.10/dist-packages:${PYTHONPATH} /usr/bin/cmake --install /home/com9/uet_ws/build/ur_robot_driver
[0.350s] -- Install configuration: "RelWithDebInfo"
[0.350s] -- Up-to-date: /home/com9/uet_ws/install/ur_robot_driver/share/ur_robot_driver/hardware_interface_plugin.xml
[0.350s] -- Up-to-date: /home/com9/uet_ws/install/ur_robot_driver/lib/ur_robot_driver/controller_stopper_node
[0.350s] -- Up-to-date: /home/com9/uet_ws/install/ur_robot_driver/lib/ur_robot_driver/dashboard_client
[0.350s] -- Up-to-date: /home/com9/uet_ws/install/ur_robot_driver/lib/ur_robot_driver/robot_state_helper
[0.350s] -- Up-to-date: /home/com9/uet_ws/install/ur_robot_driver/lib/ur_robot_driver/trajectory_until_node
[0.350s] -- Up-to-date: /home/com9/uet_ws/install/ur_robot_driver/lib/ur_robot_driver/ur_ros2_control_node
[0.350s] -- Up-to-date: /home/com9/uet_ws/install/ur_robot_driver/lib/ur_robot_driver/urscript_interface
[0.350s] -- Up-to-date: /home/com9/uet_ws/install/ur_robot_driver/lib/libur_robot_driver_plugin.so
[0.351s] -- Up-to-date: /home/com9/uet_ws/install/ur_robot_driver/include
[0.351s] -- Up-to-date: /home/com9/uet_ws/install/ur_robot_driver/include/ur_robot_driver
[0.351s] -- Up-to-date: /home/com9/uet_ws/install/ur_robot_driver/include/ur_robot_driver/controller_stopper.hpp
[0.351s] -- Up-to-date: /home/com9/uet_ws/install/ur_robot_driver/include/ur_robot_driver/trajectory_until_node.hpp
[0.351s] -- Up-to-date: /home/com9/uet_ws/install/ur_robot_driver/include/ur_robot_driver/urcl_log_handler.hpp
[0.351s] -- Up-to-date: /home/com9/uet_ws/install/ur_robot_driver/include/ur_robot_driver/hardware_interface.hpp
[0.351s] -- Up-to-date: /home/com9/uet_ws/install/ur_robot_driver/include/ur_robot_driver/dashboard_client_ros.hpp
[0.351s] -- Up-to-date: /home/com9/uet_ws/install/ur_robot_driver/include/ur_robot_driver/robot_state_helper.hpp
[0.351s] -- Up-to-date: /home/com9/uet_ws/install/ur_robot_driver/share/ur_robot_driver/environment/library_path.sh
[0.351s] -- Up-to-date: /home/com9/uet_ws/install/ur_robot_driver/share/ur_robot_driver/environment/library_path.dsv
[0.351s] -- Up-to-date: /home/com9/uet_ws/install/ur_robot_driver/share/ur_robot_driver/resources
[0.351s] -- Up-to-date: /home/com9/uet_ws/install/ur_robot_driver/share/ur_robot_driver/resources/rs485-1.0.urcap
[0.351s] -- Up-to-date: /home/com9/uet_ws/install/ur_robot_driver/share/ur_robot_driver/resources/rtde_input_recipe.txt
[0.351s] -- Up-to-date: /home/com9/uet_ws/install/ur_robot_driver/share/ur_robot_driver/resources/externalcontrol-1.0.5.urcap
[0.351s] -- Up-to-date: /home/com9/uet_ws/install/ur_robot_driver/share/ur_robot_driver/resources/ros_control.urscript
[0.351s] -- Up-to-date: /home/com9/uet_ws/install/ur_robot_driver/share/ur_robot_driver/resources/rtde_output_recipe.txt
[0.351s] -- Up-to-date: /home/com9/uet_ws/install/ur_robot_driver/include
[0.351s] -- Up-to-date: /home/com9/uet_ws/install/ur_robot_driver/include/ur_robot_driver
[0.351s] -- Up-to-date: /home/com9/uet_ws/install/ur_robot_driver/include/ur_robot_driver/controller_stopper.hpp
[0.351s] -- Up-to-date: /home/com9/uet_ws/install/ur_robot_driver/include/ur_robot_driver/trajectory_until_node.hpp
[0.351s] -- Up-to-date: /home/com9/uet_ws/install/ur_robot_driver/include/ur_robot_driver/urcl_log_handler.hpp
[0.351s] -- Up-to-date: /home/com9/uet_ws/install/ur_robot_driver/include/ur_robot_driver/hardware_interface.hpp
[0.351s] -- Up-to-date: /home/com9/uet_ws/install/ur_robot_driver/include/ur_robot_driver/dashboard_client_ros.hpp
[0.351s] -- Up-to-date: /home/com9/uet_ws/install/ur_robot_driver/include/ur_robot_driver/robot_state_helper.hpp
[0.351s] -- Up-to-date: /home/com9/uet_ws/install/ur_robot_driver/share/ur_robot_driver/environment/pythonpath.sh
[0.352s] -- Up-to-date: /home/com9/uet_ws/install/ur_robot_driver/share/ur_robot_driver/environment/pythonpath.dsv
[0.352s] -- Up-to-date: /home/com9/uet_ws/install/ur_robot_driver/local/lib/python3.10/dist-packages/ur_robot_driver-2.13.1-py3.10.egg-info
[0.352s] -- Installing: /home/com9/uet_ws/install/ur_robot_driver/local/lib/python3.10/dist-packages/ur_robot_driver-2.13.1-py3.10.egg-info/dependency_links.txt
[0.352s] -- Installing: /home/com9/uet_ws/install/ur_robot_driver/local/lib/python3.10/dist-packages/ur_robot_driver-2.13.1-py3.10.egg-info/top_level.txt
[0.352s] -- Installing: /home/com9/uet_ws/install/ur_robot_driver/local/lib/python3.10/dist-packages/ur_robot_driver-2.13.1-py3.10.egg-info/SOURCES.txt
[0.352s] -- Installing: /home/com9/uet_ws/install/ur_robot_driver/local/lib/python3.10/dist-packages/ur_robot_driver-2.13.1-py3.10.egg-info/PKG-INFO
[0.352s] -- Up-to-date: /home/com9/uet_ws/install/ur_robot_driver/local/lib/python3.10/dist-packages/ur_robot_driver
[0.352s] -- Up-to-date: /home/com9/uet_ws/install/ur_robot_driver/local/lib/python3.10/dist-packages/ur_robot_driver/__init__.py
[0.370s] Listing '/home/com9/uet_ws/install/ur_robot_driver/local/lib/python3.10/dist-packages/ur_robot_driver'...
[0.373s] -- Up-to-date: /home/com9/uet_ws/install/ur_robot_driver/lib/ur_robot_driver/tool_communication.py
[0.373s] -- Up-to-date: /home/com9/uet_ws/install/ur_robot_driver/lib/ur_robot_driver/example_move.py
[0.373s] -- Up-to-date: /home/com9/uet_ws/install/ur_robot_driver/lib/ur_robot_driver/start_ursim.sh
[0.373s] -- Up-to-date: /home/com9/uet_ws/install/ur_robot_driver/lib/ur_robot_driver/examples.py
[0.373s] -- Up-to-date: /home/com9/uet_ws/install/ur_robot_driver/lib/ur_robot_driver/force_mode.py
[0.373s] -- Up-to-date: /home/com9/uet_ws/install/ur_robot_driver/lib/ur_robot_driver/move_until_example.py
[0.373s] -- Up-to-date: /home/com9/uet_ws/install/ur_robot_driver/bin/wait_dashboard_server.sh
[0.373s] -- Up-to-date: /home/com9/uet_ws/install/ur_robot_driver/lib/ur_robot_driver/start_ursim.sh
[0.374s] -- Up-to-date: /home/com9/uet_ws/install/ur_robot_driver/share/ur_robot_driver/config
[0.374s] -- Up-to-date: /home/com9/uet_ws/install/ur_robot_driver/share/ur_robot_driver/config/ur7e_update_rate.yaml
[0.374s] -- Up-to-date: /home/com9/uet_ws/install/ur_robot_driver/share/ur_robot_driver/config/ur12e_update_rate.yaml
[0.374s] -- Up-to-date: /home/com9/uet_ws/install/ur_robot_driver/share/ur_robot_driver/config/test_goal_publishers_config.yaml
[0.374s] -- Up-to-date: /home/com9/uet_ws/install/ur_robot_driver/share/ur_robot_driver/config/ur30_update_rate.yaml
[0.374s] -- Up-to-date: /home/com9/uet_ws/install/ur_robot_driver/share/ur_robot_driver/config/ur18_update_rate.yaml
[0.374s] -- Up-to-date: /home/com9/uet_ws/install/ur_robot_driver/share/ur_robot_driver/config/ur15_update_rate.yaml
[0.374s] -- Up-to-date: /home/com9/uet_ws/install/ur_robot_driver/share/ur_robot_driver/config/ur20_update_rate.yaml
[0.374s] -- Up-to-date: /home/com9/uet_ws/install/ur_robot_driver/share/ur_robot_driver/config/ur10e_update_rate.yaml
[0.374s] -- Up-to-date: /home/com9/uet_ws/install/ur_robot_driver/share/ur_robot_driver/config/ur10_update_rate.yaml
[0.374s] -- Up-to-date: /home/com9/uet_ws/install/ur_robot_driver/share/ur_robot_driver/config/ur16e_update_rate.yaml
[0.374s] -- Up-to-date: /home/com9/uet_ws/install/ur_robot_driver/share/ur_robot_driver/config/ur3e_update_rate.yaml
[0.374s] -- Up-to-date: /home/com9/uet_ws/install/ur_robot_driver/share/ur_robot_driver/config/ur8long_update_rate.yaml
[0.374s] -- Up-to-date: /home/com9/uet_ws/install/ur_robot_driver/share/ur_robot_driver/config/test_velocity_goal_publishers_config.yaml
[0.374s] -- Up-to-date: /home/com9/uet_ws/install/ur_robot_driver/share/ur_robot_driver/config/ur5_update_rate.yaml
[0.374s] -- Up-to-date: /home/com9/uet_ws/install/ur_robot_driver/share/ur_robot_driver/config/ur3_update_rate.yaml
[0.374s] -- Up-to-date: /home/com9/uet_ws/install/ur_robot_driver/share/ur_robot_driver/config/ur_controllers.yaml
[0.375s] -- Up-to-date: /home/com9/uet_ws/install/ur_robot_driver/share/ur_robot_driver/config/ur5e_update_rate.yaml
[0.375s] -- Up-to-date: /home/com9/uet_ws/install/ur_robot_driver/share/ur_robot_driver/launch
[0.375s] -- Up-to-date: /home/com9/uet_ws/install/ur_robot_driver/share/ur_robot_driver/launch/ur8long.launch.py
[0.375s] -- Up-to-date: /home/com9/uet_ws/install/ur_robot_driver/share/ur_robot_driver/launch/test_forward_velocity_controller.launch.py
[0.375s] -- Up-to-date: /home/com9/uet_ws/install/ur_robot_driver/share/ur_robot_driver/launch/ur5.launch.py
[0.375s] -- Up-to-date: /home/com9/uet_ws/install/ur_robot_driver/share/ur_robot_driver/launch/ur15.launch.py
[0.375s] -- Up-to-date: /home/com9/uet_ws/install/ur_robot_driver/share/ur_robot_driver/launch/ur10.launch.py
[0.375s] -- Up-to-date: /home/com9/uet_ws/install/ur_robot_driver/share/ur_robot_driver/launch/ur7e.launch.py
[0.375s] -- Up-to-date: /home/com9/uet_ws/install/ur_robot_driver/share/ur_robot_driver/launch/ur16e.launch.py
[0.375s] -- Up-to-date: /home/com9/uet_ws/install/ur_robot_driver/share/ur_robot_driver/launch/test_scaled_joint_trajectory_controller.launch.py
[0.375s] -- Up-to-date: /home/com9/uet_ws/install/ur_robot_driver/share/ur_robot_driver/launch/ur_dashboard_client.launch.py
[0.375s] -- Up-to-date: /home/com9/uet_ws/install/ur_robot_driver/share/ur_robot_driver/launch/ur12e.launch.py
[0.375s] -- Up-to-date: /home/com9/uet_ws/install/ur_robot_driver/share/ur_robot_driver/launch/ur5e.launch.py
[0.375s] -- Up-to-date: /home/com9/uet_ws/install/ur_robot_driver/share/ur_robot_driver/launch/ur3e.launch.py
[0.375s] -- Up-to-date: /home/com9/uet_ws/install/ur_robot_driver/share/ur_robot_driver/launch/ur3.launch.py
[0.375s] -- Up-to-date: /home/com9/uet_ws/install/ur_robot_driver/share/ur_robot_driver/launch/ur30.launch.py
[0.375s] -- Up-to-date: /home/com9/uet_ws/install/ur_robot_driver/share/ur_robot_driver/launch/ur20.launch.py
[0.375s] -- Up-to-date: /home/com9/uet_ws/install/ur_robot_driver/share/ur_robot_driver/launch/test_joint_trajectory_controller.launch.py
[0.375s] -- Up-to-date: /home/com9/uet_ws/install/ur_robot_driver/share/ur_robot_driver/launch/ur10e.launch.py
[0.375s] -- Up-to-date: /home/com9/uet_ws/install/ur_robot_driver/share/ur_robot_driver/launch/ur_control.launch.py
[0.375s] -- Up-to-date: /home/com9/uet_ws/install/ur_robot_driver/share/ur_robot_driver/launch/ur18.launch.py
[0.375s] -- Up-to-date: /home/com9/uet_ws/install/ur_robot_driver/share/ament_index/resource_index/package_run_dependencies/ur_robot_driver
[0.375s] -- Up-to-date: /home/com9/uet_ws/install/ur_robot_driver/share/ament_index/resource_index/parent_prefix_path/ur_robot_driver
[0.375s] -- Up-to-date: /home/com9/uet_ws/install/ur_robot_driver/share/ur_robot_driver/environment/ament_prefix_path.sh
[0.376s] -- Up-to-date: /home/com9/uet_ws/install/ur_robot_driver/share/ur_robot_driver/environment/ament_prefix_path.dsv
[0.376s] -- Up-to-date: /home/com9/uet_ws/install/ur_robot_driver/share/ur_robot_driver/environment/path.sh
[0.376s] -- Up-to-date: /home/com9/uet_ws/install/ur_robot_driver/share/ur_robot_driver/environment/path.dsv
[0.376s] -- Up-to-date: /home/com9/uet_ws/install/ur_robot_driver/share/ur_robot_driver/local_setup.bash
[0.376s] -- Up-to-date: /home/com9/uet_ws/install/ur_robot_driver/share/ur_robot_driver/local_setup.sh
[0.376s] -- Up-to-date: /home/com9/uet_ws/install/ur_robot_driver/share/ur_robot_driver/local_setup.zsh
[0.376s] -- Up-to-date: /home/com9/uet_ws/install/ur_robot_driver/share/ur_robot_driver/local_setup.dsv
[0.376s] -- Installing: /home/com9/uet_ws/install/ur_robot_driver/share/ur_robot_driver/package.dsv
[0.376s] -- Up-to-date: /home/com9/uet_ws/install/ur_robot_driver/share/ament_index/resource_index/packages/ur_robot_driver
[0.376s] -- Up-to-date: /home/com9/uet_ws/install/ur_robot_driver/share/ament_index/resource_index/hardware_interface__pluginlib__plugin/ur_robot_driver
[0.376s] -- Up-to-date: /home/com9/uet_ws/install/ur_robot_driver/share/ur_robot_driver/cmake/ament_cmake_export_include_directories-extras.cmake
[0.376s] -- Up-to-date: /home/com9/uet_ws/install/ur_robot_driver/share/ur_robot_driver/cmake/ament_cmake_export_libraries-extras.cmake
[0.376s] -- Up-to-date: /home/com9/uet_ws/install/ur_robot_driver/share/ur_robot_driver/cmake/ament_cmake_export_dependencies-extras.cmake
[0.376s] -- Up-to-date: /home/com9/uet_ws/install/ur_robot_driver/share/ur_robot_driver/cmake/ur_robot_driverConfig.cmake
[0.376s] -- Up-to-date: /home/com9/uet_ws/install/ur_robot_driver/share/ur_robot_driver/cmake/ur_robot_driverConfig-version.cmake
[0.376s] -- Up-to-date: /home/com9/uet_ws/install/ur_robot_driver/share/ur_robot_driver/package.xml
[0.377s] Invoked command in '/home/com9/uet_ws/build/ur_robot_driver' returned '0': AMENT_PREFIX_PATH=/home/com9/uet_ws/install/ur_controllers:/home/com9/uet_ws/install/ur_dashboard_msgs:${AMENT_PREFIX_PATH} CMAKE_PREFIX_PATH=/home/com9/uet_ws/install/ur_controllers:/home/com9/uet_ws/install/ur_dashboard_msgs:/opt/ros/humble LD_LIBRARY_PATH=/home/com9/uet_ws/install/ur_controllers/lib:/home/com9/uet_ws/install/ur_dashboard_msgs/lib:${LD_LIBRARY_PATH} PYTHONPATH=/home/com9/uet_ws/install/ur_dashboard_msgs/local/lib/python3.10/dist-packages:${PYTHONPATH} /usr/bin/cmake --install /home/com9/uet_ws/build/ur_robot_driver
