[0.005s] Invoking command in '/home/com9/uet_ws/build/ur_moveit_config': CMAKE_PREFIX_PATH=${CMAKE_PREFIX_PATH}:/home/com9/uet_ws/install/susgrip_2f_hardware:/home/com9/uet_ws/install/susgrip_2f_gazebo:/home/com9/uet_ws/install/susgrip_2f_description:/home/com9/uet_ws/install/susgrip_2f_control:/opt/ros/humble /usr/bin/cmake --build /home/com9/uet_ws/build/ur_moveit_config
[0.043s] Built target ament_cmake_python_copy_ur_moveit_config
[0.190s] running egg_info
[0.190s] writing ur_moveit_config.egg-info/PKG-INFO
[0.190s] writing dependency_links to ur_moveit_config.egg-info/dependency_links.txt
[0.190s] writing top-level names to ur_moveit_config.egg-info/top_level.txt
[0.192s] reading manifest file 'ur_moveit_config.egg-info/SOURCES.txt'
[0.192s] writing manifest file 'ur_moveit_config.egg-info/SOURCES.txt'
[0.214s] Built target ament_cmake_python_build_ur_moveit_config_egg
[0.222s] Invoked command in '/home/com9/uet_ws/build/ur_moveit_config' returned '0': CMAKE_PREFIX_PATH=${CMAKE_PREFIX_PATH}:/home/com9/uet_ws/install/susgrip_2f_hardware:/home/com9/uet_ws/install/susgrip_2f_gazebo:/home/com9/uet_ws/install/susgrip_2f_description:/home/com9/uet_ws/install/susgrip_2f_control:/opt/ros/humble /usr/bin/cmake --build /home/com9/uet_ws/build/ur_moveit_config
[0.223s] Invoking command in '/home/com9/uet_ws/build/ur_moveit_config': CMAKE_PREFIX_PATH=${CMAKE_PREFIX_PATH}:/home/com9/uet_ws/install/susgrip_2f_hardware:/home/com9/uet_ws/install/susgrip_2f_gazebo:/home/com9/uet_ws/install/susgrip_2f_description:/home/com9/uet_ws/install/susgrip_2f_control:/opt/ros/humble /usr/bin/cmake --install /home/com9/uet_ws/build/ur_moveit_config
[0.230s] -- Install configuration: ""
[0.230s] -- Up-to-date: /home/com9/uet_ws/install/ur_moveit_config/share/ur_moveit_config/config
[0.230s] -- Up-to-date: /home/com9/uet_ws/install/ur_moveit_config/share/ur_moveit_config/config/ompl_planning.yaml
[0.230s] -- Up-to-date: /home/com9/uet_ws/install/ur_moveit_config/share/ur_moveit_config/config/ur_servo.yaml
[0.231s] -- Up-to-date: /home/com9/uet_ws/install/ur_moveit_config/share/ur_moveit_config/config/joint_limits.yaml
[0.231s] -- Up-to-date: /home/com9/uet_ws/install/ur_moveit_config/share/ur_moveit_config/config/controllers.yaml
[0.231s] -- Up-to-date: /home/com9/uet_ws/install/ur_moveit_config/share/ur_moveit_config/config/kinematics.yaml
[0.231s] -- Up-to-date: /home/com9/uet_ws/install/ur_moveit_config/share/ur_moveit_config/launch
[0.231s] -- Up-to-date: /home/com9/uet_ws/install/ur_moveit_config/share/ur_moveit_config/launch/ur_moveit.launch.py
[0.231s] -- Up-to-date: /home/com9/uet_ws/install/ur_moveit_config/share/ur_moveit_config/launch/__pycache__
[0.231s] -- Installing: /home/com9/uet_ws/install/ur_moveit_config/share/ur_moveit_config/launch/__pycache__/ur_moveit.launch.cpython-310.pyc
[0.231s] -- Up-to-date: /home/com9/uet_ws/install/ur_moveit_config/share/ur_moveit_config/rviz
[0.231s] -- Up-to-date: /home/com9/uet_ws/install/ur_moveit_config/share/ur_moveit_config/rviz/view_robot.rviz
[0.231s] -- Up-to-date: /home/com9/uet_ws/install/ur_moveit_config/share/ur_moveit_config/srdf
[0.231s] -- Up-to-date: /home/com9/uet_ws/install/ur_moveit_config/share/ur_moveit_config/srdf/ur3_with_susgrip.srdf.xacro
[0.231s] -- Up-to-date: /home/com9/uet_ws/install/ur_moveit_config/share/ur_moveit_config/srdf/ur.srdf.xacro
[0.231s] -- Up-to-date: /home/com9/uet_ws/install/ur_moveit_config/share/ur_moveit_config/srdf/ur_macro.srdf.xacro
[0.232s] -- Up-to-date: /home/com9/uet_ws/install/ur_moveit_config/share/ur_moveit_config/environment/pythonpath.sh
[0.232s] -- Up-to-date: /home/com9/uet_ws/install/ur_moveit_config/share/ur_moveit_config/environment/pythonpath.dsv
[0.232s] -- Up-to-date: /home/com9/uet_ws/install/ur_moveit_config/local/lib/python3.10/dist-packages/ur_moveit_config-2.13.1-py3.10.egg-info
[0.232s] -- Installing: /home/com9/uet_ws/install/ur_moveit_config/local/lib/python3.10/dist-packages/ur_moveit_config-2.13.1-py3.10.egg-info/dependency_links.txt
[0.232s] -- Installing: /home/com9/uet_ws/install/ur_moveit_config/local/lib/python3.10/dist-packages/ur_moveit_config-2.13.1-py3.10.egg-info/top_level.txt
[0.232s] -- Installing: /home/com9/uet_ws/install/ur_moveit_config/local/lib/python3.10/dist-packages/ur_moveit_config-2.13.1-py3.10.egg-info/SOURCES.txt
[0.232s] -- Installing: /home/com9/uet_ws/install/ur_moveit_config/local/lib/python3.10/dist-packages/ur_moveit_config-2.13.1-py3.10.egg-info/PKG-INFO
[0.232s] -- Up-to-date: /home/com9/uet_ws/install/ur_moveit_config/local/lib/python3.10/dist-packages/ur_moveit_config
[0.232s] -- Up-to-date: /home/com9/uet_ws/install/ur_moveit_config/local/lib/python3.10/dist-packages/ur_moveit_config/__init__.py
[0.232s] -- Up-to-date: /home/com9/uet_ws/install/ur_moveit_config/local/lib/python3.10/dist-packages/ur_moveit_config/launch_common.py
[0.262s] Listing '/home/com9/uet_ws/install/ur_moveit_config/local/lib/python3.10/dist-packages/ur_moveit_config'...
[0.268s] -- Up-to-date: /home/com9/uet_ws/install/ur_moveit_config/local/lib/python3.10/dist-packages/launch_common.py
[0.300s] -- Up-to-date: /home/com9/uet_ws/install/ur_moveit_config/share/ament_index/resource_index/package_run_dependencies/ur_moveit_config
[0.300s] -- Up-to-date: /home/com9/uet_ws/install/ur_moveit_config/share/ament_index/resource_index/parent_prefix_path/ur_moveit_config
[0.300s] -- Up-to-date: /home/com9/uet_ws/install/ur_moveit_config/share/ur_moveit_config/environment/ament_prefix_path.sh
[0.300s] -- Up-to-date: /home/com9/uet_ws/install/ur_moveit_config/share/ur_moveit_config/environment/ament_prefix_path.dsv
[0.300s] -- Up-to-date: /home/com9/uet_ws/install/ur_moveit_config/share/ur_moveit_config/environment/path.sh
[0.300s] -- Up-to-date: /home/com9/uet_ws/install/ur_moveit_config/share/ur_moveit_config/environment/path.dsv
[0.300s] -- Up-to-date: /home/com9/uet_ws/install/ur_moveit_config/share/ur_moveit_config/local_setup.bash
[0.300s] -- Up-to-date: /home/com9/uet_ws/install/ur_moveit_config/share/ur_moveit_config/local_setup.sh
[0.300s] -- Up-to-date: /home/com9/uet_ws/install/ur_moveit_config/share/ur_moveit_config/local_setup.zsh
[0.300s] -- Up-to-date: /home/com9/uet_ws/install/ur_moveit_config/share/ur_moveit_config/local_setup.dsv
[0.300s] -- Installing: /home/com9/uet_ws/install/ur_moveit_config/share/ur_moveit_config/package.dsv
[0.300s] -- Up-to-date: /home/com9/uet_ws/install/ur_moveit_config/share/ament_index/resource_index/packages/ur_moveit_config
[0.300s] -- Up-to-date: /home/com9/uet_ws/install/ur_moveit_config/share/ur_moveit_config/cmake/ur_moveit_configConfig.cmake
[0.300s] -- Up-to-date: /home/com9/uet_ws/install/ur_moveit_config/share/ur_moveit_config/cmake/ur_moveit_configConfig-version.cmake
[0.300s] -- Up-to-date: /home/com9/uet_ws/install/ur_moveit_config/share/ur_moveit_config/package.xml
[0.302s] Invoked command in '/home/com9/uet_ws/build/ur_moveit_config' returned '0': CMAKE_PREFIX_PATH=${CMAKE_PREFIX_PATH}:/home/com9/uet_ws/install/susgrip_2f_hardware:/home/com9/uet_ws/install/susgrip_2f_gazebo:/home/com9/uet_ws/install/susgrip_2f_description:/home/com9/uet_ws/install/susgrip_2f_control:/opt/ros/humble /usr/bin/cmake --install /home/com9/uet_ws/build/ur_moveit_config
