running egg_info
creating ../../../build/susgrip_2f_control/susgrip_2f_control.egg-info
writing ../../../build/susgrip_2f_control/susgrip_2f_control.egg-info/PKG-INFO
writing dependency_links to ../../../build/susgrip_2f_control/susgrip_2f_control.egg-info/dependency_links.txt
writing entry points to ../../../build/susgrip_2f_control/susgrip_2f_control.egg-info/entry_points.txt
writing top-level names to ../../../build/susgrip_2f_control/susgrip_2f_control.egg-info/top_level.txt
writing manifest file '../../../build/susgrip_2f_control/susgrip_2f_control.egg-info/SOURCES.txt'
reading manifest file '../../../build/susgrip_2f_control/susgrip_2f_control.egg-info/SOURCES.txt'
writing manifest file '../../../build/susgrip_2f_control/susgrip_2f_control.egg-info/SOURCES.txt'
running build
running build_py
creating /home/com9/uet_ws/build/susgrip_2f_control/build
creating /home/com9/uet_ws/build/susgrip_2f_control/build/lib
creating /home/com9/uet_ws/build/susgrip_2f_control/build/lib/susgrip_2f_control
copying susgrip_2f_control/with_cmd.py -> /home/com9/uet_ws/build/susgrip_2f_control/build/lib/susgrip_2f_control
copying susgrip_2f_control/with_gui.py -> /home/com9/uet_ws/build/susgrip_2f_control/build/lib/susgrip_2f_control
copying susgrip_2f_control/__init__.py -> /home/com9/uet_ws/build/susgrip_2f_control/build/lib/susgrip_2f_control
running install
running install_lib
creating /home/com9/uet_ws/install/susgrip_2f_control/lib/python3.10/site-packages/susgrip_2f_control
copying /home/com9/uet_ws/build/susgrip_2f_control/build/lib/susgrip_2f_control/with_cmd.py -> /home/com9/uet_ws/install/susgrip_2f_control/lib/python3.10/site-packages/susgrip_2f_control
copying /home/com9/uet_ws/build/susgrip_2f_control/build/lib/susgrip_2f_control/with_gui.py -> /home/com9/uet_ws/install/susgrip_2f_control/lib/python3.10/site-packages/susgrip_2f_control
copying /home/com9/uet_ws/build/susgrip_2f_control/build/lib/susgrip_2f_control/__init__.py -> /home/com9/uet_ws/install/susgrip_2f_control/lib/python3.10/site-packages/susgrip_2f_control
byte-compiling /home/com9/uet_ws/install/susgrip_2f_control/lib/python3.10/site-packages/susgrip_2f_control/with_cmd.py to with_cmd.cpython-310.pyc
byte-compiling /home/com9/uet_ws/install/susgrip_2f_control/lib/python3.10/site-packages/susgrip_2f_control/with_gui.py to with_gui.cpython-310.pyc
byte-compiling /home/com9/uet_ws/install/susgrip_2f_control/lib/python3.10/site-packages/susgrip_2f_control/__init__.py to __init__.cpython-310.pyc
running install_data
creating /home/com9/uet_ws/install/susgrip_2f_control/share/ament_index
creating /home/com9/uet_ws/install/susgrip_2f_control/share/ament_index/resource_index
creating /home/com9/uet_ws/install/susgrip_2f_control/share/ament_index/resource_index/packages
copying resource/susgrip_2f_control -> /home/com9/uet_ws/install/susgrip_2f_control/share/ament_index/resource_index/packages
copying package.xml -> /home/com9/uet_ws/install/susgrip_2f_control/share/susgrip_2f_control
creating /home/com9/uet_ws/install/susgrip_2f_control/share/susgrip_2f_control/launch
copying launch/susgrip_control.launch.py -> /home/com9/uet_ws/install/susgrip_2f_control/share/susgrip_2f_control/launch
creating /home/com9/uet_ws/install/susgrip_2f_control/share/susgrip_2f_control/config
copying config/controllers.yaml -> /home/com9/uet_ws/install/susgrip_2f_control/share/susgrip_2f_control/config
running install_egg_info
Copying ../../../build/susgrip_2f_control/susgrip_2f_control.egg-info to /home/com9/uet_ws/install/susgrip_2f_control/lib/python3.10/site-packages/susgrip_2f_control-0.1.0-py3.10.egg-info
running install_scripts
Installing with_cmd script to /home/com9/uet_ws/install/susgrip_2f_control/lib/susgrip_2f_control
Installing with_gui script to /home/com9/uet_ws/install/susgrip_2f_control/lib/susgrip_2f_control
writing list of installed files to '/home/com9/uet_ws/build/susgrip_2f_control/install.log'
