[0.389s] Invoking command in '/home/com9/uet_ws/src/susgrip_2f/susgrip_2f_control': PYTHONPATH=/home/com9/uet_ws/build/susgrip_2f_control/prefix_override:/usr/lib/python3/dist-packages/colcon_core/task/python/colcon_distutils_commands:/home/com9/uet_ws/install/susgrip_2f_control/lib/python3.10/site-packages:${PYTHONPATH} /usr/bin/python3 -W ignore:setup.py install is deprecated -W ignore:easy_install command is deprecated setup.py egg_info --egg-base ../../../build/susgrip_2f_control build --build-base /home/com9/uet_ws/build/susgrip_2f_control/build install --record /home/com9/uet_ws/build/susgrip_2f_control/install.log --install-scripts $base/lib/susgrip_2f_control --single-version-externally-managed install_data
[0.518s] running egg_info
[0.518s] creating ../../../build/susgrip_2f_control/susgrip_2f_control.egg-info
[0.518s] writing ../../../build/susgrip_2f_control/susgrip_2f_control.egg-info/PKG-INFO
[0.519s] writing dependency_links to ../../../build/susgrip_2f_control/susgrip_2f_control.egg-info/dependency_links.txt
[0.519s] writing entry points to ../../../build/susgrip_2f_control/susgrip_2f_control.egg-info/entry_points.txt
[0.519s] writing top-level names to ../../../build/susgrip_2f_control/susgrip_2f_control.egg-info/top_level.txt
[0.519s] writing manifest file '../../../build/susgrip_2f_control/susgrip_2f_control.egg-info/SOURCES.txt'
[0.520s] reading manifest file '../../../build/susgrip_2f_control/susgrip_2f_control.egg-info/SOURCES.txt'
[0.520s] writing manifest file '../../../build/susgrip_2f_control/susgrip_2f_control.egg-info/SOURCES.txt'
[0.521s] running build
[0.521s] running build_py
[0.521s] creating /home/com9/uet_ws/build/susgrip_2f_control/build
[0.521s] creating /home/com9/uet_ws/build/susgrip_2f_control/build/lib
[0.521s] creating /home/com9/uet_ws/build/susgrip_2f_control/build/lib/susgrip_2f_control
[0.521s] copying susgrip_2f_control/with_cmd.py -> /home/com9/uet_ws/build/susgrip_2f_control/build/lib/susgrip_2f_control
[0.521s] copying susgrip_2f_control/with_gui.py -> /home/com9/uet_ws/build/susgrip_2f_control/build/lib/susgrip_2f_control
[0.521s] copying susgrip_2f_control/__init__.py -> /home/com9/uet_ws/build/susgrip_2f_control/build/lib/susgrip_2f_control
[0.521s] running install
[0.521s] running install_lib
[0.522s] creating /home/com9/uet_ws/install/susgrip_2f_control/lib/python3.10/site-packages/susgrip_2f_control
[0.522s] copying /home/com9/uet_ws/build/susgrip_2f_control/build/lib/susgrip_2f_control/with_cmd.py -> /home/com9/uet_ws/install/susgrip_2f_control/lib/python3.10/site-packages/susgrip_2f_control
[0.522s] copying /home/com9/uet_ws/build/susgrip_2f_control/build/lib/susgrip_2f_control/with_gui.py -> /home/com9/uet_ws/install/susgrip_2f_control/lib/python3.10/site-packages/susgrip_2f_control
[0.522s] copying /home/com9/uet_ws/build/susgrip_2f_control/build/lib/susgrip_2f_control/__init__.py -> /home/com9/uet_ws/install/susgrip_2f_control/lib/python3.10/site-packages/susgrip_2f_control
[0.522s] byte-compiling /home/com9/uet_ws/install/susgrip_2f_control/lib/python3.10/site-packages/susgrip_2f_control/with_cmd.py to with_cmd.cpython-310.pyc
[0.523s] byte-compiling /home/com9/uet_ws/install/susgrip_2f_control/lib/python3.10/site-packages/susgrip_2f_control/with_gui.py to with_gui.cpython-310.pyc
[0.524s] byte-compiling /home/com9/uet_ws/install/susgrip_2f_control/lib/python3.10/site-packages/susgrip_2f_control/__init__.py to __init__.cpython-310.pyc
[0.524s] running install_data
[0.524s] creating /home/com9/uet_ws/install/susgrip_2f_control/share/ament_index
[0.524s] creating /home/com9/uet_ws/install/susgrip_2f_control/share/ament_index/resource_index
[0.524s] creating /home/com9/uet_ws/install/susgrip_2f_control/share/ament_index/resource_index/packages
[0.524s] copying resource/susgrip_2f_control -> /home/com9/uet_ws/install/susgrip_2f_control/share/ament_index/resource_index/packages
[0.524s] copying package.xml -> /home/com9/uet_ws/install/susgrip_2f_control/share/susgrip_2f_control
[0.524s] creating /home/com9/uet_ws/install/susgrip_2f_control/share/susgrip_2f_control/launch
[0.524s] copying launch/susgrip_control.launch.py -> /home/com9/uet_ws/install/susgrip_2f_control/share/susgrip_2f_control/launch
[0.524s] creating /home/com9/uet_ws/install/susgrip_2f_control/share/susgrip_2f_control/config
[0.524s] copying config/controllers.yaml -> /home/com9/uet_ws/install/susgrip_2f_control/share/susgrip_2f_control/config
[0.524s] running install_egg_info
[0.526s] Copying ../../../build/susgrip_2f_control/susgrip_2f_control.egg-info to /home/com9/uet_ws/install/susgrip_2f_control/lib/python3.10/site-packages/susgrip_2f_control-0.1.0-py3.10.egg-info
[0.526s] running install_scripts
[0.539s] Installing with_cmd script to /home/com9/uet_ws/install/susgrip_2f_control/lib/susgrip_2f_control
[0.539s] Installing with_gui script to /home/com9/uet_ws/install/susgrip_2f_control/lib/susgrip_2f_control
[0.539s] writing list of installed files to '/home/com9/uet_ws/build/susgrip_2f_control/install.log'
[0.556s] Invoked command in '/home/com9/uet_ws/src/susgrip_2f/susgrip_2f_control' returned '0': PYTHONPATH=/home/com9/uet_ws/build/susgrip_2f_control/prefix_override:/usr/lib/python3/dist-packages/colcon_core/task/python/colcon_distutils_commands:/home/com9/uet_ws/install/susgrip_2f_control/lib/python3.10/site-packages:${PYTHONPATH} /usr/bin/python3 -W ignore:setup.py install is deprecated -W ignore:easy_install command is deprecated setup.py egg_info --egg-base ../../../build/susgrip_2f_control build --build-base /home/com9/uet_ws/build/susgrip_2f_control/build install --record /home/com9/uet_ws/build/susgrip_2f_control/install.log --install-scripts $base/lib/susgrip_2f_control --single-version-externally-managed install_data
