[0.010s] Invoking command in '/home/com9/uet_ws/build/ur': AMENT_PREFIX_PATH=/home/com9/uet_ws/install/ur_calibration:/home/com9/uet_ws/install/ur_robot_driver:/home/com9/uet_ws/install/ur_controllers:/home/com9/uet_ws/install/ur_moveit_config:/home/com9/uet_ws/install/ur_dashboard_msgs:${AMENT_PREFIX_PATH} CMAKE_PREFIX_PATH=/home/com9/uet_ws/install/ur_calibration:/home/com9/uet_ws/install/ur_robot_driver:/home/com9/uet_ws/install/ur_controllers:/home/com9/uet_ws/install/ur_moveit_config:/home/com9/uet_ws/install/ur_dashboard_msgs:/opt/ros/humble LD_LIBRARY_PATH=/home/com9/uet_ws/install/ur_robot_driver/lib:/home/com9/uet_ws/install/ur_controllers/lib:/home/com9/uet_ws/install/ur_dashboard_msgs/lib:${LD_LIBRARY_PATH} PATH=/home/com9/uet_ws/install/ur_robot_driver/bin:${PATH} PYTHONPATH=/home/com9/uet_ws/install/ur_robot_driver/local/lib/python3.10/dist-packages:/home/com9/uet_ws/install/ur_moveit_config/local/lib/python3.10/dist-packages:/home/com9/uet_ws/install/ur_dashboard_msgs/local/lib/python3.10/dist-packages:${PYTHONPATH} /usr/bin/cmake --build /home/com9/uet_ws/build/ur
[0.034s] Invoked command in '/home/com9/uet_ws/build/ur' returned '0': AMENT_PREFIX_PATH=/home/com9/uet_ws/install/ur_calibration:/home/com9/uet_ws/install/ur_robot_driver:/home/com9/uet_ws/install/ur_controllers:/home/com9/uet_ws/install/ur_moveit_config:/home/com9/uet_ws/install/ur_dashboard_msgs:${AMENT_PREFIX_PATH} CMAKE_PREFIX_PATH=/home/com9/uet_ws/install/ur_calibration:/home/com9/uet_ws/install/ur_robot_driver:/home/com9/uet_ws/install/ur_controllers:/home/com9/uet_ws/install/ur_moveit_config:/home/com9/uet_ws/install/ur_dashboard_msgs:/opt/ros/humble LD_LIBRARY_PATH=/home/com9/uet_ws/install/ur_robot_driver/lib:/home/com9/uet_ws/install/ur_controllers/lib:/home/com9/uet_ws/install/ur_dashboard_msgs/lib:${LD_LIBRARY_PATH} PATH=/home/com9/uet_ws/install/ur_robot_driver/bin:${PATH} PYTHONPATH=/home/com9/uet_ws/install/ur_robot_driver/local/lib/python3.10/dist-packages:/home/com9/uet_ws/install/ur_moveit_config/local/lib/python3.10/dist-packages:/home/com9/uet_ws/install/ur_dashboard_msgs/local/lib/python3.10/dist-packages:${PYTHONPATH} /usr/bin/cmake --build /home/com9/uet_ws/build/ur
[0.035s] Invoking command in '/home/com9/uet_ws/build/ur': AMENT_PREFIX_PATH=/home/com9/uet_ws/install/ur_calibration:/home/com9/uet_ws/install/ur_robot_driver:/home/com9/uet_ws/install/ur_controllers:/home/com9/uet_ws/install/ur_moveit_config:/home/com9/uet_ws/install/ur_dashboard_msgs:${AMENT_PREFIX_PATH} CMAKE_PREFIX_PATH=/home/com9/uet_ws/install/ur_calibration:/home/com9/uet_ws/install/ur_robot_driver:/home/com9/uet_ws/install/ur_controllers:/home/com9/uet_ws/install/ur_moveit_config:/home/com9/uet_ws/install/ur_dashboard_msgs:/opt/ros/humble LD_LIBRARY_PATH=/home/com9/uet_ws/install/ur_robot_driver/lib:/home/com9/uet_ws/install/ur_controllers/lib:/home/com9/uet_ws/install/ur_dashboard_msgs/lib:${LD_LIBRARY_PATH} PATH=/home/com9/uet_ws/install/ur_robot_driver/bin:${PATH} PYTHONPATH=/home/com9/uet_ws/install/ur_robot_driver/local/lib/python3.10/dist-packages:/home/com9/uet_ws/install/ur_moveit_config/local/lib/python3.10/dist-packages:/home/com9/uet_ws/install/ur_dashboard_msgs/local/lib/python3.10/dist-packages:${PYTHONPATH} /usr/bin/cmake --install /home/com9/uet_ws/build/ur
[0.041s] -- Install configuration: ""
[0.041s] -- Up-to-date: /home/com9/uet_ws/install/ur/share/ament_index/resource_index/package_run_dependencies/ur
[0.041s] -- Up-to-date: /home/com9/uet_ws/install/ur/share/ament_index/resource_index/parent_prefix_path/ur
[0.041s] -- Up-to-date: /home/com9/uet_ws/install/ur/share/ur/environment/ament_prefix_path.sh
[0.041s] -- Up-to-date: /home/com9/uet_ws/install/ur/share/ur/environment/ament_prefix_path.dsv
[0.041s] -- Up-to-date: /home/com9/uet_ws/install/ur/share/ur/environment/path.sh
[0.041s] -- Up-to-date: /home/com9/uet_ws/install/ur/share/ur/environment/path.dsv
[0.041s] -- Up-to-date: /home/com9/uet_ws/install/ur/share/ur/local_setup.bash
[0.041s] -- Up-to-date: /home/com9/uet_ws/install/ur/share/ur/local_setup.sh
[0.041s] -- Up-to-date: /home/com9/uet_ws/install/ur/share/ur/local_setup.zsh
[0.041s] -- Up-to-date: /home/com9/uet_ws/install/ur/share/ur/local_setup.dsv
[0.041s] -- Up-to-date: /home/com9/uet_ws/install/ur/share/ur/package.dsv
[0.041s] -- Up-to-date: /home/com9/uet_ws/install/ur/share/ament_index/resource_index/packages/ur
[0.041s] -- Up-to-date: /home/com9/uet_ws/install/ur/share/ur/cmake/urConfig.cmake
[0.041s] -- Up-to-date: /home/com9/uet_ws/install/ur/share/ur/cmake/urConfig-version.cmake
[0.041s] -- Up-to-date: /home/com9/uet_ws/install/ur/share/ur/package.xml
[0.042s] Invoked command in '/home/com9/uet_ws/build/ur' returned '0': AMENT_PREFIX_PATH=/home/com9/uet_ws/install/ur_calibration:/home/com9/uet_ws/install/ur_robot_driver:/home/com9/uet_ws/install/ur_controllers:/home/com9/uet_ws/install/ur_moveit_config:/home/com9/uet_ws/install/ur_dashboard_msgs:${AMENT_PREFIX_PATH} CMAKE_PREFIX_PATH=/home/com9/uet_ws/install/ur_calibration:/home/com9/uet_ws/install/ur_robot_driver:/home/com9/uet_ws/install/ur_controllers:/home/com9/uet_ws/install/ur_moveit_config:/home/com9/uet_ws/install/ur_dashboard_msgs:/opt/ros/humble LD_LIBRARY_PATH=/home/com9/uet_ws/install/ur_robot_driver/lib:/home/com9/uet_ws/install/ur_controllers/lib:/home/com9/uet_ws/install/ur_dashboard_msgs/lib:${LD_LIBRARY_PATH} PATH=/home/com9/uet_ws/install/ur_robot_driver/bin:${PATH} PYTHONPATH=/home/com9/uet_ws/install/ur_robot_driver/local/lib/python3.10/dist-packages:/home/com9/uet_ws/install/ur_moveit_config/local/lib/python3.10/dist-packages:/home/com9/uet_ws/install/ur_dashboard_msgs/local/lib/python3.10/dist-packages:${PYTHONPATH} /usr/bin/cmake --install /home/com9/uet_ws/build/ur
