[0.010s] Invoking command in '/home/com9/uet_ws/build/ur3_moveit_control': CMAKE_PREFIX_PATH=/home/com9/uet_ws/install/ur_moveit_config:/home/com9/uet_ws/install/ur_simulation_gz:/home/com9/uet_ws/install/ur:/home/com9/uet_ws/install/ur_calibration:/home/com9/uet_ws/install/ur_robot_driver:/home/com9/uet_ws/install/ur3_moveit_control:/home/com9/uet_ws/install/ur_bringup:/home/com9/uet_ws/install/ur_controllers:/home/com9/uet_ws/install/ur_dashboard_msgs:/home/com9/uet_ws/install/susgrip_2f_hardware:/home/com9/uet_ws/install/susgrip_2f_gazebo:/home/com9/uet_ws/install/susgrip_2f_description:/home/com9/uet_ws/install/susgrip_2f_control:/opt/ros/humble /usr/bin/cmake /home/com9/uet_ws/src/ur3_moveit_control -DAMENT_CMAKE_SYMLINK_INSTALL=1 -DCMAKE_INSTALL_PREFIX=/home/com9/uet_ws/install/ur3_moveit_control
[0.085s] -- The C compiler identification is GNU 11.4.0
[0.160s] -- The CXX compiler identification is GNU 11.4.0
[0.169s] -- Detecting C compiler ABI info
[0.224s] -- Detecting C compiler ABI info - done
[0.229s] -- Check for working C compiler: /usr/bin/cc - skipped
[0.229s] -- Detecting C compile features
[0.230s] -- Detecting C compile features - done
[0.233s] -- Detecting CXX compiler ABI info
[0.291s] -- Detecting CXX compiler ABI info - done
[0.296s] -- Check for working CXX compiler: /usr/bin/c++ - skipped
[0.296s] -- Detecting CXX compile features
[0.296s] -- Detecting CXX compile features - done
[0.300s] -- Found ament_cmake: 1.3.14 (/opt/ros/humble/share/ament_cmake/cmake)
[0.420s] -- Found Python3: /usr/bin/python3 (found version "3.10.12") found components: Interpreter 
[0.469s] -- Override CMake install command with custom implementation using symlinks instead of copying resources
[0.502s] -- Found rclcpp: 16.0.19 (/opt/ros/humble/share/rclcpp/cmake)
[0.546s] -- Found rosidl_generator_c: 3.1.8 (/opt/ros/humble/share/rosidl_generator_c/cmake)
[0.551s] -- Found rosidl_adapter: 3.1.8 (/opt/ros/humble/share/rosidl_adapter/cmake)
[0.559s] -- Found rosidl_generator_cpp: 3.1.8 (/opt/ros/humble/share/rosidl_generator_cpp/cmake)
[0.570s] -- Using all available rosidl_typesupport_c: rosidl_typesupport_fastrtps_c;rosidl_typesupport_introspection_c
[0.585s] -- Using all available rosidl_typesupport_cpp: rosidl_typesupport_fastrtps_cpp;rosidl_typesupport_introspection_cpp
[0.630s] -- Found rmw_implementation_cmake: 6.1.2 (/opt/ros/humble/share/rmw_implementation_cmake/cmake)
[0.632s] -- Found rmw_fastrtps_cpp: 6.2.10 (/opt/ros/humble/share/rmw_fastrtps_cpp/cmake)
[0.700s] -- Found OpenSSL: /usr/lib/x86_64-linux-gnu/libcrypto.so (found version "3.0.2")  
[0.721s] -- Found FastRTPS: /opt/ros/humble/include  
[0.751s] -- Using RMW implementation 'rmw_fastrtps_cpp' as default
[0.761s] -- Looking for pthread.h
[0.817s] -- Looking for pthread.h - found
[0.817s] -- Performing Test CMAKE_HAVE_LIBC_PTHREAD
[0.867s] -- Performing Test CMAKE_HAVE_LIBC_PTHREAD - Success
[0.867s] -- Found Threads: TRUE  
[0.910s] -- Found rclcpp_action: 16.0.19 (/opt/ros/humble/share/rclcpp_action/cmake)
[0.941s] -- Found moveit_ros_planning_interface: 2.5.9 (/opt/ros/humble/share/moveit_ros_planning_interface/cmake)
[0.963s] -- Found Boost: /usr/lib/x86_64-linux-gnu/cmake/Boost-1.74.0/BoostConfig.cmake (found version "1.74.0") found components: date_time filesystem program_options system thread 
[1.086s] -- Found Boost: /usr/lib/x86_64-linux-gnu/cmake/Boost-1.74.0/BoostConfig.cmake (found version "1.74.0") found components: chrono date_time filesystem iostreams program_options regex serialization system thread 
[1.127s] -- Found parameter_traits: 0.7.4 (/opt/ros/humble/share/parameter_traits/cmake)
[1.142s] -- Found rclcpp_lifecycle: 16.0.19 (/opt/ros/humble/share/rclcpp_lifecycle/cmake)
[1.239s] -- library: /usr/lib/x86_64-linux-gnu/libcurl.so
[1.266s] -- Found Eigen3: TRUE (found version "3.4.0") 
[1.266s] -- Ensuring Eigen3 include directory is part of orocos-kdl CMake target
[1.373s] -- Found Boost: /usr/lib/x86_64-linux-gnu/cmake/Boost-1.74.0/BoostConfig.cmake (found version "1.74.0") found components: system filesystem date_time program_options thread chrono 
[1.393s] -- Found Boost: /usr/lib/x86_64-linux-gnu/cmake/Boost-1.74.0/BoostConfig.cmake (found version "1.74.0") found components: thread system filesystem regex date_time program_options 
[1.416s] -- Found Boost: /usr/lib/x86_64-linux-gnu/cmake/Boost-1.74.0/BoostConfig.cmake (found version "1.74.0") found components: system filesystem date_time program_options thread 
[1.438s] -- Found rosidl_default_generators: 1.2.1 (/opt/ros/humble/share/rosidl_default_generators/cmake)
[1.650s] -- Found ament_cmake_ros: 0.10.0 (/opt/ros/humble/share/ament_cmake_ros/cmake)
[1.977s] -- Using all available rosidl_typesupport_c: rosidl_typesupport_fastrtps_c;rosidl_typesupport_introspection_c
[2.095s] -- Using all available rosidl_typesupport_cpp: rosidl_typesupport_fastrtps_cpp;rosidl_typesupport_introspection_cpp
[2.111s] -- Found PythonInterp: /usr/bin/python3 (found suitable version "3.10.12", minimum required is "3.6") 
[2.113s] -- Found python_cmake_module: 0.10.0 (/opt/ros/humble/share/python_cmake_module/cmake)
[2.130s] -- Found PythonLibs: /usr/lib/x86_64-linux-gnu/libpython3.10.so (found suitable version "3.10.12", minimum required is "3.5") 
[2.130s] -- Using PYTHON_EXECUTABLE: /usr/bin/python3
[2.131s] -- Using PYTHON_INCLUDE_DIRS: /usr/include/python3.10
[2.131s] -- Using PYTHON_LIBRARIES: /usr/lib/x86_64-linux-gnu/libpython3.10.so
[2.149s] -- Found PythonExtra: .so  
[2.278s] -- Configuring done
[2.322s] -- Generating done
[2.336s] -- Build files have been written to: /home/com9/uet_ws/build/ur3_moveit_control
[2.349s] Invoked command in '/home/com9/uet_ws/build/ur3_moveit_control' returned '0': CMAKE_PREFIX_PATH=/home/com9/uet_ws/install/ur_moveit_config:/home/com9/uet_ws/install/ur_simulation_gz:/home/com9/uet_ws/install/ur:/home/com9/uet_ws/install/ur_calibration:/home/com9/uet_ws/install/ur_robot_driver:/home/com9/uet_ws/install/ur3_moveit_control:/home/com9/uet_ws/install/ur_bringup:/home/com9/uet_ws/install/ur_controllers:/home/com9/uet_ws/install/ur_dashboard_msgs:/home/com9/uet_ws/install/susgrip_2f_hardware:/home/com9/uet_ws/install/susgrip_2f_gazebo:/home/com9/uet_ws/install/susgrip_2f_description:/home/com9/uet_ws/install/susgrip_2f_control:/opt/ros/humble /usr/bin/cmake /home/com9/uet_ws/src/ur3_moveit_control -DAMENT_CMAKE_SYMLINK_INSTALL=1 -DCMAKE_INSTALL_PREFIX=/home/com9/uet_ws/install/ur3_moveit_control
[2.349s] Invoking command in '/home/com9/uet_ws/build/ur3_moveit_control': CMAKE_PREFIX_PATH=/home/com9/uet_ws/install/ur_moveit_config:/home/com9/uet_ws/install/ur_simulation_gz:/home/com9/uet_ws/install/ur:/home/com9/uet_ws/install/ur_calibration:/home/com9/uet_ws/install/ur_robot_driver:/home/com9/uet_ws/install/ur3_moveit_control:/home/com9/uet_ws/install/ur_bringup:/home/com9/uet_ws/install/ur_controllers:/home/com9/uet_ws/install/ur_dashboard_msgs:/home/com9/uet_ws/install/susgrip_2f_hardware:/home/com9/uet_ws/install/susgrip_2f_gazebo:/home/com9/uet_ws/install/susgrip_2f_description:/home/com9/uet_ws/install/susgrip_2f_control:/opt/ros/humble /usr/bin/cmake --build /home/com9/uet_ws/build/ur3_moveit_control -- -j16 -l16
[2.376s] [  2%] [34m[1mGenerating C code for ROS interfaces[0m
[2.383s] [  5%] [34m[1mGenerating Rust code for ROS interfaces[0m
[2.383s] [ 11%] [34m[1mGenerating C++ code for ROS interfaces[0m
[2.383s] [ 11%] [32mBuilding CXX object CMakeFiles/ur3_motion_interface.dir/src/ur3_motion_interface.cpp.o[0m
[2.386s] [ 11%] Built target ament_cmake_python_symlink_ur3_moveit_control
[2.527s] running egg_info
[2.527s] creating ur3_moveit_control.egg-info
[2.527s] writing ur3_moveit_control.egg-info/PKG-INFO
[2.528s] writing dependency_links to ur3_moveit_control.egg-info/dependency_links.txt
[2.528s] writing top-level names to ur3_moveit_control.egg-info/top_level.txt
[2.528s] writing manifest file 'ur3_moveit_control.egg-info/SOURCES.txt'
[2.529s] reading manifest file 'ur3_moveit_control.egg-info/SOURCES.txt'
[2.530s] writing manifest file 'ur3_moveit_control.egg-info/SOURCES.txt'
[2.549s] [ 11%] Built target ament_cmake_python_build_ur3_moveit_control_egg
[2.592s] [ 11%] Built target ur3_moveit_control__rs
[2.681s] [ 11%] Built target ur3_moveit_control__cpp
[2.686s] [ 13%] [32mBuilding C object CMakeFiles/ur3_moveit_control__rosidl_generator_c.dir/rosidl_generator_c/ur3_moveit_control/action/detail/ur3_control__functions.c.o[0m
[2.687s] [ 16%] [34m[1mGenerating C++ type support dispatch for ROS interfaces[0m
[2.687s] [ 19%] [34m[1mGenerating C++ introspection for ROS interfaces[0m
[2.687s] [ 22%] [34m[1mGenerating C++ type support for eProsima Fast-RTPS[0m
[2.797s] [ 25%] [32m[1mLinking C shared library libur3_moveit_control__rosidl_generator_c.so[0m
[2.828s] [ 25%] Built target ur3_moveit_control__rosidl_generator_c
[2.835s] [ 30%] [34m[1mGenerating C introspection for ROS interfaces[0m
[2.835s] [ 30%] [34m[1mGenerating C type support dispatch for ROS interfaces[0m
[2.836s] [ 33%] [34m[1mGenerating C type support for eProsima Fast-RTPS[0m
[2.906s] [ 36%] [32mBuilding CXX object CMakeFiles/ur3_moveit_control__rosidl_typesupport_cpp.dir/rosidl_typesupport_cpp/ur3_moveit_control/action/ur3_control__type_support.cpp.o[0m
[2.931s] [ 38%] [32mBuilding CXX object CMakeFiles/ur3_moveit_control__rosidl_typesupport_introspection_cpp.dir/rosidl_typesupport_introspection_cpp/ur3_moveit_control/action/detail/ur3_control__type_support.cpp.o[0m
[2.963s] [ 41%] [32mBuilding CXX object CMakeFiles/ur3_moveit_control__rosidl_typesupport_fastrtps_cpp.dir/rosidl_typesupport_fastrtps_cpp/ur3_moveit_control/action/detail/dds_fastrtps/ur3_control__type_support.cpp.o[0m
[3.046s] [ 44%] [32mBuilding CXX object CMakeFiles/ur3_moveit_control__rosidl_typesupport_c.dir/rosidl_typesupport_c/ur3_moveit_control/action/ur3_control__type_support.cpp.o[0m
[3.079s] [ 47%] [32m[1mLinking CXX shared library libur3_moveit_control__rosidl_typesupport_c.so[0m
[3.097s] [ 50%] [32mBuilding C object CMakeFiles/ur3_moveit_control__rosidl_typesupport_introspection_c.dir/rosidl_typesupport_introspection_c/ur3_moveit_control/action/detail/ur3_control__type_support.c.o[0m
[3.108s] [ 50%] Built target ur3_moveit_control__rosidl_typesupport_c
[3.120s] [ 52%] [32mBuilding CXX object CMakeFiles/ur3_moveit_control__rosidl_typesupport_fastrtps_c.dir/rosidl_typesupport_fastrtps_c/ur3_moveit_control/action/detail/ur3_control__type_support_c.cpp.o[0m
[3.133s] [ 55%] [32m[1mLinking C shared library libur3_moveit_control__rosidl_typesupport_introspection_c.so[0m
[3.159s] [ 55%] Built target ur3_moveit_control__rosidl_typesupport_introspection_c
[3.172s] [ 58%] [32m[1mLinking CXX shared library libur3_moveit_control__rosidl_typesupport_cpp.so[0m
[3.204s] [ 58%] Built target ur3_moveit_control__rosidl_typesupport_cpp
[3.323s] [ 61%] [32m[1mLinking CXX shared library libur3_moveit_control__rosidl_typesupport_introspection_cpp.so[0m
[3.342s] [ 63%] [32m[1mLinking CXX shared library libur3_moveit_control__rosidl_typesupport_fastrtps_c.so[0m
[3.353s] [ 66%] [32m[1mLinking CXX shared library libur3_moveit_control__rosidl_typesupport_fastrtps_cpp.so[0m
[3.376s] [ 66%] Built target ur3_moveit_control__rosidl_typesupport_introspection_cpp
[3.396s] [ 66%] Built target ur3_moveit_control__rosidl_typesupport_fastrtps_c
[3.405s] [ 66%] Built target ur3_moveit_control__rosidl_typesupport_fastrtps_cpp
[3.421s] [ 66%] Built target ur3_moveit_control
[3.435s] [ 69%] [34m[1mGenerating Python code for ROS interfaces[0m
[3.867s] [ 69%] Built target ur3_moveit_control__py
[3.880s] [ 72%] [32mBuilding C object CMakeFiles/ur3_moveit_control__rosidl_generator_py.dir/rosidl_generator_py/ur3_moveit_control/action/_ur3_control_s.c.o[0m
[3.986s] [ 75%] [32m[1mLinking C shared library rosidl_generator_py/ur3_moveit_control/libur3_moveit_control__rosidl_generator_py.so[0m
[4.018s] [ 75%] Built target ur3_moveit_control__rosidl_generator_py
[4.030s] [ 77%] [32mBuilding C object CMakeFiles/ur3_moveit_control__rosidl_typesupport_c__pyext.dir/rosidl_generator_py/ur3_moveit_control/_ur3_moveit_control_s.ep.rosidl_typesupport_c.c.o[0m
[4.033s] [ 80%] [32mBuilding C object CMakeFiles/ur3_moveit_control__rosidl_typesupport_introspection_c__pyext.dir/rosidl_generator_py/ur3_moveit_control/_ur3_moveit_control_s.ep.rosidl_typesupport_introspection_c.c.o[0m
[4.035s] [ 83%] [32mBuilding C object CMakeFiles/ur3_moveit_control__rosidl_typesupport_fastrtps_c__pyext.dir/rosidl_generator_py/ur3_moveit_control/_ur3_moveit_control_s.ep.rosidl_typesupport_fastrtps_c.c.o[0m
[4.102s] [ 86%] [32m[1mLinking C shared library rosidl_generator_py/ur3_moveit_control/ur3_moveit_control_s__rosidl_typesupport_c.cpython-310-x86_64-linux-gnu.so[0m
[4.105s] [ 88%] [32m[1mLinking C shared library rosidl_generator_py/ur3_moveit_control/ur3_moveit_control_s__rosidl_typesupport_introspection_c.cpython-310-x86_64-linux-gnu.so[0m
[4.108s] [ 91%] [32m[1mLinking C shared library rosidl_generator_py/ur3_moveit_control/ur3_moveit_control_s__rosidl_typesupport_fastrtps_c.cpython-310-x86_64-linux-gnu.so[0m
[4.135s] [ 91%] Built target ur3_moveit_control__rosidl_typesupport_c__pyext
[4.136s] [ 91%] Built target ur3_moveit_control__rosidl_typesupport_fastrtps_c__pyext
[4.137s] [ 91%] Built target ur3_moveit_control__rosidl_typesupport_introspection_c__pyext
[12.200s] [ 94%] [32m[1mLinking CXX shared library libur3_motion_interface.so[0m
[12.803s] [ 94%] Built target ur3_motion_interface
[12.817s] [ 97%] [32mBuilding CXX object CMakeFiles/ur3_control_node.dir/src/ur3_control_node.cpp.o[0m
[20.516s] [100%] [32m[1mLinking CXX executable ur3_control_node[0m
[21.359s] [100%] Built target ur3_control_node
[21.368s] Invoked command in '/home/com9/uet_ws/build/ur3_moveit_control' returned '0': CMAKE_PREFIX_PATH=/home/com9/uet_ws/install/ur_moveit_config:/home/com9/uet_ws/install/ur_simulation_gz:/home/com9/uet_ws/install/ur:/home/com9/uet_ws/install/ur_calibration:/home/com9/uet_ws/install/ur_robot_driver:/home/com9/uet_ws/install/ur3_moveit_control:/home/com9/uet_ws/install/ur_bringup:/home/com9/uet_ws/install/ur_controllers:/home/com9/uet_ws/install/ur_dashboard_msgs:/home/com9/uet_ws/install/susgrip_2f_hardware:/home/com9/uet_ws/install/susgrip_2f_gazebo:/home/com9/uet_ws/install/susgrip_2f_description:/home/com9/uet_ws/install/susgrip_2f_control:/opt/ros/humble /usr/bin/cmake --build /home/com9/uet_ws/build/ur3_moveit_control -- -j16 -l16
[21.369s] Invoking command in '/home/com9/uet_ws/build/ur3_moveit_control': CMAKE_PREFIX_PATH=/home/com9/uet_ws/install/ur_moveit_config:/home/com9/uet_ws/install/ur_simulation_gz:/home/com9/uet_ws/install/ur:/home/com9/uet_ws/install/ur_calibration:/home/com9/uet_ws/install/ur_robot_driver:/home/com9/uet_ws/install/ur3_moveit_control:/home/com9/uet_ws/install/ur_bringup:/home/com9/uet_ws/install/ur_controllers:/home/com9/uet_ws/install/ur_dashboard_msgs:/home/com9/uet_ws/install/susgrip_2f_hardware:/home/com9/uet_ws/install/susgrip_2f_gazebo:/home/com9/uet_ws/install/susgrip_2f_description:/home/com9/uet_ws/install/susgrip_2f_control:/opt/ros/humble /usr/bin/cmake --install /home/com9/uet_ws/build/ur3_moveit_control
[21.376s] -- Install configuration: ""
[21.376s] -- Execute custom install script
[21.376s] -- Symlinking: /home/com9/uet_ws/install/ur3_moveit_control/share/ament_index/resource_index/rosidl_interfaces/ur3_moveit_control
[21.387s] -- Symlinking: /home/com9/uet_ws/install/ur3_moveit_control/include/ur3_moveit_control/ur3_moveit_control/action/detail/ur3_control__functions.h
[21.394s] -- Symlinking: /home/com9/uet_ws/install/ur3_moveit_control/include/ur3_moveit_control/ur3_moveit_control/action/detail/ur3_control__struct.h
[21.402s] -- Symlinking: /home/com9/uet_ws/install/ur3_moveit_control/include/ur3_moveit_control/ur3_moveit_control/action/detail/ur3_control__type_support.h
[21.410s] -- Symlinking: /home/com9/uet_ws/install/ur3_moveit_control/include/ur3_moveit_control/ur3_moveit_control/action/ur3_control.h
[21.415s] -- Symlinking: /home/com9/uet_ws/install/ur3_moveit_control/include/ur3_moveit_control/ur3_moveit_control/msg/rosidl_generator_c__visibility_control.h
[21.422s] -- Symlinking: /home/com9/uet_ws/install/ur3_moveit_control/share/ur3_moveit_control/environment/library_path.sh
[21.428s] -- Symlinking: /home/com9/uet_ws/install/ur3_moveit_control/share/ur3_moveit_control/environment/library_path.dsv
[21.435s] -- Symlinking: /home/com9/uet_ws/install/ur3_moveit_control/include/ur3_moveit_control/ur3_moveit_control/action/detail/ur3_control__rosidl_typesupport_fastrtps_c.h
[21.440s] -- Symlinking: /home/com9/uet_ws/install/ur3_moveit_control/include/ur3_moveit_control/ur3_moveit_control/msg/rosidl_typesupport_fastrtps_c__visibility_control.h
[21.447s] -- Symlinking: /home/com9/uet_ws/install/ur3_moveit_control/include/ur3_moveit_control/ur3_moveit_control/action/detail/ur3_control__builder.hpp
[21.453s] -- Symlinking: /home/com9/uet_ws/install/ur3_moveit_control/include/ur3_moveit_control/ur3_moveit_control/action/detail/ur3_control__struct.hpp
[21.459s] -- Symlinking: /home/com9/uet_ws/install/ur3_moveit_control/include/ur3_moveit_control/ur3_moveit_control/action/detail/ur3_control__traits.hpp
[21.465s] -- Symlinking: /home/com9/uet_ws/install/ur3_moveit_control/include/ur3_moveit_control/ur3_moveit_control/action/detail/ur3_control__type_support.hpp
[21.470s] -- Symlinking: /home/com9/uet_ws/install/ur3_moveit_control/include/ur3_moveit_control/ur3_moveit_control/action/ur3_control.hpp
[21.476s] -- Symlinking: /home/com9/uet_ws/install/ur3_moveit_control/include/ur3_moveit_control/ur3_moveit_control/msg/rosidl_generator_cpp__visibility_control.hpp
[21.483s] -- Symlinking: /home/com9/uet_ws/install/ur3_moveit_control/include/ur3_moveit_control/ur3_moveit_control/action/detail/ur3_control__rosidl_typesupport_fastrtps_cpp.hpp
[21.490s] -- Symlinking: /home/com9/uet_ws/install/ur3_moveit_control/include/ur3_moveit_control/ur3_moveit_control/msg/rosidl_typesupport_fastrtps_cpp__visibility_control.h
[21.497s] -- Symlinking: /home/com9/uet_ws/install/ur3_moveit_control/include/ur3_moveit_control/ur3_moveit_control/action/detail/ur3_control__rosidl_typesupport_introspection_c.h
[21.504s] -- Symlinking: /home/com9/uet_ws/install/ur3_moveit_control/include/ur3_moveit_control/ur3_moveit_control/msg/rosidl_typesupport_introspection_c__visibility_control.h
[21.512s] -- Symlinking: /home/com9/uet_ws/install/ur3_moveit_control/include/ur3_moveit_control/ur3_moveit_control/action/detail/ur3_control__rosidl_typesupport_introspection_cpp.hpp
[21.518s] -- Symlinking: /home/com9/uet_ws/install/ur3_moveit_control/share/ur3_moveit_control/environment/pythonpath.sh
[21.526s] -- Symlinking: /home/com9/uet_ws/install/ur3_moveit_control/share/ur3_moveit_control/environment/pythonpath.dsv
[21.533s] -- Symlinking: /home/com9/uet_ws/install/ur3_moveit_control/local/lib/python3.10/dist-packages/ur3_moveit_control-0.0.0-py3.10.egg-info/PKG-INFO
[21.541s] -- Symlinking: /home/com9/uet_ws/install/ur3_moveit_control/local/lib/python3.10/dist-packages/ur3_moveit_control-0.0.0-py3.10.egg-info/SOURCES.txt
[21.547s] -- Symlinking: /home/com9/uet_ws/install/ur3_moveit_control/local/lib/python3.10/dist-packages/ur3_moveit_control-0.0.0-py3.10.egg-info/dependency_links.txt
[21.554s] -- Symlinking: /home/com9/uet_ws/install/ur3_moveit_control/local/lib/python3.10/dist-packages/ur3_moveit_control-0.0.0-py3.10.egg-info/top_level.txt
[21.560s] -- Symlinking: /home/com9/uet_ws/install/ur3_moveit_control/local/lib/python3.10/dist-packages/ur3_moveit_control/__init__.py
[21.568s] -- Symlinking: /home/com9/uet_ws/install/ur3_moveit_control/local/lib/python3.10/dist-packages/ur3_moveit_control/_ur3_moveit_control_s.ep.rosidl_typesupport_c.c
[21.573s] -- Symlinking: /home/com9/uet_ws/install/ur3_moveit_control/local/lib/python3.10/dist-packages/ur3_moveit_control/_ur3_moveit_control_s.ep.rosidl_typesupport_fastrtps_c.c
[21.579s] -- Symlinking: /home/com9/uet_ws/install/ur3_moveit_control/local/lib/python3.10/dist-packages/ur3_moveit_control/_ur3_moveit_control_s.ep.rosidl_typesupport_introspection_c.c
[21.584s] -- Symlinking: /home/com9/uet_ws/install/ur3_moveit_control/local/lib/python3.10/dist-packages/ur3_moveit_control/action/__init__.py
[21.591s] -- Symlinking: /home/com9/uet_ws/install/ur3_moveit_control/local/lib/python3.10/dist-packages/ur3_moveit_control/action/_ur3_control.py
[21.597s] -- Symlinking: /home/com9/uet_ws/install/ur3_moveit_control/local/lib/python3.10/dist-packages/ur3_moveit_control/action/_ur3_control_s.c
[21.604s] -- Symlinking: /home/com9/uet_ws/install/ur3_moveit_control/local/lib/python3.10/dist-packages/ur3_moveit_control/libur3_moveit_control__rosidl_generator_py.so
[21.611s] -- Symlinking: /home/com9/uet_ws/install/ur3_moveit_control/local/lib/python3.10/dist-packages/ur3_moveit_control/ur3_moveit_control_s__rosidl_typesupport_c.cpython-310-x86_64-linux-gnu.so
[21.618s] -- Symlinking: /home/com9/uet_ws/install/ur3_moveit_control/local/lib/python3.10/dist-packages/ur3_moveit_control/ur3_moveit_control_s__rosidl_typesupport_fastrtps_c.cpython-310-x86_64-linux-gnu.so
[21.625s] -- Symlinking: /home/com9/uet_ws/install/ur3_moveit_control/local/lib/python3.10/dist-packages/ur3_moveit_control/ur3_moveit_control_s__rosidl_typesupport_introspection_c.cpython-310-x86_64-linux-gnu.so
[21.631s] -- Up-to-date symlink: /home/com9/uet_ws/install/ur3_moveit_control/local/lib/python3.10/dist-packages/ur3_moveit_control/ur3_moveit_control_s__rosidl_typesupport_fastrtps_c.cpython-310-x86_64-linux-gnu.so
[21.631s] -- Up-to-date symlink: /home/com9/uet_ws/install/ur3_moveit_control/local/lib/python3.10/dist-packages/ur3_moveit_control/ur3_moveit_control_s__rosidl_typesupport_introspection_c.cpython-310-x86_64-linux-gnu.so
[21.631s] -- Up-to-date symlink: /home/com9/uet_ws/install/ur3_moveit_control/local/lib/python3.10/dist-packages/ur3_moveit_control/ur3_moveit_control_s__rosidl_typesupport_c.cpython-310-x86_64-linux-gnu.so
[21.631s] -- Symlinking: /home/com9/uet_ws/install/ur3_moveit_control/share/ament_index/resource_index/rust_packages/ur3_moveit_control
[21.639s] -- Symlinking: /home/com9/uet_ws/install/ur3_moveit_control/share/ur3_moveit_control/rust/Cargo.toml
[21.646s] -- Symlinking: /home/com9/uet_ws/install/ur3_moveit_control/share/ur3_moveit_control/rust/build.rs
[21.652s] -- Symlinking: /home/com9/uet_ws/install/ur3_moveit_control/share/ur3_moveit_control/rust/src/action.rs
[21.657s] -- Symlinking: /home/com9/uet_ws/install/ur3_moveit_control/share/ur3_moveit_control/rust/src/action/rmw.rs
[21.664s] -- Symlinking: /home/com9/uet_ws/install/ur3_moveit_control/share/ur3_moveit_control/rust/src/lib.rs
[21.670s] -- Symlinking: /home/com9/uet_ws/install/ur3_moveit_control/share/ur3_moveit_control/action/UR3Control.idl
[21.676s] -- Symlinking: /home/com9/uet_ws/install/ur3_moveit_control/share/ur3_moveit_control/action/UR3Control.action
[21.683s] -- Symlinking: /home/com9/uet_ws/install/ur3_moveit_control/lib/libur3_motion_interface.so
[21.691s] -- Symlinking: /home/com9/uet_ws/install/ur3_moveit_control/lib/ur3_moveit_control/ur3_control_node
[21.698s] -- Symlinking: /home/com9/uet_ws/install/ur3_moveit_control/lib/ur3_moveit_control/send_goal_client.py
[21.704s] -- Symlinking: /home/com9/uet_ws/install/ur3_moveit_control/lib/ur3_moveit_control/random_pick_test.py
[21.710s] -- Symlinking: /home/com9/uet_ws/install/ur3_moveit_control/include/ur3_moveit_control/ur3_motion_interface.hpp
[21.717s] -- Symlinking: /home/com9/uet_ws/install/ur3_moveit_control/share/ur3_moveit_control/config/joint_limits.yaml
[21.725s] -- Symlinking: /home/com9/uet_ws/install/ur3_moveit_control/share/ur3_moveit_control/config/kinematics.yaml
[21.733s] -- Symlinking: /home/com9/uet_ws/install/ur3_moveit_control/share/ur3_moveit_control/config/moveit_controllers.yaml
[21.739s] -- Symlinking: /home/com9/uet_ws/install/ur3_moveit_control/share/ur3_moveit_control/config/moveit_custom_config.yaml
[21.745s] -- Symlinking: /home/com9/uet_ws/install/ur3_moveit_control/share/ur3_moveit_control/config/ompl_planning.yaml
[21.754s] -- Symlinking: /home/com9/uet_ws/install/ur3_moveit_control/share/ur3_moveit_control/config/planning_pipelines.yaml
[21.763s] -- Symlinking: /home/com9/uet_ws/install/ur3_moveit_control/share/ur3_moveit_control/config/planning_scene_monitor.yaml
[21.768s] -- Symlinking: /home/com9/uet_ws/install/ur3_moveit_control/share/ur3_moveit_control/config/ur3_susgrip_gazebo_controllers.yaml
[21.776s] -- Symlinking: /home/com9/uet_ws/install/ur3_moveit_control/share/ur3_moveit_control/launch/__pycache__/ur3_demo_gripper.launch.cpython-310.pyc
[21.784s] -- Symlinking: /home/com9/uet_ws/install/ur3_moveit_control/share/ur3_moveit_control/launch/eye_in_hand_calib.launch.py
[21.793s] -- Symlinking: /home/com9/uet_ws/install/ur3_moveit_control/share/ur3_moveit_control/launch/ur3_demo.launch.py
[21.799s] -- Symlinking: /home/com9/uet_ws/install/ur3_moveit_control/share/ur3_moveit_control/launch/ur3_demo_gripper.launch.py
[21.807s] -- Symlinking: /home/com9/uet_ws/install/ur3_moveit_control/share/ur3_moveit_control/launch/ur3_susgrip_sim.launch.py
[21.813s] -- Symlinking: /home/com9/uet_ws/install/ur3_moveit_control/share/ur3_moveit_control/urdf/ur3_with_susgrip.urdf.xacro
[21.820s] -- Symlinking: /home/com9/uet_ws/install/ur3_moveit_control/share/ur3_moveit_control/urdf/ur3_with_susgrip_gazebo.urdf.xacro
[21.828s] -- Symlinking: /home/com9/uet_ws/install/ur3_moveit_control/share/ur3_moveit_control/rviz/view_robot.rviz
[21.834s] -- Symlinking: /home/com9/uet_ws/install/ur3_moveit_control/share/ur3_moveit_control/models/bottle.sdf
[21.840s] -- Symlinking: /home/com9/uet_ws/install/ur3_moveit_control/share/ur3_moveit_control/models/table.sdf
[21.847s] -- Symlinking: /home/com9/uet_ws/install/ur3_moveit_control/share/ament_index/resource_index/package_run_dependencies/ur3_moveit_control
[21.854s] -- Symlinking: /home/com9/uet_ws/install/ur3_moveit_control/share/ament_index/resource_index/parent_prefix_path/ur3_moveit_control
[21.860s] -- Symlinking: /home/com9/uet_ws/install/ur3_moveit_control/share/ur3_moveit_control/environment/ament_prefix_path.sh
[21.866s] -- Symlinking: /home/com9/uet_ws/install/ur3_moveit_control/share/ur3_moveit_control/environment/ament_prefix_path.dsv
[21.872s] -- Symlinking: /home/com9/uet_ws/install/ur3_moveit_control/share/ur3_moveit_control/environment/path.sh
[21.879s] -- Symlinking: /home/com9/uet_ws/install/ur3_moveit_control/share/ur3_moveit_control/environment/path.dsv
[21.888s] -- Symlinking: /home/com9/uet_ws/install/ur3_moveit_control/share/ur3_moveit_control/local_setup.bash
[21.895s] -- Symlinking: /home/com9/uet_ws/install/ur3_moveit_control/share/ur3_moveit_control/local_setup.sh
[21.901s] -- Symlinking: /home/com9/uet_ws/install/ur3_moveit_control/share/ur3_moveit_control/local_setup.zsh
[21.907s] -- Symlinking: /home/com9/uet_ws/install/ur3_moveit_control/share/ur3_moveit_control/local_setup.dsv
[21.913s] -- Symlinking: /home/com9/uet_ws/install/ur3_moveit_control/share/ur3_moveit_control/package.dsv
[21.921s] -- Symlinking: /home/com9/uet_ws/install/ur3_moveit_control/share/ament_index/resource_index/packages/ur3_moveit_control
[21.928s] -- Symlinking: /home/com9/uet_ws/install/ur3_moveit_control/share/ur3_moveit_control/cmake/rosidl_cmake-extras.cmake
[21.935s] -- Symlinking: /home/com9/uet_ws/install/ur3_moveit_control/share/ur3_moveit_control/cmake/ament_cmake_export_dependencies-extras.cmake
[21.942s] -- Symlinking: /home/com9/uet_ws/install/ur3_moveit_control/share/ur3_moveit_control/cmake/ament_cmake_export_include_directories-extras.cmake
[21.947s] -- Symlinking: /home/com9/uet_ws/install/ur3_moveit_control/share/ur3_moveit_control/cmake/ament_cmake_export_libraries-extras.cmake
[21.954s] -- Symlinking: /home/com9/uet_ws/install/ur3_moveit_control/share/ur3_moveit_control/cmake/ament_cmake_export_targets-extras.cmake
[21.961s] -- Symlinking: /home/com9/uet_ws/install/ur3_moveit_control/share/ur3_moveit_control/cmake/rosidl_cmake_export_typesupport_targets-extras.cmake
[21.969s] -- Symlinking: /home/com9/uet_ws/install/ur3_moveit_control/share/ur3_moveit_control/cmake/rosidl_cmake_export_typesupport_libraries-extras.cmake
[21.976s] -- Symlinking: /home/com9/uet_ws/install/ur3_moveit_control/share/ur3_moveit_control/cmake/ur3_moveit_controlConfig.cmake
[21.981s] -- Symlinking: /home/com9/uet_ws/install/ur3_moveit_control/share/ur3_moveit_control/cmake/ur3_moveit_controlConfig-version.cmake
[21.990s] -- Symlinking: /home/com9/uet_ws/install/ur3_moveit_control/share/ur3_moveit_control/package.xml
[21.996s] -- Installing: /home/com9/uet_ws/install/ur3_moveit_control/lib/libur3_moveit_control__rosidl_generator_c.so
[21.996s] -- Set runtime path of "/home/com9/uet_ws/install/ur3_moveit_control/lib/libur3_moveit_control__rosidl_generator_c.so" to ""
[21.996s] -- Installing: /home/com9/uet_ws/install/ur3_moveit_control/lib/libur3_moveit_control__rosidl_typesupport_fastrtps_c.so
[21.996s] -- Set runtime path of "/home/com9/uet_ws/install/ur3_moveit_control/lib/libur3_moveit_control__rosidl_typesupport_fastrtps_c.so" to ""
[21.996s] -- Installing: /home/com9/uet_ws/install/ur3_moveit_control/lib/libur3_moveit_control__rosidl_typesupport_fastrtps_cpp.so
[21.996s] -- Set runtime path of "/home/com9/uet_ws/install/ur3_moveit_control/lib/libur3_moveit_control__rosidl_typesupport_fastrtps_cpp.so" to ""
[21.996s] -- Installing: /home/com9/uet_ws/install/ur3_moveit_control/lib/libur3_moveit_control__rosidl_typesupport_introspection_c.so
[21.996s] -- Set runtime path of "/home/com9/uet_ws/install/ur3_moveit_control/lib/libur3_moveit_control__rosidl_typesupport_introspection_c.so" to ""
[21.996s] -- Installing: /home/com9/uet_ws/install/ur3_moveit_control/lib/libur3_moveit_control__rosidl_typesupport_c.so
[21.996s] -- Set runtime path of "/home/com9/uet_ws/install/ur3_moveit_control/lib/libur3_moveit_control__rosidl_typesupport_c.so" to ""
[21.996s] -- Installing: /home/com9/uet_ws/install/ur3_moveit_control/lib/libur3_moveit_control__rosidl_typesupport_introspection_cpp.so
[21.997s] -- Set runtime path of "/home/com9/uet_ws/install/ur3_moveit_control/lib/libur3_moveit_control__rosidl_typesupport_introspection_cpp.so" to ""
[21.997s] -- Installing: /home/com9/uet_ws/install/ur3_moveit_control/lib/libur3_moveit_control__rosidl_typesupport_cpp.so
[21.997s] -- Set runtime path of "/home/com9/uet_ws/install/ur3_moveit_control/lib/libur3_moveit_control__rosidl_typesupport_cpp.so" to ""
[22.033s] Listing '/home/com9/uet_ws/install/ur3_moveit_control/local/lib/python3.10/dist-packages/ur3_moveit_control'...
[22.033s] Compiling '/home/com9/uet_ws/install/ur3_moveit_control/local/lib/python3.10/dist-packages/ur3_moveit_control/__init__.py'...
[22.033s] Listing '/home/com9/uet_ws/install/ur3_moveit_control/local/lib/python3.10/dist-packages/ur3_moveit_control/action'...
[22.033s] Compiling '/home/com9/uet_ws/install/ur3_moveit_control/local/lib/python3.10/dist-packages/ur3_moveit_control/action/__init__.py'...
[22.033s] Compiling '/home/com9/uet_ws/install/ur3_moveit_control/local/lib/python3.10/dist-packages/ur3_moveit_control/action/_ur3_control.py'...
[22.036s] -- Installing: /home/com9/uet_ws/install/ur3_moveit_control/lib/libur3_moveit_control__rosidl_generator_py.so
[22.036s] -- Set runtime path of "/home/com9/uet_ws/install/ur3_moveit_control/lib/libur3_moveit_control__rosidl_generator_py.so" to ""
[22.036s] -- Installing: /home/com9/uet_ws/install/ur3_moveit_control/share/ur3_moveit_control/cmake/export_ur3_moveit_control__rosidl_generator_cExport.cmake
[22.036s] -- Installing: /home/com9/uet_ws/install/ur3_moveit_control/share/ur3_moveit_control/cmake/export_ur3_moveit_control__rosidl_generator_cExport-noconfig.cmake
[22.037s] -- Installing: /home/com9/uet_ws/install/ur3_moveit_control/share/ur3_moveit_control/cmake/export_ur3_moveit_control__rosidl_typesupport_fastrtps_cExport.cmake
[22.037s] -- Installing: /home/com9/uet_ws/install/ur3_moveit_control/share/ur3_moveit_control/cmake/export_ur3_moveit_control__rosidl_typesupport_fastrtps_cExport-noconfig.cmake
[22.037s] -- Installing: /home/com9/uet_ws/install/ur3_moveit_control/share/ur3_moveit_control/cmake/export_ur3_moveit_control__rosidl_generator_cppExport.cmake
[22.037s] -- Installing: /home/com9/uet_ws/install/ur3_moveit_control/share/ur3_moveit_control/cmake/export_ur3_moveit_control__rosidl_typesupport_fastrtps_cppExport.cmake
[22.037s] -- Installing: /home/com9/uet_ws/install/ur3_moveit_control/share/ur3_moveit_control/cmake/export_ur3_moveit_control__rosidl_typesupport_fastrtps_cppExport-noconfig.cmake
[22.037s] -- Installing: /home/com9/uet_ws/install/ur3_moveit_control/share/ur3_moveit_control/cmake/ur3_moveit_control__rosidl_typesupport_introspection_cExport.cmake
[22.037s] -- Installing: /home/com9/uet_ws/install/ur3_moveit_control/share/ur3_moveit_control/cmake/ur3_moveit_control__rosidl_typesupport_introspection_cExport-noconfig.cmake
[22.037s] -- Installing: /home/com9/uet_ws/install/ur3_moveit_control/share/ur3_moveit_control/cmake/ur3_moveit_control__rosidl_typesupport_cExport.cmake
[22.037s] -- Installing: /home/com9/uet_ws/install/ur3_moveit_control/share/ur3_moveit_control/cmake/ur3_moveit_control__rosidl_typesupport_cExport-noconfig.cmake
[22.037s] -- Installing: /home/com9/uet_ws/install/ur3_moveit_control/share/ur3_moveit_control/cmake/ur3_moveit_control__rosidl_typesupport_introspection_cppExport.cmake
[22.038s] -- Installing: /home/com9/uet_ws/install/ur3_moveit_control/share/ur3_moveit_control/cmake/ur3_moveit_control__rosidl_typesupport_introspection_cppExport-noconfig.cmake
[22.038s] -- Installing: /home/com9/uet_ws/install/ur3_moveit_control/share/ur3_moveit_control/cmake/ur3_moveit_control__rosidl_typesupport_cppExport.cmake
[22.038s] -- Installing: /home/com9/uet_ws/install/ur3_moveit_control/share/ur3_moveit_control/cmake/ur3_moveit_control__rosidl_typesupport_cppExport-noconfig.cmake
[22.038s] -- Installing: /home/com9/uet_ws/install/ur3_moveit_control/share/ur3_moveit_control/cmake/export_ur3_moveit_control__rosidl_generator_pyExport.cmake
[22.038s] -- Installing: /home/com9/uet_ws/install/ur3_moveit_control/share/ur3_moveit_control/cmake/export_ur3_moveit_control__rosidl_generator_pyExport-noconfig.cmake
[22.039s] Invoked command in '/home/com9/uet_ws/build/ur3_moveit_control' returned '0': CMAKE_PREFIX_PATH=/home/com9/uet_ws/install/ur_moveit_config:/home/com9/uet_ws/install/ur_simulation_gz:/home/com9/uet_ws/install/ur:/home/com9/uet_ws/install/ur_calibration:/home/com9/uet_ws/install/ur_robot_driver:/home/com9/uet_ws/install/ur3_moveit_control:/home/com9/uet_ws/install/ur_bringup:/home/com9/uet_ws/install/ur_controllers:/home/com9/uet_ws/install/ur_dashboard_msgs:/home/com9/uet_ws/install/susgrip_2f_hardware:/home/com9/uet_ws/install/susgrip_2f_gazebo:/home/com9/uet_ws/install/susgrip_2f_description:/home/com9/uet_ws/install/susgrip_2f_control:/opt/ros/humble /usr/bin/cmake --install /home/com9/uet_ws/build/ur3_moveit_control
