[0.011s] Invoking command in '/home/com9/uet_ws/build/ur_calibration': CMAKE_PREFIX_PATH=/home/com9/uet_ws/install/ur_robot_driver:/home/com9/uet_ws/install/ur_controllers:/home/com9/uet_ws/install/ur_dashboard_msgs:/home/com9/uet_ws/install/ur_simulation_gz:/home/com9/uet_ws/install/ur:/home/com9/uet_ws/install/ur_calibration:/home/com9/uet_ws/install/ur_moveit_config:/home/com9/uet_ws/install/ur_bringup:/home/com9/uet_ws/install/ur3_moveit_control:/home/com9/uet_ws/install/susgrip_2f_hardware:/home/com9/uet_ws/install/susgrip_2f_gazebo:/home/com9/uet_ws/install/susgrip_2f_description:/home/com9/uet_ws/install/susgrip_2f_control:/opt/ros/humble /usr/bin/cmake --build /home/com9/uet_ws/build/ur_calibration
[0.059s] [ 25%] Built target calibration
[0.079s] [ 41%] Built target calibration_correction
[0.097s] [ 58%] Built target gmock_main
[0.116s] [ 83%] Built target gmock
[0.139s] [100%] Built target calibration_test
[0.147s] Invoked command in '/home/com9/uet_ws/build/ur_calibration' returned '0': CMAKE_PREFIX_PATH=/home/com9/uet_ws/install/ur_robot_driver:/home/com9/uet_ws/install/ur_controllers:/home/com9/uet_ws/install/ur_dashboard_msgs:/home/com9/uet_ws/install/ur_simulation_gz:/home/com9/uet_ws/install/ur:/home/com9/uet_ws/install/ur_calibration:/home/com9/uet_ws/install/ur_moveit_config:/home/com9/uet_ws/install/ur_bringup:/home/com9/uet_ws/install/ur3_moveit_control:/home/com9/uet_ws/install/susgrip_2f_hardware:/home/com9/uet_ws/install/susgrip_2f_gazebo:/home/com9/uet_ws/install/susgrip_2f_description:/home/com9/uet_ws/install/susgrip_2f_control:/opt/ros/humble /usr/bin/cmake --build /home/com9/uet_ws/build/ur_calibration
[0.148s] Invoking command in '/home/com9/uet_ws/build/ur_calibration': CMAKE_PREFIX_PATH=/home/com9/uet_ws/install/ur_robot_driver:/home/com9/uet_ws/install/ur_controllers:/home/com9/uet_ws/install/ur_dashboard_msgs:/home/com9/uet_ws/install/ur_simulation_gz:/home/com9/uet_ws/install/ur:/home/com9/uet_ws/install/ur_calibration:/home/com9/uet_ws/install/ur_moveit_config:/home/com9/uet_ws/install/ur_bringup:/home/com9/uet_ws/install/ur3_moveit_control:/home/com9/uet_ws/install/susgrip_2f_hardware:/home/com9/uet_ws/install/susgrip_2f_gazebo:/home/com9/uet_ws/install/susgrip_2f_description:/home/com9/uet_ws/install/susgrip_2f_control:/opt/ros/humble /usr/bin/cmake --install /home/com9/uet_ws/build/ur_calibration
[0.154s] -- Install configuration: "RelWithDebInfo"
[0.154s] -- Up-to-date: /home/com9/uet_ws/install/ur_calibration/lib/ur_calibration/calibration_correction
[0.154s] -- Up-to-date: /home/com9/uet_ws/install/ur_calibration/include
[0.154s] -- Up-to-date: /home/com9/uet_ws/install/ur_calibration/include/ur_calibration
[0.154s] -- Up-to-date: /home/com9/uet_ws/install/ur_calibration/include/ur_calibration/calibration_consumer.hpp
[0.154s] -- Up-to-date: /home/com9/uet_ws/install/ur_calibration/include/ur_calibration/calibration.hpp
[0.154s] -- Up-to-date: /home/com9/uet_ws/install/ur_calibration/share/ur_calibration/launch
[0.154s] -- Up-to-date: /home/com9/uet_ws/install/ur_calibration/share/ur_calibration/launch/calibration_correction.launch.py
[0.154s] -- Up-to-date: /home/com9/uet_ws/install/ur_calibration/share/ament_index/resource_index/package_run_dependencies/ur_calibration
[0.155s] -- Up-to-date: /home/com9/uet_ws/install/ur_calibration/share/ament_index/resource_index/parent_prefix_path/ur_calibration
[0.155s] -- Up-to-date: /home/com9/uet_ws/install/ur_calibration/share/ur_calibration/environment/ament_prefix_path.sh
[0.155s] -- Up-to-date: /home/com9/uet_ws/install/ur_calibration/share/ur_calibration/environment/ament_prefix_path.dsv
[0.155s] -- Up-to-date: /home/com9/uet_ws/install/ur_calibration/share/ur_calibration/environment/path.sh
[0.155s] -- Up-to-date: /home/com9/uet_ws/install/ur_calibration/share/ur_calibration/environment/path.dsv
[0.155s] -- Up-to-date: /home/com9/uet_ws/install/ur_calibration/share/ur_calibration/local_setup.bash
[0.155s] -- Up-to-date: /home/com9/uet_ws/install/ur_calibration/share/ur_calibration/local_setup.sh
[0.155s] -- Up-to-date: /home/com9/uet_ws/install/ur_calibration/share/ur_calibration/local_setup.zsh
[0.155s] -- Up-to-date: /home/com9/uet_ws/install/ur_calibration/share/ur_calibration/local_setup.dsv
[0.155s] -- Installing: /home/com9/uet_ws/install/ur_calibration/share/ur_calibration/package.dsv
[0.155s] -- Up-to-date: /home/com9/uet_ws/install/ur_calibration/share/ament_index/resource_index/packages/ur_calibration
[0.155s] -- Up-to-date: /home/com9/uet_ws/install/ur_calibration/share/ur_calibration/cmake/ament_cmake_export_include_directories-extras.cmake
[0.155s] -- Up-to-date: /home/com9/uet_ws/install/ur_calibration/share/ur_calibration/cmake/ament_cmake_export_dependencies-extras.cmake
[0.155s] -- Up-to-date: /home/com9/uet_ws/install/ur_calibration/share/ur_calibration/cmake/ur_calibrationConfig.cmake
[0.155s] -- Up-to-date: /home/com9/uet_ws/install/ur_calibration/share/ur_calibration/cmake/ur_calibrationConfig-version.cmake
[0.155s] -- Up-to-date: /home/com9/uet_ws/install/ur_calibration/share/ur_calibration/package.xml
[0.156s] Invoked command in '/home/com9/uet_ws/build/ur_calibration' returned '0': CMAKE_PREFIX_PATH=/home/com9/uet_ws/install/ur_robot_driver:/home/com9/uet_ws/install/ur_controllers:/home/com9/uet_ws/install/ur_dashboard_msgs:/home/com9/uet_ws/install/ur_simulation_gz:/home/com9/uet_ws/install/ur:/home/com9/uet_ws/install/ur_calibration:/home/com9/uet_ws/install/ur_moveit_config:/home/com9/uet_ws/install/ur_bringup:/home/com9/uet_ws/install/ur3_moveit_control:/home/com9/uet_ws/install/susgrip_2f_hardware:/home/com9/uet_ws/install/susgrip_2f_gazebo:/home/com9/uet_ws/install/susgrip_2f_description:/home/com9/uet_ws/install/susgrip_2f_control:/opt/ros/humble /usr/bin/cmake --install /home/com9/uet_ws/build/ur_calibration
