running egg_info
creating ../../../build/susgrip_2f_description/susgrip_2f_description.egg-info
writing ../../../build/susgrip_2f_description/susgrip_2f_description.egg-info/PKG-INFO
writing dependency_links to ../../../build/susgrip_2f_description/susgrip_2f_description.egg-info/dependency_links.txt
writing entry points to ../../../build/susgrip_2f_description/susgrip_2f_description.egg-info/entry_points.txt
writing top-level names to ../../../build/susgrip_2f_description/susgrip_2f_description.egg-info/top_level.txt
writing manifest file '../../../build/susgrip_2f_description/susgrip_2f_description.egg-info/SOURCES.txt'
reading manifest file '../../../build/susgrip_2f_description/susgrip_2f_description.egg-info/SOURCES.txt'
writing manifest file '../../../build/susgrip_2f_description/susgrip_2f_description.egg-info/SOURCES.txt'
running build
running build_py
creating /home/com9/uet_ws/build/susgrip_2f_description/build
creating /home/com9/uet_ws/build/susgrip_2f_description/build/lib
creating /home/com9/uet_ws/build/susgrip_2f_description/build/lib/susgrip_2f_description
copying susgrip_2f_description/__init__.py -> /home/com9/uet_ws/build/susgrip_2f_description/build/lib/susgrip_2f_description
copying susgrip_2f_description/susgrip_2f_visualize.py -> /home/com9/uet_ws/build/susgrip_2f_description/build/lib/susgrip_2f_description
running install
running install_lib
creating /home/com9/uet_ws/install/susgrip_2f_description/lib/python3.10/site-packages/susgrip_2f_description
copying /home/com9/uet_ws/build/susgrip_2f_description/build/lib/susgrip_2f_description/__init__.py -> /home/com9/uet_ws/install/susgrip_2f_description/lib/python3.10/site-packages/susgrip_2f_description
copying /home/com9/uet_ws/build/susgrip_2f_description/build/lib/susgrip_2f_description/susgrip_2f_visualize.py -> /home/com9/uet_ws/install/susgrip_2f_description/lib/python3.10/site-packages/susgrip_2f_description
byte-compiling /home/com9/uet_ws/install/susgrip_2f_description/lib/python3.10/site-packages/susgrip_2f_description/__init__.py to __init__.cpython-310.pyc
byte-compiling /home/com9/uet_ws/install/susgrip_2f_description/lib/python3.10/site-packages/susgrip_2f_description/susgrip_2f_visualize.py to susgrip_2f_visualize.cpython-310.pyc
running install_data
creating /home/com9/uet_ws/install/susgrip_2f_description/share/ament_index
creating /home/com9/uet_ws/install/susgrip_2f_description/share/ament_index/resource_index
creating /home/com9/uet_ws/install/susgrip_2f_description/share/ament_index/resource_index/packages
copying resource/susgrip_2f_description -> /home/com9/uet_ws/install/susgrip_2f_description/share/ament_index/resource_index/packages
copying package.xml -> /home/com9/uet_ws/install/susgrip_2f_description/share/susgrip_2f_description
creating /home/com9/uet_ws/install/susgrip_2f_description/share/susgrip_2f_description/launch
copying launch/susgrip_2f_display.launch.py -> /home/com9/uet_ws/install/susgrip_2f_description/share/susgrip_2f_description/launch
creating /home/com9/uet_ws/install/susgrip_2f_description/share/susgrip_2f_description/urdf
copying urdf/susgrip_2f_macro.xacro -> /home/com9/uet_ws/install/susgrip_2f_description/share/susgrip_2f_description/urdf
copying urdf/susgrip_2f.urdf -> /home/com9/uet_ws/install/susgrip_2f_description/share/susgrip_2f_description/urdf
copying urdf/susgrip_2f.urdf.xacro -> /home/com9/uet_ws/install/susgrip_2f_description/share/susgrip_2f_description/urdf
creating /home/com9/uet_ws/install/susgrip_2f_description/share/susgrip_2f_description/meshes
creating /home/com9/uet_ws/install/susgrip_2f_description/share/susgrip_2f_description/meshes/susgrip_2f_full
copying meshes/susgrip_2f_full/SUS_2F_ShaftPhi_2.STL -> /home/com9/uet_ws/install/susgrip_2f_description/share/susgrip_2f_description/meshes/susgrip_2f_full
copying meshes/susgrip_2f_full/SUS_2F_A1.obj -> /home/com9/uet_ws/install/susgrip_2f_description/share/susgrip_2f_description/meshes/susgrip_2f_full
copying meshes/susgrip_2f_full/SUS_2F_Outer_R.obj -> /home/com9/uet_ws/install/susgrip_2f_description/share/susgrip_2f_description/meshes/susgrip_2f_full
copying meshes/susgrip_2f_full/SUS_2F_Slider_L.obj -> /home/com9/uet_ws/install/susgrip_2f_description/share/susgrip_2f_description/meshes/susgrip_2f_full
copying meshes/susgrip_2f_full/SUS_2F_Slider_R.obj -> /home/com9/uet_ws/install/susgrip_2f_description/share/susgrip_2f_description/meshes/susgrip_2f_full
copying meshes/susgrip_2f_full/SUS_2F_Outer_L.obj -> /home/com9/uet_ws/install/susgrip_2f_description/share/susgrip_2f_description/meshes/susgrip_2f_full
copying meshes/susgrip_2f_full/SUS_2F_Finger_R.obj -> /home/com9/uet_ws/install/susgrip_2f_description/share/susgrip_2f_description/meshes/susgrip_2f_full
copying meshes/susgrip_2f_full/SUS_2F_Finger_L.obj -> /home/com9/uet_ws/install/susgrip_2f_description/share/susgrip_2f_description/meshes/susgrip_2f_full
copying meshes/susgrip_2f_full/SUS_2F_A2.obj -> /home/com9/uet_ws/install/susgrip_2f_description/share/susgrip_2f_description/meshes/susgrip_2f_full
copying meshes/susgrip_2f_full/SUS_2F_ShaftPhi_3.STL -> /home/com9/uet_ws/install/susgrip_2f_description/share/susgrip_2f_description/meshes/susgrip_2f_full
copying meshes/susgrip_2f_full/SUS_2F_Base.STL -> /home/com9/uet_ws/install/susgrip_2f_description/share/susgrip_2f_description/meshes/susgrip_2f_full
copying meshes/susgrip_2f_full/SUS_2F_ShaftPhi_0.STL -> /home/com9/uet_ws/install/susgrip_2f_description/share/susgrip_2f_description/meshes/susgrip_2f_full
copying meshes/susgrip_2f_full/SUS_2F_Pad_R.obj -> /home/com9/uet_ws/install/susgrip_2f_description/share/susgrip_2f_description/meshes/susgrip_2f_full
copying meshes/susgrip_2f_full/SUS_2F_Inner_L.obj -> /home/com9/uet_ws/install/susgrip_2f_description/share/susgrip_2f_description/meshes/susgrip_2f_full
copying meshes/susgrip_2f_full/SUS_2F_ShaftPhi_1.STL -> /home/com9/uet_ws/install/susgrip_2f_description/share/susgrip_2f_description/meshes/susgrip_2f_full
copying meshes/susgrip_2f_full/SUS_2F_Inner_R.obj -> /home/com9/uet_ws/install/susgrip_2f_description/share/susgrip_2f_description/meshes/susgrip_2f_full
copying meshes/susgrip_2f_full/SUS_2F_Passive_Link_R.obj -> /home/com9/uet_ws/install/susgrip_2f_description/share/susgrip_2f_description/meshes/susgrip_2f_full
copying meshes/susgrip_2f_full/SUS_2F_Passive_Link_L.obj -> /home/com9/uet_ws/install/susgrip_2f_description/share/susgrip_2f_description/meshes/susgrip_2f_full
copying meshes/susgrip_2f_full/SUS_2F_Pad_L.obj -> /home/com9/uet_ws/install/susgrip_2f_description/share/susgrip_2f_description/meshes/susgrip_2f_full
creating /home/com9/uet_ws/install/susgrip_2f_description/share/susgrip_2f_description/meshes/susgrip_2f_simple
copying meshes/susgrip_2f_simple/SusGrip2F_NewMainBodyG.STL -> /home/com9/uet_ws/install/susgrip_2f_description/share/susgrip_2f_description/meshes/susgrip_2f_simple
copying meshes/susgrip_2f_simple/FingerTip.STL -> /home/com9/uet_ws/install/susgrip_2f_description/share/susgrip_2f_description/meshes/susgrip_2f_simple
copying meshes/susgrip_2f_simple/2F_MainBody.STL -> /home/com9/uet_ws/install/susgrip_2f_description/share/susgrip_2f_description/meshes/susgrip_2f_simple
copying meshes/susgrip_2f_simple/2F_MainBody_G.STL -> /home/com9/uet_ws/install/susgrip_2f_description/share/susgrip_2f_description/meshes/susgrip_2f_simple
copying meshes/susgrip_2f_simple/NewFingerTip.STL -> /home/com9/uet_ws/install/susgrip_2f_description/share/susgrip_2f_description/meshes/susgrip_2f_simple
creating /home/com9/uet_ws/install/susgrip_2f_description/share/susgrip_2f_description/config
copying config/susgrip_2f_display.rviz -> /home/com9/uet_ws/install/susgrip_2f_description/share/susgrip_2f_description/config
copying config/susgrip_2f_gazebo.rviz -> /home/com9/uet_ws/install/susgrip_2f_description/share/susgrip_2f_description/config
copying config/susgrip_2f_displayv2.rviz -> /home/com9/uet_ws/install/susgrip_2f_description/share/susgrip_2f_description/config
creating /home/com9/uet_ws/install/susgrip_2f_description/share/susgrip_2f_description/scripts
running install_egg_info
Copying ../../../build/susgrip_2f_description/susgrip_2f_description.egg-info to /home/com9/uet_ws/install/susgrip_2f_description/lib/python3.10/site-packages/susgrip_2f_description-0.0.1-py3.10.egg-info
running install_scripts
Installing susgrip_2f_visualize script to /home/com9/uet_ws/install/susgrip_2f_description/lib/susgrip_2f_description
writing list of installed files to '/home/com9/uet_ws/build/susgrip_2f_description/install.log'
