[0.349s] Invoking command in '/home/com9/uet_ws/src/susgrip_2f/susgrip_2f_description': PYTHONPATH=/home/com9/uet_ws/build/susgrip_2f_description/prefix_override:/usr/lib/python3/dist-packages/colcon_core/task/python/colcon_distutils_commands:/home/com9/uet_ws/install/susgrip_2f_description/lib/python3.10/site-packages:${PYTHONPATH} /usr/bin/python3 -W ignore:setup.py install is deprecated -W ignore:easy_install command is deprecated setup.py egg_info --egg-base ../../../build/susgrip_2f_description build --build-base /home/com9/uet_ws/build/susgrip_2f_description/build install --record /home/com9/uet_ws/build/susgrip_2f_description/install.log --install-scripts $base/lib/susgrip_2f_description --single-version-externally-managed install_data
[0.482s] running egg_info
[0.482s] creating ../../../build/susgrip_2f_description/susgrip_2f_description.egg-info
[0.482s] writing ../../../build/susgrip_2f_description/susgrip_2f_description.egg-info/PKG-INFO
[0.482s] writing dependency_links to ../../../build/susgrip_2f_description/susgrip_2f_description.egg-info/dependency_links.txt
[0.483s] writing entry points to ../../../build/susgrip_2f_description/susgrip_2f_description.egg-info/entry_points.txt
[0.483s] writing top-level names to ../../../build/susgrip_2f_description/susgrip_2f_description.egg-info/top_level.txt
[0.483s] writing manifest file '../../../build/susgrip_2f_description/susgrip_2f_description.egg-info/SOURCES.txt'
[0.484s] reading manifest file '../../../build/susgrip_2f_description/susgrip_2f_description.egg-info/SOURCES.txt'
[0.485s] writing manifest file '../../../build/susgrip_2f_description/susgrip_2f_description.egg-info/SOURCES.txt'
[0.485s] running build
[0.485s] running build_py
[0.485s] creating /home/com9/uet_ws/build/susgrip_2f_description/build
[0.485s] creating /home/com9/uet_ws/build/susgrip_2f_description/build/lib
[0.485s] creating /home/com9/uet_ws/build/susgrip_2f_description/build/lib/susgrip_2f_description
[0.485s] copying susgrip_2f_description/__init__.py -> /home/com9/uet_ws/build/susgrip_2f_description/build/lib/susgrip_2f_description
[0.485s] copying susgrip_2f_description/susgrip_2f_visualize.py -> /home/com9/uet_ws/build/susgrip_2f_description/build/lib/susgrip_2f_description
[0.485s] running install
[0.485s] running install_lib
[0.486s] creating /home/com9/uet_ws/install/susgrip_2f_description/lib/python3.10/site-packages/susgrip_2f_description
[0.486s] copying /home/com9/uet_ws/build/susgrip_2f_description/build/lib/susgrip_2f_description/__init__.py -> /home/com9/uet_ws/install/susgrip_2f_description/lib/python3.10/site-packages/susgrip_2f_description
[0.486s] copying /home/com9/uet_ws/build/susgrip_2f_description/build/lib/susgrip_2f_description/susgrip_2f_visualize.py -> /home/com9/uet_ws/install/susgrip_2f_description/lib/python3.10/site-packages/susgrip_2f_description
[0.486s] byte-compiling /home/com9/uet_ws/install/susgrip_2f_description/lib/python3.10/site-packages/susgrip_2f_description/__init__.py to __init__.cpython-310.pyc
[0.486s] byte-compiling /home/com9/uet_ws/install/susgrip_2f_description/lib/python3.10/site-packages/susgrip_2f_description/susgrip_2f_visualize.py to susgrip_2f_visualize.cpython-310.pyc
[0.487s] running install_data
[0.487s] creating /home/com9/uet_ws/install/susgrip_2f_description/share/ament_index
[0.487s] creating /home/com9/uet_ws/install/susgrip_2f_description/share/ament_index/resource_index
[0.487s] creating /home/com9/uet_ws/install/susgrip_2f_description/share/ament_index/resource_index/packages
[0.487s] copying resource/susgrip_2f_description -> /home/com9/uet_ws/install/susgrip_2f_description/share/ament_index/resource_index/packages
[0.487s] copying package.xml -> /home/com9/uet_ws/install/susgrip_2f_description/share/susgrip_2f_description
[0.487s] creating /home/com9/uet_ws/install/susgrip_2f_description/share/susgrip_2f_description/launch
[0.487s] copying launch/susgrip_2f_display.launch.py -> /home/com9/uet_ws/install/susgrip_2f_description/share/susgrip_2f_description/launch
[0.487s] creating /home/com9/uet_ws/install/susgrip_2f_description/share/susgrip_2f_description/urdf
[0.487s] copying urdf/susgrip_2f_macro.xacro -> /home/com9/uet_ws/install/susgrip_2f_description/share/susgrip_2f_description/urdf
[0.488s] copying urdf/susgrip_2f.urdf -> /home/com9/uet_ws/install/susgrip_2f_description/share/susgrip_2f_description/urdf
[0.488s] copying urdf/susgrip_2f.urdf.xacro -> /home/com9/uet_ws/install/susgrip_2f_description/share/susgrip_2f_description/urdf
[0.488s] creating /home/com9/uet_ws/install/susgrip_2f_description/share/susgrip_2f_description/meshes
[0.488s] creating /home/com9/uet_ws/install/susgrip_2f_description/share/susgrip_2f_description/meshes/susgrip_2f_full
[0.488s] copying meshes/susgrip_2f_full/SUS_2F_ShaftPhi_2.STL -> /home/com9/uet_ws/install/susgrip_2f_description/share/susgrip_2f_description/meshes/susgrip_2f_full
[0.488s] copying meshes/susgrip_2f_full/SUS_2F_A1.obj -> /home/com9/uet_ws/install/susgrip_2f_description/share/susgrip_2f_description/meshes/susgrip_2f_full
[0.488s] copying meshes/susgrip_2f_full/SUS_2F_Outer_R.obj -> /home/com9/uet_ws/install/susgrip_2f_description/share/susgrip_2f_description/meshes/susgrip_2f_full
[0.489s] copying meshes/susgrip_2f_full/SUS_2F_Slider_L.obj -> /home/com9/uet_ws/install/susgrip_2f_description/share/susgrip_2f_description/meshes/susgrip_2f_full
[0.490s] copying meshes/susgrip_2f_full/SUS_2F_Slider_R.obj -> /home/com9/uet_ws/install/susgrip_2f_description/share/susgrip_2f_description/meshes/susgrip_2f_full
[0.490s] copying meshes/susgrip_2f_full/SUS_2F_Outer_L.obj -> /home/com9/uet_ws/install/susgrip_2f_description/share/susgrip_2f_description/meshes/susgrip_2f_full
[0.491s] copying meshes/susgrip_2f_full/SUS_2F_Finger_R.obj -> /home/com9/uet_ws/install/susgrip_2f_description/share/susgrip_2f_description/meshes/susgrip_2f_full
[0.492s] copying meshes/susgrip_2f_full/SUS_2F_Finger_L.obj -> /home/com9/uet_ws/install/susgrip_2f_description/share/susgrip_2f_description/meshes/susgrip_2f_full
[0.492s] copying meshes/susgrip_2f_full/SUS_2F_A2.obj -> /home/com9/uet_ws/install/susgrip_2f_description/share/susgrip_2f_description/meshes/susgrip_2f_full
[0.493s] copying meshes/susgrip_2f_full/SUS_2F_ShaftPhi_3.STL -> /home/com9/uet_ws/install/susgrip_2f_description/share/susgrip_2f_description/meshes/susgrip_2f_full
[0.493s] copying meshes/susgrip_2f_full/SUS_2F_Base.STL -> /home/com9/uet_ws/install/susgrip_2f_description/share/susgrip_2f_description/meshes/susgrip_2f_full
[0.494s] copying meshes/susgrip_2f_full/SUS_2F_ShaftPhi_0.STL -> /home/com9/uet_ws/install/susgrip_2f_description/share/susgrip_2f_description/meshes/susgrip_2f_full
[0.494s] copying meshes/susgrip_2f_full/SUS_2F_Pad_R.obj -> /home/com9/uet_ws/install/susgrip_2f_description/share/susgrip_2f_description/meshes/susgrip_2f_full
[0.495s] copying meshes/susgrip_2f_full/SUS_2F_Inner_L.obj -> /home/com9/uet_ws/install/susgrip_2f_description/share/susgrip_2f_description/meshes/susgrip_2f_full
[0.496s] copying meshes/susgrip_2f_full/SUS_2F_ShaftPhi_1.STL -> /home/com9/uet_ws/install/susgrip_2f_description/share/susgrip_2f_description/meshes/susgrip_2f_full
[0.496s] copying meshes/susgrip_2f_full/SUS_2F_Inner_R.obj -> /home/com9/uet_ws/install/susgrip_2f_description/share/susgrip_2f_description/meshes/susgrip_2f_full
[0.498s] copying meshes/susgrip_2f_full/SUS_2F_Passive_Link_R.obj -> /home/com9/uet_ws/install/susgrip_2f_description/share/susgrip_2f_description/meshes/susgrip_2f_full
[0.499s] copying meshes/susgrip_2f_full/SUS_2F_Passive_Link_L.obj -> /home/com9/uet_ws/install/susgrip_2f_description/share/susgrip_2f_description/meshes/susgrip_2f_full
[0.499s] copying meshes/susgrip_2f_full/SUS_2F_Pad_L.obj -> /home/com9/uet_ws/install/susgrip_2f_description/share/susgrip_2f_description/meshes/susgrip_2f_full
[0.500s] creating /home/com9/uet_ws/install/susgrip_2f_description/share/susgrip_2f_description/meshes/susgrip_2f_simple
[0.500s] copying meshes/susgrip_2f_simple/SusGrip2F_NewMainBodyG.STL -> /home/com9/uet_ws/install/susgrip_2f_description/share/susgrip_2f_description/meshes/susgrip_2f_simple
[0.503s] copying meshes/susgrip_2f_simple/FingerTip.STL -> /home/com9/uet_ws/install/susgrip_2f_description/share/susgrip_2f_description/meshes/susgrip_2f_simple
[0.504s] copying meshes/susgrip_2f_simple/2F_MainBody.STL -> /home/com9/uet_ws/install/susgrip_2f_description/share/susgrip_2f_description/meshes/susgrip_2f_simple
[0.506s] copying meshes/susgrip_2f_simple/2F_MainBody_G.STL -> /home/com9/uet_ws/install/susgrip_2f_description/share/susgrip_2f_description/meshes/susgrip_2f_simple
[0.509s] copying meshes/susgrip_2f_simple/NewFingerTip.STL -> /home/com9/uet_ws/install/susgrip_2f_description/share/susgrip_2f_description/meshes/susgrip_2f_simple
[0.509s] creating /home/com9/uet_ws/install/susgrip_2f_description/share/susgrip_2f_description/config
[0.509s] copying config/susgrip_2f_display.rviz -> /home/com9/uet_ws/install/susgrip_2f_description/share/susgrip_2f_description/config
[0.509s] copying config/susgrip_2f_gazebo.rviz -> /home/com9/uet_ws/install/susgrip_2f_description/share/susgrip_2f_description/config
[0.510s] copying config/susgrip_2f_displayv2.rviz -> /home/com9/uet_ws/install/susgrip_2f_description/share/susgrip_2f_description/config
[0.510s] creating /home/com9/uet_ws/install/susgrip_2f_description/share/susgrip_2f_description/scripts
[0.510s] running install_egg_info
[0.512s] Copying ../../../build/susgrip_2f_description/susgrip_2f_description.egg-info to /home/com9/uet_ws/install/susgrip_2f_description/lib/python3.10/site-packages/susgrip_2f_description-0.0.1-py3.10.egg-info
[0.512s] running install_scripts
[0.525s] Installing susgrip_2f_visualize script to /home/com9/uet_ws/install/susgrip_2f_description/lib/susgrip_2f_description
[0.525s] writing list of installed files to '/home/com9/uet_ws/build/susgrip_2f_description/install.log'
[0.542s] Invoked command in '/home/com9/uet_ws/src/susgrip_2f/susgrip_2f_description' returned '0': PYTHONPATH=/home/com9/uet_ws/build/susgrip_2f_description/prefix_override:/usr/lib/python3/dist-packages/colcon_core/task/python/colcon_distutils_commands:/home/com9/uet_ws/install/susgrip_2f_description/lib/python3.10/site-packages:${PYTHONPATH} /usr/bin/python3 -W ignore:setup.py install is deprecated -W ignore:easy_install command is deprecated setup.py egg_info --egg-base ../../../build/susgrip_2f_description build --build-base /home/com9/uet_ws/build/susgrip_2f_description/build install --record /home/com9/uet_ws/build/susgrip_2f_description/install.log --install-scripts $base/lib/susgrip_2f_description --single-version-externally-managed install_data
