[0.401s] Invoking command in '/home/com9/uet_ws/src/susgrip_2f/susgrip_2f_control': PYTHONPATH=/home/com9/uet_ws/build/susgrip_2f_control/prefix_override:/usr/lib/python3/dist-packages/colcon_core/task/python/colcon_distutils_commands:/home/com9/uet_ws/install/susgrip_2f_control/lib/python3.10/site-packages:${PYTHONPATH} /usr/bin/python3 -W ignore:setup.py install is deprecated -W ignore:easy_install command is deprecated setup.py egg_info --egg-base ../../../build/susgrip_2f_control build --build-base /home/com9/uet_ws/build/susgrip_2f_control/build install --record /home/com9/uet_ws/build/susgrip_2f_control/install.log --install-scripts $base/lib/susgrip_2f_control --single-version-externally-managed install_data
[0.536s] running egg_info
[0.537s] writing ../../../build/susgrip_2f_control/susgrip_2f_control.egg-info/PKG-INFO
[0.537s] writing dependency_links to ../../../build/susgrip_2f_control/susgrip_2f_control.egg-info/dependency_links.txt
[0.537s] writing entry points to ../../../build/susgrip_2f_control/susgrip_2f_control.egg-info/entry_points.txt
[0.537s] writing top-level names to ../../../build/susgrip_2f_control/susgrip_2f_control.egg-info/top_level.txt
[0.538s] reading manifest file '../../../build/susgrip_2f_control/susgrip_2f_control.egg-info/SOURCES.txt'
[0.539s] writing manifest file '../../../build/susgrip_2f_control/susgrip_2f_control.egg-info/SOURCES.txt'
[0.539s] running build
[0.539s] running build_py
[0.539s] running install
[0.539s] running install_lib
[0.540s] running install_data
[0.540s] running install_egg_info
[0.541s] removing '/home/com9/uet_ws/install/susgrip_2f_control/lib/python3.10/site-packages/susgrip_2f_control-0.1.0-py3.10.egg-info' (and everything under it)
[0.541s] Copying ../../../build/susgrip_2f_control/susgrip_2f_control.egg-info to /home/com9/uet_ws/install/susgrip_2f_control/lib/python3.10/site-packages/susgrip_2f_control-0.1.0-py3.10.egg-info
[0.541s] running install_scripts
[0.554s] Installing with_cmd script to /home/com9/uet_ws/install/susgrip_2f_control/lib/susgrip_2f_control
[0.554s] Installing with_gui script to /home/com9/uet_ws/install/susgrip_2f_control/lib/susgrip_2f_control
[0.554s] writing list of installed files to '/home/com9/uet_ws/build/susgrip_2f_control/install.log'
[0.569s] Invoked command in '/home/com9/uet_ws/src/susgrip_2f/susgrip_2f_control' returned '0': PYTHONPATH=/home/com9/uet_ws/build/susgrip_2f_control/prefix_override:/usr/lib/python3/dist-packages/colcon_core/task/python/colcon_distutils_commands:/home/com9/uet_ws/install/susgrip_2f_control/lib/python3.10/site-packages:${PYTHONPATH} /usr/bin/python3 -W ignore:setup.py install is deprecated -W ignore:easy_install command is deprecated setup.py egg_info --egg-base ../../../build/susgrip_2f_control build --build-base /home/com9/uet_ws/build/susgrip_2f_control/build install --record /home/com9/uet_ws/build/susgrip_2f_control/install.log --install-scripts $base/lib/susgrip_2f_control --single-version-externally-managed install_data
