/home/com9/uet_ws/install/susgrip_2f_description/lib/python3.10/site-packages/susgrip_2f_description/__init__.py
/home/com9/uet_ws/install/susgrip_2f_description/lib/python3.10/site-packages/susgrip_2f_description/susgrip_2f_visualize.py
/home/com9/uet_ws/install/susgrip_2f_description/lib/python3.10/site-packages/susgrip_2f_description/__pycache__/__init__.cpython-310.pyc
/home/com9/uet_ws/install/susgrip_2f_description/lib/python3.10/site-packages/susgrip_2f_description/__pycache__/susgrip_2f_visualize.cpython-310.pyc
/home/com9/uet_ws/install/susgrip_2f_description/share/ament_index/resource_index/packages/susgrip_2f_description
/home/com9/uet_ws/install/susgrip_2f_description/share/susgrip_2f_description/package.xml
/home/com9/uet_ws/install/susgrip_2f_description/share/susgrip_2f_description/launch/susgrip_2f_display.launch.py
/home/com9/uet_ws/install/susgrip_2f_description/share/susgrip_2f_description/urdf/susgrip_2f_macro.xacro
/home/com9/uet_ws/install/susgrip_2f_description/share/susgrip_2f_description/urdf/susgrip_2f.urdf
/home/com9/uet_ws/install/susgrip_2f_description/share/susgrip_2f_description/urdf/susgrip_2f.urdf.xacro
/home/com9/uet_ws/install/susgrip_2f_description/share/susgrip_2f_description/meshes/susgrip_2f_full/SUS_2F_ShaftPhi_2.STL
/home/com9/uet_ws/install/susgrip_2f_description/share/susgrip_2f_description/meshes/susgrip_2f_full/SUS_2F_A1.obj
/home/com9/uet_ws/install/susgrip_2f_description/share/susgrip_2f_description/meshes/susgrip_2f_full/SUS_2F_Outer_R.obj
/home/com9/uet_ws/install/susgrip_2f_description/share/susgrip_2f_description/meshes/susgrip_2f_full/SUS_2F_Slider_L.obj
/home/com9/uet_ws/install/susgrip_2f_description/share/susgrip_2f_description/meshes/susgrip_2f_full/SUS_2F_Slider_R.obj
/home/com9/uet_ws/install/susgrip_2f_description/share/susgrip_2f_description/meshes/susgrip_2f_full/SUS_2F_Outer_L.obj
/home/com9/uet_ws/install/susgrip_2f_description/share/susgrip_2f_description/meshes/susgrip_2f_full/SUS_2F_Finger_R.obj
/home/com9/uet_ws/install/susgrip_2f_description/share/susgrip_2f_description/meshes/susgrip_2f_full/SUS_2F_Finger_L.obj
/home/com9/uet_ws/install/susgrip_2f_description/share/susgrip_2f_description/meshes/susgrip_2f_full/SUS_2F_A2.obj
/home/com9/uet_ws/install/susgrip_2f_description/share/susgrip_2f_description/meshes/susgrip_2f_full/SUS_2F_ShaftPhi_3.STL
/home/com9/uet_ws/install/susgrip_2f_description/share/susgrip_2f_description/meshes/susgrip_2f_full/SUS_2F_Base.STL
/home/com9/uet_ws/install/susgrip_2f_description/share/susgrip_2f_description/meshes/susgrip_2f_full/SUS_2F_ShaftPhi_0.STL
/home/com9/uet_ws/install/susgrip_2f_description/share/susgrip_2f_description/meshes/susgrip_2f_full/SUS_2F_Pad_R.obj
/home/com9/uet_ws/install/susgrip_2f_description/share/susgrip_2f_description/meshes/susgrip_2f_full/SUS_2F_Inner_L.obj
/home/com9/uet_ws/install/susgrip_2f_description/share/susgrip_2f_description/meshes/susgrip_2f_full/SUS_2F_ShaftPhi_1.STL
/home/com9/uet_ws/install/susgrip_2f_description/share/susgrip_2f_description/meshes/susgrip_2f_full/SUS_2F_Inner_R.obj
/home/com9/uet_ws/install/susgrip_2f_description/share/susgrip_2f_description/meshes/susgrip_2f_full/SUS_2F_Passive_Link_R.obj
/home/com9/uet_ws/install/susgrip_2f_description/share/susgrip_2f_description/meshes/susgrip_2f_full/SUS_2F_Passive_Link_L.obj
/home/com9/uet_ws/install/susgrip_2f_description/share/susgrip_2f_description/meshes/susgrip_2f_full/SUS_2F_Pad_L.obj
/home/com9/uet_ws/install/susgrip_2f_description/share/susgrip_2f_description/meshes/susgrip_2f_simple/SusGrip2F_NewMainBodyG.STL
/home/com9/uet_ws/install/susgrip_2f_description/share/susgrip_2f_description/meshes/susgrip_2f_simple/FingerTip.STL
/home/com9/uet_ws/install/susgrip_2f_description/share/susgrip_2f_description/meshes/susgrip_2f_simple/2F_MainBody.STL
/home/com9/uet_ws/install/susgrip_2f_description/share/susgrip_2f_description/meshes/susgrip_2f_simple/2F_MainBody_G.STL
/home/com9/uet_ws/install/susgrip_2f_description/share/susgrip_2f_description/meshes/susgrip_2f_simple/NewFingerTip.STL
/home/com9/uet_ws/install/susgrip_2f_description/share/susgrip_2f_description/config/susgrip_2f_display.rviz
/home/com9/uet_ws/install/susgrip_2f_description/share/susgrip_2f_description/config/susgrip_2f_gazebo.rviz
/home/com9/uet_ws/install/susgrip_2f_description/share/susgrip_2f_description/config/susgrip_2f_displayv2.rviz
/home/com9/uet_ws/install/susgrip_2f_description/share/susgrip_2f_description/scripts
/home/com9/uet_ws/install/susgrip_2f_description/lib/python3.10/site-packages/susgrip_2f_description-0.0.1-py3.10.egg-info/dependency_links.txt
/home/com9/uet_ws/install/susgrip_2f_description/lib/python3.10/site-packages/susgrip_2f_description-0.0.1-py3.10.egg-info/entry_points.txt
/home/com9/uet_ws/install/susgrip_2f_description/lib/python3.10/site-packages/susgrip_2f_description-0.0.1-py3.10.egg-info/zip-safe
/home/com9/uet_ws/install/susgrip_2f_description/lib/python3.10/site-packages/susgrip_2f_description-0.0.1-py3.10.egg-info/top_level.txt
/home/com9/uet_ws/install/susgrip_2f_description/lib/python3.10/site-packages/susgrip_2f_description-0.0.1-py3.10.egg-info/SOURCES.txt
/home/com9/uet_ws/install/susgrip_2f_description/lib/python3.10/site-packages/susgrip_2f_description-0.0.1-py3.10.egg-info/PKG-INFO
/home/com9/uet_ws/install/susgrip_2f_description/lib/susgrip_2f_description/susgrip_2f_visualize
